#
# There is insufficient memory for the Java Runtime Environment to continue.
# Native memory allocation (malloc) failed to allocate 1547584 bytes. Error detail: Chunk::new
# Possible reasons:
#   The system is out of physical RAM or swap space
#   This process is running with CompressedOops enabled, and the Java Heap may be blocking the growth of the native heap
# Possible solutions:
#   Reduce memory load on the system
#   Increase physical memory or swap space
#   Check if swap backing store is full
#   Decrease Java heap size (-Xmx/-Xms)
#   Decrease number of Java threads
#   Decrease Java thread stack sizes (-Xss)
#   Set larger code cache with -XX:ReservedCodeCacheSize=
#   JVM is running with Unscaled Compressed Oops mode in which the Java heap is
#     placed in the first 4GB address space. The Java Heap base address is the
#     maximum limit for the native heap growth. Please use -XX:HeapBaseMinAddress
#     to set the Java Heap base and to place the Java Heap above 4GB virtual address.
# This output file may be truncated or incomplete.
#
#  Out of Memory Error (arena.cpp:168), pid=1556, tid=20500
#
# JRE version: OpenJDK Runtime Environment Temurin-21.0.10+7 (21.0.10+7) (build 21.0.10+7-LTS)
# Java VM: OpenJDK 64-Bit Server VM Temurin-21.0.10+7 (21.0.10+7-LTS, mixed mode, sharing, tiered, compressed oops, compressed class ptrs, parallel gc, windows-amd64)
# No core dump will be written. Minidumps are not enabled by default on client versions of Windows
#

---------------  S U M M A R Y ------------

Command Line: --add-modules=ALL-SYSTEM --add-opens=java.base/java.util=ALL-UNNAMED --add-opens=java.base/java.lang=ALL-UNNAMED --add-opens=java.base/sun.nio.fs=ALL-UNNAMED -Declipse.application=org.eclipse.jdt.ls.core.id1 -Dosgi.bundles.defaultStartLevel=4 -Declipse.product=org.eclipse.jdt.ls.core.product -Djava.import.generatesMetadataFilesAtProjectRoot=false -DDetectVMInstallationsJob.disabled=true -Dfile.encoding=utf8 -XX:+UseParallelGC -XX:GCTimeRatio=4 -XX:AdaptiveSizePolicyWeight=90 -Dsun.zip.disableMemoryMapping=true -Xmx2G -Xms100m -Xlog:disable -javaagent:c:\Users\ducuy\.vscode\extensions\redhat.java-1.54.0-win32-x64\lombok\lombok-1.18.39-4050.jar -XX:+HeapDumpOnOutOfMemoryError -XX:HeapDumpPath=c:\Users\ducuy\AppData\Roaming\Code\User\workspaceStorage\2bc6a7faf2bfeb70a49d89e544ce1b08\redhat.java -Daether.dependencyCollector.impl=bf c:\Users\ducuy\.vscode\extensions\redhat.java-1.54.0-win32-x64\server\plugins\org.eclipse.equinox.launcher_1.7.100.v20251111-0406.jar -configuration c:\Users\ducuy\AppData\Roaming\Code\User\globalStorage\redhat.java\1.54.0\config_win -data c:\Users\ducuy\AppData\Roaming\Code\User\workspaceStorage\2bc6a7faf2bfeb70a49d89e544ce1b08\redhat.java\jdt_ws --pipe=\\.\pipe\lsp-4c2fd37437046927cd25b8f897ee3e2c-sock

Host: Intel(R) Core(TM) i5-8250U CPU @ 1.60GHz, 8 cores, 11G,  Windows 11 , 64 bit Build 22621 (10.0.22621.5415)
Time: Tue Jun  2 21:38:58 2026 SE Asia Standard Time elapsed time: 33.407775 seconds (0d 0h 0m 33s)

---------------  T H R E A D  ---------------

Current thread (0x00000177f7c3a830):  JavaThread "C2 CompilerThread1" daemon [_thread_in_native, id=20500, stack(0x000000353e800000,0x000000353e900000) (1024K)]


Current CompileTask:
C2:33407 15163   !   4       lombok.eclipse.EclipseAST::getTopLevelTypeReferenceAnnotations (69 bytes)

Stack: [0x000000353e800000,0x000000353e900000]
Native frames: (J=compiled Java code, j=interpreted, Vv=VM code, C=native code)
V  [jvm.dll+0x6d7a39]
V  [jvm.dll+0x8b4b26]
V  [jvm.dll+0x8b70de]
V  [jvm.dll+0x8b77c3]
V  [jvm.dll+0x284346]
V  [jvm.dll+0xc66ed]
V  [jvm.dll+0xc6c31]
V  [jvm.dll+0x3bec3b]
V  [jvm.dll+0x1e3d62]
V  [jvm.dll+0x24c6b3]
V  [jvm.dll+0x24bb40]
V  [jvm.dll+0x1cb34e]
V  [jvm.dll+0x25b85d]
V  [jvm.dll+0x259dea]
V  [jvm.dll+0x3f857e]
V  [jvm.dll+0x85f59d]
V  [jvm.dll+0x6d626d]
C  [ucrtbase.dll+0x29333]
C  [KERNEL32.DLL+0x1259d]
C  [ntdll.dll+0x5af78]


---------------  P R O C E S S  ---------------

Threads class SMR info:
_java_thread_list=0x00000177fc6ba7e0, length=61, elements={
0x0000017797d4e790, 0x00000177ae7bc6f0, 0x00000177ae7bef10, 0x00000177ae7c0f70,
0x00000177ae7c6ae0, 0x00000177ae7ca660, 0x00000177ae7efa90, 0x00000177ae7f6d00,
0x00000177ae7f9510, 0x00000177f131c910, 0x00000177f1431d60, 0x00000177f1acf2c0,
0x00000177f60e8200, 0x00000177f60e0a80, 0x00000177f1a811d0, 0x00000177f6552cf0,
0x00000177f6300a10, 0x00000177f60cf740, 0x00000177f69273a0, 0x00000177f6925960,
0x00000177f6926680, 0x00000177f6926d10, 0x00000177f69245b0, 0x00000177f6924c40,
0x00000177f69252d0, 0x00000177f80e3e60, 0x00000177f80e1d90, 0x00000177f80e58a0,
0x00000177f80e2420, 0x00000177f80e4b80, 0x00000177f80e5f30, 0x00000177f80e1700,
0x00000177f80e2ab0, 0x00000177f80e5210, 0x00000177f80e44f0, 0x00000177f80e0350,
0x00000177f80e37d0, 0x00000177f80e6c50, 0x00000177f80e72e0, 0x00000177f80e7970,
0x00000177f80e09e0, 0x00000177f80e1070, 0x00000177f6925ff0, 0x00000177f7c3a830,
0x00000177f7c3c370, 0x00000177f860a3c0, 0x00000177f860ded0, 0x00000177f860e560,
0x00000177f860aa50, 0x00000177f943c330, 0x00000177f943a8f0, 0x00000177f943b610,
0x00000177f94360c0, 0x00000177f9439540, 0x00000177f943c9c0, 0x00000177f9436750,
0x00000177f9437b00, 0x00000177f943af80, 0x00000177f9438190, 0x00000177f9435a30,
0x00000177f9437470
}

Java Threads: ( => current thread )
  0x0000017797d4e790 JavaThread "main"                              [_thread_blocked, id=32088, stack(0x000000353d900000,0x000000353da00000) (1024K)]
  0x00000177ae7bc6f0 JavaThread "Reference Handler"          daemon [_thread_blocked, id=31836, stack(0x000000353dd00000,0x000000353de00000) (1024K)]
  0x00000177ae7bef10 JavaThread "Finalizer"                  daemon [_thread_blocked, id=23116, stack(0x000000353de00000,0x000000353df00000) (1024K)]
  0x00000177ae7c0f70 JavaThread "Signal Dispatcher"          daemon [_thread_blocked, id=26628, stack(0x000000353df00000,0x000000353e000000) (1024K)]
  0x00000177ae7c6ae0 JavaThread "Attach Listener"            daemon [_thread_blocked, id=1192, stack(0x000000353e000000,0x000000353e100000) (1024K)]
  0x00000177ae7ca660 JavaThread "Service Thread"             daemon [_thread_blocked, id=10052, stack(0x000000353e100000,0x000000353e200000) (1024K)]
  0x00000177ae7efa90 JavaThread "Monitor Deflation Thread"   daemon [_thread_blocked, id=22436, stack(0x000000353e200000,0x000000353e300000) (1024K)]
  0x00000177ae7f6d00 JavaThread "C2 CompilerThread0"         daemon [_thread_in_native, id=13132, stack(0x000000353e300000,0x000000353e400000) (1024K)]
  0x00000177ae7f9510 JavaThread "C1 CompilerThread0"         daemon [_thread_in_native, id=16844, stack(0x000000353e400000,0x000000353e500000) (1024K)]
  0x00000177f131c910 JavaThread "Common-Cleaner"             daemon [_thread_blocked, id=22816, stack(0x000000353e500000,0x000000353e600000) (1024K)]
  0x00000177f1431d60 JavaThread "Notification Thread"        daemon [_thread_blocked, id=31884, stack(0x000000353e700000,0x000000353e800000) (1024K)]
  0x00000177f1acf2c0 JavaThread "Active Thread: Equinox Container: 2cff3cc4-2bbf-425a-9e7f-00913d6fd4cb"        [_thread_blocked, id=20804, stack(0x000000353ef00000,0x000000353f000000) (1024K)]
  0x00000177f60e8200 JavaThread "Refresh Thread: Equinox Container: 2cff3cc4-2bbf-425a-9e7f-00913d6fd4cb" daemon [_thread_blocked, id=32584, stack(0x000000353f100000,0x000000353f200000) (1024K)]
  0x00000177f60e0a80 JavaThread "Framework Event Dispatcher: Equinox Container: 2cff3cc4-2bbf-425a-9e7f-00913d6fd4cb" daemon [_thread_blocked, id=32352, stack(0x000000353f200000,0x000000353f300000) (1024K)]
  0x00000177f1a811d0 JavaThread "Start Level: Equinox Container: 2cff3cc4-2bbf-425a-9e7f-00913d6fd4cb" daemon [_thread_blocked, id=22456, stack(0x000000353f300000,0x000000353f400000) (1024K)]
  0x00000177f6552cf0 JavaThread "Bundle File Closer"         daemon [_thread_blocked, id=27340, stack(0x000000353f400000,0x000000353f500000) (1024K)]
  0x00000177f6300a10 JavaThread "SCR Component Actor"        daemon [_thread_blocked, id=21336, stack(0x000000353e600000,0x000000353e700000) (1024K)]
  0x00000177f60cf740 JavaThread "Worker-JM"                         [_thread_blocked, id=22680, stack(0x000000353f600000,0x000000353f700000) (1024K)]
  0x00000177f69273a0 JavaThread "JNA Cleaner"                daemon [_thread_blocked, id=32636, stack(0x000000353f700000,0x000000353f800000) (1024K)]
  0x00000177f6925960 JavaThread "Worker-0: Building"                [_thread_in_Java, id=10492, stack(0x000000353f800000,0x000000353f900000) (1024K)]
  0x00000177f6926680 JavaThread "Worker-1"                          [_thread_blocked, id=9500, stack(0x000000353f900000,0x000000353fa00000) (1024K)]
  0x00000177f6926d10 JavaThread "Java indexing"              daemon [_thread_in_native, id=19040, stack(0x000000353fa00000,0x000000353fb00000) (1024K)]
  0x00000177f69245b0 JavaThread "Worker-2"                          [_thread_blocked, id=8628, stack(0x000000353fd00000,0x000000353fe00000) (1024K)]
  0x00000177f6924c40 JavaThread "Worker-3: Updating workspace"        [_thread_in_Java, id=9912, stack(0x000000353fe00000,0x000000353ff00000) (1024K)]
  0x00000177f69252d0 JavaThread "Thread-1"                   daemon [_thread_in_native, id=32180, stack(0x000000353ff00000,0x0000003540000000) (1024K)]
  0x00000177f80e3e60 JavaThread "Thread-2"                   daemon [_thread_in_native, id=17260, stack(0x0000003540000000,0x0000003540100000) (1024K)]
  0x00000177f80e1d90 JavaThread "Thread-3"                   daemon [_thread_in_native, id=3200, stack(0x0000003540100000,0x0000003540200000) (1024K)]
  0x00000177f80e58a0 JavaThread "Thread-4"                   daemon [_thread_in_native, id=24416, stack(0x0000003540200000,0x0000003540300000) (1024K)]
  0x00000177f80e2420 JavaThread "Thread-5"                   daemon [_thread_in_native, id=31760, stack(0x0000003540300000,0x0000003540400000) (1024K)]
  0x00000177f80e4b80 JavaThread "Thread-6"                   daemon [_thread_in_native, id=18736, stack(0x0000003540400000,0x0000003540500000) (1024K)]
  0x00000177f80e5f30 JavaThread "Thread-7"                   daemon [_thread_in_native, id=2992, stack(0x0000003540500000,0x0000003540600000) (1024K)]
  0x00000177f80e1700 JavaThread "Thread-8"                   daemon [_thread_in_native, id=28156, stack(0x0000003540600000,0x0000003540700000) (1024K)]
  0x00000177f80e2ab0 JavaThread "Thread-9"                   daemon [_thread_in_native, id=5252, stack(0x0000003540700000,0x0000003540800000) (1024K)]
  0x00000177f80e5210 JavaThread "pool-2-thread-1"                   [_thread_blocked, id=25248, stack(0x0000003540800000,0x0000003540900000) (1024K)]
  0x00000177f80e44f0 JavaThread "WorkspaceEventsHandler"            [_thread_blocked, id=21524, stack(0x0000003540900000,0x0000003540a00000) (1024K)]
  0x00000177f80e0350 JavaThread "pool-1-thread-1"                   [_thread_blocked, id=9024, stack(0x0000003540a00000,0x0000003540b00000) (1024K)]
  0x00000177f80e37d0 JavaThread "ForkJoinPool.commonPool-worker-1" daemon [_thread_blocked, id=31432, stack(0x0000003540b00000,0x0000003540c00000) (1024K)]
  0x00000177f80e6c50 JavaThread "ForkJoinPool.commonPool-worker-2" daemon [_thread_blocked, id=13448, stack(0x0000003540c00000,0x0000003540d00000) (1024K)]
  0x00000177f80e72e0 JavaThread "ForkJoinPool.commonPool-worker-3" daemon [_thread_blocked, id=1532, stack(0x0000003540d00000,0x0000003540e00000) (1024K)]
  0x00000177f80e7970 JavaThread "ForkJoinPool.commonPool-worker-4" daemon [_thread_blocked, id=11864, stack(0x0000003540e00000,0x0000003540f00000) (1024K)]
  0x00000177f80e09e0 JavaThread "ForkJoinPool.commonPool-worker-5" daemon [_thread_blocked, id=16436, stack(0x0000003540f00000,0x0000003541000000) (1024K)]
  0x00000177f80e1070 JavaThread "ForkJoinPool.commonPool-worker-6" daemon [_thread_blocked, id=32244, stack(0x0000003541000000,0x0000003541100000) (1024K)]
  0x00000177f6925ff0 JavaThread "ForkJoinPool.commonPool-worker-7" daemon [_thread_blocked, id=10784, stack(0x0000003541100000,0x0000003541200000) (1024K)]
=>0x00000177f7c3a830 JavaThread "C2 CompilerThread1"         daemon [_thread_in_native, id=20500, stack(0x000000353e800000,0x000000353e900000) (1024K)]
  0x00000177f7c3c370 JavaThread "C2 CompilerThread2"         daemon [_thread_in_native, id=11620, stack(0x000000353f500000,0x000000353f600000) (1024K)]
  0x00000177f860a3c0 JavaThread "Cleaner-0"                  daemon [_thread_blocked, id=9860, stack(0x0000003541200000,0x0000003541300000) (1024K)]
  0x00000177f860ded0 JavaThread "LocalFile Deleter"          daemon [_thread_blocked, id=23704, stack(0x000000353d600000,0x000000353d700000) (1024K)]
  0x00000177f860e560 JavaThread "LocalFile Deleter"          daemon [_thread_blocked, id=32080, stack(0x0000003541300000,0x0000003541400000) (1024K)]
  0x00000177f860aa50 JavaThread "LocalFile Deleter"          daemon [_thread_blocked, id=1968, stack(0x0000003541400000,0x0000003541500000) (1024K)]
  0x00000177f943c330 JavaThread "LocalFile Deleter"          daemon [_thread_blocked, id=19476, stack(0x0000003541500000,0x0000003541600000) (1024K)]
  0x00000177f943a8f0 JavaThread "LocalFile Deleter"          daemon [_thread_blocked, id=7944, stack(0x0000003541600000,0x0000003541700000) (1024K)]
  0x00000177f943b610 JavaThread "LocalFile Deleter"          daemon [_thread_blocked, id=24996, stack(0x0000003541700000,0x0000003541800000) (1024K)]
  0x00000177f94360c0 JavaThread "LocalFile Deleter"          daemon [_thread_blocked, id=31924, stack(0x0000003541800000,0x0000003541900000) (1024K)]
  0x00000177f9439540 JavaThread "LocalFile Deleter"          daemon [_thread_blocked, id=9552, stack(0x0000003541900000,0x0000003541a00000) (1024K)]
  0x00000177f943c9c0 JavaThread "Compiler Source File Reader" daemon [_thread_blocked, id=2792, stack(0x0000003541a00000,0x0000003541b00000) (1024K)]
  0x00000177f9436750 JavaThread "Compiler Source File Reader" daemon [_thread_in_native, id=19912, stack(0x0000003541b00000,0x0000003541c00000) (1024K)]
  0x00000177f9437b00 JavaThread "Compiler Source File Reader" daemon [_thread_blocked, id=25116, stack(0x0000003541c00000,0x0000003541d00000) (1024K)]
  0x00000177f943af80 JavaThread "Compiler Source File Reader" daemon [_thread_blocked, id=12900, stack(0x0000003541d00000,0x0000003541e00000) (1024K)]
  0x00000177f9438190 JavaThread "Compiler Source File Reader" daemon [_thread_blocked, id=32656, stack(0x0000003541e00000,0x0000003541f00000) (1024K)]
  0x00000177f9435a30 JavaThread "Compiler Source File Reader" daemon [_thread_blocked, id=16564, stack(0x0000003541f00000,0x0000003542000000) (1024K)]
  0x00000177f9437470 JavaThread "Worker-4"                          [_thread_blocked, id=8224, stack(0x0000003542000000,0x0000003542100000) (1024K)]
Total: 61

Other Threads:
  0x00000177ae7a54e0 VMThread "VM Thread"                           [id=29140, stack(0x000000353dc00000,0x000000353dd00000) (1024K)]
  0x00000177ae6dca10 WatcherThread "VM Periodic Task Thread"        [id=16084, stack(0x000000353db00000,0x000000353dc00000) (1024K)]
  0x0000017797d6dae0 WorkerThread "GC Thread#0"                     [id=8556, stack(0x000000353da00000,0x000000353db00000) (1024K)]
  0x00000177f1b163a0 WorkerThread "GC Thread#1"                     [id=7100, stack(0x000000353e900000,0x000000353ea00000) (1024K)]
  0x00000177f6000080 WorkerThread "GC Thread#2"                     [id=13464, stack(0x000000353ea00000,0x000000353eb00000) (1024K)]
  0x00000177f6000430 WorkerThread "GC Thread#3"                     [id=32156, stack(0x000000353eb00000,0x000000353ec00000) (1024K)]
  0x00000177f60007e0 WorkerThread "GC Thread#4"                     [id=26172, stack(0x000000353ec00000,0x000000353ed00000) (1024K)]
  0x00000177f6000b90 WorkerThread "GC Thread#5"                     [id=16692, stack(0x000000353ed00000,0x000000353ee00000) (1024K)]
  0x00000177f1789920 WorkerThread "GC Thread#6"                     [id=18312, stack(0x000000353ee00000,0x000000353ef00000) (1024K)]
  0x00000177f6217b10 WorkerThread "GC Thread#7"                     [id=4424, stack(0x000000353f000000,0x000000353f100000) (1024K)]
Total: 10

Threads with active compile tasks:
C2 CompilerThread0  33451 15370       4       org.eclipse.jdt.internal.core.index.DiskIndex::writeStreamChars (285 bytes)
C1 CompilerThread0  33451 15373       2       org.eclipse.jdt.internal.compiler.lookup.ClassScope::checkAndSetModifiers (1724 bytes)
C2 CompilerThread1  33451 15163   !   4       lombok.eclipse.EclipseAST::getTopLevelTypeReferenceAnnotations (69 bytes)
C2 CompilerThread2  33451 15210       4       lombok.eclipse.EclipseAST::buildTypeUse (294 bytes)
Total: 4

VM state: not at safepoint (normal execution)

VM Mutex/Monitor currently owned by a thread: None

Heap address: 0x0000000080000000, size: 2048 MB, Compressed Oops mode: 32-bit

CDS archive(s) mapped at: [0x00000177af000000-0x00000177afba0000-0x00000177afba0000), size 12189696, SharedBaseAddress: 0x00000177af000000, ArchiveRelocationMode: 1.
Compressed class space mapped at: 0x00000177b0000000-0x00000177f0000000, reserved size: 1073741824
Narrow klass base: 0x00000177af000000, Narrow klass shift: 0, Narrow klass range: 0x100000000

GC Precious Log:
 CardTable entry size: 512
 CPUs: 8 total, 8 available
 Memory: 12152M
 Large Page Support: Disabled
 NUMA Support: Disabled
 Compressed Oops: Enabled (32-bit)
 Alignments: Space 512K, Generation 512K, Heap 2M
 Heap Min Capacity: 100M
 Heap Initial Capacity: 100M
 Heap Max Capacity: 2G
 Pre-touch: Disabled
 Parallel Workers: 8

Heap:
 PSYoungGen      total 4096K, used 3515K [0x00000000d5580000, 0x00000000d5a80000, 0x0000000100000000)
  eden space 3584K, 85% used [0x00000000d5580000,0x00000000d587a008,0x00000000d5900000)
  from space 512K, 91% used [0x00000000d5a00000,0x00000000d5a74d00,0x00000000d5a80000)
  to   space 512K, 0% used [0x00000000d5980000,0x00000000d5980000,0x00000000d5a00000)
 ParOldGen       total 234496K, used 234065K [0x0000000080000000, 0x000000008e500000, 0x00000000d5580000)
  object space 234496K, 99% used [0x0000000080000000,0x000000008e494510,0x000000008e500000)
 Metaspace       used 70910K, committed 72384K, reserved 1114112K
  class space    used 7230K, committed 7872K, reserved 1048576K

Card table byte_map: [0x00000177976f0000,0x0000017797b00000] _byte_map_base: 0x00000177972f0000

Marking Bits: (ParMarkBitMap*) 0x00007ffe9c5c3450
 Begin Bits: [0x00000177aa200000, 0x00000177ac200000)
 End Bits:   [0x00000177ac200000, 0x00000177ae200000)

Polling page: 0x0000017795d30000

Metaspace:

Usage:
  Non-class:     62.19 MB used.
      Class:      7.06 MB used.
       Both:     69.25 MB used.

Virtual space:
  Non-class space:       64.00 MB reserved,      63.00 MB ( 98%) committed,  1 nodes.
      Class space:        1.00 GB reserved,       7.69 MB ( <1%) committed,  1 nodes.
             Both:        1.06 GB reserved,      70.69 MB (  6%) committed. 

Chunk freelists:
   Non-Class:  301.00 KB
       Class:  8.13 MB
        Both:  8.42 MB

MaxMetaspaceSize: unlimited
CompressedClassSpaceSize: 1.00 GB
Initial GC threshold: 21.00 MB
Current GC threshold: 97.31 MB
CDS: on
 - commit_granule_bytes: 65536.
 - commit_granule_words: 8192.
 - virtual_space_node_default_size: 8388608.
 - enlarge_chunks_in_place: 1.
 - use_allocation_guard: 0.


Internal statistics:

num_allocs_failed_limit: 9.
num_arena_births: 1400.
num_arena_deaths: 32.
num_vsnodes_births: 2.
num_vsnodes_deaths: 0.
num_space_committed: 1131.
num_space_uncommitted: 0.
num_chunks_returned_to_freelist: 48.
num_chunks_taken_from_freelist: 4947.
num_chunk_merges: 19.
num_chunk_splits: 2961.
num_chunks_enlarged: 1608.
num_inconsistent_stats: 0.

CodeHeap 'non-profiled nmethods': size=120000Kb used=10265Kb max_used=10265Kb free=109734Kb
 bounds [0x00000177a2a20000, 0x00000177a3430000, 0x00000177a9f50000]
CodeHeap 'profiled nmethods': size=120000Kb used=33599Kb max_used=33599Kb free=86400Kb
 bounds [0x000001779af50000, 0x000001779d020000, 0x00000177a2480000]
CodeHeap 'non-nmethods': size=5760Kb used=1455Kb max_used=1633Kb free=4304Kb
 bounds [0x00000177a2480000, 0x00000177a26f0000, 0x00000177a2a20000]
CodeCache: size=245760Kb, used=45319Kb, max_used=45497Kb, free=200438Kb
 total_blobs=15259, nmethods=14486, adapters=676, full_count=0
Compilation: enabled, stopped_count=0, restarted_count=0

Compilation events (20 events):
Event: 33.363 Thread 0x00000177ae7f9510 15348       2       com.microsoft.gradle.bs.importer.GradleBuildServerBuildSupport::isBuildLikeFileName (26 bytes)
Event: 33.364 Thread 0x00000177ae7f9510 nmethod 15348 0x000001779d015090 code [0x000001779d015260, 0x000001779d015450]
Event: 33.364 Thread 0x00000177ae7f9510 15354       3       java.util.regex.Pattern::addFlag (217 bytes)
Event: 33.367 Thread 0x00000177ae7f9510 nmethod 15354 0x000001779d015590 code [0x000001779d0157a0, 0x000001779d015d88]
Event: 33.367 Thread 0x00000177ae7f9510 15349       2       org.eclipse.jdt.ls.core.internal.managers.GradleBuildSupport::isBuildLikeFileName (26 bytes)
Event: 33.368 Thread 0x00000177ae7f9510 nmethod 15349 0x000001779d015f90 code [0x000001779d016160, 0x000001779d016350]
Event: 33.368 Thread 0x00000177ae7f9510 15353   !   2       org.eclipse.jdt.internal.compiler.parser.Parser::parse (388 bytes)
Event: 33.372 Thread 0x00000177ae7f9510 nmethod 15353 0x000001779d016490 code [0x000001779d0167a0, 0x000001779d0172a0]
Event: 33.372 Thread 0x00000177ae7f9510 15355       3       org.eclipse.jdt.internal.compiler.ast.TypeReference::baseTypeReference (397 bytes)
Event: 33.373 Thread 0x00000177ae7f9510 nmethod 15355 0x000001779d018190 code [0x000001779d018540, 0x000001779d0198b8]
Event: 33.373 Thread 0x00000177ae7f9510 15357       2       java.util.stream.ReferencePipeline::findAny (12 bytes)
Event: 33.373 Thread 0x00000177ae7f9510 nmethod 15357 0x000001779d019f10 code [0x000001779d01a0c0, 0x000001779d01a228]
Event: 33.373 Thread 0x00000177ae7f9510 15358       2       java.util.stream.FindOps$FindSink$OfRef$$Lambda/0x800000048::get (8 bytes)
Event: 33.374 Thread 0x00000177ae7f9510 nmethod 15358 0x000001779d01a310 code [0x000001779d01a4a0, 0x000001779d01a600]
Event: 33.374 Thread 0x00000177ae7f9510 15356       2       java.util.TreeMap$TreeMapSpliterator::getEstimate (68 bytes)
Event: 33.374 Thread 0x00000177ae7f9510 nmethod 15356 0x000001779d01a710 code [0x000001779d01a8c0, 0x000001779d01ab38]
Event: 33.377 Thread 0x00000177ae7f9510 15359       2       org.eclipse.core.runtime.Platform::getExtensionRegistry (4 bytes)
Event: 33.378 Thread 0x00000177ae7f9510 nmethod 15359 0x000001779d01ad10 code [0x000001779d01aec0, 0x000001779d01b030]
Event: 33.381 Thread 0x00000177ae7f9510 15360   !   2       org.eclipse.jdt.ls.core.internal.managers.StandardProjectsManager::buildSupports (139 bytes)
Event: 33.384 Thread 0x00000177ae7f9510 nmethod 15360 0x000001779d01b190 code [0x000001779d01b440, 0x000001779d01bcb8]

GC Heap History (20 events):
Event: 32.989 GC heap before
{Heap before GC invocations=597 (full 3):
 PSYoungGen      total 4096K, used 4087K [0x00000000d5580000, 0x00000000d5b00000, 0x0000000100000000)
  eden space 3584K, 100% used [0x00000000d5580000,0x00000000d5900000,0x00000000d5900000)
  from space 512K, 98% used [0x00000000d5980000,0x00000000d59fdf30,0x00000000d5a00000)
  to   space 1024K, 0% used [0x00000000d5a00000,0x00000000d5a00000,0x00000000d5b00000)
 ParOldGen       total 230912K, used 230562K [0x0000000080000000, 0x000000008e180000, 0x00000000d5580000)
  object space 230912K, 99% used [0x0000000080000000,0x000000008e128948,0x000000008e180000)
 Metaspace       used 70799K, committed 72320K, reserved 1114112K
  class space    used 7224K, committed 7872K, reserved 1048576K
}
Event: 32.992 GC heap after
{Heap after GC invocations=597 (full 3):
 PSYoungGen      total 4608K, used 480K [0x00000000d5580000, 0x00000000d5b00000, 0x0000000100000000)
  eden space 3584K, 0% used [0x00000000d5580000,0x00000000d5580000,0x00000000d5900000)
  from space 1024K, 46% used [0x00000000d5a00000,0x00000000d5a78000,0x00000000d5b00000)
  to   space 1024K, 0% used [0x00000000d5900000,0x00000000d5900000,0x00000000d5a00000)
 ParOldGen       total 230912K, used 230880K [0x0000000080000000, 0x000000008e180000, 0x00000000d5580000)
  object space 230912K, 99% used [0x0000000080000000,0x000000008e178000,0x000000008e180000)
 Metaspace       used 70799K, committed 72320K, reserved 1114112K
  class space    used 7224K, committed 7872K, reserved 1048576K
}
Event: 33.018 GC heap before
{Heap before GC invocations=598 (full 3):
 PSYoungGen      total 4608K, used 4063K [0x00000000d5580000, 0x00000000d5b00000, 0x0000000100000000)
  eden space 3584K, 99% used [0x00000000d5580000,0x00000000d58ffff0,0x00000000d5900000)
  from space 1024K, 46% used [0x00000000d5a00000,0x00000000d5a78000,0x00000000d5b00000)
  to   space 1024K, 0% used [0x00000000d5900000,0x00000000d5900000,0x00000000d5a00000)
 ParOldGen       total 230912K, used 230880K [0x0000000080000000, 0x000000008e180000, 0x00000000d5580000)
  object space 230912K, 99% used [0x0000000080000000,0x000000008e178000,0x000000008e180000)
 Metaspace       used 70807K, committed 72320K, reserved 1114112K
  class space    used 7224K, committed 7872K, reserved 1048576K
}
Event: 33.021 GC heap after
{Heap after GC invocations=598 (full 3):
 PSYoungGen      total 4608K, used 454K [0x00000000d5580000, 0x00000000d5a80000, 0x0000000100000000)
  eden space 3584K, 0% used [0x00000000d5580000,0x00000000d5580000,0x00000000d5900000)
  from space 1024K, 44% used [0x00000000d5900000,0x00000000d5971980,0x00000000d5a00000)
  to   space 512K, 0% used [0x00000000d5a00000,0x00000000d5a00000,0x00000000d5a80000)
 ParOldGen       total 231424K, used 231187K [0x0000000080000000, 0x000000008e200000, 0x00000000d5580000)
  object space 231424K, 99% used [0x0000000080000000,0x000000008e1c4f68,0x000000008e200000)
 Metaspace       used 70807K, committed 72320K, reserved 1114112K
  class space    used 7224K, committed 7872K, reserved 1048576K
}
Event: 33.078 GC heap before
{Heap before GC invocations=599 (full 3):
 PSYoungGen      total 4608K, used 4038K [0x00000000d5580000, 0x00000000d5a80000, 0x0000000100000000)
  eden space 3584K, 100% used [0x00000000d5580000,0x00000000d5900000,0x00000000d5900000)
  from space 1024K, 44% used [0x00000000d5900000,0x00000000d5971980,0x00000000d5a00000)
  to   space 512K, 0% used [0x00000000d5a00000,0x00000000d5a00000,0x00000000d5a80000)
 ParOldGen       total 231424K, used 231187K [0x0000000080000000, 0x000000008e200000, 0x00000000d5580000)
  object space 231424K, 99% used [0x0000000080000000,0x000000008e1c4f68,0x000000008e200000)
 Metaspace       used 70808K, committed 72320K, reserved 1114112K
  class space    used 7224K, committed 7872K, reserved 1048576K
}
Event: 33.082 GC heap after
{Heap after GC invocations=599 (full 3):
 PSYoungGen      total 4096K, used 506K [0x00000000d5580000, 0x00000000d5b00000, 0x0000000100000000)
  eden space 3584K, 0% used [0x00000000d5580000,0x00000000d5580000,0x00000000d5900000)
  from space 512K, 98% used [0x00000000d5a00000,0x00000000d5a7e9e0,0x00000000d5a80000)
  to   space 1024K, 0% used [0x00000000d5900000,0x00000000d5900000,0x00000000d5a00000)
 ParOldGen       total 231936K, used 231557K [0x0000000080000000, 0x000000008e280000, 0x00000000d5580000)
  object space 231936K, 99% used [0x0000000080000000,0x000000008e2217e0,0x000000008e280000)
 Metaspace       used 70808K, committed 72320K, reserved 1114112K
  class space    used 7224K, committed 7872K, reserved 1048576K
}
Event: 33.104 GC heap before
{Heap before GC invocations=600 (full 3):
 PSYoungGen      total 4096K, used 4090K [0x00000000d5580000, 0x00000000d5b00000, 0x0000000100000000)
  eden space 3584K, 100% used [0x00000000d5580000,0x00000000d5900000,0x00000000d5900000)
  from space 512K, 98% used [0x00000000d5a00000,0x00000000d5a7e9e0,0x00000000d5a80000)
  to   space 1024K, 0% used [0x00000000d5900000,0x00000000d5900000,0x00000000d5a00000)
 ParOldGen       total 231936K, used 231557K [0x0000000080000000, 0x000000008e280000, 0x00000000d5580000)
  object space 231936K, 99% used [0x0000000080000000,0x000000008e2217e0,0x000000008e280000)
 Metaspace       used 70808K, committed 72320K, reserved 1114112K
  class space    used 7224K, committed 7872K, reserved 1048576K
}
Event: 33.109 GC heap after
{Heap after GC invocations=600 (full 3):
 PSYoungGen      total 4608K, used 461K [0x00000000d5580000, 0x00000000d5b00000, 0x0000000100000000)
  eden space 3584K, 0% used [0x00000000d5580000,0x00000000d5580000,0x00000000d5900000)
  from space 1024K, 45% used [0x00000000d5900000,0x00000000d5973670,0x00000000d5a00000)
  to   space 1024K, 0% used [0x00000000d5a00000,0x00000000d5a00000,0x00000000d5b00000)
 ParOldGen       total 231936K, used 231899K [0x0000000080000000, 0x000000008e280000, 0x00000000d5580000)
  object space 231936K, 99% used [0x0000000080000000,0x000000008e276db0,0x000000008e280000)
 Metaspace       used 70808K, committed 72320K, reserved 1114112K
  class space    used 7224K, committed 7872K, reserved 1048576K
}
Event: 33.189 GC heap before
{Heap before GC invocations=601 (full 3):
 PSYoungGen      total 4608K, used 4045K [0x00000000d5580000, 0x00000000d5b00000, 0x0000000100000000)
  eden space 3584K, 100% used [0x00000000d5580000,0x00000000d5900000,0x00000000d5900000)
  from space 1024K, 45% used [0x00000000d5900000,0x00000000d5973670,0x00000000d5a00000)
  to   space 1024K, 0% used [0x00000000d5a00000,0x00000000d5a00000,0x00000000d5b00000)
 ParOldGen       total 231936K, used 231899K [0x0000000080000000, 0x000000008e280000, 0x00000000d5580000)
  object space 231936K, 99% used [0x0000000080000000,0x000000008e276db0,0x000000008e280000)
 Metaspace       used 70823K, committed 72320K, reserved 1114112K
  class space    used 7225K, committed 7872K, reserved 1048576K
}
Event: 33.191 GC heap after
{Heap after GC invocations=601 (full 3):
 PSYoungGen      total 4096K, used 391K [0x00000000d5580000, 0x00000000d5a80000, 0x0000000100000000)
  eden space 3584K, 0% used [0x00000000d5580000,0x00000000d5580000,0x00000000d5900000)
  from space 512K, 76% used [0x00000000d5a00000,0x00000000d5a61f58,0x00000000d5a80000)
  to   space 512K, 0% used [0x00000000d5980000,0x00000000d5980000,0x00000000d5a00000)
 ParOldGen       total 232448K, used 232206K [0x0000000080000000, 0x000000008e300000, 0x00000000d5580000)
  object space 232448K, 99% used [0x0000000080000000,0x000000008e2c38f0,0x000000008e300000)
 Metaspace       used 70823K, committed 72320K, reserved 1114112K
  class space    used 7225K, committed 7872K, reserved 1048576K
}
Event: 33.223 GC heap before
{Heap before GC invocations=602 (full 3):
 PSYoungGen      total 4096K, used 3975K [0x00000000d5580000, 0x00000000d5a80000, 0x0000000100000000)
  eden space 3584K, 100% used [0x00000000d5580000,0x00000000d5900000,0x00000000d5900000)
  from space 512K, 76% used [0x00000000d5a00000,0x00000000d5a61f58,0x00000000d5a80000)
  to   space 512K, 0% used [0x00000000d5980000,0x00000000d5980000,0x00000000d5a00000)
 ParOldGen       total 232448K, used 232206K [0x0000000080000000, 0x000000008e300000, 0x00000000d5580000)
  object space 232448K, 99% used [0x0000000080000000,0x000000008e2c38f0,0x000000008e300000)
 Metaspace       used 70826K, committed 72320K, reserved 1114112K
  class space    used 7225K, committed 7872K, reserved 1048576K
}
Event: 33.225 GC heap after
{Heap after GC invocations=602 (full 3):
 PSYoungGen      total 4096K, used 368K [0x00000000d5580000, 0x00000000d5a80000, 0x0000000100000000)
  eden space 3584K, 0% used [0x00000000d5580000,0x00000000d5580000,0x00000000d5900000)
  from space 512K, 71% used [0x00000000d5980000,0x00000000d59dc010,0x00000000d5a00000)
  to   space 512K, 0% used [0x00000000d5a00000,0x00000000d5a00000,0x00000000d5a80000)
 ParOldGen       total 232960K, used 232514K [0x0000000080000000, 0x000000008e380000, 0x00000000d5580000)
  object space 232960K, 99% used [0x0000000080000000,0x000000008e310b60,0x000000008e380000)
 Metaspace       used 70826K, committed 72320K, reserved 1114112K
  class space    used 7225K, committed 7872K, reserved 1048576K
}
Event: 33.281 GC heap before
{Heap before GC invocations=603 (full 3):
 PSYoungGen      total 4096K, used 3952K [0x00000000d5580000, 0x00000000d5a80000, 0x0000000100000000)
  eden space 3584K, 99% used [0x00000000d5580000,0x00000000d58ffff8,0x00000000d5900000)
  from space 512K, 71% used [0x00000000d5980000,0x00000000d59dc010,0x00000000d5a00000)
  to   space 512K, 0% used [0x00000000d5a00000,0x00000000d5a00000,0x00000000d5a80000)
 ParOldGen       total 232960K, used 232514K [0x0000000080000000, 0x000000008e380000, 0x00000000d5580000)
  object space 232960K, 99% used [0x0000000080000000,0x000000008e310b60,0x000000008e380000)
 Metaspace       used 70842K, committed 72320K, reserved 1114112K
  class space    used 7228K, committed 7872K, reserved 1048576K
}
Event: 33.282 GC heap after
{Heap after GC invocations=603 (full 3):
 PSYoungGen      total 4096K, used 496K [0x00000000d5580000, 0x00000000d5b00000, 0x0000000100000000)
  eden space 3584K, 0% used [0x00000000d5580000,0x00000000d5580000,0x00000000d5900000)
  from space 512K, 96% used [0x00000000d5a00000,0x00000000d5a7c030,0x00000000d5a80000)
  to   space 1024K, 0% used [0x00000000d5900000,0x00000000d5900000,0x00000000d5a00000)
 ParOldGen       total 232960K, used 232746K [0x0000000080000000, 0x000000008e380000, 0x00000000d5580000)
  object space 232960K, 99% used [0x0000000080000000,0x000000008e34ab60,0x000000008e380000)
 Metaspace       used 70842K, committed 72320K, reserved 1114112K
  class space    used 7228K, committed 7872K, reserved 1048576K
}
Event: 33.304 GC heap before
{Heap before GC invocations=604 (full 3):
 PSYoungGen      total 4096K, used 4080K [0x00000000d5580000, 0x00000000d5b00000, 0x0000000100000000)
  eden space 3584K, 100% used [0x00000000d5580000,0x00000000d5900000,0x00000000d5900000)
  from space 512K, 96% used [0x00000000d5a00000,0x00000000d5a7c030,0x00000000d5a80000)
  to   space 1024K, 0% used [0x00000000d5900000,0x00000000d5900000,0x00000000d5a00000)
 ParOldGen       total 232960K, used 232746K [0x0000000080000000, 0x000000008e380000, 0x00000000d5580000)
  object space 232960K, 99% used [0x0000000080000000,0x000000008e34ab60,0x000000008e380000)
 Metaspace       used 70845K, committed 72320K, reserved 1114112K
  class space    used 7228K, committed 7872K, reserved 1048576K
}
Event: 33.307 GC heap after
{Heap after GC invocations=604 (full 3):
 PSYoungGen      total 4608K, used 384K [0x00000000d5580000, 0x00000000d5a80000, 0x0000000100000000)
  eden space 3584K, 0% used [0x00000000d5580000,0x00000000d5580000,0x00000000d5900000)
  from space 1024K, 37% used [0x00000000d5900000,0x00000000d5960000,0x00000000d5a00000)
  to   space 512K, 0% used [0x00000000d5a00000,0x00000000d5a00000,0x00000000d5a80000)
 ParOldGen       total 233472K, used 233169K [0x0000000080000000, 0x000000008e400000, 0x00000000d5580000)
  object space 233472K, 99% used [0x0000000080000000,0x000000008e3b4460,0x000000008e400000)
 Metaspace       used 70845K, committed 72320K, reserved 1114112K
  class space    used 7228K, committed 7872K, reserved 1048576K
}
Event: 33.338 GC heap before
{Heap before GC invocations=605 (full 3):
 PSYoungGen      total 4608K, used 3968K [0x00000000d5580000, 0x00000000d5a80000, 0x0000000100000000)
  eden space 3584K, 100% used [0x00000000d5580000,0x00000000d5900000,0x00000000d5900000)
  from space 1024K, 37% used [0x00000000d5900000,0x00000000d5960000,0x00000000d5a00000)
  to   space 512K, 0% used [0x00000000d5a00000,0x00000000d5a00000,0x00000000d5a80000)
 ParOldGen       total 233472K, used 233169K [0x0000000080000000, 0x000000008e400000, 0x00000000d5580000)
  object space 233472K, 99% used [0x0000000080000000,0x000000008e3b4460,0x000000008e400000)
 Metaspace       used 70869K, committed 72320K, reserved 1114112K
  class space    used 7230K, committed 7872K, reserved 1048576K
}
Event: 33.340 GC heap after
{Heap after GC invocations=605 (full 3):
 PSYoungGen      total 4096K, used 448K [0x00000000d5580000, 0x00000000d5a80000, 0x0000000100000000)
  eden space 3584K, 0% used [0x00000000d5580000,0x00000000d5580000,0x00000000d5900000)
  from space 512K, 87% used [0x00000000d5a00000,0x00000000d5a70000,0x00000000d5a80000)
  to   space 512K, 0% used [0x00000000d5980000,0x00000000d5980000,0x00000000d5a00000)
 ParOldGen       total 233984K, used 233481K [0x0000000080000000, 0x000000008e480000, 0x00000000d5580000)
  object space 233984K, 99% used [0x0000000080000000,0x000000008e4024b0,0x000000008e480000)
 Metaspace       used 70869K, committed 72320K, reserved 1114112K
  class space    used 7230K, committed 7872K, reserved 1048576K
}
Event: 33.364 GC heap before
{Heap before GC invocations=606 (full 3):
 PSYoungGen      total 4096K, used 4032K [0x00000000d5580000, 0x00000000d5a80000, 0x0000000100000000)
  eden space 3584K, 100% used [0x00000000d5580000,0x00000000d5900000,0x00000000d5900000)
  from space 512K, 87% used [0x00000000d5a00000,0x00000000d5a70000,0x00000000d5a80000)
  to   space 512K, 0% used [0x00000000d5980000,0x00000000d5980000,0x00000000d5a00000)
 ParOldGen       total 233984K, used 233481K [0x0000000080000000, 0x000000008e480000, 0x00000000d5580000)
  object space 233984K, 99% used [0x0000000080000000,0x000000008e4024b0,0x000000008e480000)
 Metaspace       used 70880K, committed 72320K, reserved 1114112K
  class space    used 7230K, committed 7872K, reserved 1048576K
}
Event: 33.366 GC heap after
{Heap after GC invocations=606 (full 3):
 PSYoungGen      total 4096K, used 384K [0x00000000d5580000, 0x00000000d5a80000, 0x0000000100000000)
  eden space 3584K, 0% used [0x00000000d5580000,0x00000000d5580000,0x00000000d5900000)
  from space 512K, 75% used [0x00000000d5980000,0x00000000d59e0020,0x00000000d5a00000)
  to   space 512K, 0% used [0x00000000d5a00000,0x00000000d5a00000,0x00000000d5a80000)
 ParOldGen       total 233984K, used 233769K [0x0000000080000000, 0x000000008e480000, 0x00000000d5580000)
  object space 233984K, 99% used [0x0000000080000000,0x000000008e44a4d0,0x000000008e480000)
 Metaspace       used 70880K, committed 72320K, reserved 1114112K
  class space    used 7230K, committed 7872K, reserved 1048576K
}

Dll operation events (10 events):
Event: 0.044 Loaded shared library c:\Users\ducuy\.vscode\extensions\redhat.java-1.54.0-win32-x64\jre\21.0.10-win32-x86_64\bin\java.dll
Event: 0.256 Loaded shared library c:\Users\ducuy\.vscode\extensions\redhat.java-1.54.0-win32-x64\jre\21.0.10-win32-x86_64\bin\zip.dll
Event: 0.360 Loaded shared library C:\Users\ducuy\.vscode\extensions\redhat.java-1.54.0-win32-x64\jre\21.0.10-win32-x86_64\bin\instrument.dll
Event: 0.385 Loaded shared library C:\Users\ducuy\.vscode\extensions\redhat.java-1.54.0-win32-x64\jre\21.0.10-win32-x86_64\bin\net.dll
Event: 0.394 Loaded shared library C:\Users\ducuy\.vscode\extensions\redhat.java-1.54.0-win32-x64\jre\21.0.10-win32-x86_64\bin\nio.dll
Event: 0.408 Loaded shared library C:\Users\ducuy\.vscode\extensions\redhat.java-1.54.0-win32-x64\jre\21.0.10-win32-x86_64\bin\zip.dll
Event: 0.450 Loaded shared library C:\Users\ducuy\.vscode\extensions\redhat.java-1.54.0-win32-x64\jre\21.0.10-win32-x86_64\bin\jimage.dll
Event: 0.574 Loaded shared library c:\Users\ducuy\.vscode\extensions\redhat.java-1.54.0-win32-x64\jre\21.0.10-win32-x86_64\bin\verify.dll
Event: 1.948 Loaded shared library C:\Users\ducuy\AppData\Roaming\Code\User\globalStorage\redhat.java\1.54.0\config_win\org.eclipse.equinox.launcher\org.eclipse.equinox.launcher.win32.win32.x86_64_1.3.0.v20260203-2149\eclipse_11919.dll
Event: 5.164 Loaded shared library C:\Users\ducuy\AppData\Local\Temp\jna-95936534\jna13990175555086627428.dll

Deoptimization events (20 events):
Event: 32.664 Thread 0x00000177f6924c40 DEOPT PACKING pc=0x000001779cb148cb sp=0x000000353fefde90
Event: 32.665 Thread 0x00000177f6924c40 DEOPT UNPACKING pc=0x00000177a24d4242 sp=0x000000353fefd3f8 mode 0
Event: 32.665 Thread 0x00000177f69245b0 Uncommon trap: trap_request=0xffffff45 fr.pc=0x00000177a3275ec4 relative=0x00000000000051a4
Event: 32.665 Thread 0x00000177f69245b0 Uncommon trap: reason=unstable_if action=reinterpret pc=0x00000177a3275ec4 method=lombok.core.AST.buildWithField0(Ljava/lang/Class;Ljava/lang/Object;Llombok/core/AST$FieldAccess;Ljava/util/Collection;)V @ 67 c2
Event: 32.665 Thread 0x00000177f69245b0 DEOPT PACKING pc=0x00000177a3275ec4 sp=0x000000353fdfde60
Event: 32.665 Thread 0x00000177f69245b0 DEOPT UNPACKING pc=0x00000177a24d3aa2 sp=0x000000353fdfddc0 mode 2
Event: 32.941 Thread 0x00000177f6924c40 Uncommon trap: trap_request=0xffffffc6 fr.pc=0x00000177a33d3f18 relative=0x0000000000001658
Event: 32.941 Thread 0x00000177f6924c40 Uncommon trap: reason=bimorphic_or_optimized_type_check action=maybe_recompile pc=0x00000177a33d3f18 method=org.eclipse.jdt.internal.compiler.parser.Parser.consumeRule(I)V @ 4456 c2
Event: 32.941 Thread 0x00000177f6924c40 DEOPT PACKING pc=0x00000177a33d3f18 sp=0x000000353fefdf30
Event: 32.941 Thread 0x00000177f6924c40 DEOPT UNPACKING pc=0x00000177a24d3aa2 sp=0x000000353fefdea8 mode 2
Event: 32.942 Thread 0x00000177f6924c40 Uncommon trap: trap_request=0xffffff45 fr.pc=0x00000177a33ffb54 relative=0x00000000000010f4
Event: 32.942 Thread 0x00000177f6924c40 Uncommon trap: reason=unstable_if action=reinterpret pc=0x00000177a33ffb54 method=org.eclipse.jdt.internal.compiler.parser.Scanner.internalScanIdentifierOrKeyword(II[C)Lorg/eclipse/jdt/internal/compiler/parser/TerminalToken; @ 3925 c2
Event: 32.942 Thread 0x00000177f6924c40 DEOPT PACKING pc=0x00000177a33ffb54 sp=0x000000353fefdd60
Event: 32.942 Thread 0x00000177f6924c40 DEOPT UNPACKING pc=0x00000177a24d3aa2 sp=0x000000353fefdcf0 mode 2
Event: 32.942 Thread 0x00000177f6924c40 DEOPT PACKING pc=0x000001779ccc86ca sp=0x000000353fefddf0
Event: 32.942 Thread 0x00000177f6924c40 DEOPT UNPACKING pc=0x00000177a24d4242 sp=0x000000353fefd308 mode 0
Event: 33.226 Thread 0x00000177f6924c40 DEOPT PACKING pc=0x000001779cbfb162 sp=0x000000353fefe140
Event: 33.226 Thread 0x00000177f6924c40 DEOPT UNPACKING pc=0x00000177a24d4242 sp=0x000000353fefd5f0 mode 0
Event: 33.312 Thread 0x00000177f6924c40 DEOPT PACKING pc=0x000001779cbfb183 sp=0x000000353fefe0a0
Event: 33.312 Thread 0x00000177f6924c40 DEOPT UNPACKING pc=0x00000177a24d4242 sp=0x000000353fefd550 mode 0

Classes loaded (20 events):
Event: 29.698 Loading class com/sun/org/apache/xerces/internal/xni/XNIException
Event: 29.698 Loading class com/sun/org/apache/xerces/internal/xni/XNIException done
Event: 29.703 Loading class com/sun/org/apache/xerces/internal/xni/parser/XMLParseException
Event: 29.704 Loading class com/sun/org/apache/xerces/internal/xni/parser/XMLParseException done
Event: 30.056 Loading class java/util/AbstractList$RandomAccessSubList
Event: 30.056 Loading class java/util/AbstractList$SubList
Event: 30.057 Loading class java/util/AbstractList$SubList done
Event: 30.057 Loading class java/util/AbstractList$RandomAccessSubList done
Event: 30.058 Loading class java/util/AbstractList$SubList$1
Event: 30.058 Loading class java/util/AbstractList$SubList$1 done
Event: 30.072 Loading class java/util/ImmutableCollections$SubList
Event: 30.077 Loading class java/util/ImmutableCollections$SubList done
Event: 32.341 Loading class sun/nio/cs/ISO_8859_1$Encoder
Event: 32.341 Loading class sun/nio/cs/ISO_8859_1$Encoder done
Event: 32.341 Loading class sun/nio/cs/Surrogate$Parser
Event: 32.342 Loading class sun/nio/cs/Surrogate$Parser done
Event: 32.342 Loading class sun/nio/cs/Surrogate
Event: 32.342 Loading class sun/nio/cs/Surrogate done
Event: 32.948 Loading class java/lang/StringUTF16$LinesSpliterator
Event: 32.948 Loading class java/lang/StringUTF16$LinesSpliterator done

Classes unloaded (16 events):
Event: 5.620 Thread 0x00000177ae7a54e0 Unloading class 0x00000177b01ad000 'java/lang/invoke/LambdaForm$MH+0x00000177b01ad000'
Event: 5.620 Thread 0x00000177ae7a54e0 Unloading class 0x00000177b01acc00 'java/lang/invoke/LambdaForm$MH+0x00000177b01acc00'
Event: 5.620 Thread 0x00000177ae7a54e0 Unloading class 0x00000177b01ac800 'java/lang/invoke/LambdaForm$MH+0x00000177b01ac800'
Event: 5.620 Thread 0x00000177ae7a54e0 Unloading class 0x00000177b01ac400 'java/lang/invoke/LambdaForm$MH+0x00000177b01ac400'
Event: 5.620 Thread 0x00000177ae7a54e0 Unloading class 0x00000177b01ac000 'java/lang/invoke/LambdaForm$BMH+0x00000177b01ac000'
Event: 5.620 Thread 0x00000177ae7a54e0 Unloading class 0x00000177b01abc00 'java/lang/invoke/LambdaForm$DMH+0x00000177b01abc00'
Event: 5.620 Thread 0x00000177ae7a54e0 Unloading class 0x00000177b01aa800 'java/lang/invoke/LambdaForm$DMH+0x00000177b01aa800'
Event: 16.388 Thread 0x00000177ae7a54e0 Unloading class 0x00000177b06c1000 'java/lang/invoke/LambdaForm$MH+0x00000177b06c1000'
Event: 16.388 Thread 0x00000177ae7a54e0 Unloading class 0x00000177b06c0c00 'java/lang/invoke/LambdaForm$MH+0x00000177b06c0c00'
Event: 16.388 Thread 0x00000177ae7a54e0 Unloading class 0x00000177b06acc00 'java/lang/invoke/LambdaForm$DMH+0x00000177b06acc00'
Event: 16.388 Thread 0x00000177ae7a54e0 Unloading class 0x00000177b06ac800 'java/lang/invoke/LambdaForm$DMH+0x00000177b06ac800'
Event: 16.388 Thread 0x00000177ae7a54e0 Unloading class 0x00000177b06a5800 'java/lang/invoke/LambdaForm$MH+0x00000177b06a5800'
Event: 16.388 Thread 0x00000177ae7a54e0 Unloading class 0x00000177b06a5400 'java/lang/invoke/LambdaForm$MH+0x00000177b06a5400'
Event: 16.388 Thread 0x00000177ae7a54e0 Unloading class 0x00000177b06a5000 'java/lang/invoke/LambdaForm$MH+0x00000177b06a5000'
Event: 16.388 Thread 0x00000177ae7a54e0 Unloading class 0x00000177b06a4800 'java/lang/invoke/LambdaForm$MH+0x00000177b06a4800'
Event: 16.388 Thread 0x00000177ae7a54e0 Unloading class 0x00000177b06a4000 'java/lang/invoke/LambdaForm$MH+0x00000177b06a4000'

Classes redefined (0 events):
No events

Internal exceptions (20 events):
Event: 30.661 Thread 0x00000177f943a8f0 Exception <a 'sun/nio/fs/WindowsException'{0x00000000d5b42338}> (0x00000000d5b42338) 
thrown [s\src\hotspot\share\prims\jni.cpp, line 520]
Event: 30.662 Thread 0x00000177f943a8f0 Exception <a 'sun/nio/fs/WindowsException'{0x00000000d5b43a08}> (0x00000000d5b43a08) 
thrown [s\src\hotspot\share\prims\jni.cpp, line 520]
Event: 30.665 Thread 0x00000177f943a8f0 Exception <a 'sun/nio/fs/WindowsException'{0x00000000d5b4dd10}> (0x00000000d5b4dd10) 
thrown [s\src\hotspot\share\prims\jni.cpp, line 520]
Event: 30.675 Thread 0x00000177f943b610 Exception <a 'sun/nio/fs/WindowsException'{0x00000000d559c010}> (0x00000000d559c010) 
thrown [s\src\hotspot\share\prims\jni.cpp, line 520]
Event: 30.680 Thread 0x00000177f860e560 Exception <a 'sun/nio/fs/WindowsException'{0x00000000d55b41d0}> (0x00000000d55b41d0) 
thrown [s\src\hotspot\share\prims\jni.cpp, line 520]
Event: 30.689 Thread 0x00000177f9439540 Exception <a 'sun/nio/fs/WindowsException'{0x00000000d55869e8}> (0x00000000d55869e8) 
thrown [s\src\hotspot\share\prims\jni.cpp, line 520]
Event: 30.690 Thread 0x00000177f943c330 Exception <a 'sun/nio/fs/WindowsException'{0x00000000d5584f48}> (0x00000000d5584f48) 
thrown [s\src\hotspot\share\prims\jni.cpp, line 520]
Event: 30.692 Thread 0x00000177f860e560 Exception <a 'sun/nio/fs/WindowsException'{0x00000000d5612e50}> (0x00000000d5612e50) 
thrown [s\src\hotspot\share\prims\jni.cpp, line 520]
Event: 30.698 Thread 0x00000177f943b610 Exception <a 'sun/nio/fs/WindowsException'{0x00000000d5685e18}> (0x00000000d5685e18) 
thrown [s\src\hotspot\share\prims\jni.cpp, line 520]
Event: 30.703 Thread 0x00000177f943c330 Exception <a 'sun/nio/fs/WindowsException'{0x00000000d566ddd0}> (0x00000000d566ddd0) 
thrown [s\src\hotspot\share\prims\jni.cpp, line 520]
Event: 30.709 Thread 0x00000177f943c330 Exception <a 'sun/nio/fs/WindowsException'{0x00000000d576ec30}> (0x00000000d576ec30) 
thrown [s\src\hotspot\share\prims\jni.cpp, line 520]
Event: 30.710 Thread 0x00000177f943c330 Exception <a 'sun/nio/fs/WindowsException'{0x00000000d5770160}> (0x00000000d5770160) 
thrown [s\src\hotspot\share\prims\jni.cpp, line 520]
Event: 30.713 Thread 0x00000177f943a8f0 Exception <a 'sun/nio/fs/WindowsException'{0x00000000d5670b48}> (0x00000000d5670b48) 
thrown [s\src\hotspot\share\prims\jni.cpp, line 520]
Event: 30.716 Thread 0x00000177f943b610 Exception <a 'sun/nio/fs/WindowsException'{0x00000000d58a9dc8}> (0x00000000d58a9dc8) 
thrown [s\src\hotspot\share\prims\jni.cpp, line 520]
Event: 30.718 Thread 0x00000177f9439540 Exception <a 'sun/nio/fs/WindowsException'{0x00000000d58a8498}> (0x00000000d58a8498) 
thrown [s\src\hotspot\share\prims\jni.cpp, line 520]
Event: 30.719 Thread 0x00000177f943b610 Exception <a 'sun/nio/fs/WindowsException'{0x00000000d58acdf8}> (0x00000000d58acdf8) 
thrown [s\src\hotspot\share\prims\jni.cpp, line 520]
Event: 30.723 Thread 0x00000177f9439540 Exception <a 'sun/nio/fs/WindowsException'{0x00000000d58b4848}> (0x00000000d58b4848) 
thrown [s\src\hotspot\share\prims\jni.cpp, line 520]
Event: 30.729 Thread 0x00000177f943b610 Exception <a 'sun/nio/fs/WindowsException'{0x00000000d58b9ef0}> (0x00000000d58b9ef0) 
thrown [s\src\hotspot\share\prims\jni.cpp, line 520]
Event: 30.740 Thread 0x00000177f9439540 Exception <a 'sun/nio/fs/WindowsException'{0x00000000d58d16c8}> (0x00000000d58d16c8) 
thrown [s\src\hotspot\share\prims\jni.cpp, line 520]
Event: 30.796 Thread 0x00000177f6925960 Implicit null exception at 0x00000177a333e85a to 0x00000177a333e871

ZGC Phase Switch (0 events):
No events

VM Operations (20 events):
Event: 32.989 Executing safepoint VM operation: ParallelGCFailedAllocation (Allocation Failure)
Event: 32.992 Executing safepoint VM operation: ParallelGCFailedAllocation (Allocation Failure) done
Event: 33.018 Executing safepoint VM operation: ParallelGCFailedAllocation (Allocation Failure)
Event: 33.021 Executing safepoint VM operation: ParallelGCFailedAllocation (Allocation Failure) done
Event: 33.078 Executing safepoint VM operation: ParallelGCFailedAllocation (Allocation Failure)
Event: 33.082 Executing safepoint VM operation: ParallelGCFailedAllocation (Allocation Failure) done
Event: 33.104 Executing safepoint VM operation: ParallelGCFailedAllocation (Allocation Failure)
Event: 33.109 Executing safepoint VM operation: ParallelGCFailedAllocation (Allocation Failure) done
Event: 33.189 Executing safepoint VM operation: ParallelGCFailedAllocation (Allocation Failure)
Event: 33.191 Executing safepoint VM operation: ParallelGCFailedAllocation (Allocation Failure) done
Event: 33.223 Executing safepoint VM operation: ParallelGCFailedAllocation (Allocation Failure)
Event: 33.225 Executing safepoint VM operation: ParallelGCFailedAllocation (Allocation Failure) done
Event: 33.253 Executing safepoint VM operation: ParallelGCFailedAllocation (Allocation Failure)
Event: 33.283 Executing safepoint VM operation: ParallelGCFailedAllocation (Allocation Failure) done
Event: 33.304 Executing safepoint VM operation: ParallelGCFailedAllocation (Allocation Failure)
Event: 33.308 Executing safepoint VM operation: ParallelGCFailedAllocation (Allocation Failure) done
Event: 33.337 Executing safepoint VM operation: ParallelGCFailedAllocation (Allocation Failure)
Event: 33.340 Executing safepoint VM operation: ParallelGCFailedAllocation (Allocation Failure) done
Event: 33.364 Executing safepoint VM operation: ParallelGCFailedAllocation (Allocation Failure)
Event: 33.366 Executing safepoint VM operation: ParallelGCFailedAllocation (Allocation Failure) done

Memory protections (0 events):
No events

Nmethod flushes (20 events):
Event: 16.419 Thread 0x00000177ae7a54e0 flushing  nmethod 0x000001779b85ed10
Event: 16.419 Thread 0x00000177ae7a54e0 flushing  nmethod 0x000001779b875690
Event: 16.419 Thread 0x00000177ae7a54e0 flushing  nmethod 0x000001779b876910
Event: 16.419 Thread 0x00000177ae7a54e0 flushing  nmethod 0x000001779b877290
Event: 16.419 Thread 0x00000177ae7a54e0 flushing  nmethod 0x000001779b891410
Event: 16.419 Thread 0x00000177ae7a54e0 flushing  nmethod 0x000001779b895190
Event: 16.419 Thread 0x00000177ae7a54e0 flushing  nmethod 0x000001779b895890
Event: 16.419 Thread 0x00000177ae7a54e0 flushing  nmethod 0x000001779b896610
Event: 16.419 Thread 0x00000177ae7a54e0 flushing  nmethod 0x000001779b898990
Event: 16.419 Thread 0x00000177ae7a54e0 flushing  nmethod 0x000001779b8a5610
Event: 16.419 Thread 0x00000177ae7a54e0 flushing  nmethod 0x000001779b8c3110
Event: 16.419 Thread 0x00000177ae7a54e0 flushing  nmethod 0x000001779b8d8690
Event: 16.419 Thread 0x00000177ae7a54e0 flushing  nmethod 0x000001779b8f7610
Event: 16.419 Thread 0x00000177ae7a54e0 flushing  nmethod 0x000001779b934810
Event: 16.419 Thread 0x00000177ae7a54e0 flushing  nmethod 0x000001779b936290
Event: 16.419 Thread 0x00000177ae7a54e0 flushing  nmethod 0x000001779b94cd10
Event: 16.419 Thread 0x00000177ae7a54e0 flushing  nmethod 0x000001779b94d610
Event: 16.419 Thread 0x00000177ae7a54e0 flushing  nmethod 0x000001779b953d90
Event: 16.419 Thread 0x00000177ae7a54e0 flushing  nmethod 0x000001779b954390
Event: 16.419 Thread 0x00000177ae7a54e0 flushing  nmethod 0x000001779b967f90

Events (20 events):
Event: 23.164 Thread 0x00000177f7c3c370 Thread exited: 0x00000177f7c3c370
Event: 23.164 Thread 0x00000177f7c3a830 Thread exited: 0x00000177f7c3a830
Event: 23.827 Thread 0x00000177ae7f6d00 Thread added: 0x00000177f7c3a830
Event: 23.992 Thread 0x00000177ae7f6d00 Thread added: 0x00000177f7c3c370
Event: 28.570 Thread 0x00000177f80e6c50 Thread added: 0x00000177f860a3c0
Event: 30.524 Thread 0x00000177f6925960 Thread added: 0x00000177f860ded0
Event: 30.528 Thread 0x00000177f860ded0 Thread added: 0x00000177f860e560
Event: 30.529 Thread 0x00000177f860ded0 Thread added: 0x00000177f860aa50
Event: 30.530 Thread 0x00000177f860ded0 Thread added: 0x00000177f943c330
Event: 30.538 Thread 0x00000177f943c330 Thread added: 0x00000177f943a8f0
Event: 30.544 Thread 0x00000177f860ded0 Thread added: 0x00000177f943b610
Event: 30.545 Thread 0x00000177f943c330 Thread added: 0x00000177f94360c0
Event: 30.545 Thread 0x00000177f943c330 Thread added: 0x00000177f9439540
Event: 30.948 Thread 0x00000177f6925960 Thread added: 0x00000177f943c9c0
Event: 30.948 Thread 0x00000177f6925960 Thread added: 0x00000177f9436750
Event: 30.949 Thread 0x00000177f6925960 Thread added: 0x00000177f9437b00
Event: 30.949 Thread 0x00000177f6925960 Thread added: 0x00000177f943af80
Event: 30.950 Thread 0x00000177f6925960 Thread added: 0x00000177f9438190
Event: 30.950 Thread 0x00000177f6925960 Thread added: 0x00000177f9435a30
Event: 31.605 Thread 0x00000177f6926680 Thread added: 0x00000177f9437470


Dynamic libraries:
0x00007ff7bbb20000 - 0x00007ff7bbb2e000 	c:\Users\ducuy\.vscode\extensions\redhat.java-1.54.0-win32-x64\jre\21.0.10-win32-x86_64\bin\java.exe
0x00007fff47d30000 - 0x00007fff47f48000 	C:\WINDOWS\SYSTEM32\ntdll.dll
0x00007fff463e0000 - 0x00007fff464a4000 	C:\WINDOWS\System32\KERNEL32.DLL
0x00007fff454d0000 - 0x00007fff458a3000 	C:\WINDOWS\System32\KERNELBASE.dll
0x00007fff44e40000 - 0x00007fff44f51000 	C:\WINDOWS\System32\ucrtbase.dll
0x00007fff28f80000 - 0x00007fff28f98000 	c:\Users\ducuy\.vscode\extensions\redhat.java-1.54.0-win32-x64\jre\21.0.10-win32-x86_64\bin\jli.dll
0x00007fff1e050000 - 0x00007fff1e06e000 	c:\Users\ducuy\.vscode\extensions\redhat.java-1.54.0-win32-x64\jre\21.0.10-win32-x86_64\bin\VCRUNTIME140.dll
0x00007fff464b0000 - 0x00007fff46662000 	C:\WINDOWS\System32\USER32.dll
0x00007fff45210000 - 0x00007fff45236000 	C:\WINDOWS\System32\win32u.dll
0x00007fff45ba0000 - 0x00007fff45bc9000 	C:\WINDOWS\System32\GDI32.dll
0x00007fff2db10000 - 0x00007fff2ddac000 	C:\WINDOWS\WinSxS\amd64_microsoft.windows.common-controls_6595b64144ccf1df_6.0.22621.6060_none_2712eda17382d24b\COMCTL32.dll
0x00007fff458b0000 - 0x00007fff459cb000 	C:\WINDOWS\System32\gdi32full.dll
0x00007fff46670000 - 0x00007fff46717000 	C:\WINDOWS\System32\msvcrt.dll
0x00007fff45380000 - 0x00007fff4541a000 	C:\WINDOWS\System32\msvcp_win.dll
0x00007fff46240000 - 0x00007fff46271000 	C:\WINDOWS\System32\IMM32.DLL
0x00007fff315e0000 - 0x00007fff315ec000 	c:\Users\ducuy\.vscode\extensions\redhat.java-1.54.0-win32-x64\jre\21.0.10-win32-x86_64\bin\vcruntime140_1.dll
0x00007ffee9f30000 - 0x00007ffee9fbd000 	c:\Users\ducuy\.vscode\extensions\redhat.java-1.54.0-win32-x64\jre\21.0.10-win32-x86_64\bin\msvcp140.dll
0x00007ffe9b900000 - 0x00007ffe9c6a1000 	c:\Users\ducuy\.vscode\extensions\redhat.java-1.54.0-win32-x64\jre\21.0.10-win32-x86_64\bin\server\jvm.dll
0x00007fff46280000 - 0x00007fff46331000 	C:\WINDOWS\System32\ADVAPI32.dll
0x00007fff459d0000 - 0x00007fff45a78000 	C:\WINDOWS\System32\sechost.dll
0x00007fff454a0000 - 0x00007fff454c8000 	C:\WINDOWS\System32\bcrypt.dll
0x00007fff45bd0000 - 0x00007fff45ce8000 	C:\WINDOWS\System32\RPCRT4.dll
0x00007fff46720000 - 0x00007fff46791000 	C:\WINDOWS\System32\WS2_32.dll
0x00007fff43c50000 - 0x00007fff43c9d000 	C:\WINDOWS\SYSTEM32\POWRPROF.dll
0x00007fff3f4c0000 - 0x00007fff3f4f4000 	C:\WINDOWS\SYSTEM32\WINMM.dll
0x00007fff37b70000 - 0x00007fff37b7a000 	C:\WINDOWS\SYSTEM32\VERSION.dll
0x00007fff43c30000 - 0x00007fff43c43000 	C:\WINDOWS\SYSTEM32\UMPDC.dll
0x00007fff43ed0000 - 0x00007fff43ee8000 	C:\WINDOWS\SYSTEM32\kernel.appcore.dll
0x00007fff312b0000 - 0x00007fff312ba000 	c:\Users\ducuy\.vscode\extensions\redhat.java-1.54.0-win32-x64\jre\21.0.10-win32-x86_64\bin\jimage.dll
0x00007fff42860000 - 0x00007fff42a93000 	C:\WINDOWS\SYSTEM32\DBGHELP.DLL
0x00007fff467a0000 - 0x00007fff46b31000 	C:\WINDOWS\System32\combase.dll
0x00007fff47160000 - 0x00007fff47238000 	C:\WINDOWS\System32\OLEAUT32.dll
0x00007fff15360000 - 0x00007fff15392000 	C:\WINDOWS\SYSTEM32\dbgcore.DLL
0x00007fff45420000 - 0x00007fff4549b000 	C:\WINDOWS\System32\bcryptPrimitives.dll
0x00007fff30a40000 - 0x00007fff30a4f000 	c:\Users\ducuy\.vscode\extensions\redhat.java-1.54.0-win32-x64\jre\21.0.10-win32-x86_64\bin\instrument.dll
0x00007fff1b3c0000 - 0x00007fff1b3e0000 	c:\Users\ducuy\.vscode\extensions\redhat.java-1.54.0-win32-x64\jre\21.0.10-win32-x86_64\bin\java.dll
0x00007fff47400000 - 0x00007fff47c9c000 	C:\WINDOWS\System32\SHELL32.dll
0x00007fff44f60000 - 0x00007fff4509f000 	C:\WINDOWS\System32\wintypes.dll
0x00007fff42cf0000 - 0x00007fff4360a000 	C:\WINDOWS\SYSTEM32\windows.storage.dll
0x00007fff45a90000 - 0x00007fff45b94000 	C:\WINDOWS\System32\SHCORE.dll
0x00007fff46010000 - 0x00007fff46079000 	C:\WINDOWS\System32\shlwapi.dll
0x00007fff44d70000 - 0x00007fff44d95000 	C:\WINDOWS\SYSTEM32\profapi.dll
0x00007fff168b0000 - 0x00007fff168c8000 	c:\Users\ducuy\.vscode\extensions\redhat.java-1.54.0-win32-x64\jre\21.0.10-win32-x86_64\bin\zip.dll
0x00007fff30330000 - 0x00007fff30340000 	C:\Users\ducuy\.vscode\extensions\redhat.java-1.54.0-win32-x64\jre\21.0.10-win32-x86_64\bin\net.dll
0x00007fff3d3c0000 - 0x00007fff3d4ec000 	C:\WINDOWS\SYSTEM32\WINHTTP.dll
0x00007fff44390000 - 0x00007fff443f9000 	C:\WINDOWS\system32\mswsock.dll
0x00007fff1c320000 - 0x00007fff1c336000 	C:\Users\ducuy\.vscode\extensions\redhat.java-1.54.0-win32-x64\jre\21.0.10-win32-x86_64\bin\nio.dll
0x00007fff2ea20000 - 0x00007fff2ea30000 	c:\Users\ducuy\.vscode\extensions\redhat.java-1.54.0-win32-x64\jre\21.0.10-win32-x86_64\bin\verify.dll
0x00007ffeeea10000 - 0x00007ffeeea55000 	C:\Users\ducuy\AppData\Roaming\Code\User\globalStorage\redhat.java\1.54.0\config_win\org.eclipse.equinox.launcher\org.eclipse.equinox.launcher.win32.win32.x86_64_1.3.0.v20260203-2149\eclipse_11919.dll
0x00007fff45cf0000 - 0x00007fff45e91000 	C:\WINDOWS\System32\ole32.dll
0x00007fff446e0000 - 0x00007fff446fb000 	C:\WINDOWS\SYSTEM32\CRYPTSP.dll
0x00007fff43e30000 - 0x00007fff43e67000 	C:\WINDOWS\system32\rsaenh.dll
0x00007fff44430000 - 0x00007fff44458000 	C:\WINDOWS\SYSTEM32\USERENV.dll
0x00007fff446c0000 - 0x00007fff446cc000 	C:\WINDOWS\SYSTEM32\CRYPTBASE.dll
0x00007fff438f0000 - 0x00007fff4391d000 	C:\WINDOWS\SYSTEM32\IPHLPAPI.DLL
0x00007fff46000000 - 0x00007fff46009000 	C:\WINDOWS\System32\NSI.dll
0x00007ffeee9c0000 - 0x00007ffeeea09000 	C:\Users\ducuy\AppData\Local\Temp\jna-95936534\jna13990175555086627428.dll
0x00007fff473f0000 - 0x00007fff473f8000 	C:\WINDOWS\System32\PSAPI.DLL
0x00007fff3f600000 - 0x00007fff3f619000 	C:\WINDOWS\SYSTEM32\dhcpcsvc6.DLL
0x00007fff3dcb0000 - 0x00007fff3dccf000 	C:\WINDOWS\SYSTEM32\dhcpcsvc.DLL

JVMTI agents:
c:\Users\ducuy\.vscode\extensions\redhat.java-1.54.0-win32-x64\lombok\lombok-1.18.39-4050.jar path:c:\Users\ducuy\.vscode\extensions\redhat.java-1.54.0-win32-x64\jre\21.0.10-win32-x86_64\bin\instrument.dll, loaded, initialized, instrumentlib options:none

dbghelp: loaded successfully - version: 4.0.5 - missing functions: none
symbol engine: initialized successfully - sym options: 0x614 - pdb path: .;c:\Users\ducuy\.vscode\extensions\redhat.java-1.54.0-win32-x64\jre\21.0.10-win32-x86_64\bin;C:\WINDOWS\SYSTEM32;C:\WINDOWS\WinSxS\amd64_microsoft.windows.common-controls_6595b64144ccf1df_6.0.22621.6060_none_2712eda17382d24b;c:\Users\ducuy\.vscode\extensions\redhat.java-1.54.0-win32-x64\jre\21.0.10-win32-x86_64\bin\server;C:\Users\ducuy\AppData\Roaming\Code\User\globalStorage\redhat.java\1.54.0\config_win\org.eclipse.equinox.launcher\org.eclipse.equinox.launcher.win32.win32.x86_64_1.3.0.v20260203-2149;C:\Users\ducuy\AppData\Local\Temp\jna-95936534

VM Arguments:
jvm_args: --add-modules=ALL-SYSTEM --add-opens=java.base/java.util=ALL-UNNAMED --add-opens=java.base/java.lang=ALL-UNNAMED --add-opens=java.base/sun.nio.fs=ALL-UNNAMED -Declipse.application=org.eclipse.jdt.ls.core.id1 -Dosgi.bundles.defaultStartLevel=4 -Declipse.product=org.eclipse.jdt.ls.core.product -Djava.import.generatesMetadataFilesAtProjectRoot=false -DDetectVMInstallationsJob.disabled=true -Dfile.encoding=utf8 -XX:+UseParallelGC -XX:GCTimeRatio=4 -XX:AdaptiveSizePolicyWeight=90 -Dsun.zip.disableMemoryMapping=true -Xmx2G -Xms100m -Xlog:disable -javaagent:c:\Users\ducuy\.vscode\extensions\redhat.java-1.54.0-win32-x64\lombok\lombok-1.18.39-4050.jar -XX:+HeapDumpOnOutOfMemoryError -XX:HeapDumpPath=c:\Users\ducuy\AppData\Roaming\Code\User\workspaceStorage\2bc6a7faf2bfeb70a49d89e544ce1b08\redhat.java -Daether.dependencyCollector.impl=bf 
java_command: c:\Users\ducuy\.vscode\extensions\redhat.java-1.54.0-win32-x64\server\plugins\org.eclipse.equinox.launcher_1.7.100.v20251111-0406.jar -configuration c:\Users\ducuy\AppData\Roaming\Code\User\globalStorage\redhat.java\1.54.0\config_win -data c:\Users\ducuy\AppData\Roaming\Code\User\workspaceStorage\2bc6a7faf2bfeb70a49d89e544ce1b08\redhat.java\jdt_ws --pipe=\\.\pipe\lsp-4c2fd37437046927cd25b8f897ee3e2c-sock
java_class_path (initial): c:\Users\ducuy\.vscode\extensions\redhat.java-1.54.0-win32-x64\server\plugins\org.eclipse.equinox.launcher_1.7.100.v20251111-0406.jar
Launcher Type: SUN_STANDARD

[Global flags]
    uintx AdaptiveSizePolicyWeight                 = 90                                        {product} {command line}
     intx CICompilerCount                          = 4                                         {product} {ergonomic}
    uintx GCTimeRatio                              = 4                                         {product} {command line}
     bool HeapDumpOnOutOfMemoryError               = true                                   {manageable} {command line}
    ccstr HeapDumpPath                             = c:\Users\ducuy\AppData\Roaming\Code\User\workspaceStorage\2bc6a7faf2bfeb70a49d89e544ce1b08\redhat.java         {manageable} {command line}
   size_t InitialHeapSize                          = 104857600                                 {product} {command line}
   size_t MaxHeapSize                              = 2147483648                                {product} {command line}
   size_t MaxNewSize                               = 715653120                                 {product} {ergonomic}
   size_t MinHeapDeltaBytes                        = 524288                                    {product} {ergonomic}
   size_t MinHeapSize                              = 104857600                                 {product} {command line}
   size_t NewSize                                  = 34603008                                  {product} {ergonomic}
    uintx NonNMethodCodeHeapSize                   = 5839372                                {pd product} {ergonomic}
    uintx NonProfiledCodeHeapSize                  = 122909434                              {pd product} {ergonomic}
   size_t OldSize                                  = 70254592                                  {product} {ergonomic}
    uintx ProfiledCodeHeapSize                     = 122909434                              {pd product} {ergonomic}
    uintx ReservedCodeCacheSize                    = 251658240                              {pd product} {ergonomic}
     bool SegmentedCodeCache                       = true                                      {product} {ergonomic}
   size_t SoftMaxHeapSize                          = 2147483648                             {manageable} {ergonomic}
     bool UseCompressedOops                        = true                           {product lp64_product} {ergonomic}
     bool UseLargePagesIndividualAllocation        = false                                  {pd product} {ergonomic}
     bool UseParallelGC                            = true                                      {product} {command line}

Logging:
Log output configuration:
 #0: stdout all=off uptime,level,tags foldmultilines=false
 #1: stderr all=off uptime,level,tags foldmultilines=false

Release file:
JAVA_VERSION="21.0.10" 
MODULES="java.base java.compiler java.datatransfer java.xml java.prefs java.desktop java.instrument java.logging java.management java.security.sasl java.naming java.rmi java.management.rmi java.net.http java.scripting java.security.jgss java.transaction.xa java.sql java.sql.rowset java.xml.crypto java.se java.smartcardio jdk.accessibility jdk.internal.jvmstat jdk.attach jdk.charsets jdk.internal.opt jdk.zipfs jdk.compiler jdk.crypto.ec jdk.crypto.cryptoki jdk.crypto.mscapi jdk.dynalink jdk.internal.ed jdk.editpad jdk.hotspot.agent jdk.httpserver jdk.internal.le jdk.internal.vm.ci jdk.internal.vm.compiler jdk.internal.vm.compiler.management jdk.jartool jdk.javadoc jdk.jcmd jdk.management jdk.management.agent jdk.jconsole jdk.jdeps jdk.jdwp.agent jdk.jdi jdk.jfr jdk.jshell jdk.jsobject jdk.jstatd jdk.localedata jdk.management.jfr jdk.naming.dns jdk.naming.rmi jdk.net jdk.nio.mapmode jdk.random jdk.sctp jdk.security.auth jdk.security.jgss jdk.unsupported jdk.unsupported.desktop jdk.xml.dom" 

Environment Variables:
JAVA_HOME=C:\Program Files\Java\jdk-17
PATH=C:\Program Files\Common Files\Oracle\Java\javapath;C:\WINDOWS\system32;C:\WINDOWS;C:\WINDOWS\System32\Wbem;C:\WINDOWS\System32\WindowsPowerShell\v1.0\;C:\WINDOWS\System32\OpenSSH\;C:\Program Files\Git\cmd;C:\Program Files\Microsoft SQL Server\150\Tools\Binn\;C:\Program Files\Microsoft SQL Server\Client SDK\ODBC\170\Tools\Binn\;C:\Program Files\dotnet\;C:\Program Files\Microsoft SQL Server\Client SDK\ODBC\110\Tools\Binn\;C:\Program Files (x86)\Microsoft SQL Server\120\Tools\Binn\;C:\Program Files\Microsoft SQL Server\120\Tools\Binn\;C:\Program Files\Microsoft SQL Server\120\DTS\Binn\;C:\Program Files (x86)\Microsoft SQL Server\120\Tools\Binn\ManagementStudio\;C:\Program Files (x86)\Microsoft SQL Server\120\DTS\Binn\;C:\Program Files\Cloudflare\Cloudflare WARP\;C:\Program Files\nodejs\;C:\Program Files\Docker\Docker\resources\bin;C:\Users\ducuy\AppData\Local\Microsoft\WindowsApps;C:\src\flutter_windows_3.35.4-stable\flutter\bin;C:\Program Files\Java\jdk-17\bin;C:\apache-maven-3.9.11\bin;C:\Users\ducuy\.dotnet\tools;C:\Users\ducuy\AppData\Roaming\npm;C:\Users\ducuy\AppData\Local\Programs\Microsoft VS Code\bin;C:\Users\ducuy\AppData\Local\Programs\cursor\resources\app\bin
USERNAME=ducuy
OS=Windows_NT
PROCESSOR_IDENTIFIER=Intel64 Family 6 Model 142 Stepping 10, GenuineIntel
TMP=C:\Users\ducuy\AppData\Local\Temp
TEMP=C:\Users\ducuy\AppData\Local\Temp




Periodic native trim disabled

---------------  S Y S T E M  ---------------

OS:
 Windows 11 , 64 bit Build 22621 (10.0.22621.5415)
OS uptime: 3 days 6:06 hours
Hyper-V role detected

CPU: total 8 (initial active 8) (4 cores per cpu, 2 threads per core) family 6 model 142 stepping 10 microcode 0xea, cx8, cmov, fxsr, ht, mmx, 3dnowpref, sse, sse2, sse3, ssse3, sse4.1, sse4.2, popcnt, lzcnt, tsc, tscinvbit, avx, avx2, aes, erms, clmul, bmi1, bmi2, adx, fma, vzeroupper, clflush, clflushopt, hv, rdtscp, f16c
Processor Information for the first 8 processors :
  Max Mhz: 1800, Current Mhz: 1600, Mhz Limit: 1584

Memory: 4k page, system-wide physical 12152M (1077M free)
TotalPageFile size 18955M (AvailPageFile size 5M)
current process WorkingSet (physical memory assigned to process): 520M, peak: 529M
current process commit charge ("private bytes"): 604M, peak: 606M

vm_info: OpenJDK 64-Bit Server VM (21.0.10+7-LTS) for windows-amd64 JRE (21.0.10+7-LTS), built on 2026-01-20T00:00:00Z by "admin" with MS VC++ 17.12 (VS2022)

END.
