#
# There is insufficient memory for the Java Runtime Environment to continue.
# Native memory allocation (malloc) failed to allocate 1048576 bytes. Error detail: AllocateHeap
# Possible reasons:
#   The system is out of physical RAM or swap space
#   This process is running with CompressedOops enabled, and the Java Heap may be blocking the growth of the native heap
# Possible solutions:
#   Reduce memory load on the system
#   Increase physical memory or swap space
#   Check if swap backing store is full
#   Decrease Java heap size (-Xmx/-Xms)
#   Decrease number of Java threads
#   Decrease Java thread stack sizes (-Xss)
#   Set larger code cache with -XX:ReservedCodeCacheSize=
#   JVM is running with Unscaled Compressed Oops mode in which the Java heap is
#     placed in the first 4GB address space. The Java Heap base address is the
#     maximum limit for the native heap growth. Please use -XX:HeapBaseMinAddress
#     to set the Java Heap base and to place the Java Heap above 4GB virtual address.
# This output file may be truncated or incomplete.
#
#  Out of Memory Error (allocation.cpp:44), pid=16328, tid=8636
#
# JRE version: OpenJDK Runtime Environment Temurin-21.0.10+7 (21.0.10+7) (build 21.0.10+7-LTS)
# Java VM: OpenJDK 64-Bit Server VM Temurin-21.0.10+7 (21.0.10+7-LTS, mixed mode, sharing, tiered, compressed oops, compressed class ptrs, parallel gc, windows-amd64)
# No core dump will be written. Minidumps are not enabled by default on client versions of Windows
#

---------------  S U M M A R Y ------------

Command Line: --add-modules=ALL-SYSTEM --add-opens=java.base/java.util=ALL-UNNAMED --add-opens=java.base/java.lang=ALL-UNNAMED --add-opens=java.base/sun.nio.fs=ALL-UNNAMED -Declipse.application=org.eclipse.jdt.ls.core.id1 -Dosgi.bundles.defaultStartLevel=4 -Declipse.product=org.eclipse.jdt.ls.core.product -Djava.import.generatesMetadataFilesAtProjectRoot=false -DDetectVMInstallationsJob.disabled=true -Dfile.encoding=utf8 -XX:+UseParallelGC -XX:GCTimeRatio=4 -XX:AdaptiveSizePolicyWeight=90 -Dsun.zip.disableMemoryMapping=true -Xmx2G -Xms100m -Xlog:disable -javaagent:c:\Users\ducuy\.vscode\extensions\redhat.java-1.54.0-win32-x64\lombok\lombok-1.18.39-4050.jar -XX:+HeapDumpOnOutOfMemoryError -XX:HeapDumpPath=c:\Users\ducuy\AppData\Roaming\Code\User\workspaceStorage\2bc6a7faf2bfeb70a49d89e544ce1b08\redhat.java -Daether.dependencyCollector.impl=bf c:\Users\ducuy\.vscode\extensions\redhat.java-1.54.0-win32-x64\server\plugins\org.eclipse.equinox.launcher_1.7.100.v20251111-0406.jar -configuration c:\Users\ducuy\AppData\Roaming\Code\User\globalStorage\redhat.java\1.54.0\config_win -data c:\Users\ducuy\AppData\Roaming\Code\User\workspaceStorage\2bc6a7faf2bfeb70a49d89e544ce1b08\redhat.java\jdt_ws --pipe=\\.\pipe\lsp-0007b349b926dfd9f96d527f9976d732-sock

Host: Intel(R) Core(TM) i5-8250U CPU @ 1.60GHz, 8 cores, 11G,  Windows 11 , 64 bit Build 22621 (10.0.22621.5415)
Time: Wed Jun  3 11:28:56 2026 SE Asia Standard Time elapsed time: 7029.374697 seconds (0d 1h 57m 9s)

---------------  T H R E A D  ---------------

Current thread (0x000001635d20de30):  JavaThread "Attach Listener" daemon [_thread_in_vm, id=8636, stack(0x0000002264d00000,0x0000002264e00000) (1024K)]

Stack: [0x0000002264d00000,0x0000002264e00000]
Native frames: (J=compiled Java code, j=interpreted, Vv=VM code, C=native code)
V  [jvm.dll+0x6d7a39]
V  [jvm.dll+0x8b4b26]
V  [jvm.dll+0x8b70de]
V  [jvm.dll+0x8b77c3]
V  [jvm.dll+0x284346]
V  [jvm.dll+0xc1277]
V  [jvm.dll+0x6d82e9]
V  [jvm.dll+0x1334a6]
V  [jvm.dll+0x3f857e]
V  [jvm.dll+0x85f59d]
V  [jvm.dll+0x6d626d]
C  [ucrtbase.dll+0x29333]
C  [KERNEL32.DLL+0x1259d]
C  [ntdll.dll+0x5af78]


---------------  P R O C E S S  ---------------

Threads class SMR info:
_java_thread_list=0x000001637a3ac6b0, length=40, elements={
0x000001635d1543f0, 0x000001635d2097b0, 0x000001635d20ae10, 0x000001635d20cf10,
0x000001635d20de30, 0x000001635d0c5f80, 0x000001635d0c6e00, 0x000001635d0c9ca0,
0x000001635d0fcbd0, 0x00000163755007f0, 0x00000163755c85a0, 0x0000016375ed63b0,
0x0000016375ed6a20, 0x0000016375949490, 0x0000016375bb6ed0, 0x0000016375dde000,
0x0000016375a50a40, 0x0000016375f75680, 0x00000163754e3910, 0x00000163754e3fa0,
0x000001637bebe410, 0x000001637bec2c40, 0x000001637bec4d10, 0x000001637bec32d0,
0x000001637bec1200, 0x000001637bec4680, 0x000001637bec3960, 0x000001637bec53a0,
0x000001637bec1f20, 0x000001637bebeaa0, 0x000001637bebfe50, 0x000001637bebf130,
0x000001637bebf7c0, 0x000001637bec3ff0, 0x000001637bc34bb0, 0x000001637bc32450,
0x000001637bc2f660, 0x000001637bc32ae0, 0x000001637bc33800, 0x000001637bc2efd0
}

Java Threads: ( => current thread )
  0x000001635d1543f0 JavaThread "main"                              [_thread_blocked, id=29296, stack(0x0000002264600000,0x0000002264700000) (1024K)]
  0x000001635d2097b0 JavaThread "Reference Handler"          daemon [_thread_blocked, id=17736, stack(0x0000002264a00000,0x0000002264b00000) (1024K)]
  0x000001635d20ae10 JavaThread "Finalizer"                  daemon [_thread_blocked, id=7476, stack(0x0000002264b00000,0x0000002264c00000) (1024K)]
  0x000001635d20cf10 JavaThread "Signal Dispatcher"          daemon [_thread_blocked, id=24160, stack(0x0000002264c00000,0x0000002264d00000) (1024K)]
=>0x000001635d20de30 JavaThread "Attach Listener"            daemon [_thread_in_vm, id=8636, stack(0x0000002264d00000,0x0000002264e00000) (1024K)]
  0x000001635d0c5f80 JavaThread "Service Thread"             daemon [_thread_blocked, id=25648, stack(0x0000002264e00000,0x0000002264f00000) (1024K)]
  0x000001635d0c6e00 JavaThread "Monitor Deflation Thread"   daemon [_thread_blocked, id=21340, stack(0x0000002264f00000,0x0000002265000000) (1024K)]
  0x000001635d0c9ca0 JavaThread "C2 CompilerThread0"         daemon [_thread_blocked, id=15068, stack(0x0000002265000000,0x0000002265100000) (1024K)]
  0x000001635d0fcbd0 JavaThread "C1 CompilerThread0"         daemon [_thread_blocked, id=13648, stack(0x0000002265100000,0x0000002265200000) (1024K)]
  0x00000163755007f0 JavaThread "Common-Cleaner"             daemon [_thread_blocked, id=20648, stack(0x0000002265200000,0x0000002265300000) (1024K)]
  0x00000163755c85a0 JavaThread "Notification Thread"        daemon [_thread_blocked, id=19188, stack(0x0000002265400000,0x0000002265500000) (1024K)]
  0x0000016375ed63b0 JavaThread "Active Thread: Equinox Container: e9e8a7d3-f835-43e1-83b0-89e816b3abd3"        [_thread_blocked, id=10332, stack(0x0000002265c00000,0x0000002265d00000) (1024K)]
  0x0000016375ed6a20 JavaThread "Refresh Thread: Equinox Container: e9e8a7d3-f835-43e1-83b0-89e816b3abd3" daemon [_thread_blocked, id=32560, stack(0x0000002265b00000,0x0000002265c00000) (1024K)]
  0x0000016375949490 JavaThread "Framework Event Dispatcher: Equinox Container: e9e8a7d3-f835-43e1-83b0-89e816b3abd3" daemon [_thread_blocked, id=9180, stack(0x0000002265d00000,0x0000002265e00000) (1024K)]
  0x0000016375bb6ed0 JavaThread "Start Level: Equinox Container: e9e8a7d3-f835-43e1-83b0-89e816b3abd3" daemon [_thread_blocked, id=6540, stack(0x0000002265e00000,0x0000002265f00000) (1024K)]
  0x0000016375dde000 JavaThread "Bundle File Closer"         daemon [_thread_blocked, id=19428, stack(0x0000002266000000,0x0000002266100000) (1024K)]
  0x0000016375a50a40 JavaThread "SCR Component Actor"        daemon [_thread_blocked, id=11372, stack(0x0000002265f00000,0x0000002266000000) (1024K)]
  0x0000016375f75680 JavaThread "Worker-JM"                         [_thread_blocked, id=11688, stack(0x0000002266300000,0x0000002266400000) (1024K)]
  0x00000163754e3910 JavaThread "JNA Cleaner"                daemon [_thread_blocked, id=22172, stack(0x0000002266200000,0x0000002266300000) (1024K)]
  0x00000163754e3fa0 JavaThread "Worker-1"                          [_thread_blocked, id=13904, stack(0x0000002266500000,0x0000002266600000) (1024K)]
  0x000001637bebe410 JavaThread "Java indexing"              daemon [_thread_blocked, id=31368, stack(0x0000002266600000,0x0000002266700000) (1024K)]
  0x000001637bec2c40 JavaThread "Worker-3"                          [_thread_blocked, id=31272, stack(0x0000002266b00000,0x0000002266c00000) (1024K)]
  0x000001637bec4d10 JavaThread "Thread-1"                   daemon [_thread_in_native, id=26812, stack(0x0000002266d00000,0x0000002266e00000) (1024K)]
  0x000001637bec32d0 JavaThread "Thread-2"                   daemon [_thread_in_native, id=23896, stack(0x0000002266e00000,0x0000002266f00000) (1024K)]
  0x000001637bec1200 JavaThread "Thread-3"                   daemon [_thread_in_native, id=2288, stack(0x0000002266f00000,0x0000002267000000) (1024K)]
  0x000001637bec4680 JavaThread "Thread-4"                   daemon [_thread_in_native, id=26912, stack(0x0000002267000000,0x0000002267100000) (1024K)]
  0x000001637bec3960 JavaThread "Thread-5"                   daemon [_thread_in_native, id=16180, stack(0x0000002267100000,0x0000002267200000) (1024K)]
  0x000001637bec53a0 JavaThread "Thread-6"                   daemon [_thread_in_native, id=26588, stack(0x0000002267200000,0x0000002267300000) (1024K)]
  0x000001637bec1f20 JavaThread "Thread-7"                   daemon [_thread_in_native, id=22840, stack(0x0000002267300000,0x0000002267400000) (1024K)]
  0x000001637bebeaa0 JavaThread "Thread-8"                   daemon [_thread_in_native, id=14292, stack(0x0000002267400000,0x0000002267500000) (1024K)]
  0x000001637bebfe50 JavaThread "Thread-9"                   daemon [_thread_in_native, id=9880, stack(0x0000002267500000,0x0000002267600000) (1024K)]
  0x000001637bebf130 JavaThread "pool-2-thread-1"                   [_thread_blocked, id=21776, stack(0x0000002267600000,0x0000002267700000) (1024K)]
  0x000001637bebf7c0 JavaThread "WorkspaceEventsHandler"            [_thread_blocked, id=24536, stack(0x0000002264400000,0x0000002264500000) (1024K)]
  0x000001637bec3ff0 JavaThread "pool-1-thread-1"                   [_thread_blocked, id=19636, stack(0x0000002267700000,0x0000002267800000) (1024K)]
  0x000001637bc34bb0 JavaThread "Java Debug Server"          daemon [_thread_in_native, id=5708, stack(0x0000002266700000,0x0000002266800000) (1024K)]
  0x000001637bc32450 JavaThread "pool-4-thread-1"                   [_thread_in_native, id=26888, stack(0x0000002266800000,0x0000002266900000) (1024K)]
  0x000001637bc2f660 JavaThread "RxSchedulerPurge-1"         daemon [_thread_blocked, id=2532, stack(0x0000002266900000,0x0000002266a00000) (1024K)]
  0x000001637bc32ae0 JavaThread "RxCachedWorkerPoolEvictor-1" daemon [_thread_blocked, id=16716, stack(0x0000002266400000,0x0000002266500000) (1024K)]
  0x000001637bc33800 JavaThread "RxNewThreadScheduler-1"     daemon [_thread_blocked, id=19820, stack(0x0000002266a00000,0x0000002266b00000) (1024K)]
  0x000001637bc2efd0 JavaThread "process reaper (pid 3084)"  daemon [_thread_in_native, id=20608, stack(0x0000002266100000,0x0000002266120000) (128K)]
Total: 40

Other Threads:
  0x000001635ae6ebd0 VMThread "VM Thread"                           [id=30656, stack(0x0000002264900000,0x0000002264a00000) (1024K)]
  0x000001635d1bf200 WatcherThread "VM Periodic Task Thread"        [id=5220, stack(0x0000002264800000,0x0000002264900000) (1024K)]
  0x000001635d1736a0 WorkerThread "GC Thread#0"                     [id=4576, stack(0x0000002264700000,0x0000002264800000) (1024K)]
  0x0000016375b53150 WorkerThread "GC Thread#1"                     [id=8472, stack(0x0000002265500000,0x0000002265600000) (1024K)]
  0x0000016375c0bc50 WorkerThread "GC Thread#2"                     [id=27216, stack(0x0000002265600000,0x0000002265700000) (1024K)]
  0x0000016375c0c000 WorkerThread "GC Thread#3"                     [id=22040, stack(0x0000002265700000,0x0000002265800000) (1024K)]
  0x0000016375c0c3b0 WorkerThread "GC Thread#4"                     [id=31548, stack(0x0000002265800000,0x0000002265900000) (1024K)]
  0x0000016375c0ccf0 WorkerThread "GC Thread#5"                     [id=1136, stack(0x0000002265900000,0x0000002265a00000) (1024K)]
  0x0000016375c0d0a0 WorkerThread "GC Thread#6"                     [id=31700, stack(0x0000002265a00000,0x0000002265b00000) (1024K)]
  0x000001635d0f6c50 WorkerThread "GC Thread#7"                     [id=30844, stack(0x0000002265300000,0x0000002265400000) (1024K)]
Total: 10

Threads with active compile tasks:
Total: 0

VM state: not at safepoint (normal execution)

VM Mutex/Monitor currently owned by a thread: None

Heap address: 0x0000000080000000, size: 2048 MB, Compressed Oops mode: 32-bit

CDS archive(s) mapped at: [0x0000016300000000-0x0000016300ba0000-0x0000016300ba0000), size 12189696, SharedBaseAddress: 0x0000016300000000, ArchiveRelocationMode: 1.
Compressed class space mapped at: 0x0000016301000000-0x0000016341000000, reserved size: 1073741824
Narrow klass base: 0x0000016300000000, Narrow klass shift: 0, Narrow klass range: 0x100000000

GC Precious Log:
 CardTable entry size: 512
 CPUs: 8 total, 8 available
 Memory: 12152M
 Large Page Support: Disabled
 NUMA Support: Disabled
 Compressed Oops: Enabled (32-bit)
 Alignments: Space 512K, Generation 512K, Heap 2M
 Heap Min Capacity: 100M
 Heap Initial Capacity: 100M
 Heap Max Capacity: 2G
 Pre-touch: Disabled
 Parallel Workers: 8

Heap:
 PSYoungGen      total 9728K, used 5927K [0x00000000d5580000, 0x00000000d6200000, 0x0000000100000000)
  eden space 9216K, 60% used [0x00000000d5580000,0x00000000d5af1f08,0x00000000d5e80000)
  from space 512K, 68% used [0x00000000d6180000,0x00000000d61d8000,0x00000000d6200000)
  to   space 512K, 0% used [0x00000000d6100000,0x00000000d6100000,0x00000000d6180000)
 ParOldGen       total 116224K, used 94416K [0x0000000080000000, 0x0000000087180000, 0x00000000d5580000)
  object space 116224K, 81% used [0x0000000080000000,0x0000000085c34278,0x0000000087180000)
 Metaspace       used 66933K, committed 68608K, reserved 1114112K
  class space    used 7124K, committed 7872K, reserved 1048576K

Card table byte_map: [0x000001635caf0000,0x000001635cf00000] _byte_map_base: 0x000001635c6f0000

Marking Bits: (ParMarkBitMap*) 0x00007ffebb4c3450
 Begin Bits: [0x000001636f600000, 0x0000016371600000)
 End Bits:   [0x0000016371600000, 0x0000016373600000)

Polling page: 0x000001635af70000

Metaspace:

Usage:
  Non-class:     58.41 MB used.
      Class:      6.96 MB used.
       Both:     65.36 MB used.

Virtual space:
  Non-class space:       64.00 MB reserved,      59.31 MB ( 93%) committed,  1 nodes.
      Class space:        1.00 GB reserved,       7.69 MB ( <1%) committed,  1 nodes.
             Both:        1.06 GB reserved,      67.00 MB (  6%) committed. 

Chunk freelists:
   Non-Class:  4.67 MB
       Class:  8.22 MB
        Both:  12.89 MB

MaxMetaspaceSize: unlimited
CompressedClassSpaceSize: 1.00 GB
Initial GC threshold: 21.00 MB
Current GC threshold: 97.31 MB
CDS: on
 - commit_granule_bytes: 65536.
 - commit_granule_words: 8192.
 - virtual_space_node_default_size: 8388608.
 - enlarge_chunks_in_place: 1.
 - use_allocation_guard: 0.


Internal statistics:

num_allocs_failed_limit: 9.
num_arena_births: 1436.
num_arena_deaths: 22.
num_vsnodes_births: 2.
num_vsnodes_deaths: 0.
num_space_committed: 1072.
num_space_uncommitted: 0.
num_chunks_returned_to_freelist: 34.
num_chunks_taken_from_freelist: 4703.
num_chunk_merges: 17.
num_chunk_splits: 2860.
num_chunks_enlarged: 1558.
num_inconsistent_stats: 0.

CodeHeap 'non-profiled nmethods': size=120000Kb used=10159Kb max_used=10159Kb free=109840Kb
 bounds [0x0000016367e20000, 0x0000016368810000, 0x000001636f350000]
CodeHeap 'profiled nmethods': size=120000Kb used=28992Kb max_used=28992Kb free=91008Kb
 bounds [0x0000016360350000, 0x0000016361fa0000, 0x0000016367880000]
CodeHeap 'non-nmethods': size=5760Kb used=1441Kb max_used=1588Kb free=4319Kb
 bounds [0x0000016367880000, 0x0000016367af0000, 0x0000016367e20000]
CodeCache: size=245760Kb, used=40592Kb, max_used=40739Kb, free=205167Kb
 total_blobs=13110, nmethods=12354, adapters=661, full_count=0
Compilation: enabled, stopped_count=0, restarted_count=0

Compilation events (20 events):
Event: 6699.281 Thread 0x000001635d0c9ca0 13127       4       java.util.concurrent.locks.AbstractQueuedSynchronizer$Node::setStatusRelaxed (12 bytes)
Event: 6699.282 Thread 0x000001635d0c9ca0 nmethod 13127 0x000001636880ab10 code [0x000001636880aca0, 0x000001636880ad30]
Event: 6720.278 Thread 0x000001635d0fcbd0 13128       3       java.util.concurrent.ConcurrentHashMap::keySet (26 bytes)
Event: 6720.279 Thread 0x000001635d0fcbd0 nmethod 13128 0x0000016361f9c890 code [0x0000016361f9ca60, 0x0000016361f9cd70]
Event: 6721.276 Thread 0x000001635d0fcbd0 13129       3       java.util.concurrent.ConcurrentHashMap$KeySetView::iterator (34 bytes)
Event: 6721.276 Thread 0x000001635d0fcbd0 nmethod 13129 0x0000016361f9ce90 code [0x0000016361f9d040, 0x0000016361f9d268]
Event: 6721.276 Thread 0x000001635d0fcbd0 13130       3       java.util.concurrent.ConcurrentHashMap$KeyIterator::<init> (12 bytes)
Event: 6721.276 Thread 0x000001635d0fcbd0 nmethod 13130 0x0000016361f9d390 code [0x0000016361f9d540, 0x0000016361f9d678]
Event: 6757.275 Thread 0x000001635d0c9ca0 13131       4       java.util.concurrent.ThreadPoolExecutor::isShutdown (12 bytes)
Event: 6757.276 Thread 0x000001635d0c9ca0 nmethod 13131 0x000001636880ae10 code [0x000001636880afa0, 0x000001636880b050]
Event: 6779.279 Thread 0x000001635d0fcbd0 13132       3       java.util.concurrent.ConcurrentHashMap$CollectionView::toArray (145 bytes)
Event: 6779.281 Thread 0x000001635d0fcbd0 nmethod 13132 0x0000016361f9d710 code [0x0000016361f9d980, 0x0000016361f9e508]
Event: 6779.281 Thread 0x000001635d0fcbd0 13133       3       io.reactivex.internal.schedulers.SchedulerPoolFactory$ScheduledTask::run (66 bytes)
Event: 6779.282 Thread 0x000001635d0fcbd0 nmethod 13133 0x0000016361f9e910 code [0x0000016361f9eb80, 0x0000016361f9f870]
Event: 6783.483 Thread 0x000001635d0c9ca0 13134       4       java.util.concurrent.locks.ReentrantReadWriteLock$Sync::tryAcquireShared (177 bytes)
Event: 6783.487 Thread 0x000001635d0c9ca0 nmethod 13134 0x000001636880b110 code [0x000001636880b2e0, 0x000001636880b5b8]
Event: 6907.282 Thread 0x000001635d0fcbd0 13135       3       java.util.concurrent.ConcurrentHashMap::mappingCount (17 bytes)
Event: 6907.282 Thread 0x000001635d0fcbd0 nmethod 13135 0x0000016361f9fc10 code [0x0000016361f9fdc0, 0x0000016361f9ff48]
Event: 6972.277 Thread 0x000001635d0c9ca0 13136       4       java.util.concurrent.ConcurrentHashMap$KeyIterator::next (34 bytes)
Event: 6972.280 Thread 0x000001635d0c9ca0 nmethod 13136 0x000001636880b890 code [0x000001636880ba20, 0x000001636880bc78]

GC Heap History (20 events):
Event: 73.986 GC heap before
{Heap before GC invocations=164 (full 3):
 PSYoungGen      total 12800K, used 12779K [0x00000000d5580000, 0x00000000d6480000, 0x0000000100000000)
  eden space 12288K, 100% used [0x00000000d5580000,0x00000000d6180000,0x00000000d6180000)
  from space 512K, 95% used [0x00000000d6380000,0x00000000d63fae08,0x00000000d6400000)
  to   space 1536K, 0% used [0x00000000d6180000,0x00000000d6180000,0x00000000d6300000)
 ParOldGen       total 116224K, used 89511K [0x0000000080000000, 0x0000000087180000, 0x00000000d5580000)
  object space 116224K, 77% used [0x0000000080000000,0x0000000085769da0,0x0000000087180000)
 Metaspace       used 63260K, committed 64768K, reserved 1114112K
  class space    used 6649K, committed 7296K, reserved 1048576K
}
Event: 73.988 GC heap after
{Heap after GC invocations=164 (full 3):
 PSYoungGen      total 13824K, used 712K [0x00000000d5580000, 0x00000000d6400000, 0x0000000100000000)
  eden space 12288K, 0% used [0x00000000d5580000,0x00000000d5580000,0x00000000d6180000)
  from space 1536K, 46% used [0x00000000d6180000,0x00000000d6232060,0x00000000d6300000)
  to   space 1024K, 0% used [0x00000000d6300000,0x00000000d6300000,0x00000000d6400000)
 ParOldGen       total 116224K, used 89988K [0x0000000080000000, 0x0000000087180000, 0x00000000d5580000)
  object space 116224K, 77% used [0x0000000080000000,0x00000000857e1220,0x0000000087180000)
 Metaspace       used 63260K, committed 64768K, reserved 1114112K
  class space    used 6649K, committed 7296K, reserved 1048576K
}
Event: 74.070 GC heap before
{Heap before GC invocations=165 (full 3):
 PSYoungGen      total 13824K, used 13000K [0x00000000d5580000, 0x00000000d6400000, 0x0000000100000000)
  eden space 12288K, 100% used [0x00000000d5580000,0x00000000d6180000,0x00000000d6180000)
  from space 1536K, 46% used [0x00000000d6180000,0x00000000d6232060,0x00000000d6300000)
  to   space 1024K, 0% used [0x00000000d6300000,0x00000000d6300000,0x00000000d6400000)
 ParOldGen       total 116224K, used 89988K [0x0000000080000000, 0x0000000087180000, 0x00000000d5580000)
  object space 116224K, 77% used [0x0000000080000000,0x00000000857e1220,0x0000000087180000)
 Metaspace       used 63283K, committed 64768K, reserved 1114112K
  class space    used 6649K, committed 7296K, reserved 1048576K
}
Event: 74.071 GC heap after
{Heap after GC invocations=165 (full 3):
 PSYoungGen      total 12800K, used 496K [0x00000000d5580000, 0x00000000d6380000, 0x0000000100000000)
  eden space 12288K, 0% used [0x00000000d5580000,0x00000000d5580000,0x00000000d6180000)
  from space 512K, 96% used [0x00000000d6300000,0x00000000d637c040,0x00000000d6380000)
  to   space 1024K, 0% used [0x00000000d6180000,0x00000000d6180000,0x00000000d6280000)
 ParOldGen       total 116224K, used 90466K [0x0000000080000000, 0x0000000087180000, 0x00000000d5580000)
  object space 116224K, 77% used [0x0000000080000000,0x0000000085858bd8,0x0000000087180000)
 Metaspace       used 63283K, committed 64768K, reserved 1114112K
  class space    used 6649K, committed 7296K, reserved 1048576K
}
Event: 74.174 GC heap before
{Heap before GC invocations=166 (full 3):
 PSYoungGen      total 12800K, used 12784K [0x00000000d5580000, 0x00000000d6380000, 0x0000000100000000)
  eden space 12288K, 100% used [0x00000000d5580000,0x00000000d6180000,0x00000000d6180000)
  from space 512K, 96% used [0x00000000d6300000,0x00000000d637c040,0x00000000d6380000)
  to   space 1024K, 0% used [0x00000000d6180000,0x00000000d6180000,0x00000000d6280000)
 ParOldGen       total 116224K, used 90466K [0x0000000080000000, 0x0000000087180000, 0x00000000d5580000)
  object space 116224K, 77% used [0x0000000080000000,0x0000000085858bd8,0x0000000087180000)
 Metaspace       used 63345K, committed 64896K, reserved 1114112K
  class space    used 6649K, committed 7296K, reserved 1048576K
}
Event: 74.176 GC heap after
{Heap after GC invocations=166 (full 3):
 PSYoungGen      total 13312K, used 1021K [0x00000000d5580000, 0x00000000d6480000, 0x0000000100000000)
  eden space 12288K, 0% used [0x00000000d5580000,0x00000000d5580000,0x00000000d6180000)
  from space 1024K, 99% used [0x00000000d6180000,0x00000000d627f510,0x00000000d6280000)
  to   space 1536K, 0% used [0x00000000d6300000,0x00000000d6300000,0x00000000d6480000)
 ParOldGen       total 116224K, used 90703K [0x0000000080000000, 0x0000000087180000, 0x00000000d5580000)
  object space 116224K, 78% used [0x0000000080000000,0x0000000085893ea8,0x0000000087180000)
 Metaspace       used 63345K, committed 64896K, reserved 1114112K
  class space    used 6649K, committed 7296K, reserved 1048576K
}
Event: 74.239 GC heap before
{Heap before GC invocations=167 (full 3):
 PSYoungGen      total 13312K, used 13309K [0x00000000d5580000, 0x00000000d6480000, 0x0000000100000000)
  eden space 12288K, 100% used [0x00000000d5580000,0x00000000d6180000,0x00000000d6180000)
  from space 1024K, 99% used [0x00000000d6180000,0x00000000d627f510,0x00000000d6280000)
  to   space 1536K, 0% used [0x00000000d6300000,0x00000000d6300000,0x00000000d6480000)
 ParOldGen       total 116224K, used 90703K [0x0000000080000000, 0x0000000087180000, 0x00000000d5580000)
  object space 116224K, 78% used [0x0000000080000000,0x0000000085893ea8,0x0000000087180000)
 Metaspace       used 63351K, committed 64896K, reserved 1114112K
  class space    used 6649K, committed 7296K, reserved 1048576K
}
Event: 74.241 GC heap after
{Heap after GC invocations=167 (full 3):
 PSYoungGen      total 13312K, used 800K [0x00000000d5580000, 0x00000000d6400000, 0x0000000100000000)
  eden space 12288K, 0% used [0x00000000d5580000,0x00000000d5580000,0x00000000d6180000)
  from space 1024K, 78% used [0x00000000d6300000,0x00000000d63c8030,0x00000000d6400000)
  to   space 1024K, 0% used [0x00000000d6180000,0x00000000d6180000,0x00000000d6280000)
 ParOldGen       total 116224K, used 91051K [0x0000000080000000, 0x0000000087180000, 0x00000000d5580000)
  object space 116224K, 78% used [0x0000000080000000,0x00000000858eaf98,0x0000000087180000)
 Metaspace       used 63351K, committed 64896K, reserved 1114112K
  class space    used 6649K, committed 7296K, reserved 1048576K
}
Event: 6574.028 GC heap before
{Heap before GC invocations=168 (full 3):
 PSYoungGen      total 13312K, used 13088K [0x00000000d5580000, 0x00000000d6400000, 0x0000000100000000)
  eden space 12288K, 100% used [0x00000000d5580000,0x00000000d6180000,0x00000000d6180000)
  from space 1024K, 78% used [0x00000000d6300000,0x00000000d63c8030,0x00000000d6400000)
  to   space 1024K, 0% used [0x00000000d6180000,0x00000000d6180000,0x00000000d6280000)
 ParOldGen       total 116224K, used 91051K [0x0000000080000000, 0x0000000087180000, 0x00000000d5580000)
  object space 116224K, 78% used [0x0000000080000000,0x00000000858eaf98,0x0000000087180000)
 Metaspace       used 63608K, committed 65216K, reserved 1114112K
  class space    used 6677K, committed 7360K, reserved 1048576K
}
Event: 6574.116 GC heap after
{Heap after GC invocations=168 (full 3):
 PSYoungGen      total 13312K, used 896K [0x00000000d5580000, 0x00000000d6380000, 0x0000000100000000)
  eden space 12288K, 0% used [0x00000000d5580000,0x00000000d5580000,0x00000000d6180000)
  from space 1024K, 87% used [0x00000000d6180000,0x00000000d6260020,0x00000000d6280000)
  to   space 1024K, 0% used [0x00000000d6280000,0x00000000d6280000,0x00000000d6380000)
 ParOldGen       total 116224K, used 91210K [0x0000000080000000, 0x0000000087180000, 0x00000000d5580000)
  object space 116224K, 78% used [0x0000000080000000,0x0000000085912b40,0x0000000087180000)
 Metaspace       used 63608K, committed 65216K, reserved 1114112K
  class space    used 6677K, committed 7360K, reserved 1048576K
}
Event: 6574.397 GC heap before
{Heap before GC invocations=169 (full 3):
 PSYoungGen      total 13312K, used 13184K [0x00000000d5580000, 0x00000000d6380000, 0x0000000100000000)
  eden space 12288K, 100% used [0x00000000d5580000,0x00000000d6180000,0x00000000d6180000)
  from space 1024K, 87% used [0x00000000d6180000,0x00000000d6260020,0x00000000d6280000)
  to   space 1024K, 0% used [0x00000000d6280000,0x00000000d6280000,0x00000000d6380000)
 ParOldGen       total 116224K, used 91210K [0x0000000080000000, 0x0000000087180000, 0x00000000d5580000)
  object space 116224K, 78% used [0x0000000080000000,0x0000000085912b40,0x0000000087180000)
 Metaspace       used 63608K, committed 65216K, reserved 1114112K
  class space    used 6677K, committed 7360K, reserved 1048576K
}
Event: 6574.410 GC heap after
{Heap after GC invocations=169 (full 3):
 PSYoungGen      total 10240K, used 1004K [0x00000000d5580000, 0x00000000d6980000, 0x0000000100000000)
  eden space 9216K, 0% used [0x00000000d5580000,0x00000000d5580000,0x00000000d5e80000)
  from space 1024K, 98% used [0x00000000d6280000,0x00000000d637b240,0x00000000d6380000)
  to   space 4096K, 0% used [0x00000000d5e80000,0x00000000d5e80000,0x00000000d6280000)
 ParOldGen       total 116224K, used 93681K [0x0000000080000000, 0x0000000087180000, 0x00000000d5580000)
  object space 116224K, 80% used [0x0000000080000000,0x0000000085b7c658,0x0000000087180000)
 Metaspace       used 63608K, committed 65216K, reserved 1114112K
  class space    used 6677K, committed 7360K, reserved 1048576K
}
Event: 6574.778 GC heap before
{Heap before GC invocations=170 (full 3):
 PSYoungGen      total 10240K, used 10220K [0x00000000d5580000, 0x00000000d6980000, 0x0000000100000000)
  eden space 9216K, 100% used [0x00000000d5580000,0x00000000d5e80000,0x00000000d5e80000)
  from space 1024K, 98% used [0x00000000d6280000,0x00000000d637b240,0x00000000d6380000)
  to   space 4096K, 0% used [0x00000000d5e80000,0x00000000d5e80000,0x00000000d6280000)
 ParOldGen       total 116224K, used 93681K [0x0000000080000000, 0x0000000087180000, 0x00000000d5580000)
  object space 116224K, 80% used [0x0000000080000000,0x0000000085b7c658,0x0000000087180000)
 Metaspace       used 63608K, committed 65216K, reserved 1114112K
  class space    used 6677K, committed 7360K, reserved 1048576K
}
Event: 6574.779 GC heap after
{Heap after GC invocations=170 (full 3):
 PSYoungGen      total 9728K, used 256K [0x00000000d5580000, 0x00000000d6300000, 0x0000000100000000)
  eden space 9216K, 0% used [0x00000000d5580000,0x00000000d5580000,0x00000000d5e80000)
  from space 512K, 50% used [0x00000000d5e80000,0x00000000d5ec0000,0x00000000d5f00000)
  to   space 1536K, 0% used [0x00000000d6180000,0x00000000d6180000,0x00000000d6300000)
 ParOldGen       total 116224K, used 93777K [0x0000000080000000, 0x0000000087180000, 0x00000000d5580000)
  object space 116224K, 80% used [0x0000000080000000,0x0000000085b94658,0x0000000087180000)
 Metaspace       used 63608K, committed 65216K, reserved 1114112K
  class space    used 6677K, committed 7360K, reserved 1048576K
}
Event: 6575.154 GC heap before
{Heap before GC invocations=171 (full 3):
 PSYoungGen      total 9728K, used 9455K [0x00000000d5580000, 0x00000000d6300000, 0x0000000100000000)
  eden space 9216K, 99% used [0x00000000d5580000,0x00000000d5e7be70,0x00000000d5e80000)
  from space 512K, 50% used [0x00000000d5e80000,0x00000000d5ec0000,0x00000000d5f00000)
  to   space 1536K, 0% used [0x00000000d6180000,0x00000000d6180000,0x00000000d6300000)
 ParOldGen       total 116224K, used 93777K [0x0000000080000000, 0x0000000087180000, 0x00000000d5580000)
  object space 116224K, 80% used [0x0000000080000000,0x0000000085b94658,0x0000000087180000)
 Metaspace       used 64427K, committed 65984K, reserved 1114112K
  class space    used 6757K, committed 7424K, reserved 1048576K
}
Event: 6575.155 GC heap after
{Heap after GC invocations=171 (full 3):
 PSYoungGen      total 10240K, used 705K [0x00000000d5580000, 0x00000000d6280000, 0x0000000100000000)
  eden space 9216K, 0% used [0x00000000d5580000,0x00000000d5580000,0x00000000d5e80000)
  from space 1024K, 68% used [0x00000000d6180000,0x00000000d6230748,0x00000000d6280000)
  to   space 1024K, 0% used [0x00000000d6080000,0x00000000d6080000,0x00000000d6180000)
 ParOldGen       total 116224K, used 93881K [0x0000000080000000, 0x0000000087180000, 0x00000000d5580000)
  object space 116224K, 80% used [0x0000000080000000,0x0000000085bae658,0x0000000087180000)
 Metaspace       used 64427K, committed 65984K, reserved 1114112K
  class space    used 6757K, committed 7424K, reserved 1048576K
}
Event: 6575.286 GC heap before
{Heap before GC invocations=172 (full 3):
 PSYoungGen      total 10240K, used 9921K [0x00000000d5580000, 0x00000000d6280000, 0x0000000100000000)
  eden space 9216K, 100% used [0x00000000d5580000,0x00000000d5e80000,0x00000000d5e80000)
  from space 1024K, 68% used [0x00000000d6180000,0x00000000d6230748,0x00000000d6280000)
  to   space 1024K, 0% used [0x00000000d6080000,0x00000000d6080000,0x00000000d6180000)
 ParOldGen       total 116224K, used 93881K [0x0000000080000000, 0x0000000087180000, 0x00000000d5580000)
  object space 116224K, 80% used [0x0000000080000000,0x0000000085bae658,0x0000000087180000)
 Metaspace       used 65574K, committed 67136K, reserved 1114112K
  class space    used 6901K, committed 7552K, reserved 1048576K
}
Event: 6575.289 GC heap after
{Heap after GC invocations=172 (full 3):
 PSYoungGen      total 10240K, used 352K [0x00000000d5580000, 0x00000000d6200000, 0x0000000100000000)
  eden space 9216K, 0% used [0x00000000d5580000,0x00000000d5580000,0x00000000d5e80000)
  from space 1024K, 34% used [0x00000000d6080000,0x00000000d60d8000,0x00000000d6180000)
  to   space 512K, 0% used [0x00000000d6180000,0x00000000d6180000,0x00000000d6200000)
 ParOldGen       total 116224K, used 94240K [0x0000000080000000, 0x0000000087180000, 0x00000000d5580000)
  object space 116224K, 81% used [0x0000000080000000,0x0000000085c08238,0x0000000087180000)
 Metaspace       used 65574K, committed 67136K, reserved 1114112K
  class space    used 6901K, committed 7552K, reserved 1048576K
}
Event: 6575.380 GC heap before
{Heap before GC invocations=173 (full 3):
 PSYoungGen      total 10240K, used 9567K [0x00000000d5580000, 0x00000000d6200000, 0x0000000100000000)
  eden space 9216K, 99% used [0x00000000d5580000,0x00000000d5e7ffd0,0x00000000d5e80000)
  from space 1024K, 34% used [0x00000000d6080000,0x00000000d60d8000,0x00000000d6180000)
  to   space 512K, 0% used [0x00000000d6180000,0x00000000d6180000,0x00000000d6200000)
 ParOldGen       total 116224K, used 94240K [0x0000000080000000, 0x0000000087180000, 0x00000000d5580000)
  object space 116224K, 81% used [0x0000000080000000,0x0000000085c08238,0x0000000087180000)
 Metaspace       used 66483K, committed 68032K, reserved 1114112K
  class space    used 7063K, committed 7744K, reserved 1048576K
}
Event: 6575.382 GC heap after
{Heap after GC invocations=173 (full 3):
 PSYoungGen      total 9728K, used 352K [0x00000000d5580000, 0x00000000d6200000, 0x0000000100000000)
  eden space 9216K, 0% used [0x00000000d5580000,0x00000000d5580000,0x00000000d5e80000)
  from space 512K, 68% used [0x00000000d6180000,0x00000000d61d8000,0x00000000d6200000)
  to   space 512K, 0% used [0x00000000d6100000,0x00000000d6100000,0x00000000d6180000)
 ParOldGen       total 116224K, used 94416K [0x0000000080000000, 0x0000000087180000, 0x00000000d5580000)
  object space 116224K, 81% used [0x0000000080000000,0x0000000085c34278,0x0000000087180000)
 Metaspace       used 66483K, committed 68032K, reserved 1114112K
  class space    used 7063K, committed 7744K, reserved 1048576K
}

Dll operation events (11 events):
Event: 0.013 Loaded shared library c:\Users\ducuy\.vscode\extensions\redhat.java-1.54.0-win32-x64\jre\21.0.10-win32-x86_64\bin\java.dll
Event: 0.124 Loaded shared library c:\Users\ducuy\.vscode\extensions\redhat.java-1.54.0-win32-x64\jre\21.0.10-win32-x86_64\bin\zip.dll
Event: 0.150 Loaded shared library C:\Users\ducuy\.vscode\extensions\redhat.java-1.54.0-win32-x64\jre\21.0.10-win32-x86_64\bin\instrument.dll
Event: 0.156 Loaded shared library C:\Users\ducuy\.vscode\extensions\redhat.java-1.54.0-win32-x64\jre\21.0.10-win32-x86_64\bin\net.dll
Event: 0.194 Loaded shared library C:\Users\ducuy\.vscode\extensions\redhat.java-1.54.0-win32-x64\jre\21.0.10-win32-x86_64\bin\nio.dll
Event: 0.213 Loaded shared library C:\Users\ducuy\.vscode\extensions\redhat.java-1.54.0-win32-x64\jre\21.0.10-win32-x86_64\bin\zip.dll
Event: 0.237 Loaded shared library C:\Users\ducuy\.vscode\extensions\redhat.java-1.54.0-win32-x64\jre\21.0.10-win32-x86_64\bin\jimage.dll
Event: 0.381 Loaded shared library c:\Users\ducuy\.vscode\extensions\redhat.java-1.54.0-win32-x64\jre\21.0.10-win32-x86_64\bin\verify.dll
Event: 11.263 Loaded shared library C:\Users\ducuy\AppData\Roaming\Code\User\globalStorage\redhat.java\1.54.0\config_win\org.eclipse.equinox.launcher\org.eclipse.equinox.launcher.win32.win32.x86_64_1.3.0.v20260203-2149\eclipse_11919.dll
Event: 27.077 Loaded shared library C:\Users\ducuy\AppData\Local\Temp\jna-95936534\jna16485144783487693242.dll
Event: 6575.092 Loaded shared library C:\Users\ducuy\.vscode\extensions\redhat.java-1.54.0-win32-x64\jre\21.0.10-win32-x86_64\bin\extnet.dll

Deoptimization events (20 events):
Event: 6575.420 Thread 0x000001637bc33800 Uncommon trap: trap_request=0xffffffde fr.pc=0x00000163683d7e80 relative=0x00000000000000e0
Event: 6575.420 Thread 0x000001637bc33800 Uncommon trap: reason=class_check action=maybe_recompile pc=0x00000163683d7e80 method=java.util.stream.ReduceOps.makeRef(Ljava/util/stream/Collector;)Ljava/util/stream/TerminalOp; @ 4 c2
Event: 6575.420 Thread 0x000001637bc33800 DEOPT PACKING pc=0x00000163683d7e80 sp=0x0000002266afe9f0
Event: 6575.420 Thread 0x000001637bc33800 DEOPT UNPACKING pc=0x00000163678d3aa2 sp=0x0000002266afe978 mode 2
Event: 6575.428 Thread 0x000001637bc33800 Uncommon trap: trap_request=0xffffffde fr.pc=0x00000163682ea510 relative=0x0000000000001130
Event: 6575.428 Thread 0x000001637bc33800 Uncommon trap: reason=class_check action=maybe_recompile pc=0x00000163682ea510 method=com.google.gson.stream.JsonWriter.beforeValue()V @ 98 c2
Event: 6575.428 Thread 0x000001637bc33800 DEOPT PACKING pc=0x00000163682ea510 sp=0x0000002266afe170
Event: 6575.428 Thread 0x000001637bc33800 DEOPT UNPACKING pc=0x00000163678d3aa2 sp=0x0000002266afe188 mode 2
Event: 6575.428 Thread 0x000001637bc33800 Uncommon trap: trap_request=0xffffffde fr.pc=0x00000163682ea510 relative=0x0000000000001130
Event: 6575.428 Thread 0x000001637bc33800 Uncommon trap: reason=class_check action=maybe_recompile pc=0x00000163682ea510 method=com.google.gson.stream.JsonWriter.beforeValue()V @ 98 c2
Event: 6575.428 Thread 0x000001637bc33800 DEOPT PACKING pc=0x00000163682ea510 sp=0x0000002266afe170
Event: 6575.428 Thread 0x000001637bc33800 DEOPT UNPACKING pc=0x00000163678d3aa2 sp=0x0000002266afe188 mode 2
Event: 6576.275 Thread 0x000001637bc2f660 DEOPT PACKING pc=0x00000163618a929c sp=0x00000022669ff450
Event: 6576.275 Thread 0x000001637bc2f660 DEOPT UNPACKING pc=0x00000163678d4242 sp=0x00000022669fe910 mode 0
Event: 6584.412 Thread 0x000001637bebf130 DEOPT PACKING pc=0x00000163618a929c sp=0x00000022676ff1a0
Event: 6584.412 Thread 0x000001637bebf130 DEOPT UNPACKING pc=0x00000163678d4242 sp=0x00000022676fe660 mode 0
Event: 6603.432 Thread 0x0000016375ed63b0 DEOPT PACKING pc=0x00000163618a929c sp=0x0000002265cff4d0
Event: 6603.432 Thread 0x0000016375ed63b0 DEOPT UNPACKING pc=0x00000163678d4242 sp=0x0000002265cfe990 mode 0
Event: 6635.291 Thread 0x000001637bc32ae0 DEOPT PACKING pc=0x00000163618a929c sp=0x00000022664ff1e0
Event: 6635.291 Thread 0x000001637bc32ae0 DEOPT UNPACKING pc=0x00000163678d4242 sp=0x00000022664fe6a0 mode 0

Classes loaded (20 events):
Event: 6575.426 Loading class java/util/TaskQueue
Event: 6575.426 Loading class java/util/TaskQueue done
Event: 6575.426 Loading class java/util/TimerThread
Event: 6575.426 Loading class java/util/TimerThread done
Event: 6575.427 Loading class java/util/Timer$ThreadReaper
Event: 6575.427 Loading class java/util/Timer$ThreadReaper done
Event: 6575.428 Loading class java/util/concurrent/CompletableFuture$UniWhenComplete
Event: 6575.429 Loading class java/util/concurrent/CompletableFuture$UniWhenComplete done
Event: 6575.429 Loading class java/util/concurrent/CompletableFuture$UniCompose
Event: 6575.429 Loading class java/util/concurrent/CompletableFuture$UniCompose done
Event: 6575.429 Loading class java/util/concurrent/CompletableFuture$UniRelay
Event: 6575.429 Loading class java/util/concurrent/CompletableFuture$UniRelay done
Event: 6576.275 Loading class java/util/concurrent/ScheduledThreadPoolExecutor$DelayedWorkQueue$Itr
Event: 6576.275 Loading class java/util/concurrent/ScheduledThreadPoolExecutor$DelayedWorkQueue$Itr done
Event: 6581.094 Loading class java/lang/ProcessHandleImpl$ExitCompletion
Event: 6581.094 Loading class java/lang/ProcessHandleImpl$ExitCompletion done
Event: 6581.094 Loading class java/lang/ProcessHandleImpl$1
Event: 6581.094 Loading class java/lang/ProcessHandleImpl$1 done
Event: 6581.095 Loading class java/util/concurrent/CompletableFuture$UniHandle
Event: 6581.095 Loading class java/util/concurrent/CompletableFuture$UniHandle done

Classes unloaded (11 events):
Event: 28.196 Thread 0x000001635ae6ebd0 Unloading class 0x00000163011a3000 'java/lang/invoke/LambdaForm$MH+0x00000163011a3000'
Event: 28.197 Thread 0x000001635ae6ebd0 Unloading class 0x00000163011a2c00 'java/lang/invoke/LambdaForm$MH+0x00000163011a2c00'
Event: 28.197 Thread 0x000001635ae6ebd0 Unloading class 0x00000163011a2800 'java/lang/invoke/LambdaForm$MH+0x00000163011a2800'
Event: 28.197 Thread 0x000001635ae6ebd0 Unloading class 0x00000163011a2400 'java/lang/invoke/LambdaForm$MH+0x00000163011a2400'
Event: 28.197 Thread 0x000001635ae6ebd0 Unloading class 0x00000163011a2000 'java/lang/invoke/LambdaForm$BMH+0x00000163011a2000'
Event: 28.197 Thread 0x000001635ae6ebd0 Unloading class 0x00000163011a1c00 'java/lang/invoke/LambdaForm$DMH+0x00000163011a1c00'
Event: 28.197 Thread 0x000001635ae6ebd0 Unloading class 0x00000163011a0800 'java/lang/invoke/LambdaForm$DMH+0x00000163011a0800'
Event: 71.857 Thread 0x000001635ae6ebd0 Unloading class 0x0000016301655000 'java/lang/invoke/LambdaForm$DMH+0x0000016301655000'
Event: 71.857 Thread 0x000001635ae6ebd0 Unloading class 0x0000016301654400 'java/lang/invoke/LambdaForm$DMH+0x0000016301654400'
Event: 71.857 Thread 0x000001635ae6ebd0 Unloading class 0x0000016301654800 'java/lang/invoke/LambdaForm$DMH+0x0000016301654800'
Event: 71.857 Thread 0x000001635ae6ebd0 Unloading class 0x0000016301654c00 'java/lang/invoke/LambdaForm$DMH+0x0000016301654c00'

Classes redefined (0 events):
No events

Internal exceptions (20 events):
Event: 72.835 Thread 0x000001637bec25b0 Exception <a 'java/lang/NoSuchMethodError'{0x00000000d57ade90}: 'java.lang.Object java.lang.invoke.DirectMethodHandle$Holder.invokeStatic(java.lang.Object, int, java.lang.Object)'> (0x00000000d57ade90) 
thrown [s\src\hotspot\share\interpreter\linkResolver.cpp, line 773]
Event: 72.894 Thread 0x000001637bec25b0 Exception <a 'java/lang/NoSuchMethodError'{0x00000000d5aecdc8}: 'void java.lang.invoke.DelegatingMethodHandle$Holder.reinvoke_L(java.lang.Object, java.lang.Object, java.lang.Object, int, java.lang.Object, int, int)'> (0x00000000d5aecdc8) 
thrown [s\src\hotspot\share\interpreter\linkResolver.cpp, line 773]
Event: 6569.319 Thread 0x000001637bec3ff0 Exception <a 'java/lang/IncompatibleClassChangeError'{0x00000000d5bae1d8}: Found class java.lang.Object, but interface was expected> (0x00000000d5bae1d8) 
thrown [s\src\hotspot\share\interpreter\linkResolver.cpp, line 840]
Event: 6573.845 Thread 0x000001637bc310a0 Exception <a 'sun/nio/fs/WindowsException'{0x00000000d5d8a458}> (0x00000000d5d8a458) 
thrown [s\src\hotspot\share\prims\jni.cpp, line 520]
Event: 6573.846 Thread 0x000001637bc310a0 Exception <a 'sun/nio/fs/WindowsException'{0x00000000d5d8ad58}> (0x00000000d5d8ad58) 
thrown [s\src\hotspot\share\prims\jni.cpp, line 520]
Event: 6573.847 Thread 0x000001637bc310a0 Exception <a 'sun/nio/fs/WindowsException'{0x00000000d5d8baa0}> (0x00000000d5d8baa0) 
thrown [s\src\hotspot\share\prims\jni.cpp, line 520]
Event: 6573.847 Thread 0x000001637bc310a0 Exception <a 'sun/nio/fs/WindowsException'{0x00000000d5d8c380}> (0x00000000d5d8c380) 
thrown [s\src\hotspot\share\prims\jni.cpp, line 520]
Event: 6573.851 Thread 0x000001637bc310a0 Exception <a 'sun/nio/fs/WindowsException'{0x00000000d5d8db78}> (0x00000000d5d8db78) 
thrown [s\src\hotspot\share\prims\jni.cpp, line 520]
Event: 6573.851 Thread 0x000001637bc310a0 Exception <a 'sun/nio/fs/WindowsException'{0x00000000d5d8e1a8}> (0x00000000d5d8e1a8) 
thrown [s\src\hotspot\share\prims\jni.cpp, line 520]
Event: 6573.916 Thread 0x000001637bc310a0 Exception <a 'sun/nio/fs/WindowsException'{0x00000000d5db30a0}> (0x00000000d5db30a0) 
thrown [s\src\hotspot\share\prims\jni.cpp, line 520]
Event: 6573.916 Thread 0x000001637bc310a0 Exception <a 'sun/nio/fs/WindowsException'{0x00000000d5db3980}> (0x00000000d5db3980) 
thrown [s\src\hotspot\share\prims\jni.cpp, line 520]
Event: 6575.144 Thread 0x000001637bc32450 Exception <a 'java/io/FileNotFoundException'{0x00000000d5d75190}> (0x00000000d5d75190) 
thrown [s\src\hotspot\share\prims\jni.cpp, line 520]
Event: 6575.346 Thread 0x000001637bc32450 Exception <a 'java/lang/NoSuchMethodError'{0x00000000d5a928f8}: 'java.lang.Object java.lang.invoke.DirectMethodHandle$Holder.invokeVirtual(java.lang.Object, java.lang.Object, java.lang.Object, java.lang.Object)'> (0x00000000d5a928f8) 
thrown [s\src\hotspot\share\interpreter\linkResolver.cpp, line 773]
Event: 6575.384 Thread 0x000001637bc33800 Exception <a 'java/lang/NoSuchMethodError'{0x00000000d55a93b0}: 'java.lang.Object java.lang.invoke.DirectMethodHandle$Holder.invokeStatic(java.lang.Object, long, java.lang.Object, java.lang.Object)'> (0x00000000d55a93b0) 
thrown [s\src\hotspot\share\interpreter\linkResolver.cpp, line 773]
Event: 6575.410 Thread 0x000001637bc33800 Exception <a 'sun/nio/fs/WindowsException'{0x00000000d56fb5c0}> (0x00000000d56fb5c0) 
thrown [s\src\hotspot\share\prims\jni.cpp, line 520]
Event: 6575.410 Thread 0x000001637bc33800 Exception <a 'sun/nio/fs/WindowsException'{0x00000000d56fc5c0}> (0x00000000d56fc5c0) 
thrown [s\src\hotspot\share\prims\jni.cpp, line 520]
Event: 6575.428 Thread 0x000001637bc33800 Exception <a 'java/lang/NoSuchMethodError'{0x00000000d57c9d08}: 'void java.lang.invoke.DirectMethodHandle$Holder.invokeStatic(java.lang.Object, java.lang.Object, java.lang.Object, java.lang.Object, java.lang.Object, java.lang.Object, java.lang.Object)'> (0x00000000d57c9d08) 
thrown [s\src\hotspot\share\interpreter\linkResolver.cpp, line 773]
Event: 6576.326 Thread 0x000001637bc365f0 Exception <a 'java/lang/NoSuchMethodError'{0x00000000d5808528}: 'long java.lang.invoke.DelegatingMethodHandle$Holder.reinvoke_L(java.lang.Object, java.lang.Object)'> (0x00000000d5808528) 
thrown [s\src\hotspot\share\interpreter\linkResolver.cpp, line 773]
Event: 6576.326 Thread 0x000001637bc365f0 Exception <a 'java/lang/NoSuchMethodError'{0x00000000d5812458}: 'void java.lang.invoke.DelegatingMethodHandle$Holder.reinvoke_L(java.lang.Object, java.lang.Object, long)'> (0x00000000d5812458) 
thrown [s\src\hotspot\share\interpreter\linkResolver.cpp, line 773]
Event: 6581.095 Thread 0x000001637bc365f0 Exception <a 'java/lang/NoSuchMethodError'{0x00000000d5a4fd68}: 'long java.lang.invoke.Invokers$Holder.invokeExact_MT(java.lang.Object, java.lang.Object, java.lang.Object)'> (0x00000000d5a4fd68) 
thrown [s\src\hotspot\share\interpreter\linkResolver.cpp, line 773]

ZGC Phase Switch (0 events):
No events

VM Operations (20 events):
Event: 6795.340 Executing non-safepoint VM operation: HandshakeAllThreads (HandshakeForDeflation)
Event: 6795.340 Executing non-safepoint VM operation: HandshakeAllThreads (HandshakeForDeflation) done
Event: 6795.340 Executing non-safepoint VM operation: RendezvousGCThreads
Event: 6795.340 Executing non-safepoint VM operation: RendezvousGCThreads done
Event: 6814.484 Executing safepoint VM operation: Cleanup
Event: 6814.484 Executing safepoint VM operation: Cleanup done
Event: 6855.361 Executing non-safepoint VM operation: HandshakeAllThreads (HandshakeForDeflation)
Event: 6855.361 Executing non-safepoint VM operation: HandshakeAllThreads (HandshakeForDeflation) done
Event: 6855.361 Executing non-safepoint VM operation: RendezvousGCThreads
Event: 6855.361 Executing non-safepoint VM operation: RendezvousGCThreads done
Event: 6915.532 Executing non-safepoint VM operation: HandshakeAllThreads (HandshakeForDeflation)
Event: 6915.532 Executing non-safepoint VM operation: HandshakeAllThreads (HandshakeForDeflation) done
Event: 6915.532 Executing non-safepoint VM operation: RendezvousGCThreads
Event: 6915.532 Executing non-safepoint VM operation: RendezvousGCThreads done
Event: 6973.943 Executing safepoint VM operation: Cleanup
Event: 6973.943 Executing safepoint VM operation: Cleanup done
Event: 6975.705 Executing non-safepoint VM operation: HandshakeAllThreads (HandshakeForDeflation)
Event: 6975.705 Executing non-safepoint VM operation: HandshakeAllThreads (HandshakeForDeflation) done
Event: 6975.705 Executing non-safepoint VM operation: RendezvousGCThreads
Event: 6975.705 Executing non-safepoint VM operation: RendezvousGCThreads done

Memory protections (0 events):
No events

Nmethod flushes (20 events):
Event: 71.880 Thread 0x000001635ae6ebd0 flushing  nmethod 0x0000016360b6bd90
Event: 71.880 Thread 0x000001635ae6ebd0 flushing  nmethod 0x0000016360b70890
Event: 71.880 Thread 0x000001635ae6ebd0 flushing  nmethod 0x0000016360b87a90
Event: 71.880 Thread 0x000001635ae6ebd0 flushing  nmethod 0x0000016360b98c90
Event: 71.880 Thread 0x000001635ae6ebd0 flushing osr nmethod 0x0000016360bf9b10
Event: 71.880 Thread 0x000001635ae6ebd0 flushing  nmethod 0x0000016360c26010
Event: 71.880 Thread 0x000001635ae6ebd0 flushing  nmethod 0x0000016360c3f310
Event: 71.880 Thread 0x000001635ae6ebd0 flushing  nmethod 0x0000016360c3fc90
Event: 71.880 Thread 0x000001635ae6ebd0 flushing  nmethod 0x0000016360c40f10
Event: 71.880 Thread 0x000001635ae6ebd0 flushing  nmethod 0x0000016360c41290
Event: 71.880 Thread 0x000001635ae6ebd0 flushing  nmethod 0x0000016360c41610
Event: 71.880 Thread 0x000001635ae6ebd0 flushing  nmethod 0x0000016360c5ab10
Event: 71.880 Thread 0x000001635ae6ebd0 flushing  nmethod 0x0000016360c5b110
Event: 71.880 Thread 0x000001635ae6ebd0 flushing  nmethod 0x0000016360c5e610
Event: 71.880 Thread 0x000001635ae6ebd0 flushing  nmethod 0x0000016360c5f110
Event: 71.880 Thread 0x000001635ae6ebd0 flushing  nmethod 0x0000016360c5f990
Event: 71.880 Thread 0x000001635ae6ebd0 flushing  nmethod 0x0000016360c62410
Event: 71.880 Thread 0x000001635ae6ebd0 flushing  nmethod 0x0000016360c70c10
Event: 71.880 Thread 0x000001635ae6ebd0 flushing  nmethod 0x0000016360ca3510
Event: 71.880 Thread 0x000001635ae6ebd0 flushing  nmethod 0x0000016360cd4690

Events (20 events):
Event: 6573.207 Thread 0x000001637bec3ff0 Thread added: 0x000001637bc310a0
Event: 6573.796 Thread 0x000001637bc310a0 Thread added: 0x000001637bc2fcf0
Event: 6573.877 Thread 0x000001635d0fcbd0 Thread added: 0x000001637d1317b0
Event: 6574.719 Thread 0x000001637d1317b0 Thread exited: 0x000001637d1317b0
Event: 6575.011 Thread 0x000001635d0c9ca0 Thread added: 0x000001637d12fc70
Event: 6575.028 Thread 0x000001635d0fcbd0 Thread added: 0x000001637d1310e0
Event: 6575.097 Thread 0x000001637bc310a0 Thread added: 0x000001637bc34bb0
Event: 6575.102 Thread 0x000001637bc34bb0 Thread added: 0x000001637bc32450
Event: 6575.274 Thread 0x000001637bc32450 Thread added: 0x000001637bc2f660
Event: 6575.277 Thread 0x000001637d1310e0 Thread exited: 0x000001637d1310e0
Event: 6575.279 Thread 0x000001637bc32450 Thread added: 0x000001637bc32ae0
Event: 6575.379 Thread 0x000001637bc32450 Thread added: 0x000001637bc33800
Event: 6575.384 Thread 0x000001637d12fc70 Thread exited: 0x000001637d12fc70
Event: 6575.427 Thread 0x000001637bc33800 Thread added: 0x000001637bc2efd0
Event: 6576.324 Thread 0x000001637bc32450 Thread added: 0x000001637bc365f0
Event: 6576.324 Thread 0x000001637bc2efd0 Thread exited: 0x000001637bc2efd0
Event: 6581.094 Thread 0x000001637bc365f0 Thread added: 0x000001637bc2efd0
Event: 6581.097 Thread 0x000001637bc365f0 Thread exited: 0x000001637bc365f0
Event: 6635.097 Thread 0x000001637bc310a0 Thread exited: 0x000001637bc310a0
Event: 6695.109 Thread 0x000001637bc2fcf0 Thread exited: 0x000001637bc2fcf0


Dynamic libraries:
0x00007ff624470000 - 0x00007ff62447e000 	c:\Users\ducuy\.vscode\extensions\redhat.java-1.54.0-win32-x64\jre\21.0.10-win32-x86_64\bin\java.exe
0x00007fff47d30000 - 0x00007fff47f48000 	C:\WINDOWS\SYSTEM32\ntdll.dll
0x00007fff463e0000 - 0x00007fff464a4000 	C:\WINDOWS\System32\KERNEL32.DLL
0x00007fff454d0000 - 0x00007fff458a3000 	C:\WINDOWS\System32\KERNELBASE.dll
0x00007fff44e40000 - 0x00007fff44f51000 	C:\WINDOWS\System32\ucrtbase.dll
0x00007fff08f40000 - 0x00007fff08f58000 	c:\Users\ducuy\.vscode\extensions\redhat.java-1.54.0-win32-x64\jre\21.0.10-win32-x86_64\bin\jli.dll
0x00007fff07cd0000 - 0x00007fff07cee000 	c:\Users\ducuy\.vscode\extensions\redhat.java-1.54.0-win32-x64\jre\21.0.10-win32-x86_64\bin\VCRUNTIME140.dll
0x00007fff464b0000 - 0x00007fff46662000 	C:\WINDOWS\System32\USER32.dll
0x00007fff45210000 - 0x00007fff45236000 	C:\WINDOWS\System32\win32u.dll
0x00007fff45ba0000 - 0x00007fff45bc9000 	C:\WINDOWS\System32\GDI32.dll
0x00007fff2db10000 - 0x00007fff2ddac000 	C:\WINDOWS\WinSxS\amd64_microsoft.windows.common-controls_6595b64144ccf1df_6.0.22621.6060_none_2712eda17382d24b\COMCTL32.dll
0x00007fff458b0000 - 0x00007fff459cb000 	C:\WINDOWS\System32\gdi32full.dll
0x00007fff46670000 - 0x00007fff46717000 	C:\WINDOWS\System32\msvcrt.dll
0x00007fff45380000 - 0x00007fff4541a000 	C:\WINDOWS\System32\msvcp_win.dll
0x00007fff46240000 - 0x00007fff46271000 	C:\WINDOWS\System32\IMM32.DLL
0x00007fff314a0000 - 0x00007fff314ac000 	c:\Users\ducuy\.vscode\extensions\redhat.java-1.54.0-win32-x64\jre\21.0.10-win32-x86_64\bin\vcruntime140_1.dll
0x00007ffedd460000 - 0x00007ffedd4ed000 	c:\Users\ducuy\.vscode\extensions\redhat.java-1.54.0-win32-x64\jre\21.0.10-win32-x86_64\bin\msvcp140.dll
0x00007ffeba800000 - 0x00007ffebb5a1000 	c:\Users\ducuy\.vscode\extensions\redhat.java-1.54.0-win32-x64\jre\21.0.10-win32-x86_64\bin\server\jvm.dll
0x00007fff46280000 - 0x00007fff46331000 	C:\WINDOWS\System32\ADVAPI32.dll
0x00007fff459d0000 - 0x00007fff45a78000 	C:\WINDOWS\System32\sechost.dll
0x00007fff454a0000 - 0x00007fff454c8000 	C:\WINDOWS\System32\bcrypt.dll
0x00007fff45bd0000 - 0x00007fff45ce8000 	C:\WINDOWS\System32\RPCRT4.dll
0x00007fff46720000 - 0x00007fff46791000 	C:\WINDOWS\System32\WS2_32.dll
0x00007fff3f4c0000 - 0x00007fff3f4f4000 	C:\WINDOWS\SYSTEM32\WINMM.dll
0x00007fff37b70000 - 0x00007fff37b7a000 	C:\WINDOWS\SYSTEM32\VERSION.dll
0x00007fff43c50000 - 0x00007fff43c9d000 	C:\WINDOWS\SYSTEM32\POWRPROF.dll
0x00007fff43c30000 - 0x00007fff43c43000 	C:\WINDOWS\SYSTEM32\UMPDC.dll
0x00007fff43ed0000 - 0x00007fff43ee8000 	C:\WINDOWS\SYSTEM32\kernel.appcore.dll
0x00007fff30e10000 - 0x00007fff30e1a000 	c:\Users\ducuy\.vscode\extensions\redhat.java-1.54.0-win32-x64\jre\21.0.10-win32-x86_64\bin\jimage.dll
0x00007fff42860000 - 0x00007fff42a93000 	C:\WINDOWS\SYSTEM32\DBGHELP.DLL
0x00007fff467a0000 - 0x00007fff46b31000 	C:\WINDOWS\System32\combase.dll
0x00007fff47160000 - 0x00007fff47238000 	C:\WINDOWS\System32\OLEAUT32.dll
0x00007fff15360000 - 0x00007fff15392000 	C:\WINDOWS\SYSTEM32\dbgcore.DLL
0x00007fff45420000 - 0x00007fff4549b000 	C:\WINDOWS\System32\bcryptPrimitives.dll
0x00007fff30330000 - 0x00007fff3033f000 	c:\Users\ducuy\.vscode\extensions\redhat.java-1.54.0-win32-x64\jre\21.0.10-win32-x86_64\bin\instrument.dll
0x00007fff0ae20000 - 0x00007fff0ae40000 	c:\Users\ducuy\.vscode\extensions\redhat.java-1.54.0-win32-x64\jre\21.0.10-win32-x86_64\bin\java.dll
0x00007fff47400000 - 0x00007fff47c9c000 	C:\WINDOWS\System32\SHELL32.dll
0x00007fff44f60000 - 0x00007fff4509f000 	C:\WINDOWS\System32\wintypes.dll
0x00007fff42cf0000 - 0x00007fff4360a000 	C:\WINDOWS\SYSTEM32\windows.storage.dll
0x00007fff45a90000 - 0x00007fff45b94000 	C:\WINDOWS\System32\SHCORE.dll
0x00007fff46010000 - 0x00007fff46079000 	C:\WINDOWS\System32\shlwapi.dll
0x00007fff44d70000 - 0x00007fff44d95000 	C:\WINDOWS\SYSTEM32\profapi.dll
0x00007ffef9d60000 - 0x00007ffef9d78000 	c:\Users\ducuy\.vscode\extensions\redhat.java-1.54.0-win32-x64\jre\21.0.10-win32-x86_64\bin\zip.dll
0x00007fff2a4f0000 - 0x00007fff2a500000 	C:\Users\ducuy\.vscode\extensions\redhat.java-1.54.0-win32-x64\jre\21.0.10-win32-x86_64\bin\net.dll
0x00007fff3d3c0000 - 0x00007fff3d4ec000 	C:\WINDOWS\SYSTEM32\WINHTTP.dll
0x00007fff44390000 - 0x00007fff443f9000 	C:\WINDOWS\system32\mswsock.dll
0x00007ffef92b0000 - 0x00007ffef92c6000 	C:\Users\ducuy\.vscode\extensions\redhat.java-1.54.0-win32-x64\jre\21.0.10-win32-x86_64\bin\nio.dll
0x00007fff28f70000 - 0x00007fff28f80000 	c:\Users\ducuy\.vscode\extensions\redhat.java-1.54.0-win32-x64\jre\21.0.10-win32-x86_64\bin\verify.dll
0x00007ffee04b0000 - 0x00007ffee04f5000 	C:\Users\ducuy\AppData\Roaming\Code\User\globalStorage\redhat.java\1.54.0\config_win\org.eclipse.equinox.launcher\org.eclipse.equinox.launcher.win32.win32.x86_64_1.3.0.v20260203-2149\eclipse_11919.dll
0x00007fff45cf0000 - 0x00007fff45e91000 	C:\WINDOWS\System32\ole32.dll
0x00007fff446e0000 - 0x00007fff446fb000 	C:\WINDOWS\SYSTEM32\CRYPTSP.dll
0x00007fff43e30000 - 0x00007fff43e67000 	C:\WINDOWS\system32\rsaenh.dll
0x00007fff44430000 - 0x00007fff44458000 	C:\WINDOWS\SYSTEM32\USERENV.dll
0x00007fff446c0000 - 0x00007fff446cc000 	C:\WINDOWS\SYSTEM32\CRYPTBASE.dll
0x00007fff438f0000 - 0x00007fff4391d000 	C:\WINDOWS\SYSTEM32\IPHLPAPI.DLL
0x00007fff46000000 - 0x00007fff46009000 	C:\WINDOWS\System32\NSI.dll
0x00007fff00f30000 - 0x00007fff00f79000 	C:\Users\ducuy\AppData\Local\Temp\jna-95936534\jna16485144783487693242.dll
0x00007fff473f0000 - 0x00007fff473f8000 	C:\WINDOWS\System32\PSAPI.DLL
0x00007fff3f600000 - 0x00007fff3f619000 	C:\WINDOWS\SYSTEM32\dhcpcsvc6.DLL
0x00007fff3dcb0000 - 0x00007fff3dccf000 	C:\WINDOWS\SYSTEM32\dhcpcsvc.DLL
0x00007fff1af20000 - 0x00007fff1af29000 	C:\Users\ducuy\.vscode\extensions\redhat.java-1.54.0-win32-x64\jre\21.0.10-win32-x86_64\bin\extnet.dll

JVMTI agents:
c:\Users\ducuy\.vscode\extensions\redhat.java-1.54.0-win32-x64\lombok\lombok-1.18.39-4050.jar path:c:\Users\ducuy\.vscode\extensions\redhat.java-1.54.0-win32-x64\jre\21.0.10-win32-x86_64\bin\instrument.dll, loaded, initialized, instrumentlib options:none

dbghelp: loaded successfully - version: 4.0.5 - missing functions: none
symbol engine: initialized successfully - sym options: 0x614 - pdb path: .;c:\Users\ducuy\.vscode\extensions\redhat.java-1.54.0-win32-x64\jre\21.0.10-win32-x86_64\bin;C:\WINDOWS\SYSTEM32;C:\WINDOWS\WinSxS\amd64_microsoft.windows.common-controls_6595b64144ccf1df_6.0.22621.6060_none_2712eda17382d24b;c:\Users\ducuy\.vscode\extensions\redhat.java-1.54.0-win32-x64\jre\21.0.10-win32-x86_64\bin\server;C:\Users\ducuy\AppData\Roaming\Code\User\globalStorage\redhat.java\1.54.0\config_win\org.eclipse.equinox.launcher\org.eclipse.equinox.launcher.win32.win32.x86_64_1.3.0.v20260203-2149;C:\Users\ducuy\AppData\Local\Temp\jna-95936534

VM Arguments:
jvm_args: --add-modules=ALL-SYSTEM --add-opens=java.base/java.util=ALL-UNNAMED --add-opens=java.base/java.lang=ALL-UNNAMED --add-opens=java.base/sun.nio.fs=ALL-UNNAMED -Declipse.application=org.eclipse.jdt.ls.core.id1 -Dosgi.bundles.defaultStartLevel=4 -Declipse.product=org.eclipse.jdt.ls.core.product -Djava.import.generatesMetadataFilesAtProjectRoot=false -DDetectVMInstallationsJob.disabled=true -Dfile.encoding=utf8 -XX:+UseParallelGC -XX:GCTimeRatio=4 -XX:AdaptiveSizePolicyWeight=90 -Dsun.zip.disableMemoryMapping=true -Xmx2G -Xms100m -Xlog:disable -javaagent:c:\Users\ducuy\.vscode\extensions\redhat.java-1.54.0-win32-x64\lombok\lombok-1.18.39-4050.jar -XX:+HeapDumpOnOutOfMemoryError -XX:HeapDumpPath=c:\Users\ducuy\AppData\Roaming\Code\User\workspaceStorage\2bc6a7faf2bfeb70a49d89e544ce1b08\redhat.java -Daether.dependencyCollector.impl=bf 
java_command: c:\Users\ducuy\.vscode\extensions\redhat.java-1.54.0-win32-x64\server\plugins\org.eclipse.equinox.launcher_1.7.100.v20251111-0406.jar -configuration c:\Users\ducuy\AppData\Roaming\Code\User\globalStorage\redhat.java\1.54.0\config_win -data c:\Users\ducuy\AppData\Roaming\Code\User\workspaceStorage\2bc6a7faf2bfeb70a49d89e544ce1b08\redhat.java\jdt_ws --pipe=\\.\pipe\lsp-0007b349b926dfd9f96d527f9976d732-sock
java_class_path (initial): c:\Users\ducuy\.vscode\extensions\redhat.java-1.54.0-win32-x64\server\plugins\org.eclipse.equinox.launcher_1.7.100.v20251111-0406.jar
Launcher Type: SUN_STANDARD

[Global flags]
    uintx AdaptiveSizePolicyWeight                 = 90                                        {product} {command line}
     intx CICompilerCount                          = 4                                         {product} {ergonomic}
    uintx GCTimeRatio                              = 4                                         {product} {command line}
     bool HeapDumpOnOutOfMemoryError               = true                                   {manageable} {command line}
    ccstr HeapDumpPath                             = c:\Users\ducuy\AppData\Roaming\Code\User\workspaceStorage\2bc6a7faf2bfeb70a49d89e544ce1b08\redhat.java         {manageable} {command line}
   size_t InitialHeapSize                          = 104857600                                 {product} {command line}
   size_t MaxHeapSize                              = 2147483648                                {product} {command line}
   size_t MaxNewSize                               = 715653120                                 {product} {ergonomic}
   size_t MinHeapDeltaBytes                        = 524288                                    {product} {ergonomic}
   size_t MinHeapSize                              = 104857600                                 {product} {command line}
   size_t NewSize                                  = 34603008                                  {product} {ergonomic}
    uintx NonNMethodCodeHeapSize                   = 5839372                                {pd product} {ergonomic}
    uintx NonProfiledCodeHeapSize                  = 122909434                              {pd product} {ergonomic}
   size_t OldSize                                  = 70254592                                  {product} {ergonomic}
    uintx ProfiledCodeHeapSize                     = 122909434                              {pd product} {ergonomic}
    uintx ReservedCodeCacheSize                    = 251658240                              {pd product} {ergonomic}
     bool SegmentedCodeCache                       = true                                      {product} {ergonomic}
   size_t SoftMaxHeapSize                          = 2147483648                             {manageable} {ergonomic}
     bool UseCompressedOops                        = true                           {product lp64_product} {ergonomic}
     bool UseLargePagesIndividualAllocation        = false                                  {pd product} {ergonomic}
     bool UseParallelGC                            = true                                      {product} {command line}

Logging:
Log output configuration:
 #0: stdout all=off uptime,level,tags foldmultilines=false
 #1: stderr all=off uptime,level,tags foldmultilines=false

Release file:
JAVA_VERSION="21.0.10" 
MODULES="java.base java.compiler java.datatransfer java.xml java.prefs java.desktop java.instrument java.logging java.management java.security.sasl java.naming java.rmi java.management.rmi java.net.http java.scripting java.security.jgss java.transaction.xa java.sql java.sql.rowset java.xml.crypto java.se java.smartcardio jdk.accessibility jdk.internal.jvmstat jdk.attach jdk.charsets jdk.internal.opt jdk.zipfs jdk.compiler jdk.crypto.ec jdk.crypto.cryptoki jdk.crypto.mscapi jdk.dynalink jdk.internal.ed jdk.editpad jdk.hotspot.agent jdk.httpserver jdk.internal.le jdk.internal.vm.ci jdk.internal.vm.compiler jdk.internal.vm.compiler.management jdk.jartool jdk.javadoc jdk.jcmd jdk.management jdk.management.agent jdk.jconsole jdk.jdeps jdk.jdwp.agent jdk.jdi jdk.jfr jdk.jshell jdk.jsobject jdk.jstatd jdk.localedata jdk.management.jfr jdk.naming.dns jdk.naming.rmi jdk.net jdk.nio.mapmode jdk.random jdk.sctp jdk.security.auth jdk.security.jgss jdk.unsupported jdk.unsupported.desktop jdk.xml.dom" 

Environment Variables:
JAVA_HOME=C:\Program Files\Java\jdk-17
PATH=C:\Program Files\Common Files\Oracle\Java\javapath;C:\WINDOWS\system32;C:\WINDOWS;C:\WINDOWS\System32\Wbem;C:\WINDOWS\System32\WindowsPowerShell\v1.0\;C:\WINDOWS\System32\OpenSSH\;C:\Program Files\Git\cmd;C:\Program Files\Microsoft SQL Server\150\Tools\Binn\;C:\Program Files\Microsoft SQL Server\Client SDK\ODBC\170\Tools\Binn\;C:\Program Files\dotnet\;C:\Program Files\Microsoft SQL Server\Client SDK\ODBC\110\Tools\Binn\;C:\Program Files (x86)\Microsoft SQL Server\120\Tools\Binn\;C:\Program Files\Microsoft SQL Server\120\Tools\Binn\;C:\Program Files\Microsoft SQL Server\120\DTS\Binn\;C:\Program Files (x86)\Microsoft SQL Server\120\Tools\Binn\ManagementStudio\;C:\Program Files (x86)\Microsoft SQL Server\120\DTS\Binn\;C:\Program Files\Cloudflare\Cloudflare WARP\;C:\Program Files\nodejs\;C:\Program Files\Docker\Docker\resources\bin;C:\Users\ducuy\AppData\Local\Microsoft\WindowsApps;C:\src\flutter_windows_3.35.4-stable\flutter\bin;C:\Program Files\Java\jdk-17\bin;C:\apache-maven-3.9.11\bin;C:\Users\ducuy\.dotnet\tools;C:\Users\ducuy\AppData\Roaming\npm;C:\Users\ducuy\AppData\Local\Programs\Microsoft VS Code\bin;C:\Users\ducuy\AppData\Local\Programs\cursor\resources\app\bin
USERNAME=ducuy
OS=Windows_NT
PROCESSOR_IDENTIFIER=Intel64 Family 6 Model 142 Stepping 10, GenuineIntel
TMP=C:\Users\ducuy\AppData\Local\Temp
TEMP=C:\Users\ducuy\AppData\Local\Temp




Periodic native trim disabled

---------------  S Y S T E M  ---------------

OS:
 Windows 11 , 64 bit Build 22621 (10.0.22621.5415)
OS uptime: 3 days 19:56 hours
Hyper-V role detected

CPU: total 8 (initial active 8) (4 cores per cpu, 2 threads per core) family 6 model 142 stepping 10 microcode 0xea, cx8, cmov, fxsr, ht, mmx, 3dnowpref, sse, sse2, sse3, ssse3, sse4.1, sse4.2, popcnt, lzcnt, tsc, tscinvbit, avx, avx2, aes, erms, clmul, bmi1, bmi2, adx, fma, vzeroupper, clflush, clflushopt, hv, rdtscp, f16c
Processor Information for the first 8 processors :
  Max Mhz: 1800, Current Mhz: 1600, Mhz Limit: 1584

Memory: 4k page, system-wide physical 12152M (437M free)
TotalPageFile size 19237M (AvailPageFile size 39M)
current process WorkingSet (physical memory assigned to process): 196M, peak: 469M
current process commit charge ("private bytes"): 425M, peak: 542M

vm_info: OpenJDK 64-Bit Server VM (21.0.10+7-LTS) for windows-amd64 JRE (21.0.10+7-LTS), built on 2026-01-20T00:00:00Z by "admin" with MS VC++ 17.12 (VS2022)

END.
