#
# There is insufficient memory for the Java Runtime Environment to continue.
# Native memory allocation (malloc) failed to allocate 1048576 bytes. Error detail: AllocateHeap
# Possible reasons:
#   The system is out of physical RAM or swap space
#   This process is running with CompressedOops enabled, and the Java Heap may be blocking the growth of the native heap
# Possible solutions:
#   Reduce memory load on the system
#   Increase physical memory or swap space
#   Check if swap backing store is full
#   Decrease Java heap size (-Xmx/-Xms)
#   Decrease number of Java threads
#   Decrease Java thread stack sizes (-Xss)
#   Set larger code cache with -XX:ReservedCodeCacheSize=
#   JVM is running with Unscaled Compressed Oops mode in which the Java heap is
#     placed in the first 4GB address space. The Java Heap base address is the
#     maximum limit for the native heap growth. Please use -XX:HeapBaseMinAddress
#     to set the Java Heap base and to place the Java Heap above 4GB virtual address.
# This output file may be truncated or incomplete.
#
#  Out of Memory Error (allocation.cpp:44), pid=9964, tid=2608
#
# JRE version: OpenJDK Runtime Environment Temurin-21.0.10+7 (21.0.10+7) (build 21.0.10+7-LTS)
# Java VM: OpenJDK 64-Bit Server VM Temurin-21.0.10+7 (21.0.10+7-LTS, mixed mode, sharing, tiered, compressed oops, compressed class ptrs, parallel gc, windows-amd64)
# No core dump will be written. Minidumps are not enabled by default on client versions of Windows
#

---------------  S U M M A R Y ------------

Command Line: --add-modules=ALL-SYSTEM --add-opens=java.base/java.util=ALL-UNNAMED --add-opens=java.base/java.lang=ALL-UNNAMED --add-opens=java.base/sun.nio.fs=ALL-UNNAMED -Declipse.application=org.eclipse.jdt.ls.core.id1 -Dosgi.bundles.defaultStartLevel=4 -Declipse.product=org.eclipse.jdt.ls.core.product -Djava.import.generatesMetadataFilesAtProjectRoot=false -DDetectVMInstallationsJob.disabled=true -Dfile.encoding=utf8 -XX:+UseParallelGC -XX:GCTimeRatio=4 -XX:AdaptiveSizePolicyWeight=90 -Dsun.zip.disableMemoryMapping=true -Xmx2G -Xms100m -Xlog:disable -javaagent:c:\Users\ducuy\.vscode\extensions\redhat.java-1.54.0-win32-x64\lombok\lombok-1.18.39-4050.jar -XX:+HeapDumpOnOutOfMemoryError -XX:HeapDumpPath=c:\Users\ducuy\AppData\Roaming\Code\User\workspaceStorage\2bc6a7faf2bfeb70a49d89e544ce1b08\redhat.java -Daether.dependencyCollector.impl=bf c:\Users\ducuy\.vscode\extensions\redhat.java-1.54.0-win32-x64\server\plugins\org.eclipse.equinox.launcher_1.7.100.v20251111-0406.jar -configuration c:\Users\ducuy\AppData\Roaming\Code\User\globalStorage\redhat.java\1.54.0\config_win -data c:\Users\ducuy\AppData\Roaming\Code\User\workspaceStorage\2bc6a7faf2bfeb70a49d89e544ce1b08\redhat.java\jdt_ws --pipe=\\.\pipe\lsp-897a005d2a268a3e6debfe669a5bab3f-sock

Host: Intel(R) Core(TM) i5-8250U CPU @ 1.60GHz, 8 cores, 11G,  Windows 11 , 64 bit Build 22621 (10.0.22621.5415)
Time: Tue Jun  9 13:08:28 2026 SE Asia Standard Time elapsed time: 2025.127539 seconds (0d 0h 33m 45s)

---------------  T H R E A D  ---------------

Current thread (0x000001d8581ed430):  JavaThread "Attach Listener" daemon [_thread_in_vm, id=2608, stack(0x000000b70ad00000,0x000000b70ae00000) (1024K)]

Stack: [0x000000b70ad00000,0x000000b70ae00000]
Native frames: (J=compiled Java code, j=interpreted, Vv=VM code, C=native code)
V  [jvm.dll+0x6d7a39]
V  [jvm.dll+0x8b4b26]
V  [jvm.dll+0x8b70de]
V  [jvm.dll+0x8b77c3]
V  [jvm.dll+0x284346]
V  [jvm.dll+0xc1277]
V  [jvm.dll+0x6d82e9]
V  [jvm.dll+0x1334a6]
V  [jvm.dll+0x3f857e]
V  [jvm.dll+0x85f59d]
V  [jvm.dll+0x6d626d]
C  [ucrtbase.dll+0x29333]
C  [KERNEL32.DLL+0x1259d]
C  [ntdll.dll+0x5af78]


---------------  P R O C E S S  ---------------

Threads class SMR info:
_java_thread_list=0x000001d8a4abaf40, length=47, elements={
0x000001d84177a8c0, 0x000001d8581e8900, 0x000001d8581ea4d0, 0x000001d8581f05e0,
0x000001d8581ed430, 0x000001d8581ee090, 0x000001d8581f15f0, 0x000001d8582143a0,
0x000001d85821e8d0, 0x000001d89ace1020, 0x000001d89ae48bb0, 0x000001d89f2adc70,
0x000001d89f8f2210, 0x000001d89f481020, 0x000001d89f481a60, 0x000001d89fbddf00,
0x000001d89fe9f510, 0x000001d8a0116ad0, 0x000001d89f9eb200, 0x000001d89f9eb890,
0x000001d89f9ebf20, 0x000001d89f9ec5b0, 0x000001d89f9eab70, 0x000001d89f9ea4e0,
0x000001d8a2555110, 0x000001d8a2556b50, 0x000001d8a25536d0, 0x000001d8a2554a80,
0x000001d8a25557a0, 0x000001d8a2553d60, 0x000001d8a25543f0, 0x000001d8a2555e30,
0x000001d8a25564c0, 0x000001d8a3281ac0, 0x000001d8a41601c0, 0x000001d8a415e0f0,
0x000001d8a4161570, 0x000001d8a415c6b0, 0x000001d8a415e780, 0x000001d8a415d3d0,
0x000001d8a415ee10, 0x000001d8a4161c00, 0x000001d8a415f4a0, 0x000001d8a4160ee0,
0x000001d8a415fb30, 0x000001d8a415da60, 0x000001d8a4162fb0
}

Java Threads: ( => current thread )
  0x000001d84177a8c0 JavaThread "main"                              [_thread_blocked, id=11924, stack(0x000000b70a600000,0x000000b70a700000) (1024K)]
  0x000001d8581e8900 JavaThread "Reference Handler"          daemon [_thread_blocked, id=14068, stack(0x000000b70aa00000,0x000000b70ab00000) (1024K)]
  0x000001d8581ea4d0 JavaThread "Finalizer"                  daemon [_thread_blocked, id=14276, stack(0x000000b70ab00000,0x000000b70ac00000) (1024K)]
  0x000001d8581f05e0 JavaThread "Signal Dispatcher"          daemon [_thread_blocked, id=15312, stack(0x000000b70ac00000,0x000000b70ad00000) (1024K)]
=>0x000001d8581ed430 JavaThread "Attach Listener"            daemon [_thread_in_vm, id=2608, stack(0x000000b70ad00000,0x000000b70ae00000) (1024K)]
  0x000001d8581ee090 JavaThread "Service Thread"             daemon [_thread_blocked, id=12448, stack(0x000000b70ae00000,0x000000b70af00000) (1024K)]
  0x000001d8581f15f0 JavaThread "Monitor Deflation Thread"   daemon [_thread_blocked, id=12416, stack(0x000000b70af00000,0x000000b70b000000) (1024K)]
  0x000001d8582143a0 JavaThread "C2 CompilerThread0"         daemon [_thread_blocked, id=15928, stack(0x000000b70b000000,0x000000b70b100000) (1024K)]
  0x000001d85821e8d0 JavaThread "C1 CompilerThread0"         daemon [_thread_blocked, id=20612, stack(0x000000b70b100000,0x000000b70b200000) (1024K)]
  0x000001d89ace1020 JavaThread "Common-Cleaner"             daemon [_thread_blocked, id=17152, stack(0x000000b70b200000,0x000000b70b300000) (1024K)]
  0x000001d89ae48bb0 JavaThread "Notification Thread"        daemon [_thread_blocked, id=13768, stack(0x000000b70b300000,0x000000b70b400000) (1024K)]
  0x000001d89f2adc70 JavaThread "Active Thread: Equinox Container: 83f4054c-e887-4b6e-ad05-2d874feca198"        [_thread_blocked, id=17872, stack(0x000000b70bc00000,0x000000b70bd00000) (1024K)]
  0x000001d89f8f2210 JavaThread "Refresh Thread: Equinox Container: 83f4054c-e887-4b6e-ad05-2d874feca198" daemon [_thread_blocked, id=9660, stack(0x000000b70be00000,0x000000b70bf00000) (1024K)]
  0x000001d89f481020 JavaThread "Framework Event Dispatcher: Equinox Container: 83f4054c-e887-4b6e-ad05-2d874feca198" daemon [_thread_blocked, id=15340, stack(0x000000b70bf00000,0x000000b70c000000) (1024K)]
  0x000001d89f481a60 JavaThread "Start Level: Equinox Container: 83f4054c-e887-4b6e-ad05-2d874feca198" daemon [_thread_blocked, id=18840, stack(0x000000b70c000000,0x000000b70c100000) (1024K)]
  0x000001d89fbddf00 JavaThread "Bundle File Closer"         daemon [_thread_blocked, id=25564, stack(0x000000b70c100000,0x000000b70c200000) (1024K)]
  0x000001d89fe9f510 JavaThread "SCR Component Actor"        daemon [_thread_blocked, id=12200, stack(0x000000b70b400000,0x000000b70b500000) (1024K)]
  0x000001d8a0116ad0 JavaThread "Worker-JM"                         [_thread_blocked, id=3500, stack(0x000000b70c300000,0x000000b70c400000) (1024K)]
  0x000001d89f9eb200 JavaThread "JNA Cleaner"                daemon [_thread_blocked, id=16000, stack(0x000000b70c400000,0x000000b70c500000) (1024K)]
  0x000001d89f9eb890 JavaThread "Worker-0"                          [_thread_blocked, id=23220, stack(0x000000b70c500000,0x000000b70c600000) (1024K)]
  0x000001d89f9ebf20 JavaThread "Worker-1"                          [_thread_blocked, id=17744, stack(0x000000b70c600000,0x000000b70c700000) (1024K)]
  0x000001d89f9ec5b0 JavaThread "Java indexing"              daemon [_thread_blocked, id=4384, stack(0x000000b70c700000,0x000000b70c800000) (1024K)]
  0x000001d89f9eab70 JavaThread "Thread-1"                   daemon [_thread_in_native, id=9928, stack(0x000000b70cc00000,0x000000b70cd00000) (1024K)]
  0x000001d89f9ea4e0 JavaThread "Thread-2"                   daemon [_thread_in_native, id=14712, stack(0x000000b70cd00000,0x000000b70ce00000) (1024K)]
  0x000001d8a2555110 JavaThread "Thread-3"                   daemon [_thread_in_native, id=7300, stack(0x000000b70ce00000,0x000000b70cf00000) (1024K)]
  0x000001d8a2556b50 JavaThread "Thread-4"                   daemon [_thread_in_native, id=19004, stack(0x000000b70cf00000,0x000000b70d000000) (1024K)]
  0x000001d8a25536d0 JavaThread "Thread-5"                   daemon [_thread_in_native, id=14240, stack(0x000000b70d000000,0x000000b70d100000) (1024K)]
  0x000001d8a2554a80 JavaThread "Thread-6"                   daemon [_thread_in_native, id=8532, stack(0x000000b70d100000,0x000000b70d200000) (1024K)]
  0x000001d8a25557a0 JavaThread "Thread-7"                   daemon [_thread_in_native, id=20816, stack(0x000000b70d200000,0x000000b70d300000) (1024K)]
  0x000001d8a2553d60 JavaThread "Thread-8"                   daemon [_thread_in_native, id=22976, stack(0x000000b70d300000,0x000000b70d400000) (1024K)]
  0x000001d8a25543f0 JavaThread "Thread-9"                   daemon [_thread_in_native, id=13316, stack(0x000000b70d400000,0x000000b70d500000) (1024K)]
  0x000001d8a2555e30 JavaThread "pool-2-thread-1"                   [_thread_blocked, id=18032, stack(0x000000b70d500000,0x000000b70d600000) (1024K)]
  0x000001d8a25564c0 JavaThread "WorkspaceEventsHandler"            [_thread_blocked, id=20144, stack(0x000000b70d600000,0x000000b70d700000) (1024K)]
  0x000001d8a3281ac0 JavaThread "pool-1-thread-1"                   [_thread_blocked, id=20432, stack(0x000000b70d700000,0x000000b70d800000) (1024K)]
  0x000001d8a41601c0 JavaThread "Java Debug Server"          daemon [_thread_in_native, id=17944, stack(0x000000b70a500000,0x000000b70a600000) (1024K)]
  0x000001d8a415e0f0 JavaThread "pool-4-thread-1"                   [_thread_in_native, id=15440, stack(0x000000b70b500000,0x000000b70b600000) (1024K)]
  0x000001d8a4161570 JavaThread "RxSchedulerPurge-1"         daemon [_thread_blocked, id=18516, stack(0x000000b70c200000,0x000000b70c300000) (1024K)]
  0x000001d8a415c6b0 JavaThread "RxCachedWorkerPoolEvictor-1" daemon [_thread_blocked, id=16164, stack(0x000000b70df00000,0x000000b70e000000) (1024K)]
  0x000001d8a415e780 JavaThread "RxNewThreadScheduler-1"     daemon [_thread_blocked, id=22388, stack(0x000000b70e000000,0x000000b70e100000) (1024K)]
  0x000001d8a415d3d0 JavaThread "process reaper (pid 2920)"  daemon [_thread_in_native, id=25448, stack(0x000000b70a300000,0x000000b70a320000) (128K)]
  0x000001d8a415ee10 JavaThread "Cleaner-0"                  daemon [_thread_blocked, id=20528, stack(0x000000b70e100000,0x000000b70e200000) (1024K)]
  0x000001d8a4161c00 JavaThread "ForkJoinPool.commonPool-worker-9" daemon [_thread_blocked, id=15084, stack(0x000000b70a320000,0x000000b70a420000) (1024K)]
  0x000001d8a415f4a0 JavaThread "Worker-4"                          [_thread_blocked, id=9552, stack(0x000000b70c900000,0x000000b70ca00000) (1024K)]
  0x000001d8a4160ee0 JavaThread "ForkJoinPool.commonPool-worker-10" daemon [_thread_blocked, id=22840, stack(0x000000b70ca00000,0x000000b70cb00000) (1024K)]
  0x000001d8a415fb30 JavaThread "ForkJoinPool.commonPool-worker-11" daemon [_thread_blocked, id=5376, stack(0x000000b70cb00000,0x000000b70cc00000) (1024K)]
  0x000001d8a415da60 JavaThread "ForkJoinPool.commonPool-worker-12" daemon [_thread_blocked, id=18720, stack(0x000000b70d800000,0x000000b70d900000) (1024K)]
  0x000001d8a4162fb0 JavaThread "ForkJoinPool.commonPool-worker-13" daemon [_thread_blocked, id=1236, stack(0x000000b70d900000,0x000000b70da00000) (1024K)]
Total: 47

Other Threads:
  0x000001d8418189c0 VMThread "VM Thread"                           [id=16492, stack(0x000000b70a900000,0x000000b70aa00000) (1024K)]
  0x000001d8417e62e0 WatcherThread "VM Periodic Task Thread"        [id=4888, stack(0x000000b70a800000,0x000000b70a900000) (1024K)]
  0x000001d841799680 WorkerThread "GC Thread#0"                     [id=16272, stack(0x000000b70a700000,0x000000b70a800000) (1024K)]
  0x000001d89f4244f0 WorkerThread "GC Thread#1"                     [id=20388, stack(0x000000b70b600000,0x000000b70b700000) (1024K)]
  0x000001d89f424140 WorkerThread "GC Thread#2"                     [id=25504, stack(0x000000b70b700000,0x000000b70b800000) (1024K)]
  0x000001d89f4253b0 WorkerThread "GC Thread#3"                     [id=23348, stack(0x000000b70b800000,0x000000b70b900000) (1024K)]
  0x000001d89f424c50 WorkerThread "GC Thread#4"                     [id=24928, stack(0x000000b70b900000,0x000000b70ba00000) (1024K)]
  0x000001d89f423d90 WorkerThread "GC Thread#5"                     [id=11236, stack(0x000000b70ba00000,0x000000b70bb00000) (1024K)]
  0x000001d89f4248a0 WorkerThread "GC Thread#6"                     [id=13404, stack(0x000000b70bb00000,0x000000b70bc00000) (1024K)]
  0x000001d89f873550 WorkerThread "GC Thread#7"                     [id=3708, stack(0x000000b70bd00000,0x000000b70be00000) (1024K)]
Total: 10

Threads with active compile tasks:
Total: 0

VM state: not at safepoint (normal execution)

VM Mutex/Monitor currently owned by a thread: None

Heap address: 0x0000000080000000, size: 2048 MB, Compressed Oops mode: 32-bit

CDS archive(s) mapped at: [0x000001d859000000-0x000001d859ba0000-0x000001d859ba0000), size 12189696, SharedBaseAddress: 0x000001d859000000, ArchiveRelocationMode: 1.
Compressed class space mapped at: 0x000001d85a000000-0x000001d89a000000, reserved size: 1073741824
Narrow klass base: 0x000001d859000000, Narrow klass shift: 0, Narrow klass range: 0x100000000

GC Precious Log:
 CardTable entry size: 512
 CPUs: 8 total, 8 available
 Memory: 12152M
 Large Page Support: Disabled
 NUMA Support: Disabled
 Compressed Oops: Enabled (32-bit)
 Alignments: Space 512K, Generation 512K, Heap 2M
 Heap Min Capacity: 100M
 Heap Initial Capacity: 100M
 Heap Max Capacity: 2G
 Pre-touch: Disabled
 Parallel Workers: 8

Heap:
 PSYoungGen      total 5632K, used 2949K [0x00000000d5580000, 0x00000000d5c00000, 0x0000000100000000)
  eden space 4608K, 52% used [0x00000000d5580000,0x00000000d57dd3f8,0x00000000d5a00000)
  from space 1024K, 51% used [0x00000000d5b00000,0x00000000d5b84010,0x00000000d5c00000)
  to   space 1024K, 0% used [0x00000000d5a00000,0x00000000d5a00000,0x00000000d5b00000)
 ParOldGen       total 233472K, used 233458K [0x0000000080000000, 0x000000008e400000, 0x00000000d5580000)
  object space 233472K, 99% used [0x0000000080000000,0x000000008e3fc9a8,0x000000008e400000)
 Metaspace       used 74576K, committed 76224K, reserved 1179648K
  class space    used 7732K, committed 8448K, reserved 1048576K

Card table byte_map: [0x000001d841140000,0x000001d841550000] _byte_map_base: 0x000001d840d40000

Marking Bits: (ParMarkBitMap*) 0x00007ffbd31b3450
 Begin Bits: [0x000001d853c20000, 0x000001d855c20000)
 End Bits:   [0x000001d855c20000, 0x000001d857c20000)

Polling page: 0x000001d840f30000

Metaspace:

Usage:
  Non-class:     65.28 MB used.
      Class:      7.55 MB used.
       Both:     72.83 MB used.

Virtual space:
  Non-class space:      128.00 MB reserved,      66.19 MB ( 52%) committed,  2 nodes.
      Class space:        1.00 GB reserved,       8.25 MB ( <1%) committed,  1 nodes.
             Both:        1.12 GB reserved,      74.44 MB (  6%) committed. 

Chunk freelists:
   Non-Class:  13.83 MB
       Class:  7.64 MB
        Both:  21.47 MB

MaxMetaspaceSize: unlimited
CompressedClassSpaceSize: 1.00 GB
Initial GC threshold: 21.00 MB
Current GC threshold: 97.31 MB
CDS: on
 - commit_granule_bytes: 65536.
 - commit_granule_words: 8192.
 - virtual_space_node_default_size: 8388608.
 - enlarge_chunks_in_place: 1.
 - use_allocation_guard: 0.


Internal statistics:

num_allocs_failed_limit: 9.
num_arena_births: 1576.
num_arena_deaths: 22.
num_vsnodes_births: 3.
num_vsnodes_deaths: 0.
num_space_committed: 1191.
num_space_uncommitted: 0.
num_chunks_returned_to_freelist: 35.
num_chunks_taken_from_freelist: 5209.
num_chunk_merges: 16.
num_chunk_splits: 3177.
num_chunks_enlarged: 1802.
num_inconsistent_stats: 0.

CodeHeap 'non-profiled nmethods': size=120000Kb used=13398Kb max_used=13398Kb free=106601Kb
 bounds [0x000001d84c440000, 0x000001d84d160000, 0x000001d853970000]
CodeHeap 'profiled nmethods': size=120000Kb used=34808Kb max_used=34808Kb free=85191Kb
 bounds [0x000001d844970000, 0x000001d846b70000, 0x000001d84bea0000]
CodeHeap 'non-nmethods': size=5760Kb used=1480Kb max_used=1623Kb free=4279Kb
 bounds [0x000001d84bea0000, 0x000001d84c110000, 0x000001d84c440000]
CodeCache: size=245760Kb, used=49686Kb, max_used=49829Kb, free=196071Kb
 total_blobs=15497, nmethods=14698, adapters=701, full_count=0
Compilation: enabled, stopped_count=0, restarted_count=0

Compilation events (20 events):
Event: 2000.411 Thread 0x000001d85821e8d0 15510       1       org.eclipse.jdt.internal.compiler.lookup.MethodBinding::typeVariables (5 bytes)
Event: 2000.411 Thread 0x000001d85821e8d0 nmethod 15510 0x000001d84d153d90 code [0x000001d84d153f20, 0x000001d84d153fe8]
Event: 2000.411 Thread 0x000001d85821e8d0 15513       1       org.eclipse.jdt.core.dom.ASTVisitor::visit (2 bytes)
Event: 2000.411 Thread 0x000001d85821e8d0 nmethod 15513 0x000001d84d154090 code [0x000001d84d154220, 0x000001d84d1542e8]
Event: 2000.411 Thread 0x000001d85821e8d0 15515       3       org.eclipse.jdt.core.dom.Modifier::isPublic (10 bytes)
Event: 2000.412 Thread 0x000001d85821e8d0 nmethod 15515 0x000001d846b6bf90 code [0x000001d846b6c140, 0x000001d846b6c290]
Event: 2000.412 Thread 0x000001d85821e8d0 15517       3       org.eclipse.jdt.internal.compiler.lookup.MethodBinding::isDeprecated (15 bytes)
Event: 2000.412 Thread 0x000001d85821e8d0 nmethod 15517 0x000001d846b6c310 code [0x000001d846b6c4c0, 0x000001d846b6c638]
Event: 2000.412 Thread 0x000001d85821e8d0 15516       1       org.eclipse.jdt.core.dom.VariableBinding::getKind (2 bytes)
Event: 2000.412 Thread 0x000001d85821e8d0 nmethod 15516 0x000001d84d154390 code [0x000001d84d154520, 0x000001d84d1545e8]
Event: 2000.412 Thread 0x000001d85821e8d0 15518       3       org.eclipse.jdt.core.dom.MethodBinding::isConstructor (8 bytes)
Event: 2000.412 Thread 0x000001d85821e8d0 nmethod 15518 0x000001d846b6c710 code [0x000001d846b6c8c0, 0x000001d846b6ca88]
Event: 2000.412 Thread 0x000001d85821e8d0 15519       3       org.eclipse.jdt.core.dom.TypeBinding::isAnnotation (8 bytes)
Event: 2000.412 Thread 0x000001d85821e8d0 nmethod 15519 0x000001d846b6cb90 code [0x000001d846b6cd40, 0x000001d846b6cf18]
Event: 2000.412 Thread 0x000001d85821e8d0 15520       3       org.eclipse.jdt.core.dom.CompilationUnit::getLineNumber (138 bytes)
Event: 2000.413 Thread 0x000001d85821e8d0 nmethod 15520 0x000001d846b6d010 code [0x000001d846b6d220, 0x000001d846b6d808]
Event: 2000.413 Thread 0x000001d85821e8d0 15521       3       org.eclipse.jdt.core.dom.CompilationUnit::getColumnNumber (112 bytes)
Event: 2000.413 Thread 0x000001d85821e8d0 nmethod 15521 0x000001d846b6da10 code [0x000001d846b6dc00, 0x000001d846b6e038]
Event: 2000.413 Thread 0x000001d8582143a0 15522       4       java.lang.Long::toString (55 bytes)
Event: 2000.431 Thread 0x000001d8582143a0 nmethod 15522 0x000001d84d154690 code [0x000001d84d154880, 0x000001d84d155528]

GC Heap History (20 events):
Event: 1999.796 GC heap before
{Heap before GC invocations=312 (full 3):
 PSYoungGen      total 5120K, used 5104K [0x00000000d5580000, 0x00000000d5b80000, 0x0000000100000000)
  eden space 4608K, 100% used [0x00000000d5580000,0x00000000d5a00000,0x00000000d5a00000)
  from space 512K, 96% used [0x00000000d5b00000,0x00000000d5b7c010,0x00000000d5b80000)
  to   space 512K, 0% used [0x00000000d5a80000,0x00000000d5a80000,0x00000000d5b00000)
 ParOldGen       total 229376K, used 229112K [0x0000000080000000, 0x000000008e000000, 0x00000000d5580000)
  object space 229376K, 99% used [0x0000000080000000,0x000000008dfbe3f8,0x000000008e000000)
 Metaspace       used 74381K, committed 76032K, reserved 1179648K
  class space    used 7719K, committed 8448K, reserved 1048576K
}
Event: 1999.798 GC heap after
{Heap after GC invocations=312 (full 3):
 PSYoungGen      total 5120K, used 489K [0x00000000d5580000, 0x00000000d5c00000, 0x0000000100000000)
  eden space 4608K, 0% used [0x00000000d5580000,0x00000000d5580000,0x00000000d5a00000)
  from space 512K, 95% used [0x00000000d5a80000,0x00000000d5afa480,0x00000000d5b00000)
  to   space 1024K, 0% used [0x00000000d5b00000,0x00000000d5b00000,0x00000000d5c00000)
 ParOldGen       total 229888K, used 229513K [0x0000000080000000, 0x000000008e080000, 0x00000000d5580000)
  object space 229888K, 99% used [0x0000000080000000,0x000000008e022428,0x000000008e080000)
 Metaspace       used 74381K, committed 76032K, reserved 1179648K
  class space    used 7719K, committed 8448K, reserved 1048576K
}
Event: 1999.825 GC heap before
{Heap before GC invocations=313 (full 3):
 PSYoungGen      total 5120K, used 5097K [0x00000000d5580000, 0x00000000d5c00000, 0x0000000100000000)
  eden space 4608K, 100% used [0x00000000d5580000,0x00000000d5a00000,0x00000000d5a00000)
  from space 512K, 95% used [0x00000000d5a80000,0x00000000d5afa480,0x00000000d5b00000)
  to   space 1024K, 0% used [0x00000000d5b00000,0x00000000d5b00000,0x00000000d5c00000)
 ParOldGen       total 229888K, used 229513K [0x0000000080000000, 0x000000008e080000, 0x00000000d5580000)
  object space 229888K, 99% used [0x0000000080000000,0x000000008e022428,0x000000008e080000)
 Metaspace       used 74501K, committed 76160K, reserved 1179648K
  class space    used 7729K, committed 8448K, reserved 1048576K
}
Event: 1999.826 GC heap after
{Heap after GC invocations=313 (full 3):
 PSYoungGen      total 5632K, used 887K [0x00000000d5580000, 0x00000000d5c00000, 0x0000000100000000)
  eden space 4608K, 0% used [0x00000000d5580000,0x00000000d5580000,0x00000000d5a00000)
  from space 1024K, 86% used [0x00000000d5b00000,0x00000000d5bdde08,0x00000000d5c00000)
  to   space 1024K, 0% used [0x00000000d5a00000,0x00000000d5a00000,0x00000000d5b00000)
 ParOldGen       total 230400K, used 229973K [0x0000000080000000, 0x000000008e100000, 0x00000000d5580000)
  object space 230400K, 99% used [0x0000000080000000,0x000000008e0957b8,0x000000008e100000)
 Metaspace       used 74501K, committed 76160K, reserved 1179648K
  class space    used 7729K, committed 8448K, reserved 1048576K
}
Event: 1999.839 GC heap before
{Heap before GC invocations=314 (full 3):
 PSYoungGen      total 5632K, used 5495K [0x00000000d5580000, 0x00000000d5c00000, 0x0000000100000000)
  eden space 4608K, 100% used [0x00000000d5580000,0x00000000d5a00000,0x00000000d5a00000)
  from space 1024K, 86% used [0x00000000d5b00000,0x00000000d5bdde08,0x00000000d5c00000)
  to   space 1024K, 0% used [0x00000000d5a00000,0x00000000d5a00000,0x00000000d5b00000)
 ParOldGen       total 230400K, used 229973K [0x0000000080000000, 0x000000008e100000, 0x00000000d5580000)
  object space 230400K, 99% used [0x0000000080000000,0x000000008e0957b8,0x000000008e100000)
 Metaspace       used 74502K, committed 76160K, reserved 1179648K
  class space    used 7729K, committed 8448K, reserved 1048576K
}
Event: 1999.840 GC heap after
{Heap after GC invocations=314 (full 3):
 PSYoungGen      total 5632K, used 544K [0x00000000d5580000, 0x00000000d5c00000, 0x0000000100000000)
  eden space 4608K, 0% used [0x00000000d5580000,0x00000000d5580000,0x00000000d5a00000)
  from space 1024K, 53% used [0x00000000d5a00000,0x00000000d5a88000,0x00000000d5b00000)
  to   space 1024K, 0% used [0x00000000d5b00000,0x00000000d5b00000,0x00000000d5c00000)
 ParOldGen       total 230912K, used 230794K [0x0000000080000000, 0x000000008e180000, 0x00000000d5580000)
  object space 230912K, 99% used [0x0000000080000000,0x000000008e162ab0,0x000000008e180000)
 Metaspace       used 74502K, committed 76160K, reserved 1179648K
  class space    used 7729K, committed 8448K, reserved 1048576K
}
Event: 1999.864 GC heap before
{Heap before GC invocations=315 (full 3):
 PSYoungGen      total 5632K, used 5152K [0x00000000d5580000, 0x00000000d5c00000, 0x0000000100000000)
  eden space 4608K, 100% used [0x00000000d5580000,0x00000000d5a00000,0x00000000d5a00000)
  from space 1024K, 53% used [0x00000000d5a00000,0x00000000d5a88000,0x00000000d5b00000)
  to   space 1024K, 0% used [0x00000000d5b00000,0x00000000d5b00000,0x00000000d5c00000)
 ParOldGen       total 230912K, used 230794K [0x0000000080000000, 0x000000008e180000, 0x00000000d5580000)
  object space 230912K, 99% used [0x0000000080000000,0x000000008e162ab0,0x000000008e180000)
 Metaspace       used 74502K, committed 76160K, reserved 1179648K
  class space    used 7729K, committed 8448K, reserved 1048576K
}
Event: 1999.866 GC heap after
{Heap after GC invocations=315 (full 3):
 PSYoungGen      total 5632K, used 576K [0x00000000d5580000, 0x00000000d5c00000, 0x0000000100000000)
  eden space 4608K, 0% used [0x00000000d5580000,0x00000000d5580000,0x00000000d5a00000)
  from space 1024K, 56% used [0x00000000d5b00000,0x00000000d5b90020,0x00000000d5c00000)
  to   space 1024K, 0% used [0x00000000d5a00000,0x00000000d5a00000,0x00000000d5b00000)
 ParOldGen       total 231424K, used 231158K [0x0000000080000000, 0x000000008e200000, 0x00000000d5580000)
  object space 231424K, 99% used [0x0000000080000000,0x000000008e1bdac0,0x000000008e200000)
 Metaspace       used 74502K, committed 76160K, reserved 1179648K
  class space    used 7729K, committed 8448K, reserved 1048576K
}
Event: 1999.881 GC heap before
{Heap before GC invocations=316 (full 3):
 PSYoungGen      total 5632K, used 5184K [0x00000000d5580000, 0x00000000d5c00000, 0x0000000100000000)
  eden space 4608K, 100% used [0x00000000d5580000,0x00000000d5a00000,0x00000000d5a00000)
  from space 1024K, 56% used [0x00000000d5b00000,0x00000000d5b90020,0x00000000d5c00000)
  to   space 1024K, 0% used [0x00000000d5a00000,0x00000000d5a00000,0x00000000d5b00000)
 ParOldGen       total 231424K, used 231158K [0x0000000080000000, 0x000000008e200000, 0x00000000d5580000)
  object space 231424K, 99% used [0x0000000080000000,0x000000008e1bdac0,0x000000008e200000)
 Metaspace       used 74507K, committed 76160K, reserved 1179648K
  class space    used 7729K, committed 8448K, reserved 1048576K
}
Event: 1999.883 GC heap after
{Heap after GC invocations=316 (full 3):
 PSYoungGen      total 5632K, used 448K [0x00000000d5580000, 0x00000000d5b80000, 0x0000000100000000)
  eden space 4608K, 0% used [0x00000000d5580000,0x00000000d5580000,0x00000000d5a00000)
  from space 1024K, 43% used [0x00000000d5a00000,0x00000000d5a70000,0x00000000d5b00000)
  to   space 512K, 0% used [0x00000000d5b00000,0x00000000d5b00000,0x00000000d5b80000)
 ParOldGen       total 231936K, used 231614K [0x0000000080000000, 0x000000008e280000, 0x00000000d5580000)
  object space 231936K, 99% used [0x0000000080000000,0x000000008e22fb00,0x000000008e280000)
 Metaspace       used 74507K, committed 76160K, reserved 1179648K
  class space    used 7729K, committed 8448K, reserved 1048576K
}
Event: 1999.896 GC heap before
{Heap before GC invocations=317 (full 3):
 PSYoungGen      total 5632K, used 5056K [0x00000000d5580000, 0x00000000d5b80000, 0x0000000100000000)
  eden space 4608K, 100% used [0x00000000d5580000,0x00000000d5a00000,0x00000000d5a00000)
  from space 1024K, 43% used [0x00000000d5a00000,0x00000000d5a70000,0x00000000d5b00000)
  to   space 512K, 0% used [0x00000000d5b00000,0x00000000d5b00000,0x00000000d5b80000)
 ParOldGen       total 231936K, used 231614K [0x0000000080000000, 0x000000008e280000, 0x00000000d5580000)
  object space 231936K, 99% used [0x0000000080000000,0x000000008e22fb00,0x000000008e280000)
 Metaspace       used 74513K, committed 76160K, reserved 1179648K
  class space    used 7729K, committed 8448K, reserved 1048576K
}
Event: 1999.897 GC heap after
{Heap after GC invocations=317 (full 3):
 PSYoungGen      total 5120K, used 480K [0x00000000d5580000, 0x00000000d5c00000, 0x0000000100000000)
  eden space 4608K, 0% used [0x00000000d5580000,0x00000000d5580000,0x00000000d5a00000)
  from space 512K, 93% used [0x00000000d5b00000,0x00000000d5b78020,0x00000000d5b80000)
  to   space 1024K, 0% used [0x00000000d5a00000,0x00000000d5a00000,0x00000000d5b00000)
 ParOldGen       total 231936K, used 231910K [0x0000000080000000, 0x000000008e280000, 0x00000000d5580000)
  object space 231936K, 99% used [0x0000000080000000,0x000000008e279b20,0x000000008e280000)
 Metaspace       used 74513K, committed 76160K, reserved 1179648K
  class space    used 7729K, committed 8448K, reserved 1048576K
}
Event: 1999.926 GC heap before
{Heap before GC invocations=318 (full 3):
 PSYoungGen      total 5120K, used 5088K [0x00000000d5580000, 0x00000000d5c00000, 0x0000000100000000)
  eden space 4608K, 100% used [0x00000000d5580000,0x00000000d5a00000,0x00000000d5a00000)
  from space 512K, 93% used [0x00000000d5b00000,0x00000000d5b78020,0x00000000d5b80000)
  to   space 1024K, 0% used [0x00000000d5a00000,0x00000000d5a00000,0x00000000d5b00000)
 ParOldGen       total 231936K, used 231910K [0x0000000080000000, 0x000000008e280000, 0x00000000d5580000)
  object space 231936K, 99% used [0x0000000080000000,0x000000008e279b20,0x000000008e280000)
 Metaspace       used 74515K, committed 76160K, reserved 1179648K
  class space    used 7729K, committed 8448K, reserved 1048576K
}
Event: 1999.928 GC heap after
{Heap after GC invocations=318 (full 3):
 PSYoungGen      total 5632K, used 512K [0x00000000d5580000, 0x00000000d5c00000, 0x0000000100000000)
  eden space 4608K, 0% used [0x00000000d5580000,0x00000000d5580000,0x00000000d5a00000)
  from space 1024K, 50% used [0x00000000d5a00000,0x00000000d5a80000,0x00000000d5b00000)
  to   space 1024K, 0% used [0x00000000d5b00000,0x00000000d5b00000,0x00000000d5c00000)
 ParOldGen       total 232448K, used 232314K [0x0000000080000000, 0x000000008e300000, 0x00000000d5580000)
  object space 232448K, 99% used [0x0000000080000000,0x000000008e2deb50,0x000000008e300000)
 Metaspace       used 74515K, committed 76160K, reserved 1179648K
  class space    used 7729K, committed 8448K, reserved 1048576K
}
Event: 1999.953 GC heap before
{Heap before GC invocations=319 (full 3):
 PSYoungGen      total 5632K, used 5120K [0x00000000d5580000, 0x00000000d5c00000, 0x0000000100000000)
  eden space 4608K, 100% used [0x00000000d5580000,0x00000000d5a00000,0x00000000d5a00000)
  from space 1024K, 50% used [0x00000000d5a00000,0x00000000d5a80000,0x00000000d5b00000)
  to   space 1024K, 0% used [0x00000000d5b00000,0x00000000d5b00000,0x00000000d5c00000)
 ParOldGen       total 232448K, used 232314K [0x0000000080000000, 0x000000008e300000, 0x00000000d5580000)
  object space 232448K, 99% used [0x0000000080000000,0x000000008e2deb50,0x000000008e300000)
 Metaspace       used 74515K, committed 76160K, reserved 1179648K
  class space    used 7729K, committed 8448K, reserved 1048576K
}
Event: 1999.956 GC heap after
{Heap after GC invocations=319 (full 3):
 PSYoungGen      total 5120K, used 448K [0x00000000d5580000, 0x00000000d5b80000, 0x0000000100000000)
  eden space 4608K, 0% used [0x00000000d5580000,0x00000000d5580000,0x00000000d5a00000)
  from space 512K, 87% used [0x00000000d5b00000,0x00000000d5b70000,0x00000000d5b80000)
  to   space 512K, 0% used [0x00000000d5a80000,0x00000000d5a80000,0x00000000d5b00000)
 ParOldGen       total 232960K, used 232690K [0x0000000080000000, 0x000000008e380000, 0x00000000d5580000)
  object space 232960K, 99% used [0x0000000080000000,0x000000008e33cb90,0x000000008e380000)
 Metaspace       used 74515K, committed 76160K, reserved 1179648K
  class space    used 7729K, committed 8448K, reserved 1048576K
}
Event: 1999.978 GC heap before
{Heap before GC invocations=320 (full 3):
 PSYoungGen      total 5120K, used 5056K [0x00000000d5580000, 0x00000000d5b80000, 0x0000000100000000)
  eden space 4608K, 100% used [0x00000000d5580000,0x00000000d5a00000,0x00000000d5a00000)
  from space 512K, 87% used [0x00000000d5b00000,0x00000000d5b70000,0x00000000d5b80000)
  to   space 512K, 0% used [0x00000000d5a80000,0x00000000d5a80000,0x00000000d5b00000)
 ParOldGen       total 232960K, used 232690K [0x0000000080000000, 0x000000008e380000, 0x00000000d5580000)
  object space 232960K, 99% used [0x0000000080000000,0x000000008e33cb90,0x000000008e380000)
 Metaspace       used 74521K, committed 76160K, reserved 1179648K
  class space    used 7730K, committed 8448K, reserved 1048576K
}
Event: 1999.980 GC heap after
{Heap after GC invocations=320 (full 3):
 PSYoungGen      total 5120K, used 512K [0x00000000d5580000, 0x00000000d5c00000, 0x0000000100000000)
  eden space 4608K, 0% used [0x00000000d5580000,0x00000000d5580000,0x00000000d5a00000)
  from space 512K, 100% used [0x00000000d5a80000,0x00000000d5b00000,0x00000000d5b00000)
  to   space 1024K, 0% used [0x00000000d5b00000,0x00000000d5b00000,0x00000000d5c00000)
 ParOldGen       total 233472K, used 233042K [0x0000000080000000, 0x000000008e400000, 0x00000000d5580000)
  object space 233472K, 99% used [0x0000000080000000,0x000000008e394bb0,0x000000008e400000)
 Metaspace       used 74521K, committed 76160K, reserved 1179648K
  class space    used 7730K, committed 8448K, reserved 1048576K
}
Event: 2000.016 GC heap before
{Heap before GC invocations=321 (full 3):
 PSYoungGen      total 5120K, used 5120K [0x00000000d5580000, 0x00000000d5c00000, 0x0000000100000000)
  eden space 4608K, 100% used [0x00000000d5580000,0x00000000d5a00000,0x00000000d5a00000)
  from space 512K, 100% used [0x00000000d5a80000,0x00000000d5b00000,0x00000000d5b00000)
  to   space 1024K, 0% used [0x00000000d5b00000,0x00000000d5b00000,0x00000000d5c00000)
 ParOldGen       total 233472K, used 233042K [0x0000000080000000, 0x000000008e400000, 0x00000000d5580000)
  object space 233472K, 99% used [0x0000000080000000,0x000000008e394bb0,0x000000008e400000)
 Metaspace       used 74532K, committed 76160K, reserved 1179648K
  class space    used 7730K, committed 8448K, reserved 1048576K
}
Event: 2000.019 GC heap after
{Heap after GC invocations=321 (full 3):
 PSYoungGen      total 5632K, used 528K [0x00000000d5580000, 0x00000000d5c00000, 0x0000000100000000)
  eden space 4608K, 0% used [0x00000000d5580000,0x00000000d5580000,0x00000000d5a00000)
  from space 1024K, 51% used [0x00000000d5b00000,0x00000000d5b84010,0x00000000d5c00000)
  to   space 1024K, 0% used [0x00000000d5a00000,0x00000000d5a00000,0x00000000d5b00000)
 ParOldGen       total 233472K, used 233458K [0x0000000080000000, 0x000000008e400000, 0x00000000d5580000)
  object space 233472K, 99% used [0x0000000080000000,0x000000008e3fc9a8,0x000000008e400000)
 Metaspace       used 74532K, committed 76160K, reserved 1179648K
  class space    used 7730K, committed 8448K, reserved 1048576K
}

Dll operation events (11 events):
Event: 0.014 Loaded shared library c:\Users\ducuy\.vscode\extensions\redhat.java-1.54.0-win32-x64\jre\21.0.10-win32-x86_64\bin\java.dll
Event: 0.108 Loaded shared library c:\Users\ducuy\.vscode\extensions\redhat.java-1.54.0-win32-x64\jre\21.0.10-win32-x86_64\bin\zip.dll
Event: 0.137 Loaded shared library C:\Users\ducuy\.vscode\extensions\redhat.java-1.54.0-win32-x64\jre\21.0.10-win32-x86_64\bin\instrument.dll
Event: 0.150 Loaded shared library C:\Users\ducuy\.vscode\extensions\redhat.java-1.54.0-win32-x64\jre\21.0.10-win32-x86_64\bin\net.dll
Event: 0.153 Loaded shared library C:\Users\ducuy\.vscode\extensions\redhat.java-1.54.0-win32-x64\jre\21.0.10-win32-x86_64\bin\nio.dll
Event: 0.156 Loaded shared library C:\Users\ducuy\.vscode\extensions\redhat.java-1.54.0-win32-x64\jre\21.0.10-win32-x86_64\bin\zip.dll
Event: 0.178 Loaded shared library C:\Users\ducuy\.vscode\extensions\redhat.java-1.54.0-win32-x64\jre\21.0.10-win32-x86_64\bin\jimage.dll
Event: 0.333 Loaded shared library c:\Users\ducuy\.vscode\extensions\redhat.java-1.54.0-win32-x64\jre\21.0.10-win32-x86_64\bin\verify.dll
Event: 1.857 Loaded shared library C:\Users\ducuy\AppData\Roaming\Code\User\globalStorage\redhat.java\1.54.0\config_win\org.eclipse.equinox.launcher\org.eclipse.equinox.launcher.win32.win32.x86_64_1.3.0.v20260203-2149\eclipse_11919.dll
Event: 5.033 Loaded shared library C:\Users\ducuy\AppData\Local\Temp\jna-95936534\jna262974646482239694.dll
Event: 61.757 Loaded shared library C:\Users\ducuy\.vscode\extensions\redhat.java-1.54.0-win32-x64\jre\21.0.10-win32-x86_64\bin\extnet.dll

Deoptimization events (20 events):
Event: 1999.847 Thread 0x000001d8a415f4a0 DEOPT PACKING pc=0x000001d84d1044ac sp=0x000000b70c9fca10
Event: 1999.847 Thread 0x000001d8a415f4a0 DEOPT UNPACKING pc=0x000001d84bef3aa2 sp=0x000000b70c9fc998 mode 2
Event: 1999.847 Thread 0x000001d8a415f4a0 Uncommon trap: trap_request=0xffffffc6 fr.pc=0x000001d84d1044ac relative=0x0000000000000a4c
Event: 1999.847 Thread 0x000001d8a415f4a0 Uncommon trap: reason=bimorphic_or_optimized_type_check action=maybe_recompile pc=0x000001d84d1044ac method=org.eclipse.jdt.internal.compiler.parser.Parser.consumeRule(I)V @ 7797 c2
Event: 1999.847 Thread 0x000001d8a415f4a0 DEOPT PACKING pc=0x000001d84d1044ac sp=0x000000b70c9fca10
Event: 1999.847 Thread 0x000001d8a415f4a0 DEOPT UNPACKING pc=0x000001d84bef3aa2 sp=0x000000b70c9fc998 mode 2
Event: 1999.873 Thread 0x000001d8a415f4a0 Uncommon trap: trap_request=0xffffff76 fr.pc=0x000001d84d11dda8 relative=0x0000000000000528
Event: 1999.873 Thread 0x000001d8a415f4a0 Uncommon trap: reason=predicate action=maybe_recompile pc=0x000001d84d11dda8 method=org.eclipse.jdt.internal.compiler.parser.Scanner.checkTaskTag(II)V @ 203 c2
Event: 1999.873 Thread 0x000001d8a415f4a0 DEOPT PACKING pc=0x000001d84d11dda8 sp=0x000000b70c9fddd0
Event: 1999.873 Thread 0x000001d8a415f4a0 DEOPT UNPACKING pc=0x000001d84bef3aa2 sp=0x000000b70c9fdd40 mode 2
Event: 1999.874 Thread 0x000001d89f9ebf20 DEOPT PACKING pc=0x000001d84523f4db sp=0x000000b70c6fed60
Event: 1999.874 Thread 0x000001d89f9ebf20 DEOPT UNPACKING pc=0x000001d84bef4242 sp=0x000000b70c6fe1e8 mode 0
Event: 1999.907 Thread 0x000001d8a415f4a0 DEOPT PACKING pc=0x000001d8466f4235 sp=0x000000b70c9fdd20
Event: 1999.907 Thread 0x000001d8a415f4a0 DEOPT UNPACKING pc=0x000001d84bef4242 sp=0x000000b70c9fd150 mode 0
Event: 1999.942 Thread 0x000001d8a415f4a0 DEOPT PACKING pc=0x000001d846894f58 sp=0x000000b70c9fd1d0
Event: 1999.942 Thread 0x000001d8a415f4a0 DEOPT UNPACKING pc=0x000001d84bef4242 sp=0x000000b70c9fc658 mode 0
Event: 1999.949 Thread 0x000001d8a415f4a0 DEOPT PACKING pc=0x000001d846894f58 sp=0x000000b70c9fdee0
Event: 1999.949 Thread 0x000001d8a415f4a0 DEOPT UNPACKING pc=0x000001d84bef4242 sp=0x000000b70c9fd368 mode 0
Event: 1999.964 Thread 0x000001d8a415f4a0 DEOPT PACKING pc=0x000001d846894f58 sp=0x000000b70c9fe080
Event: 1999.964 Thread 0x000001d8a415f4a0 DEOPT UNPACKING pc=0x000001d84bef4242 sp=0x000000b70c9fd508 mode 0

Classes loaded (20 events):
Event: 76.584 Loading class com/sun/crypto/provider/Padding done
Event: 76.584 Loading class com/sun/crypto/provider/PKCS5Padding done
Event: 76.584 Loading class com/sun/crypto/provider/CipherBlockChaining
Event: 76.584 Loading class com/sun/crypto/provider/CipherBlockChaining done
Event: 76.584 Loading class javax/crypto/NullCipher
Event: 76.584 Loading class javax/crypto/NullCipher done
Event: 76.586 Loading class sun/security/util/ArrayUtil
Event: 76.587 Loading class sun/security/util/ArrayUtil done
Event: 76.616 Loading class java/util/zip/CheckedInputStream
Event: 76.620 Loading class java/util/zip/CheckedInputStream done
Event: 76.761 Loading class java/io/SequenceInputStream
Event: 76.761 Loading class java/io/SequenceInputStream done
Event: 76.761 Loading class java/util/zip/GZIPInputStream$1
Event: 76.762 Loading class java/util/zip/GZIPInputStream$1 done
Event: 80.270 Loading class jdk/internal/ref/CleanerImpl$InnocuousThreadFactory
Event: 80.273 Loading class jdk/internal/ref/CleanerImpl$InnocuousThreadFactory done
Event: 1998.354 Loading class java/nio/charset/CharacterCodingException
Event: 1998.354 Loading class java/nio/charset/CharacterCodingException done
Event: 1998.377 Loading class java/util/WeakHashMap$KeyIterator
Event: 1998.377 Loading class java/util/WeakHashMap$KeyIterator done

Classes unloaded (11 events):
Event: 5.517 Thread 0x000001d8418189c0 Unloading class 0x000001d85a1ab400 'java/lang/invoke/LambdaForm$MH+0x000001d85a1ab400'
Event: 5.517 Thread 0x000001d8418189c0 Unloading class 0x000001d85a1ab000 'java/lang/invoke/LambdaForm$MH+0x000001d85a1ab000'
Event: 5.517 Thread 0x000001d8418189c0 Unloading class 0x000001d85a1aac00 'java/lang/invoke/LambdaForm$MH+0x000001d85a1aac00'
Event: 5.517 Thread 0x000001d8418189c0 Unloading class 0x000001d85a1aa800 'java/lang/invoke/LambdaForm$MH+0x000001d85a1aa800'
Event: 5.517 Thread 0x000001d8418189c0 Unloading class 0x000001d85a1aa400 'java/lang/invoke/LambdaForm$BMH+0x000001d85a1aa400'
Event: 5.517 Thread 0x000001d8418189c0 Unloading class 0x000001d85a1aa000 'java/lang/invoke/LambdaForm$DMH+0x000001d85a1aa000'
Event: 5.517 Thread 0x000001d8418189c0 Unloading class 0x000001d85a1a8c00 'java/lang/invoke/LambdaForm$DMH+0x000001d85a1a8c00'
Event: 18.209 Thread 0x000001d8418189c0 Unloading class 0x000001d85a650000 'java/lang/invoke/LambdaForm$DMH+0x000001d85a650000'
Event: 18.209 Thread 0x000001d8418189c0 Unloading class 0x000001d85a649c00 'java/lang/invoke/LambdaForm$DMH+0x000001d85a649c00'
Event: 18.209 Thread 0x000001d8418189c0 Unloading class 0x000001d85a649800 'java/lang/invoke/LambdaForm$DMH+0x000001d85a649800'
Event: 18.209 Thread 0x000001d8418189c0 Unloading class 0x000001d85a649400 'java/lang/invoke/LambdaForm$DMH+0x000001d85a649400'

Classes redefined (0 events):
No events

Internal exceptions (20 events):
Event: 76.746 Thread 0x000001d8a327f9f0 Exception <a 'java/lang/NoSuchMethodError'{0x00000000d56c2648}: 'int java.lang.invoke.Invokers$Holder.invokeExact_MT(java.lang.Object, java.lang.Object)'> (0x00000000d56c2648) 
thrown [s\src\hotspot\share\interpreter\linkResolver.cpp, line 773]
Event: 77.384 Thread 0x000001d8a3281ac0 Exception <a 'java/lang/IncompatibleClassChangeError'{0x00000000d5a7bac0}: Found class java.lang.Object, but interface was expected> (0x00000000d5a7bac0) 
thrown [s\src\hotspot\share\interpreter\linkResolver.cpp, line 840]
Event: 77.423 Thread 0x000001d8a3281ac0 Exception <a 'java/lang/IncompatibleClassChangeError'{0x00000000d5592f10}: Found class java.lang.Object, but interface was expected> (0x00000000d5592f10) 
thrown [s\src\hotspot\share\interpreter\linkResolver.cpp, line 840]
Event: 77.433 Thread 0x000001d8a3282150 Exception <a 'java/lang/ArrayIndexOutOfBoundsException'{0x00000000d560b368}> (0x00000000d560b368) 
thrown [s\src\hotspot\share\runtime\sharedRuntime.cpp, line 625]
Event: 78.290 Thread 0x000001d8a3281ac0 Exception <a 'java/lang/IncompatibleClassChangeError'{0x00000000d5882a80}: Found class java.lang.Object, but interface was expected> (0x00000000d5882a80) 
thrown [s\src\hotspot\share\interpreter\linkResolver.cpp, line 840]
Event: 78.550 Thread 0x000001d8a3282e70 Implicit null exception at 0x000001d84c63ff49 to 0x000001d84c6400a0
Event: 79.076 Thread 0x000001d8a3280080 Exception <a 'java/lang/LinkageError'{0x00000000d561c6a8}: loader lombok.launch.ShadowClassLoader @47c2df6d attempted duplicate class definition for lombok.launch.PatchFixesHider$Val. (lombok.launch.PatchFixesHider$Val is in unnamed module of loader lombok.launch.ShadowClassLoader @47c2df6d, parent loader org.eclipse.osgi.internal.loader.EquinoxClassLoader @b43c582)> (0x00000000d561c6a8) 
thrown [s\src\hotspot\share\classfile\systemDictionary.cpp, line 1672]
Event: 79.306 Thread 0x000001d8a3282e70 Exception <a 'java/lang/LinkageError'{0x00000000d5a51440}: loader lombok.launch.ShadowClassLoader @717f4704 attempted duplicate class definition for lombok.eclipse.agent.PatchDiagnostics. (lombok.eclipse.agent.PatchDiagnostics is in unnamed module of loader lombok.launch.ShadowClassLoader @717f4704, parent loader org.eclipse.osgi.internal.loader.EquinoxClassLoader @3f8d6912)> (0x00000000d5a51440) 
thrown [s\src\hotspot\share\classfile\systemDictionary.cpp, line 1672]
Event: 79.366 Thread 0x000001d8a3282e70 Exception <a 'java/lang/LinkageError'{0x00000000d55a1778}: loader lombok.launch.ShadowClassLoader @717f4704 attempted duplicate class definition for lombok.launch.PatchFixesHider$ValPortal. (lombok.launch.PatchFixesHider$ValPortal is in unnamed module of loader lombok.launch.ShadowClassLoader @717f4704, parent loader org.eclipse.osgi.internal.loader.EquinoxClassLoader @3f8d6912)> (0x00000000d55a1778) 
thrown [s\src\hotspot\share\classfile\systemDictionary.cpp, line 1672]
Event: 79.369 Thread 0x000001d8a3280080 Exception <a 'java/lang/LinkageError'{0x00000000d56f5fc8}: loader lombok.launch.ShadowClassLoader @717f4704 attempted duplicate class definition for lombok.launch.PatchFixesHider$ValPortal. (lombok.launch.PatchFixesHider$ValPortal is in unnamed module of loader lombok.launch.ShadowClassLoader @717f4704, parent loader org.eclipse.osgi.internal.loader.EquinoxClassLoader @3f8d6912)> (0x00000000d56f5fc8) 
thrown [s\src\hotspot\share\classfile\systemDictionary.cpp, line 1672]
Event: 1980.166 Thread 0x000001d8a3281ac0 Exception <a 'java/lang/IncompatibleClassChangeError'{0x00000000d5a69038}: Found class java.lang.Object, but interface was expected> (0x00000000d5a69038) 
thrown [s\src\hotspot\share\interpreter\linkResolver.cpp, line 840]
Event: 1998.363 Thread 0x000001d8a3281ac0 Exception <a 'java/io/FileNotFoundException'{0x00000000d575c6a8}> (0x00000000d575c6a8) 
thrown [s\src\hotspot\share\prims\jni.cpp, line 520]
Event: 1998.363 Thread 0x000001d8a3281ac0 Exception <a 'java/io/FileNotFoundException'{0x00000000d575d948}> (0x00000000d575d948) 
thrown [s\src\hotspot\share\prims\jni.cpp, line 520]
Event: 1998.363 Thread 0x000001d8a3281ac0 Implicit null exception at 0x000001d84cf7a88c to 0x000001d84cf7bad0
Event: 1998.790 Thread 0x000001d8a415f4a0 Exception <a 'java/lang/NoSuchMethodError'{0x00000000d58b4dd0}: 'java.lang.Object java.lang.invoke.DirectMethodHandle$Holder.invokeSpecial(java.lang.Object, java.lang.Object, int, long)'> (0x00000000d58b4dd0) 
thrown [s\src\hotspot\share\interpreter\linkResolver.cpp, line 773]
Event: 1999.260 Thread 0x000001d8a415fb30 Implicit null exception at 0x000001d84cfe34a0 to 0x000001d84cfe370c
Event: 1999.265 Thread 0x000001d8a415fb30 Exception <a 'java/lang/NoSuchMethodError'{0x00000000d57169b8}: 'java.lang.Object java.lang.invoke.DirectMethodHandle$Holder.invokeStatic(java.lang.Object, java.lang.Object, int, java.lang.Object, java.lang.Object)'> (0x00000000d57169b8) 
thrown [s\src\hotspot\share\interpreter\linkResolver.cpp, line 773]
Event: 1999.716 Thread 0x000001d8a415f4a0 Exception <a 'java/io/FileNotFoundException'{0x00000000d57dd750}> (0x00000000d57dd750) 
thrown [s\src\hotspot\share\prims\jni.cpp, line 520]
Event: 1999.717 Thread 0x000001d8a415f4a0 Exception <a 'java/io/FileNotFoundException'{0x00000000d57de768}> (0x00000000d57de768) 
thrown [s\src\hotspot\share\prims\jni.cpp, line 520]
Event: 1999.717 Thread 0x000001d8a415f4a0 Exception <a 'java/io/FileNotFoundException'{0x00000000d57df4d0}> (0x00000000d57df4d0) 
thrown [s\src\hotspot\share\prims\jni.cpp, line 520]

ZGC Phase Switch (0 events):
No events

VM Operations (20 events):
Event: 1999.825 Executing safepoint VM operation: ParallelGCFailedAllocation (Allocation Failure)
Event: 1999.826 Executing safepoint VM operation: ParallelGCFailedAllocation (Allocation Failure) done
Event: 1999.839 Executing safepoint VM operation: ParallelGCFailedAllocation (Allocation Failure)
Event: 1999.840 Executing safepoint VM operation: ParallelGCFailedAllocation (Allocation Failure) done
Event: 1999.864 Executing safepoint VM operation: ParallelGCFailedAllocation (Allocation Failure)
Event: 1999.866 Executing safepoint VM operation: ParallelGCFailedAllocation (Allocation Failure) done
Event: 1999.881 Executing safepoint VM operation: ParallelGCFailedAllocation (Allocation Failure)
Event: 1999.883 Executing safepoint VM operation: ParallelGCFailedAllocation (Allocation Failure) done
Event: 1999.896 Executing safepoint VM operation: ParallelGCFailedAllocation (Allocation Failure)
Event: 1999.897 Executing safepoint VM operation: ParallelGCFailedAllocation (Allocation Failure) done
Event: 1999.926 Executing safepoint VM operation: ParallelGCFailedAllocation (Allocation Failure)
Event: 1999.928 Executing safepoint VM operation: ParallelGCFailedAllocation (Allocation Failure) done
Event: 1999.953 Executing safepoint VM operation: ParallelGCFailedAllocation (Allocation Failure)
Event: 1999.956 Executing safepoint VM operation: ParallelGCFailedAllocation (Allocation Failure) done
Event: 1999.978 Executing safepoint VM operation: ParallelGCFailedAllocation (Allocation Failure)
Event: 1999.980 Executing safepoint VM operation: ParallelGCFailedAllocation (Allocation Failure) done
Event: 2000.016 Executing safepoint VM operation: ParallelGCFailedAllocation (Allocation Failure)
Event: 2000.020 Executing safepoint VM operation: ParallelGCFailedAllocation (Allocation Failure) done
Event: 2001.033 Executing safepoint VM operation: Cleanup
Event: 2001.033 Executing safepoint VM operation: Cleanup done

Memory protections (0 events):
No events

Nmethod flushes (20 events):
Event: 18.238 Thread 0x000001d8418189c0 flushing  nmethod 0x000001d84524b390
Event: 18.238 Thread 0x000001d8418189c0 flushing  nmethod 0x000001d84524b990
Event: 18.238 Thread 0x000001d8418189c0 flushing  nmethod 0x000001d84524d190
Event: 18.238 Thread 0x000001d8418189c0 flushing  nmethod 0x000001d845259f90
Event: 18.238 Thread 0x000001d8418189c0 flushing  nmethod 0x000001d845270190
Event: 18.238 Thread 0x000001d8418189c0 flushing  nmethod 0x000001d845277410
Event: 18.238 Thread 0x000001d8418189c0 flushing osr nmethod 0x000001d8452a6d10
Event: 18.238 Thread 0x000001d8418189c0 flushing  nmethod 0x000001d8452c2b90
Event: 18.238 Thread 0x000001d8418189c0 flushing osr nmethod 0x000001d8452c5d10
Event: 18.238 Thread 0x000001d8418189c0 flushing  nmethod 0x000001d8452fed10
Event: 18.238 Thread 0x000001d8418189c0 flushing  nmethod 0x000001d845300810
Event: 18.238 Thread 0x000001d8418189c0 flushing  nmethod 0x000001d845302b10
Event: 18.238 Thread 0x000001d8418189c0 flushing  nmethod 0x000001d845302e90
Event: 18.238 Thread 0x000001d8418189c0 flushing  nmethod 0x000001d845303890
Event: 18.238 Thread 0x000001d8418189c0 flushing  nmethod 0x000001d845306010
Event: 18.238 Thread 0x000001d8418189c0 flushing  nmethod 0x000001d845306a10
Event: 18.238 Thread 0x000001d8418189c0 flushing  nmethod 0x000001d845306e90
Event: 18.238 Thread 0x000001d8418189c0 flushing  nmethod 0x000001d845320210
Event: 18.238 Thread 0x000001d8418189c0 flushing  nmethod 0x000001d845320510
Event: 18.238 Thread 0x000001d8418189c0 flushing  nmethod 0x000001d84532ac10

Events (20 events):
Event: 441.154 Thread 0x000001d8a3280710 Thread exited: 0x000001d8a3280710
Event: 501.169 Thread 0x000001d8a3282150 Thread exited: 0x000001d8a3282150
Event: 1194.232 Thread 0x000001d8a3281ac0 Thread added: 0x000001d8a415cd40
Event: 1194.246 Thread 0x000001d85821e8d0 Thread added: 0x000001d89f89bf70
Event: 1194.246 Thread 0x000001d85821e8d0 Thread added: 0x000001d89f89e180
Event: 1195.392 Thread 0x000001d89f89e180 Thread exited: 0x000001d89f89e180
Event: 1200.391 Thread 0x000001d89f89bf70 Thread exited: 0x000001d89f89bf70
Event: 1255.394 Thread 0x000001d8a415cd40 Thread exited: 0x000001d8a415cd40
Event: 1979.005 Thread 0x000001d8a3281ac0 Thread added: 0x000001d8a4161c00
Event: 1998.373 Thread 0x000001d85821e8d0 Thread added: 0x000001d89f89bf70
Event: 1998.380 Thread 0x000001d89f9ebf20 Thread added: 0x000001d8a415f4a0
Event: 1998.428 Thread 0x000001d8a3281ac0 Thread added: 0x000001d8a4160ee0
Event: 1998.709 Thread 0x000001d8a3281ac0 Thread added: 0x000001d8a415fb30
Event: 1998.733 Thread 0x000001d8a3281ac0 Thread added: 0x000001d8a415da60
Event: 1998.734 Thread 0x000001d8a415da60 Thread added: 0x000001d8a4162fb0
Event: 1998.780 Thread 0x000001d89f89bf70 Thread exited: 0x000001d89f89bf70
Event: 1998.815 Thread 0x000001d85821e8d0 Thread added: 0x000001d89f89c640
Event: 1998.817 Thread 0x000001d85821e8d0 Thread added: 0x000001d89f89fcc0
Event: 2000.408 Thread 0x000001d89f89fcc0 Thread exited: 0x000001d89f89fcc0
Event: 2000.408 Thread 0x000001d89f89c640 Thread exited: 0x000001d89f89c640


Dynamic libraries:
0x00007ff6ee690000 - 0x00007ff6ee69e000 	c:\Users\ducuy\.vscode\extensions\redhat.java-1.54.0-win32-x64\jre\21.0.10-win32-x86_64\bin\java.exe
0x00007ffc4c0b0000 - 0x00007ffc4c2c8000 	C:\WINDOWS\SYSTEM32\ntdll.dll
0x00007ffc4b410000 - 0x00007ffc4b4d4000 	C:\WINDOWS\System32\KERNEL32.DLL
0x00007ffc49240000 - 0x00007ffc49613000 	C:\WINDOWS\System32\KERNELBASE.dll
0x00007ffc44ff0000 - 0x00007ffc45087000 	C:\WINDOWS\SYSTEM32\apphelp.dll
0x00007ffc49620000 - 0x00007ffc49731000 	C:\WINDOWS\System32\ucrtbase.dll
0x00007ffc34410000 - 0x00007ffc34428000 	c:\Users\ducuy\.vscode\extensions\redhat.java-1.54.0-win32-x64\jre\21.0.10-win32-x86_64\bin\jli.dll
0x00007ffc4b230000 - 0x00007ffc4b3e2000 	C:\WINDOWS\System32\USER32.dll
0x00007ffc49d20000 - 0x00007ffc49d46000 	C:\WINDOWS\System32\win32u.dll
0x00007ffc34430000 - 0x00007ffc3444e000 	c:\Users\ducuy\.vscode\extensions\redhat.java-1.54.0-win32-x64\jre\21.0.10-win32-x86_64\bin\VCRUNTIME140.dll
0x00007ffc32ad0000 - 0x00007ffc32d6c000 	C:\WINDOWS\WinSxS\amd64_microsoft.windows.common-controls_6595b64144ccf1df_6.0.22621.6060_none_2712eda17382d24b\COMCTL32.dll
0x00007ffc4ba00000 - 0x00007ffc4baa7000 	C:\WINDOWS\System32\msvcrt.dll
0x00007ffc4bab0000 - 0x00007ffc4bad9000 	C:\WINDOWS\System32\GDI32.dll
0x00007ffc49960000 - 0x00007ffc49a7b000 	C:\WINDOWS\System32\gdi32full.dll
0x00007ffc49a80000 - 0x00007ffc49b1a000 	C:\WINDOWS\System32\msvcp_win.dll
0x00007ffc4b750000 - 0x00007ffc4b781000 	C:\WINDOWS\System32\IMM32.DLL
0x00007ffc44840000 - 0x00007ffc4484c000 	c:\Users\ducuy\.vscode\extensions\redhat.java-1.54.0-win32-x64\jre\21.0.10-win32-x86_64\bin\vcruntime140_1.dll
0x00007ffc152c0000 - 0x00007ffc1534d000 	c:\Users\ducuy\.vscode\extensions\redhat.java-1.54.0-win32-x64\jre\21.0.10-win32-x86_64\bin\msvcp140.dll
0x00007ffbd24f0000 - 0x00007ffbd3291000 	c:\Users\ducuy\.vscode\extensions\redhat.java-1.54.0-win32-x64\jre\21.0.10-win32-x86_64\bin\server\jvm.dll
0x00007ffc49fc0000 - 0x00007ffc4a071000 	C:\WINDOWS\System32\ADVAPI32.dll
0x00007ffc4b790000 - 0x00007ffc4b838000 	C:\WINDOWS\System32\sechost.dll
0x00007ffc49930000 - 0x00007ffc49958000 	C:\WINDOWS\System32\bcrypt.dll
0x00007ffc4b8d0000 - 0x00007ffc4b9e8000 	C:\WINDOWS\System32\RPCRT4.dll
0x00007ffc4a230000 - 0x00007ffc4a2a1000 	C:\WINDOWS\System32\WS2_32.dll
0x00007ffc47fd0000 - 0x00007ffc4801d000 	C:\WINDOWS\SYSTEM32\POWRPROF.dll
0x00007ffc41d20000 - 0x00007ffc41d54000 	C:\WINDOWS\SYSTEM32\WINMM.dll
0x00007ffc3dae0000 - 0x00007ffc3daea000 	C:\WINDOWS\SYSTEM32\VERSION.dll
0x00007ffc47fb0000 - 0x00007ffc47fc3000 	C:\WINDOWS\SYSTEM32\UMPDC.dll
0x00007ffc48250000 - 0x00007ffc48268000 	C:\WINDOWS\SYSTEM32\kernel.appcore.dll
0x00007ffc44790000 - 0x00007ffc4479a000 	c:\Users\ducuy\.vscode\extensions\redhat.java-1.54.0-win32-x64\jre\21.0.10-win32-x86_64\bin\jimage.dll
0x00007ffc46d50000 - 0x00007ffc46f83000 	C:\WINDOWS\SYSTEM32\DBGHELP.DLL
0x00007ffc4bae0000 - 0x00007ffc4be71000 	C:\WINDOWS\System32\combase.dll
0x00007ffc4b150000 - 0x00007ffc4b228000 	C:\WINDOWS\System32\OLEAUT32.dll
0x00007ffc37180000 - 0x00007ffc371b2000 	C:\WINDOWS\SYSTEM32\dbgcore.DLL
0x00007ffc491c0000 - 0x00007ffc4923b000 	C:\WINDOWS\System32\bcryptPrimitives.dll
0x00007ffc42430000 - 0x00007ffc4243f000 	c:\Users\ducuy\.vscode\extensions\redhat.java-1.54.0-win32-x64\jre\21.0.10-win32-x86_64\bin\instrument.dll
0x00007ffc32a50000 - 0x00007ffc32a70000 	c:\Users\ducuy\.vscode\extensions\redhat.java-1.54.0-win32-x64\jre\21.0.10-win32-x86_64\bin\java.dll
0x00007ffc4a8b0000 - 0x00007ffc4b14c000 	C:\WINDOWS\System32\SHELL32.dll
0x00007ffc49b20000 - 0x00007ffc49c5f000 	C:\WINDOWS\System32\wintypes.dll
0x00007ffc47070000 - 0x00007ffc4798a000 	C:\WINDOWS\SYSTEM32\windows.storage.dll
0x00007ffc4bf40000 - 0x00007ffc4c044000 	C:\WINDOWS\System32\SHCORE.dll
0x00007ffc4a840000 - 0x00007ffc4a8a9000 	C:\WINDOWS\System32\shlwapi.dll
0x00007ffc490f0000 - 0x00007ffc49115000 	C:\WINDOWS\SYSTEM32\profapi.dll
0x00007ffc32a30000 - 0x00007ffc32a48000 	c:\Users\ducuy\.vscode\extensions\redhat.java-1.54.0-win32-x64\jre\21.0.10-win32-x86_64\bin\zip.dll
0x00007ffc418f0000 - 0x00007ffc41900000 	C:\Users\ducuy\.vscode\extensions\redhat.java-1.54.0-win32-x64\jre\21.0.10-win32-x86_64\bin\net.dll
0x00007ffc416e0000 - 0x00007ffc4180c000 	C:\WINDOWS\SYSTEM32\WINHTTP.dll
0x00007ffc48710000 - 0x00007ffc48779000 	C:\WINDOWS\system32\mswsock.dll
0x00007ffc30ee0000 - 0x00007ffc30ef6000 	C:\Users\ducuy\.vscode\extensions\redhat.java-1.54.0-win32-x64\jre\21.0.10-win32-x86_64\bin\nio.dll
0x00007ffc3b150000 - 0x00007ffc3b160000 	c:\Users\ducuy\.vscode\extensions\redhat.java-1.54.0-win32-x64\jre\21.0.10-win32-x86_64\bin\verify.dll
0x00007ffc18850000 - 0x00007ffc18895000 	C:\Users\ducuy\AppData\Roaming\Code\User\globalStorage\redhat.java\1.54.0\config_win\org.eclipse.equinox.launcher\org.eclipse.equinox.launcher.win32.win32.x86_64_1.3.0.v20260203-2149\eclipse_11919.dll
0x00007ffc4a080000 - 0x00007ffc4a221000 	C:\WINDOWS\System32\ole32.dll
0x00007ffc48a60000 - 0x00007ffc48a7b000 	C:\WINDOWS\SYSTEM32\CRYPTSP.dll
0x00007ffc481b0000 - 0x00007ffc481e7000 	C:\WINDOWS\system32\rsaenh.dll
0x00007ffc487b0000 - 0x00007ffc487d8000 	C:\WINDOWS\SYSTEM32\USERENV.dll
0x00007ffc48a40000 - 0x00007ffc48a4c000 	C:\WINDOWS\SYSTEM32\CRYPTBASE.dll
0x00007ffc47c60000 - 0x00007ffc47c8d000 	C:\WINDOWS\SYSTEM32\IPHLPAPI.DLL
0x00007ffc49fb0000 - 0x00007ffc49fb9000 	C:\WINDOWS\System32\NSI.dll
0x00007ffc0fa70000 - 0x00007ffc0fab9000 	C:\Users\ducuy\AppData\Local\Temp\jna-95936534\jna262974646482239694.dll
0x00007ffc4b9f0000 - 0x00007ffc4b9f8000 	C:\WINDOWS\System32\PSAPI.DLL
0x00007ffc424d0000 - 0x00007ffc424e9000 	C:\WINDOWS\SYSTEM32\dhcpcsvc6.DLL
0x00007ffc41f10000 - 0x00007ffc41f2f000 	C:\WINDOWS\SYSTEM32\dhcpcsvc.DLL
0x00007ffc353a0000 - 0x00007ffc353a9000 	C:\Users\ducuy\.vscode\extensions\redhat.java-1.54.0-win32-x64\jre\21.0.10-win32-x86_64\bin\extnet.dll

JVMTI agents:
c:\Users\ducuy\.vscode\extensions\redhat.java-1.54.0-win32-x64\lombok\lombok-1.18.39-4050.jar path:c:\Users\ducuy\.vscode\extensions\redhat.java-1.54.0-win32-x64\jre\21.0.10-win32-x86_64\bin\instrument.dll, loaded, initialized, instrumentlib options:none

dbghelp: loaded successfully - version: 4.0.5 - missing functions: none
symbol engine: initialized successfully - sym options: 0x614 - pdb path: .;c:\Users\ducuy\.vscode\extensions\redhat.java-1.54.0-win32-x64\jre\21.0.10-win32-x86_64\bin;C:\WINDOWS\SYSTEM32;C:\WINDOWS\WinSxS\amd64_microsoft.windows.common-controls_6595b64144ccf1df_6.0.22621.6060_none_2712eda17382d24b;c:\Users\ducuy\.vscode\extensions\redhat.java-1.54.0-win32-x64\jre\21.0.10-win32-x86_64\bin\server;C:\Users\ducuy\AppData\Roaming\Code\User\globalStorage\redhat.java\1.54.0\config_win\org.eclipse.equinox.launcher\org.eclipse.equinox.launcher.win32.win32.x86_64_1.3.0.v20260203-2149;C:\Users\ducuy\AppData\Local\Temp\jna-95936534

VM Arguments:
jvm_args: --add-modules=ALL-SYSTEM --add-opens=java.base/java.util=ALL-UNNAMED --add-opens=java.base/java.lang=ALL-UNNAMED --add-opens=java.base/sun.nio.fs=ALL-UNNAMED -Declipse.application=org.eclipse.jdt.ls.core.id1 -Dosgi.bundles.defaultStartLevel=4 -Declipse.product=org.eclipse.jdt.ls.core.product -Djava.import.generatesMetadataFilesAtProjectRoot=false -DDetectVMInstallationsJob.disabled=true -Dfile.encoding=utf8 -XX:+UseParallelGC -XX:GCTimeRatio=4 -XX:AdaptiveSizePolicyWeight=90 -Dsun.zip.disableMemoryMapping=true -Xmx2G -Xms100m -Xlog:disable -javaagent:c:\Users\ducuy\.vscode\extensions\redhat.java-1.54.0-win32-x64\lombok\lombok-1.18.39-4050.jar -XX:+HeapDumpOnOutOfMemoryError -XX:HeapDumpPath=c:\Users\ducuy\AppData\Roaming\Code\User\workspaceStorage\2bc6a7faf2bfeb70a49d89e544ce1b08\redhat.java -Daether.dependencyCollector.impl=bf 
java_command: c:\Users\ducuy\.vscode\extensions\redhat.java-1.54.0-win32-x64\server\plugins\org.eclipse.equinox.launcher_1.7.100.v20251111-0406.jar -configuration c:\Users\ducuy\AppData\Roaming\Code\User\globalStorage\redhat.java\1.54.0\config_win -data c:\Users\ducuy\AppData\Roaming\Code\User\workspaceStorage\2bc6a7faf2bfeb70a49d89e544ce1b08\redhat.java\jdt_ws --pipe=\\.\pipe\lsp-897a005d2a268a3e6debfe669a5bab3f-sock
java_class_path (initial): c:\Users\ducuy\.vscode\extensions\redhat.java-1.54.0-win32-x64\server\plugins\org.eclipse.equinox.launcher_1.7.100.v20251111-0406.jar
Launcher Type: SUN_STANDARD

[Global flags]
    uintx AdaptiveSizePolicyWeight                 = 90                                        {product} {command line}
     intx CICompilerCount                          = 4                                         {product} {ergonomic}
    uintx GCTimeRatio                              = 4                                         {product} {command line}
     bool HeapDumpOnOutOfMemoryError               = true                                   {manageable} {command line}
    ccstr HeapDumpPath                             = c:\Users\ducuy\AppData\Roaming\Code\User\workspaceStorage\2bc6a7faf2bfeb70a49d89e544ce1b08\redhat.java         {manageable} {command line}
   size_t InitialHeapSize                          = 104857600                                 {product} {command line}
   size_t MaxHeapSize                              = 2147483648                                {product} {command line}
   size_t MaxNewSize                               = 715653120                                 {product} {ergonomic}
   size_t MinHeapDeltaBytes                        = 524288                                    {product} {ergonomic}
   size_t MinHeapSize                              = 104857600                                 {product} {command line}
   size_t NewSize                                  = 34603008                                  {product} {ergonomic}
    uintx NonNMethodCodeHeapSize                   = 5839372                                {pd product} {ergonomic}
    uintx NonProfiledCodeHeapSize                  = 122909434                              {pd product} {ergonomic}
   size_t OldSize                                  = 70254592                                  {product} {ergonomic}
    uintx ProfiledCodeHeapSize                     = 122909434                              {pd product} {ergonomic}
    uintx ReservedCodeCacheSize                    = 251658240                              {pd product} {ergonomic}
     bool SegmentedCodeCache                       = true                                      {product} {ergonomic}
   size_t SoftMaxHeapSize                          = 2147483648                             {manageable} {ergonomic}
     bool UseCompressedOops                        = true                           {product lp64_product} {ergonomic}
     bool UseLargePagesIndividualAllocation        = false                                  {pd product} {ergonomic}
     bool UseParallelGC                            = true                                      {product} {command line}

Logging:
Log output configuration:
 #0: stdout all=off uptime,level,tags foldmultilines=false
 #1: stderr all=off uptime,level,tags foldmultilines=false

Release file:
JAVA_VERSION="21.0.10" 
MODULES="java.base java.compiler java.datatransfer java.xml java.prefs java.desktop java.instrument java.logging java.management java.security.sasl java.naming java.rmi java.management.rmi java.net.http java.scripting java.security.jgss java.transaction.xa java.sql java.sql.rowset java.xml.crypto java.se java.smartcardio jdk.accessibility jdk.internal.jvmstat jdk.attach jdk.charsets jdk.internal.opt jdk.zipfs jdk.compiler jdk.crypto.ec jdk.crypto.cryptoki jdk.crypto.mscapi jdk.dynalink jdk.internal.ed jdk.editpad jdk.hotspot.agent jdk.httpserver jdk.internal.le jdk.internal.vm.ci jdk.internal.vm.compiler jdk.internal.vm.compiler.management jdk.jartool jdk.javadoc jdk.jcmd jdk.management jdk.management.agent jdk.jconsole jdk.jdeps jdk.jdwp.agent jdk.jdi jdk.jfr jdk.jshell jdk.jsobject jdk.jstatd jdk.localedata jdk.management.jfr jdk.naming.dns jdk.naming.rmi jdk.net jdk.nio.mapmode jdk.random jdk.sctp jdk.security.auth jdk.security.jgss jdk.unsupported jdk.unsupported.desktop jdk.xml.dom" 

Environment Variables:
JAVA_HOME=C:\Program Files\Java\jdk-17
PATH=C:\Program Files\Common Files\Oracle\Java\javapath;C:\WINDOWS\system32;C:\WINDOWS;C:\WINDOWS\System32\Wbem;C:\WINDOWS\System32\WindowsPowerShell\v1.0\;C:\WINDOWS\System32\OpenSSH\;C:\Program Files\Git\cmd;C:\Program Files\Microsoft SQL Server\150\Tools\Binn\;C:\Program Files\Microsoft SQL Server\Client SDK\ODBC\170\Tools\Binn\;C:\Program Files\dotnet\;C:\Program Files\Microsoft SQL Server\Client SDK\ODBC\110\Tools\Binn\;C:\Program Files (x86)\Microsoft SQL Server\120\Tools\Binn\;C:\Program Files\Microsoft SQL Server\120\Tools\Binn\;C:\Program Files\Microsoft SQL Server\120\DTS\Binn\;C:\Program Files (x86)\Microsoft SQL Server\120\Tools\Binn\ManagementStudio\;C:\Program Files (x86)\Microsoft SQL Server\120\DTS\Binn\;C:\Program Files\Cloudflare\Cloudflare WARP\;C:\Program Files\nodejs\;C:\Program Files\Docker\Docker\resources\bin;C:\Users\ducuy\AppData\Local\Microsoft\WindowsApps;C:\src\flutter_windows_3.35.4-stable\flutter\bin;C:\Program Files\Java\jdk-17\bin;C:\apache-maven-3.9.11\bin;C:\Users\ducuy\.dotnet\tools;C:\Users\ducuy\AppData\Roaming\npm;C:\Users\ducuy\AppData\Local\Programs\Microsoft VS Code\bin;C:\Users\ducuy\AppData\Local\Programs\cursor\resources\app\bin
USERNAME=ducuy
OS=Windows_NT
PROCESSOR_IDENTIFIER=Intel64 Family 6 Model 142 Stepping 10, GenuineIntel
TMP=C:\Users\ducuy\AppData\Local\Temp
TEMP=C:\Users\ducuy\AppData\Local\Temp




Periodic native trim disabled

---------------  S Y S T E M  ---------------

OS:
 Windows 11 , 64 bit Build 22621 (10.0.22621.5415)
OS uptime: 0 days 2:05 hours
Hyper-V role detected

CPU: total 8 (initial active 8) (4 cores per cpu, 2 threads per core) family 6 model 142 stepping 10 microcode 0xea, cx8, cmov, fxsr, ht, mmx, 3dnowpref, sse, sse2, sse3, ssse3, sse4.1, sse4.2, popcnt, lzcnt, tsc, tscinvbit, avx, avx2, aes, erms, clmul, bmi1, bmi2, adx, fma, vzeroupper, clflush, clflushopt, hv, rdtscp, f16c
Processor Information for the first 8 processors :
  Max Mhz: 1800, Current Mhz: 1600, Mhz Limit: 1584

Memory: 4k page, system-wide physical 12152M (882M free)
TotalPageFile size 16898M (AvailPageFile size 12M)
current process WorkingSet (physical memory assigned to process): 455M, peak: 516M
current process commit charge ("private bytes"): 527M, peak: 586M

vm_info: OpenJDK 64-Bit Server VM (21.0.10+7-LTS) for windows-amd64 JRE (21.0.10+7-LTS), built on 2026-01-20T00:00:00Z by "admin" with MS VC++ 17.12 (VS2022)

END.
