#
# There is insufficient memory for the Java Runtime Environment to continue.
# Native memory allocation (malloc) failed to allocate 1866256 bytes. Error detail: Chunk::new
# Possible reasons:
#   The system is out of physical RAM or swap space
#   This process is running with CompressedOops enabled, and the Java Heap may be blocking the growth of the native heap
# Possible solutions:
#   Reduce memory load on the system
#   Increase physical memory or swap space
#   Check if swap backing store is full
#   Decrease Java heap size (-Xmx/-Xms)
#   Decrease number of Java threads
#   Decrease Java thread stack sizes (-Xss)
#   Set larger code cache with -XX:ReservedCodeCacheSize=
#   JVM is running with Unscaled Compressed Oops mode in which the Java heap is
#     placed in the first 4GB address space. The Java Heap base address is the
#     maximum limit for the native heap growth. Please use -XX:HeapBaseMinAddress
#     to set the Java Heap base and to place the Java Heap above 4GB virtual address.
# This output file may be truncated or incomplete.
#
#  Out of Memory Error (arena.cpp:168), pid=14696, tid=4856
#
# JRE version: OpenJDK Runtime Environment Temurin-21.0.10+7 (21.0.10+7) (build 21.0.10+7-LTS)
# Java VM: OpenJDK 64-Bit Server VM Temurin-21.0.10+7 (21.0.10+7-LTS, mixed mode, sharing, tiered, compressed oops, compressed class ptrs, parallel gc, windows-amd64)
# No core dump will be written. Minidumps are not enabled by default on client versions of Windows
#

---------------  S U M M A R Y ------------

Command Line: --add-modules=ALL-SYSTEM --add-opens=java.base/java.util=ALL-UNNAMED --add-opens=java.base/java.lang=ALL-UNNAMED --add-opens=java.base/sun.nio.fs=ALL-UNNAMED -Declipse.application=org.eclipse.jdt.ls.core.id1 -Dosgi.bundles.defaultStartLevel=4 -Declipse.product=org.eclipse.jdt.ls.core.product -Djava.import.generatesMetadataFilesAtProjectRoot=false -DDetectVMInstallationsJob.disabled=true -Dfile.encoding=utf8 -XX:+UseParallelGC -XX:GCTimeRatio=4 -XX:AdaptiveSizePolicyWeight=90 -Dsun.zip.disableMemoryMapping=true -Xmx2G -Xms100m -Xlog:disable -javaagent:c:\Users\ducuy\.vscode\extensions\redhat.java-1.54.0-win32-x64\lombok\lombok-1.18.39-4050.jar -XX:+HeapDumpOnOutOfMemoryError -XX:HeapDumpPath=c:\Users\ducuy\AppData\Roaming\Code\User\workspaceStorage\2bc6a7faf2bfeb70a49d89e544ce1b08\redhat.java -Daether.dependencyCollector.impl=bf c:\Users\ducuy\.vscode\extensions\redhat.java-1.54.0-win32-x64\server\plugins\org.eclipse.equinox.launcher_1.7.100.v20251111-0406.jar -configuration c:\Users\ducuy\AppData\Roaming\Code\User\globalStorage\redhat.java\1.54.0\config_win -data c:\Users\ducuy\AppData\Roaming\Code\User\workspaceStorage\2bc6a7faf2bfeb70a49d89e544ce1b08\redhat.java\jdt_ws --pipe=\\.\pipe\lsp-2148e5fa15ff42cac37ef26f76c3f806-sock

Host: Intel(R) Core(TM) i5-8250U CPU @ 1.60GHz, 8 cores, 11G,  Windows 11 , 64 bit Build 22621 (10.0.22621.5415)
Time: Tue Jun  9 21:11:37 2026 SE Asia Standard Time elapsed time: 834.500113 seconds (0d 0h 13m 54s)

---------------  T H R E A D  ---------------

Current thread (0x000001f47c744ca0):  JavaThread "C2 CompilerThread0" daemon [_thread_in_native, id=4856, stack(0x0000000d88700000,0x0000000d88800000) (1024K)]


Current CompileTask:
C2:834500 31000   !   4       org.eclipse.jdt.internal.compiler.classfmt.ClassFileReader::<init> (1968 bytes)

Stack: [0x0000000d88700000,0x0000000d88800000]
Native frames: (J=compiled Java code, j=interpreted, Vv=VM code, C=native code)
V  [jvm.dll+0x6d7a39]
V  [jvm.dll+0x8b4b26]
V  [jvm.dll+0x8b70de]
V  [jvm.dll+0x8b77c3]
V  [jvm.dll+0x284346]
V  [jvm.dll+0xc66ed]
V  [jvm.dll+0xc6c31]
V  [jvm.dll+0x3bec01]
V  [jvm.dll+0x38b162]
V  [jvm.dll+0x38a5aa]
V  [jvm.dll+0x24c560]
V  [jvm.dll+0x24bb40]
V  [jvm.dll+0x1cb34e]
V  [jvm.dll+0x25b85d]
V  [jvm.dll+0x259dea]
V  [jvm.dll+0x3f857e]
V  [jvm.dll+0x85f59d]
V  [jvm.dll+0x6d626d]
C  [ucrtbase.dll+0x29333]
C  [KERNEL32.DLL+0x1259d]
C  [ntdll.dll+0x5af78]


---------------  P R O C E S S  ---------------

Threads class SMR info:
_java_thread_list=0x000001f47f08d350, length=53, elements={
0x000001f478cc99c0, 0x000001f47c738360, 0x000001f478d7da40, 0x000001f478d7e930,
0x000001f47c73b5d0, 0x000001f47c73c7f0, 0x000001f47c73dd20, 0x000001f47c744ca0,
0x000001f47dff8120, 0x000001f47e1b5c80, 0x000001f47e2ff280, 0x000001f47e883b80,
0x000001f47e9863b0, 0x000001f47eb24fc0, 0x000001f47eb25cd0, 0x000001f47f052ee0,
0x000001f47e4522f0, 0x000001f47e643070, 0x000001f47f4ab700, 0x000001f47fa6f0d0,
0x000001f47fa73270, 0x000001f47fa6f760, 0x000001f47fa6fdf0, 0x000001f47fa72550,
0x000001f47fa73900, 0x000001f47fa70b10, 0x000001f47fa73f90, 0x000001f47fa6ea40,
0x000001f47fa6d000, 0x000001f47fa71830, 0x000001f47fa74620, 0x000001f47fa70480,
0x000001f47fa71ec0, 0x000001f47f6ddd10, 0x000001f47f6de3a0, 0x000001f47f6dbc40,
0x000001f47e478d70, 0x000001f47e47a7b0, 0x000001f47e479a90, 0x000001f47e4758f0,
0x000001f47e475260, 0x000001f47e475f80, 0x000001f47f6e1820, 0x000001f47f6df0c0,
0x000001f47fa6dd20, 0x000001f46590eab0, 0x000001f47fa711a0, 0x000001f47fa72be0,
0x000001f47e473820, 0x000001f47e476ca0, 0x000001f4659132e0, 0x000001f46590d070,
0x000001f47f4ac420
}

Java Threads: ( => current thread )
  0x000001f478cc99c0 JavaThread "main"                              [_thread_blocked, id=16268, stack(0x0000000d87d00000,0x0000000d87e00000) (1024K)]
  0x000001f47c738360 JavaThread "Reference Handler"          daemon [_thread_blocked, id=17108, stack(0x0000000d88100000,0x0000000d88200000) (1024K)]
  0x000001f478d7da40 JavaThread "Finalizer"                  daemon [_thread_blocked, id=21040, stack(0x0000000d88200000,0x0000000d88300000) (1024K)]
  0x000001f478d7e930 JavaThread "Signal Dispatcher"          daemon [_thread_blocked, id=3160, stack(0x0000000d88300000,0x0000000d88400000) (1024K)]
  0x000001f47c73b5d0 JavaThread "Attach Listener"            daemon [_thread_blocked, id=20188, stack(0x0000000d88400000,0x0000000d88500000) (1024K)]
  0x000001f47c73c7f0 JavaThread "Service Thread"             daemon [_thread_blocked, id=3360, stack(0x0000000d88500000,0x0000000d88600000) (1024K)]
  0x000001f47c73dd20 JavaThread "Monitor Deflation Thread"   daemon [_thread_blocked, id=20832, stack(0x0000000d88600000,0x0000000d88700000) (1024K)]
=>0x000001f47c744ca0 JavaThread "C2 CompilerThread0"         daemon [_thread_in_native, id=4856, stack(0x0000000d88700000,0x0000000d88800000) (1024K)]
  0x000001f47dff8120 JavaThread "C1 CompilerThread0"         daemon [_thread_blocked, id=26620, stack(0x0000000d88800000,0x0000000d88900000) (1024K)]
  0x000001f47e1b5c80 JavaThread "Common-Cleaner"             daemon [_thread_blocked, id=24240, stack(0x0000000d88a00000,0x0000000d88b00000) (1024K)]
  0x000001f47e2ff280 JavaThread "Notification Thread"        daemon [_thread_blocked, id=17628, stack(0x0000000d88900000,0x0000000d88a00000) (1024K)]
  0x000001f47e883b80 JavaThread "Active Thread: Equinox Container: 843deb2c-df2e-4322-8520-e6e40590fcb9"        [_thread_blocked, id=19232, stack(0x0000000d89300000,0x0000000d89400000) (1024K)]
  0x000001f47e9863b0 JavaThread "Refresh Thread: Equinox Container: 843deb2c-df2e-4322-8520-e6e40590fcb9" daemon [_thread_blocked, id=18216, stack(0x0000000d89400000,0x0000000d89500000) (1024K)]
  0x000001f47eb24fc0 JavaThread "Framework Event Dispatcher: Equinox Container: 843deb2c-df2e-4322-8520-e6e40590fcb9" daemon [_thread_blocked, id=17776, stack(0x0000000d89500000,0x0000000d89600000) (1024K)]
  0x000001f47eb25cd0 JavaThread "Start Level: Equinox Container: 843deb2c-df2e-4322-8520-e6e40590fcb9" daemon [_thread_blocked, id=2620, stack(0x0000000d89600000,0x0000000d89700000) (1024K)]
  0x000001f47f052ee0 JavaThread "Bundle File Closer"         daemon [_thread_blocked, id=15588, stack(0x0000000d89800000,0x0000000d89900000) (1024K)]
  0x000001f47e4522f0 JavaThread "SCR Component Actor"        daemon [_thread_blocked, id=15748, stack(0x0000000d88b00000,0x0000000d88c00000) (1024K)]
  0x000001f47e643070 JavaThread "Worker-JM"                         [_thread_blocked, id=19600, stack(0x0000000d89a00000,0x0000000d89b00000) (1024K)]
  0x000001f47f4ab700 JavaThread "JNA Cleaner"                daemon [_thread_blocked, id=24900, stack(0x0000000d89700000,0x0000000d89800000) (1024K)]
  0x000001f47fa6f0d0 JavaThread "Java indexing"              daemon [_thread_blocked, id=16784, stack(0x0000000d89e00000,0x0000000d89f00000) (1024K)]
  0x000001f47fa73270 JavaThread "Thread-1"                   daemon [_thread_in_native, id=6560, stack(0x0000000d8a400000,0x0000000d8a500000) (1024K)]
  0x000001f47fa6f760 JavaThread "Thread-2"                   daemon [_thread_in_native, id=17068, stack(0x0000000d8a500000,0x0000000d8a600000) (1024K)]
  0x000001f47fa6fdf0 JavaThread "Thread-3"                   daemon [_thread_in_native, id=11692, stack(0x0000000d8a600000,0x0000000d8a700000) (1024K)]
  0x000001f47fa72550 JavaThread "Thread-4"                   daemon [_thread_in_native, id=324, stack(0x0000000d8a700000,0x0000000d8a800000) (1024K)]
  0x000001f47fa73900 JavaThread "Thread-5"                   daemon [_thread_in_native, id=24132, stack(0x0000000d8a800000,0x0000000d8a900000) (1024K)]
  0x000001f47fa70b10 JavaThread "Thread-6"                   daemon [_thread_in_native, id=9424, stack(0x0000000d8a900000,0x0000000d8aa00000) (1024K)]
  0x000001f47fa73f90 JavaThread "Thread-7"                   daemon [_thread_in_native, id=19988, stack(0x0000000d8aa00000,0x0000000d8ab00000) (1024K)]
  0x000001f47fa6ea40 JavaThread "Thread-8"                   daemon [_thread_in_native, id=22980, stack(0x0000000d8ab00000,0x0000000d8ac00000) (1024K)]
  0x000001f47fa6d000 JavaThread "Thread-9"                   daemon [_thread_in_native, id=20680, stack(0x0000000d8ac00000,0x0000000d8ad00000) (1024K)]
  0x000001f47fa71830 JavaThread "pool-2-thread-1"                   [_thread_blocked, id=300, stack(0x0000000d8ad00000,0x0000000d8ae00000) (1024K)]
  0x000001f47fa74620 JavaThread "WorkspaceEventsHandler"            [_thread_blocked, id=24764, stack(0x0000000d8ae00000,0x0000000d8af00000) (1024K)]
  0x000001f47fa70480 JavaThread "pool-1-thread-1"                   [_thread_blocked, id=19012, stack(0x0000000d8af00000,0x0000000d8b000000) (1024K)]
  0x000001f47fa71ec0 JavaThread "ForkJoinPool.commonPool-worker-1" daemon [_thread_blocked, id=684, stack(0x0000000d8b000000,0x0000000d8b100000) (1024K)]
  0x000001f47f6ddd10 JavaThread "ForkJoinPool.commonPool-worker-6" daemon [_thread_blocked, id=6152, stack(0x0000000d8b400000,0x0000000d8b500000) (1024K)]
  0x000001f47f6de3a0 JavaThread "ForkJoinPool.commonPool-worker-5" daemon [_thread_blocked, id=19824, stack(0x0000000d8b500000,0x0000000d8b600000) (1024K)]
  0x000001f47f6dbc40 JavaThread "ForkJoinPool.commonPool-worker-7" daemon [_thread_blocked, id=3856, stack(0x0000000d8b600000,0x0000000d8b700000) (1024K)]
  0x000001f47e478d70 JavaThread "Java Debug Server"          daemon [_thread_in_native, id=7416, stack(0x0000000d8c800000,0x0000000d8c900000) (1024K)]
  0x000001f47e47a7b0 JavaThread "pool-5-thread-1"                   [_thread_blocked, id=7904, stack(0x0000000d8c900000,0x0000000d8ca00000) (1024K)]
  0x000001f47e479a90 JavaThread "RxSchedulerPurge-1"         daemon [_thread_blocked, id=9932, stack(0x0000000d8ca00000,0x0000000d8cb00000) (1024K)]
  0x000001f47e4758f0 JavaThread "RxCachedWorkerPoolEvictor-1" daemon [_thread_blocked, id=11716, stack(0x0000000d8cb00000,0x0000000d8cc00000) (1024K)]
  0x000001f47e475260 JavaThread "ForkJoinPool.commonPool-worker-8" daemon [_thread_blocked, id=21324, stack(0x0000000d89c00000,0x0000000d89d00000) (1024K)]
  0x000001f47e475f80 JavaThread "ForkJoinPool.commonPool-worker-9" daemon [_thread_blocked, id=20980, stack(0x0000000d8a000000,0x0000000d8a100000) (1024K)]
  0x000001f47f6e1820 JavaThread "ForkJoinPool.commonPool-worker-10" daemon [_thread_blocked, id=13124, stack(0x0000000d8a100000,0x0000000d8a200000) (1024K)]
  0x000001f47f6df0c0 JavaThread "Cleaner-0"                  daemon [_thread_blocked, id=21072, stack(0x0000000d8b100000,0x0000000d8b200000) (1024K)]
  0x000001f47fa6dd20 JavaThread "Worker-7"                          [_thread_blocked, id=18748, stack(0x0000000d8b300000,0x0000000d8b400000) (1024K)]
  0x000001f46590eab0 JavaThread "Worker-10"                         [_thread_blocked, id=19472, stack(0x0000000d8bf00000,0x0000000d8c000000) (1024K)]
  0x000001f47fa711a0 JavaThread "Worker-11"                         [_thread_blocked, id=11700, stack(0x0000000d89f00000,0x0000000d8a000000) (1024K)]
  0x000001f47fa72be0 JavaThread "Worker-12"                         [_thread_blocked, id=25196, stack(0x0000000d89b00000,0x0000000d89c00000) (1024K)]
  0x000001f47e473820 JavaThread "Worker-13"                         [_thread_blocked, id=18352, stack(0x0000000d8b700000,0x0000000d8b800000) (1024K)]
  0x000001f47e476ca0 JavaThread "Worker-14: Java indexing... "        [_thread_blocked, id=23888, stack(0x0000000d8b800000,0x0000000d8b900000) (1024K)]
  0x000001f4659132e0 JavaThread "Compiler Source File Reader" daemon [_thread_blocked, id=2320, stack(0x0000000d8b900000,0x0000000d8ba00000) (1024K)]
  0x000001f46590d070 JavaThread "Compiler Processing Task"   daemon [_thread_blocked, id=2656, stack(0x0000000d8ba00000,0x0000000d8bb00000) (1024K)]
  0x000001f47f4ac420 JavaThread "Compiler Source File Reader" daemon [_thread_blocked, id=13412, stack(0x0000000d8bb00000,0x0000000d8bc00000) (1024K)]
Total: 53

Other Threads:
  0x000001f47c731780 VMThread "VM Thread"                           [id=1880, stack(0x0000000d88000000,0x0000000d88100000) (1024K)]
  0x000001f478d34570 WatcherThread "VM Periodic Task Thread"        [id=18548, stack(0x0000000d87f00000,0x0000000d88000000) (1024K)]
  0x000001f478ce77b0 WorkerThread "GC Thread#0"                     [id=24812, stack(0x0000000d87e00000,0x0000000d87f00000) (1024K)]
  0x000001f47ecf9b40 WorkerThread "GC Thread#1"                     [id=13184, stack(0x0000000d88d00000,0x0000000d88e00000) (1024K)]
  0x000001f47ee609d0 WorkerThread "GC Thread#2"                     [id=7888, stack(0x0000000d88e00000,0x0000000d88f00000) (1024K)]
  0x000001f47ee60010 WorkerThread "GC Thread#3"                     [id=13952, stack(0x0000000d88f00000,0x0000000d89000000) (1024K)]
  0x000001f47ee603c0 WorkerThread "GC Thread#4"                     [id=16704, stack(0x0000000d89000000,0x0000000d89100000) (1024K)]
  0x000001f47ebe85f0 WorkerThread "GC Thread#5"                     [id=20532, stack(0x0000000d89100000,0x0000000d89200000) (1024K)]
  0x000001f47ebe89a0 WorkerThread "GC Thread#6"                     [id=4148, stack(0x0000000d89200000,0x0000000d89300000) (1024K)]
  0x000001f47e3919d0 WorkerThread "GC Thread#7"                     [id=17928, stack(0x0000000d88c00000,0x0000000d88d00000) (1024K)]
Total: 10

Threads with active compile tasks:
C2 CompilerThread0  834532 31000   !   4       org.eclipse.jdt.internal.compiler.classfmt.ClassFileReader::<init> (1968 bytes)
Total: 1

VM state: at safepoint (normal execution)

VM Mutex/Monitor currently owned by a thread:  ([mutex/lock_event])
[0x00007fff3206e560] Threads_lock - owner thread: 0x000001f47c731780
[0x00007fff3206e660] Heap_lock - owner thread: 0x000001f47fa6f0d0

Heap address: 0x0000000080000000, size: 2048 MB, Compressed Oops mode: 32-bit

CDS archive(s) mapped at: [0x000001f413000000-0x000001f413ba0000-0x000001f413ba0000), size 12189696, SharedBaseAddress: 0x000001f413000000, ArchiveRelocationMode: 1.
Compressed class space mapped at: 0x000001f414000000-0x000001f454000000, reserved size: 1073741824
Narrow klass base: 0x000001f413000000, Narrow klass shift: 0, Narrow klass range: 0x100000000

GC Precious Log:
 CardTable entry size: 512
 CPUs: 8 total, 8 available
 Memory: 12152M
 Large Page Support: Disabled
 NUMA Support: Disabled
 Compressed Oops: Enabled (32-bit)
 Alignments: Space 512K, Generation 512K, Heap 2M
 Heap Min Capacity: 100M
 Heap Initial Capacity: 100M
 Heap Max Capacity: 2G
 Pre-touch: Disabled
 Parallel Workers: 8

Heap:
 PSYoungGen      total 10752K, used 10656K [0x00000000d5580000, 0x00000000d6480000, 0x0000000100000000)
  eden space 9728K, 100% used [0x00000000d5580000,0x00000000d5f00000,0x00000000d5f00000)
  from space 1024K, 90% used [0x00000000d6380000,0x00000000d6468040,0x00000000d6480000)
  to   space 1024K, 90% used [0x00000000d6280000,0x00000000d6368000,0x00000000d6380000)
 ParOldGen       total 1263104K, used 1263103K [0x0000000080000000, 0x00000000cd180000, 0x00000000d5580000)
  object space 1263104K, 99% used [0x0000000080000000,0x00000000cd17fc90,0x00000000cd180000)
 Metaspace       used 104957K, committed 107136K, reserved 1179648K
  class space    used 10837K, committed 11840K, reserved 1048576K

Card table byte_map: [0x000001f478690000,0x000001f478aa0000] _byte_map_base: 0x000001f478290000

Marking Bits: (ParMarkBitMap*) 0x00007fff32073450
 Begin Bits: [0x000001f40f000000, 0x000001f411000000)
 End Bits:   [0x000001f411000000, 0x000001f413000000)

Polling page: 0x000001f478480000

Metaspace:

Usage:
  Non-class:     91.91 MB used.
      Class:     10.58 MB used.
       Both:    102.50 MB used.

Virtual space:
  Non-class space:      128.00 MB reserved,      93.06 MB ( 73%) committed,  2 nodes.
      Class space:        1.00 GB reserved,      11.56 MB (  1%) committed,  1 nodes.
             Both:        1.12 GB reserved,     104.62 MB (  9%) committed. 

Chunk freelists:
   Non-Class:  2.70 MB
       Class:  4.48 MB
        Both:  7.19 MB

MaxMetaspaceSize: unlimited
CompressedClassSpaceSize: 1.00 GB
Initial GC threshold: 21.00 MB
Current GC threshold: 166.38 MB
CDS: on
 - commit_granule_bytes: 65536.
 - commit_granule_words: 8192.
 - virtual_space_node_default_size: 8388608.
 - enlarge_chunks_in_place: 1.
 - use_allocation_guard: 0.


Internal statistics:

num_allocs_failed_limit: 9.
num_arena_births: 2248.
num_arena_deaths: 14.
num_vsnodes_births: 3.
num_vsnodes_deaths: 0.
num_space_committed: 1673.
num_space_uncommitted: 0.
num_chunks_returned_to_freelist: 23.
num_chunks_taken_from_freelist: 7592.
num_chunk_merges: 15.
num_chunk_splits: 4629.
num_chunks_enlarged: 2595.
num_inconsistent_stats: 0.

CodeHeap 'non-profiled nmethods': size=120000Kb used=28926Kb max_used=28926Kb free=91073Kb
 bounds [0x000001f407ad0000, 0x000001f409710000, 0x000001f40f000000]
CodeHeap 'profiled nmethods': size=120000Kb used=54441Kb max_used=60133Kb free=65558Kb
 bounds [0x000001f400000000, 0x000001f403ac0000, 0x000001f407530000]
CodeHeap 'non-nmethods': size=5760Kb used=1555Kb max_used=1681Kb free=4204Kb
 bounds [0x000001f407530000, 0x000001f4077a0000, 0x000001f407ad0000]
CodeCache: size=245760Kb, used=84922Kb, max_used=90740Kb, free=160835Kb
 total_blobs=23321, nmethods=22436, adapters=784, full_count=0
Compilation: enabled, stopped_count=0, restarted_count=0

Compilation events (20 events):
Event: 833.976 Thread 0x000001f47dff8120 31003       1       org.eclipse.core.internal.resources.WorkspaceDescription::getOperationsPerSnapshot (5 bytes)
Event: 833.976 Thread 0x000001f47dff8120 nmethod 31003 0x000001f40970f390 code [0x000001f40970f520, 0x000001f40970f5e8]
Event: 834.112 Thread 0x000001f47dff8120 31004       3       org.eclipse.core.runtime.preferences.AbstractScope::equals (55 bytes)
Event: 834.113 Thread 0x000001f47dff8120 nmethod 31004 0x000001f4024f9210 code [0x000001f4024f9460, 0x000001f4024f9df0]
Event: 834.124 Thread 0x000001f47dff8120 31005   !   3       org.eclipse.jdt.internal.core.search.matching.JavaSearchNameEnvironment::computeModules (87 bytes)
Event: 834.125 Thread 0x000001f47dff8120 nmethod 31005 0x000001f400fd0010 code [0x000001f400fd0240, 0x000001f400fd0ad0]
Event: 834.134 Thread 0x000001f47dff8120 31006       3       java.util.Calendar::defaultTimeZone (39 bytes)
Event: 834.136 Thread 0x000001f47dff8120 nmethod 31006 0x000001f401d26c90 code [0x000001f401d26fe0, 0x000001f401d28458]
Event: 834.136 Thread 0x000001f47dff8120 31007   !   3       java.util.Calendar::createCalendar (289 bytes)
Event: 834.139 Thread 0x000001f47dff8120 nmethod 31007 0x000001f401b2b390 code [0x000001f401b2b760, 0x000001f401b2ccc0]
Event: 834.140 Thread 0x000001f47dff8120 31008       3       sun.util.locale.provider.CalendarProviderImpl::getInstance (25 bytes)
Event: 834.140 Thread 0x000001f47dff8120 nmethod 31008 0x000001f401b41d10 code [0x000001f401b41f40, 0x000001f401b42660]
Event: 834.141 Thread 0x000001f47dff8120 31009       3       org.eclipse.jdt.internal.core.search.matching.JavaSearchNameEnvironment::findType (38 bytes)
Event: 834.142 Thread 0x000001f47dff8120 nmethod 31009 0x000001f401c9cd90 code [0x000001f401c9cfc0, 0x000001f401c9d540]
Event: 834.244 Thread 0x000001f47dff8120 31011 %     3       org.eclipse.jdt.internal.core.builder.ClasspathMultiReleaseJar::initializeVersions @ 31 (99 bytes)
Event: 834.247 Thread 0x000001f47dff8120 nmethod 31011% 0x000001f402fca410 code [0x000001f402fca860, 0x000001f402fcc918]
Event: 834.252 Thread 0x000001f47dff8120 31012       3       lombok.eclipse.EclipseAST::getAbsoluteFileLocation (5 bytes)
Event: 834.253 Thread 0x000001f47dff8120 nmethod 31012 0x000001f4012e4d10 code [0x000001f4012e4ec0, 0x000001f4012e4fd8]
Event: 834.415 Thread 0x000001f47dff8120 31013       1       org.eclipse.jdt.internal.core.util.ResourceCompilationUnit::getModuleName (5 bytes)
Event: 834.415 Thread 0x000001f47dff8120 nmethod 31013 0x000001f40970f690 code [0x000001f40970f820, 0x000001f40970f8e8]

GC Heap History (20 events):
Event: 832.349 GC heap before
{Heap before GC invocations=3049 (full 6):
 PSYoungGen      total 19456K, used 19104K [0x00000000d5580000, 0x00000000d7680000, 0x0000000100000000)
  eden space 10752K, 100% used [0x00000000d5580000,0x00000000d6000000,0x00000000d6000000)
  from space 8704K, 95% used [0x00000000d6e00000,0x00000000d7628000,0x00000000d7680000)
  to   space 10240K, 0% used [0x00000000d6280000,0x00000000d6280000,0x00000000d6c80000)
 ParOldGen       total 1185792K, used 1185724K [0x0000000080000000, 0x00000000c8600000, 0x00000000d5580000)
  object space 1185792K, 99% used [0x0000000080000000,0x00000000c85ef110,0x00000000c8600000)
 Metaspace       used 104738K, committed 106880K, reserved 1179648K
  class space    used 10814K, committed 11840K, reserved 1048576K
}
Event: 832.366 GC heap after
{Heap after GC invocations=3049 (full 6):
 PSYoungGen      total 22016K, used 8480K [0x00000000d5580000, 0x00000000d7380000, 0x0000000100000000)
  eden space 13312K, 0% used [0x00000000d5580000,0x00000000d5580000,0x00000000d6280000)
  from space 8704K, 97% used [0x00000000d6280000,0x00000000d6ac8000,0x00000000d6b00000)
  to   space 8704K, 0% used [0x00000000d6b00000,0x00000000d6b00000,0x00000000d7380000)
 ParOldGen       total 1194496K, used 1193994K [0x0000000080000000, 0x00000000c8e80000, 0x00000000d5580000)
  object space 1194496K, 99% used [0x0000000080000000,0x00000000c8e02bb8,0x00000000c8e80000)
 Metaspace       used 104738K, committed 106880K, reserved 1179648K
  class space    used 10814K, committed 11840K, reserved 1048576K
}
Event: 832.525 GC heap before
{Heap before GC invocations=3050 (full 6):
 PSYoungGen      total 22016K, used 21298K [0x00000000d5580000, 0x00000000d7380000, 0x0000000100000000)
  eden space 13312K, 96% used [0x00000000d5580000,0x00000000d6204910,0x00000000d6280000)
  from space 8704K, 97% used [0x00000000d6280000,0x00000000d6ac8000,0x00000000d6b00000)
  to   space 8704K, 0% used [0x00000000d6b00000,0x00000000d6b00000,0x00000000d7380000)
 ParOldGen       total 1194496K, used 1193994K [0x0000000080000000, 0x00000000c8e80000, 0x00000000d5580000)
  object space 1194496K, 99% used [0x0000000080000000,0x00000000c8e02bb8,0x00000000c8e80000)
 Metaspace       used 104840K, committed 107008K, reserved 1179648K
  class space    used 10824K, committed 11840K, reserved 1048576K
}
Event: 832.544 GC heap after
{Heap after GC invocations=3050 (full 6):
 PSYoungGen      total 18432K, used 4642K [0x00000000d5580000, 0x00000000d7000000, 0x0000000100000000)
  eden space 13312K, 0% used [0x00000000d5580000,0x00000000d5580000,0x00000000d6280000)
  from space 5120K, 90% used [0x00000000d6b00000,0x00000000d6f88b80,0x00000000d7000000)
  to   space 6144K, 0% used [0x00000000d6400000,0x00000000d6400000,0x00000000d6a00000)
 ParOldGen       total 1202688K, used 1202386K [0x0000000080000000, 0x00000000c9680000, 0x00000000d5580000)
  object space 1202688K, 99% used [0x0000000080000000,0x00000000c9634bb8,0x00000000c9680000)
 Metaspace       used 104840K, committed 107008K, reserved 1179648K
  class space    used 10824K, committed 11840K, reserved 1048576K
}
Event: 833.145 GC heap before
{Heap before GC invocations=3051 (full 6):
 PSYoungGen      total 18432K, used 17954K [0x00000000d5580000, 0x00000000d7000000, 0x0000000100000000)
  eden space 13312K, 100% used [0x00000000d5580000,0x00000000d6280000,0x00000000d6280000)
  from space 5120K, 90% used [0x00000000d6b00000,0x00000000d6f88b80,0x00000000d7000000)
  to   space 6144K, 0% used [0x00000000d6400000,0x00000000d6400000,0x00000000d6a00000)
 ParOldGen       total 1234432K, used 1233106K [0x0000000080000000, 0x00000000cb580000, 0x00000000d5580000)
  object space 1234432K, 99% used [0x0000000080000000,0x00000000cb434be8,0x00000000cb580000)
 Metaspace       used 104903K, committed 107072K, reserved 1179648K
  class space    used 10830K, committed 11840K, reserved 1048576K
}
Event: 833.168 GC heap after
{Heap after GC invocations=3051 (full 6):
 PSYoungGen      total 18944K, used 5397K [0x00000000d5580000, 0x00000000d6d80000, 0x0000000100000000)
  eden space 13312K, 0% used [0x00000000d5580000,0x00000000d5580000,0x00000000d6280000)
  from space 5632K, 95% used [0x00000000d6400000,0x00000000d6945400,0x00000000d6980000)
  to   space 4096K, 0% used [0x00000000d6980000,0x00000000d6980000,0x00000000d6d80000)
 ParOldGen       total 1236480K, used 1236398K [0x0000000080000000, 0x00000000cb780000, 0x00000000d5580000)
  object space 1236480K, 99% used [0x0000000080000000,0x00000000cb76bac8,0x00000000cb780000)
 Metaspace       used 104903K, committed 107072K, reserved 1179648K
  class space    used 10830K, committed 11840K, reserved 1048576K
}
Event: 833.599 GC heap before
{Heap before GC invocations=3052 (full 6):
 PSYoungGen      total 18944K, used 18055K [0x00000000d5580000, 0x00000000d6d80000, 0x0000000100000000)
  eden space 13312K, 95% used [0x00000000d5580000,0x00000000d61dc8d0,0x00000000d6280000)
  from space 5632K, 95% used [0x00000000d6400000,0x00000000d6945400,0x00000000d6980000)
  to   space 4096K, 0% used [0x00000000d6980000,0x00000000d6980000,0x00000000d6d80000)
 ParOldGen       total 1236480K, used 1236398K [0x0000000080000000, 0x00000000cb780000, 0x00000000d5580000)
  object space 1236480K, 99% used [0x0000000080000000,0x00000000cb76bac8,0x00000000cb780000)
 Metaspace       used 104937K, committed 107072K, reserved 1179648K
  class space    used 10836K, committed 11840K, reserved 1048576K
}
Event: 833.613 GC heap after
{Heap after GC invocations=3052 (full 6):
 PSYoungGen      total 13824K, used 4086K [0x00000000d5580000, 0x00000000d7780000, 0x0000000100000000)
  eden space 9728K, 0% used [0x00000000d5580000,0x00000000d5580000,0x00000000d5f00000)
  from space 4096K, 99% used [0x00000000d6980000,0x00000000d6d7d850,0x00000000d6d80000)
  to   space 10752K, 0% used [0x00000000d5f00000,0x00000000d5f00000,0x00000000d6980000)
 ParOldGen       total 1242624K, used 1242197K [0x0000000080000000, 0x00000000cbd80000, 0x00000000d5580000)
  object space 1242624K, 99% used [0x0000000080000000,0x00000000cbd154f0,0x00000000cbd80000)
 Metaspace       used 104937K, committed 107072K, reserved 1179648K
  class space    used 10836K, committed 11840K, reserved 1048576K
}
Event: 833.782 GC heap before
{Heap before GC invocations=3053 (full 6):
 PSYoungGen      total 13824K, used 13814K [0x00000000d5580000, 0x00000000d7780000, 0x0000000100000000)
  eden space 9728K, 100% used [0x00000000d5580000,0x00000000d5f00000,0x00000000d5f00000)
  from space 4096K, 99% used [0x00000000d6980000,0x00000000d6d7d850,0x00000000d6d80000)
  to   space 10752K, 0% used [0x00000000d5f00000,0x00000000d5f00000,0x00000000d6980000)
 ParOldGen       total 1242624K, used 1242197K [0x0000000080000000, 0x00000000cbd80000, 0x00000000d5580000)
  object space 1242624K, 99% used [0x0000000080000000,0x00000000cbd154f0,0x00000000cbd80000)
 Metaspace       used 104941K, committed 107072K, reserved 1179648K
  class space    used 10836K, committed 11840K, reserved 1048576K
}
Event: 833.794 GC heap after
{Heap after GC invocations=3053 (full 6):
 PSYoungGen      total 16896K, used 6884K [0x00000000d5580000, 0x00000000d6f00000, 0x0000000100000000)
  eden space 9728K, 0% used [0x00000000d5580000,0x00000000d5580000,0x00000000d5f00000)
  from space 7168K, 96% used [0x00000000d5f00000,0x00000000d65b9398,0x00000000d6600000)
  to   space 8192K, 0% used [0x00000000d6700000,0x00000000d6700000,0x00000000d6f00000)
 ParOldGen       total 1246720K, used 1246240K [0x0000000080000000, 0x00000000cc180000, 0x00000000d5580000)
  object space 1246720K, 99% used [0x0000000080000000,0x00000000cc108138,0x00000000cc180000)
 Metaspace       used 104941K, committed 107072K, reserved 1179648K
  class space    used 10836K, committed 11840K, reserved 1048576K
}
Event: 833.927 GC heap before
{Heap before GC invocations=3054 (full 6):
 PSYoungGen      total 16896K, used 16612K [0x00000000d5580000, 0x00000000d6f00000, 0x0000000100000000)
  eden space 9728K, 100% used [0x00000000d5580000,0x00000000d5f00000,0x00000000d5f00000)
  from space 7168K, 96% used [0x00000000d5f00000,0x00000000d65b9398,0x00000000d6600000)
  to   space 8192K, 0% used [0x00000000d6700000,0x00000000d6700000,0x00000000d6f00000)
 ParOldGen       total 1246720K, used 1246240K [0x0000000080000000, 0x00000000cc180000, 0x00000000d5580000)
  object space 1246720K, 99% used [0x0000000080000000,0x00000000cc108138,0x00000000cc180000)
 Metaspace       used 104946K, committed 107072K, reserved 1179648K
  class space    used 10837K, committed 11840K, reserved 1048576K
}
Event: 833.940 GC heap after
{Heap after GC invocations=3054 (full 6):
 PSYoungGen      total 16896K, used 7046K [0x00000000d5580000, 0x00000000d6e00000, 0x0000000100000000)
  eden space 9728K, 0% used [0x00000000d5580000,0x00000000d5580000,0x00000000d5f00000)
  from space 7168K, 98% used [0x00000000d6700000,0x00000000d6de18e8,0x00000000d6e00000)
  to   space 7168K, 0% used [0x00000000d5f00000,0x00000000d5f00000,0x00000000d6600000)
 ParOldGen       total 1253376K, used 1252941K [0x0000000080000000, 0x00000000cc800000, 0x00000000d5580000)
  object space 1253376K, 99% used [0x0000000080000000,0x00000000cc793710,0x00000000cc800000)
 Metaspace       used 104946K, committed 107072K, reserved 1179648K
  class space    used 10837K, committed 11840K, reserved 1048576K
}
Event: 834.166 GC heap before
{Heap before GC invocations=3055 (full 6):
 PSYoungGen      total 16896K, used 16774K [0x00000000d5580000, 0x00000000d6e00000, 0x0000000100000000)
  eden space 9728K, 100% used [0x00000000d5580000,0x00000000d5f00000,0x00000000d5f00000)
  from space 7168K, 98% used [0x00000000d6700000,0x00000000d6de18e8,0x00000000d6e00000)
  to   space 7168K, 0% used [0x00000000d5f00000,0x00000000d5f00000,0x00000000d6600000)
 ParOldGen       total 1253376K, used 1252941K [0x0000000080000000, 0x00000000cc800000, 0x00000000d5580000)
  object space 1253376K, 99% used [0x0000000080000000,0x00000000cc793710,0x00000000cc800000)
 Metaspace       used 104957K, committed 107136K, reserved 1179648K
  class space    used 10837K, committed 11840K, reserved 1048576K
}
Event: 834.178 GC heap after
{Heap after GC invocations=3055 (full 6):
 PSYoungGen      total 11264K, used 1328K [0x00000000d5580000, 0x00000000d6780000, 0x0000000100000000)
  eden space 9728K, 0% used [0x00000000d5580000,0x00000000d5580000,0x00000000d5f00000)
  from space 1536K, 86% used [0x00000000d5f00000,0x00000000d604c010,0x00000000d6080000)
  to   space 3584K, 0% used [0x00000000d6400000,0x00000000d6400000,0x00000000d6780000)
 ParOldGen       total 1260544K, used 1259773K [0x0000000080000000, 0x00000000ccf00000, 0x00000000d5580000)
  object space 1260544K, 99% used [0x0000000080000000,0x00000000cce3f6f0,0x00000000ccf00000)
 Metaspace       used 104957K, committed 107136K, reserved 1179648K
  class space    used 10837K, committed 11840K, reserved 1048576K
}
Event: 834.310 GC heap before
{Heap before GC invocations=3056 (full 6):
 PSYoungGen      total 11264K, used 11056K [0x00000000d5580000, 0x00000000d6780000, 0x0000000100000000)
  eden space 9728K, 100% used [0x00000000d5580000,0x00000000d5f00000,0x00000000d5f00000)
  from space 1536K, 86% used [0x00000000d5f00000,0x00000000d604c010,0x00000000d6080000)
  to   space 3584K, 0% used [0x00000000d6400000,0x00000000d6400000,0x00000000d6780000)
 ParOldGen       total 1260544K, used 1259773K [0x0000000080000000, 0x00000000ccf00000, 0x00000000d5580000)
  object space 1260544K, 99% used [0x0000000080000000,0x00000000cce3f6f0,0x00000000ccf00000)
 Metaspace       used 104957K, committed 107136K, reserved 1179648K
  class space    used 10837K, committed 11840K, reserved 1048576K
}
Event: 834.316 GC heap after
{Heap after GC invocations=3056 (full 6):
 PSYoungGen      total 11264K, used 1168K [0x00000000d5580000, 0x00000000d6580000, 0x0000000100000000)
  eden space 9728K, 0% used [0x00000000d5580000,0x00000000d5580000,0x00000000d5f00000)
  from space 1536K, 76% used [0x00000000d6400000,0x00000000d6524030,0x00000000d6580000)
  to   space 2048K, 0% used [0x00000000d6180000,0x00000000d6180000,0x00000000d6380000)
 ParOldGen       total 1261056K, used 1260970K [0x0000000080000000, 0x00000000ccf80000, 0x00000000d5580000)
  object space 1261056K, 99% used [0x0000000080000000,0x00000000ccf6a888,0x00000000ccf80000)
 Metaspace       used 104957K, committed 107136K, reserved 1179648K
  class space    used 10837K, committed 11840K, reserved 1048576K
}
Event: 834.365 GC heap before
{Heap before GC invocations=3057 (full 6):
 PSYoungGen      total 11264K, used 10896K [0x00000000d5580000, 0x00000000d6580000, 0x0000000100000000)
  eden space 9728K, 100% used [0x00000000d5580000,0x00000000d5f00000,0x00000000d5f00000)
  from space 1536K, 76% used [0x00000000d6400000,0x00000000d6524030,0x00000000d6580000)
  to   space 2048K, 0% used [0x00000000d6180000,0x00000000d6180000,0x00000000d6380000)
 ParOldGen       total 1261056K, used 1260970K [0x0000000080000000, 0x00000000ccf80000, 0x00000000d5580000)
  object space 1261056K, 99% used [0x0000000080000000,0x00000000ccf6a888,0x00000000ccf80000)
 Metaspace       used 104957K, committed 107136K, reserved 1179648K
  class space    used 10837K, committed 11840K, reserved 1048576K
}
Event: 834.370 GC heap after
{Heap after GC invocations=3057 (full 6):
 PSYoungGen      total 11776K, used 832K [0x00000000d5580000, 0x00000000d6480000, 0x0000000100000000)
  eden space 9728K, 0% used [0x00000000d5580000,0x00000000d5580000,0x00000000d5f00000)
  from space 2048K, 40% used [0x00000000d6180000,0x00000000d6250040,0x00000000d6380000)
  to   space 1024K, 0% used [0x00000000d6380000,0x00000000d6380000,0x00000000d6480000)
 ParOldGen       total 1262080K, used 1261983K [0x0000000080000000, 0x00000000cd080000, 0x00000000d5580000)
  object space 1262080K, 99% used [0x0000000080000000,0x00000000cd067c20,0x00000000cd080000)
 Metaspace       used 104957K, committed 107136K, reserved 1179648K
  class space    used 10837K, committed 11840K, reserved 1048576K
}
Event: 834.405 GC heap before
{Heap before GC invocations=3058 (full 6):
 PSYoungGen      total 11776K, used 10560K [0x00000000d5580000, 0x00000000d6480000, 0x0000000100000000)
  eden space 9728K, 100% used [0x00000000d5580000,0x00000000d5f00000,0x00000000d5f00000)
  from space 2048K, 40% used [0x00000000d6180000,0x00000000d6250040,0x00000000d6380000)
  to   space 1024K, 0% used [0x00000000d6380000,0x00000000d6380000,0x00000000d6480000)
 ParOldGen       total 1262080K, used 1261983K [0x0000000080000000, 0x00000000cd080000, 0x00000000d5580000)
  object space 1262080K, 99% used [0x0000000080000000,0x00000000cd067c20,0x00000000cd080000)
 Metaspace       used 104957K, committed 107136K, reserved 1179648K
  class space    used 10837K, committed 11840K, reserved 1048576K
}
Event: 834.410 GC heap after
{Heap after GC invocations=3058 (full 6):
 PSYoungGen      total 10752K, used 928K [0x00000000d5580000, 0x00000000d6480000, 0x0000000100000000)
  eden space 9728K, 0% used [0x00000000d5580000,0x00000000d5580000,0x00000000d5f00000)
  from space 1024K, 90% used [0x00000000d6380000,0x00000000d6468040,0x00000000d6480000)
  to   space 1024K, 0% used [0x00000000d6280000,0x00000000d6280000,0x00000000d6380000)
 ParOldGen       total 1263104K, used 1262695K [0x0000000080000000, 0x00000000cd180000, 0x00000000d5580000)
  object space 1263104K, 99% used [0x0000000080000000,0x00000000cd119c80,0x00000000cd180000)
 Metaspace       used 104957K, committed 107136K, reserved 1179648K
  class space    used 10837K, committed 11840K, reserved 1048576K
}

Dll operation events (11 events):
Event: 0.042 Loaded shared library c:\Users\ducuy\.vscode\extensions\redhat.java-1.54.0-win32-x64\jre\21.0.10-win32-x86_64\bin\java.dll
Event: 0.302 Loaded shared library c:\Users\ducuy\.vscode\extensions\redhat.java-1.54.0-win32-x64\jre\21.0.10-win32-x86_64\bin\zip.dll
Event: 0.360 Loaded shared library C:\Users\ducuy\.vscode\extensions\redhat.java-1.54.0-win32-x64\jre\21.0.10-win32-x86_64\bin\instrument.dll
Event: 0.371 Loaded shared library C:\Users\ducuy\.vscode\extensions\redhat.java-1.54.0-win32-x64\jre\21.0.10-win32-x86_64\bin\net.dll
Event: 0.375 Loaded shared library C:\Users\ducuy\.vscode\extensions\redhat.java-1.54.0-win32-x64\jre\21.0.10-win32-x86_64\bin\nio.dll
Event: 0.382 Loaded shared library C:\Users\ducuy\.vscode\extensions\redhat.java-1.54.0-win32-x64\jre\21.0.10-win32-x86_64\bin\zip.dll
Event: 0.461 Loaded shared library C:\Users\ducuy\.vscode\extensions\redhat.java-1.54.0-win32-x64\jre\21.0.10-win32-x86_64\bin\jimage.dll
Event: 0.649 Loaded shared library c:\Users\ducuy\.vscode\extensions\redhat.java-1.54.0-win32-x64\jre\21.0.10-win32-x86_64\bin\verify.dll
Event: 3.185 Loaded shared library C:\Users\ducuy\AppData\Roaming\Code\User\globalStorage\redhat.java\1.54.0\config_win\org.eclipse.equinox.launcher\org.eclipse.equinox.launcher.win32.win32.x86_64_1.3.0.v20260203-2149\eclipse_11919.dll
Event: 7.898 Loaded shared library C:\Users\ducuy\AppData\Local\Temp\jna-95936534\jna5444529348993464596.dll
Event: 142.065 Loaded shared library C:\Users\ducuy\.vscode\extensions\redhat.java-1.54.0-win32-x64\jre\21.0.10-win32-x86_64\bin\extnet.dll

Deoptimization events (20 events):
Event: 833.575 Thread 0x000001f468137e30 Uncommon trap: trap_request=0xffffffde fr.pc=0x000001f407d53130 relative=0x0000000000000090
Event: 833.575 Thread 0x000001f468137e30 Uncommon trap: reason=class_check action=maybe_recompile pc=0x000001f407d53130 method=java.util.Collections$SetFromMap.remove(Ljava/lang/Object;)Z @ 5 c2
Event: 833.575 Thread 0x000001f468137e30 DEOPT PACKING pc=0x000001f407d53130 sp=0x0000000d8a2fee80
Event: 833.575 Thread 0x000001f468137e30 DEOPT UNPACKING pc=0x000001f407583aa2 sp=0x0000000d8a2fee18 mode 2
Event: 833.908 Thread 0x000001f47fa6f0d0 Uncommon trap: trap_request=0xffffffde fr.pc=0x000001f4085e44e4 relative=0x00000000000004a4
Event: 833.908 Thread 0x000001f47fa6f0d0 Uncommon trap: reason=class_check action=maybe_recompile pc=0x000001f4085e44e4 method=java.util.Spliterators$IteratorSpliterator.tryAdvance(Ljava/util/function/Consumer;)Z @ 50 c2
Event: 833.908 Thread 0x000001f47fa6f0d0 DEOPT PACKING pc=0x000001f4085e44e4 sp=0x0000000d89efee10
Event: 833.908 Thread 0x000001f47fa6f0d0 DEOPT UNPACKING pc=0x000001f407583aa2 sp=0x0000000d89efede0 mode 2
Event: 833.926 Thread 0x000001f47fa6f0d0 DEOPT PACKING pc=0x000001f400aecb72 sp=0x0000000d89efdef0
Event: 833.926 Thread 0x000001f47fa6f0d0 DEOPT UNPACKING pc=0x000001f407584242 sp=0x0000000d89efd468 mode 0
Event: 833.976 Thread 0x000001f47fa6f0d0 Uncommon trap: trap_request=0xffffffde fr.pc=0x000001f408fed07c relative=0x00000000000024bc
Event: 833.976 Thread 0x000001f47fa6f0d0 Uncommon trap: reason=class_check action=maybe_recompile pc=0x000001f408fed07c method=org.eclipse.jdt.internal.compiler.lookup.LookupEnvironment.askForType(Lorg/eclipse/jdt/internal/compiler/lookup/PackageBinding;[CLorg/eclipse/jdt/internal/compiler/looku
Event: 833.976 Thread 0x000001f47fa6f0d0 DEOPT PACKING pc=0x000001f408fed07c sp=0x0000000d89efe840
Event: 833.976 Thread 0x000001f47fa6f0d0 DEOPT UNPACKING pc=0x000001f407583aa2 sp=0x0000000d89efe7c0 mode 2
Event: 834.017 Thread 0x000001f47fa6f0d0 Uncommon trap: trap_request=0xffffffde fr.pc=0x000001f408fed07c relative=0x00000000000024bc
Event: 834.017 Thread 0x000001f47fa6f0d0 Uncommon trap: reason=class_check action=maybe_recompile pc=0x000001f408fed07c method=org.eclipse.jdt.internal.compiler.lookup.LookupEnvironment.askForType(Lorg/eclipse/jdt/internal/compiler/lookup/PackageBinding;[CLorg/eclipse/jdt/internal/compiler/looku
Event: 834.017 Thread 0x000001f47fa6f0d0 DEOPT PACKING pc=0x000001f408fed07c sp=0x0000000d89efdd00
Event: 834.037 Thread 0x000001f47fa6f0d0 DEOPT UNPACKING pc=0x000001f407583aa2 sp=0x0000000d89efdc80 mode 2
Event: 834.127 Thread 0x000001f47fa6f0d0 DEOPT PACKING pc=0x000001f400aecb72 sp=0x0000000d89efc740
Event: 834.127 Thread 0x000001f47fa6f0d0 DEOPT UNPACKING pc=0x000001f407584242 sp=0x0000000d89efbcb8 mode 0

Classes loaded (20 events):
Event: 833.076 Loading class java/nio/BufferMismatch
Event: 833.138 Loading class java/nio/BufferMismatch done
Event: 833.572 Loading class java/net/StandardSocketOptions
Event: 833.572 Loading class java/net/StandardSocketOptions done
Event: 833.572 Loading class java/net/StandardSocketOptions$StdSocketOption
Event: 833.572 Loading class java/net/StandardSocketOptions$StdSocketOption done
Event: 833.572 Loading class sun/nio/ch/SocketOptionRegistry
Event: 833.573 Loading class sun/nio/ch/SocketOptionRegistry done
Event: 833.573 Loading class sun/nio/ch/SocketOptionRegistry$RegistryKey
Event: 833.573 Loading class sun/nio/ch/SocketOptionRegistry$RegistryKey done
Event: 833.573 Loading class sun/nio/ch/SocketOptionRegistry$LazyInitialization
Event: 833.573 Loading class sun/nio/ch/SocketOptionRegistry$LazyInitialization done
Event: 833.573 Loading class sun/nio/ch/OptionKey
Event: 833.573 Loading class sun/nio/ch/OptionKey done
Event: 833.573 Loading class sun/nio/ch/ExtendedSocketOption
Event: 833.573 Loading class sun/nio/ch/ExtendedSocketOption done
Event: 833.573 Loading class sun/nio/ch/ExtendedSocketOption$1
Event: 833.573 Loading class sun/nio/ch/ExtendedSocketOption$1 done
Event: 833.575 Loading class java/util/concurrent/CompletableFuture$AsyncRun
Event: 833.575 Loading class java/util/concurrent/CompletableFuture$AsyncRun done

Classes unloaded (7 events):
Event: 9.329 Thread 0x000001f47c731780 Unloading class 0x000001f4141aac00 'java/lang/invoke/LambdaForm$MH+0x000001f4141aac00'
Event: 9.329 Thread 0x000001f47c731780 Unloading class 0x000001f4141aa800 'java/lang/invoke/LambdaForm$MH+0x000001f4141aa800'
Event: 9.329 Thread 0x000001f47c731780 Unloading class 0x000001f4141aa400 'java/lang/invoke/LambdaForm$MH+0x000001f4141aa400'
Event: 9.329 Thread 0x000001f47c731780 Unloading class 0x000001f4141aa000 'java/lang/invoke/LambdaForm$MH+0x000001f4141aa000'
Event: 9.329 Thread 0x000001f47c731780 Unloading class 0x000001f4141a9c00 'java/lang/invoke/LambdaForm$BMH+0x000001f4141a9c00'
Event: 9.329 Thread 0x000001f47c731780 Unloading class 0x000001f4141a9800 'java/lang/invoke/LambdaForm$DMH+0x000001f4141a9800'
Event: 9.329 Thread 0x000001f47c731780 Unloading class 0x000001f4141a8400 'java/lang/invoke/LambdaForm$DMH+0x000001f4141a8400'

Classes redefined (0 events):
No events

Internal exceptions (20 events):
Event: 713.731 Thread 0x000001f47e475f80 Exception <a 'java/lang/NoClassDefFoundError'{0x00000000d5c8bb90}: org/eclipse/jdt/internal/ui/text/javadoc/JavadocContentAccess2> (0x00000000d5c8bb90) 
thrown [s\src\hotspot\share\classfile\systemDictionary.cpp, line 301]
Event: 713.731 Thread 0x000001f47e475f80 Exception <a 'java/lang/NoClassDefFoundError'{0x00000000d5c8c210}: org/eclipse/jdt/internal/ui/text/javadoc/JavadocContentAccess2> (0x00000000d5c8c210) 
thrown [s\src\hotspot\share\oops\constantPool.cpp, line 873]
Event: 713.733 Thread 0x000001f47e475f80 Exception <a 'java/lang/NoSuchMethodError'{0x00000000d5c9b658}: 'java.lang.Object java.lang.invoke.DirectMethodHandle$Holder.invokeVirtual(java.lang.Object, java.lang.Object, java.lang.Object, java.lang.Object, java.lang.Object)'> (0x00000000d5c9b658) 
thrown [s\src\hotspot\share\interpreter\linkResolver.cpp, line 773]
Event: 713.890 Thread 0x000001f47e475f80 Exception <a 'java/lang/NoSuchMethodError'{0x00000000d5707360}: 'int java.lang.invoke.DirectMethodHandle$Holder.invokeSpecialIFC(java.lang.Object, java.lang.Object, int)'> (0x00000000d5707360) 
thrown [s\src\hotspot\share\interpreter\linkResolver.cpp, line 773]
Event: 731.729 Thread 0x000001f47f6e1820 Implicit null exception at 0x000001f4081b8184 to 0x000001f4081b8de0
Event: 828.984 Thread 0x000001f47fa70480 Implicit null exception at 0x000001f409188c9a to 0x000001f409189381
Event: 829.137 Thread 0x000001f47fa70480 Implicit null exception at 0x000001f408fb3181 to 0x000001f408fb5994
Event: 829.239 Thread 0x000001f47fa70480 Implicit null exception at 0x000001f4091bfa53 to 0x000001f4091c00b8
Event: 829.403 Thread 0x000001f47fa70480 Exception <a 'java/lang/ArrayIndexOutOfBoundsException'{0x00000000d56c65d0}: Index 108 out of bounds for length 108> (0x00000000d56c65d0) 
thrown [s\src\hotspot\share\interpreter\interpreterRuntime.cpp, line 439]
Event: 829.432 Thread 0x000001f47fa70480 Implicit null exception at 0x000001f4092f512c to 0x000001f4092f6f70
Event: 829.589 Thread 0x000001f47fa70480 Implicit null exception at 0x000001f408eaad60 to 0x000001f408eafbe8
Event: 830.346 Thread 0x000001f47f6dbc40 Implicit null exception at 0x000001f4093ef811 to 0x000001f4093f0a4c
Event: 831.284 Thread 0x000001f47fa70480 Exception <a 'java/lang/IncompatibleClassChangeError'{0x00000000d5756c88}: Found class java.lang.Object, but interface was expected> (0x00000000d5756c88) 
thrown [s\src\hotspot\share\interpreter\linkResolver.cpp, line 840]
Event: 831.284 Thread 0x000001f47fa70480 Exception <a 'java/lang/IncompatibleClassChangeError'{0x00000000d57684a8}: Found class java.lang.Object, but interface was expected> (0x00000000d57684a8) 
thrown [s\src\hotspot\share\interpreter\linkResolver.cpp, line 840]
Event: 831.522 Thread 0x000001f47f6ddd10 Implicit null exception at 0x000001f4084c208c to 0x000001f4084c2d60
Event: 831.553 Thread 0x000001f47e475f80 Implicit null exception at 0x000001f408dbac20 to 0x000001f408dbb174
Event: 831.555 Thread 0x000001f47f6de3a0 Implicit null exception at 0x000001f40923e4b5 to 0x000001f40924078c
Event: 831.958 Thread 0x000001f47fa6f0d0 Exception <a 'sun/nio/fs/WindowsException'{0x00000000d5de0c28}> (0x00000000d5de0c28) 
thrown [s\src\hotspot\share\prims\jni.cpp, line 520]
Event: 833.544 Thread 0x000001f47fa6f0d0 Exception <a 'sun/nio/fs/WindowsException'{0x00000000d5abe998}> (0x00000000d5abe998) 
thrown [s\src\hotspot\share\prims\jni.cpp, line 520]
Event: 833.574 Thread 0x000001f46590d700 Exception <a 'java/lang/InterruptedException'{0x00000000d5f479f0}> (0x00000000d5f479f0) 
thrown [s\src\hotspot\share\runtime\objectMonitor.cpp, line 1625]

ZGC Phase Switch (0 events):
No events

VM Operations (20 events):
Event: 832.349 Executing safepoint VM operation: ParallelGCFailedAllocation (Allocation Failure)
Event: 832.366 Executing safepoint VM operation: ParallelGCFailedAllocation (Allocation Failure) done
Event: 832.525 Executing safepoint VM operation: ParallelGCFailedAllocation (Allocation Failure)
Event: 832.544 Executing safepoint VM operation: ParallelGCFailedAllocation (Allocation Failure) done
Event: 833.145 Executing safepoint VM operation: ParallelGCFailedAllocation (Allocation Failure)
Event: 833.168 Executing safepoint VM operation: ParallelGCFailedAllocation (Allocation Failure) done
Event: 833.599 Executing safepoint VM operation: ParallelGCFailedAllocation (Allocation Failure)
Event: 833.614 Executing safepoint VM operation: ParallelGCFailedAllocation (Allocation Failure) done
Event: 833.782 Executing safepoint VM operation: ParallelGCFailedAllocation (Allocation Failure)
Event: 833.794 Executing safepoint VM operation: ParallelGCFailedAllocation (Allocation Failure) done
Event: 833.927 Executing safepoint VM operation: ParallelGCFailedAllocation (Allocation Failure)
Event: 833.940 Executing safepoint VM operation: ParallelGCFailedAllocation (Allocation Failure) done
Event: 834.166 Executing safepoint VM operation: ParallelGCFailedAllocation (Allocation Failure)
Event: 834.178 Executing safepoint VM operation: ParallelGCFailedAllocation (Allocation Failure) done
Event: 834.310 Executing safepoint VM operation: ParallelGCFailedAllocation (Allocation Failure)
Event: 834.316 Executing safepoint VM operation: ParallelGCFailedAllocation (Allocation Failure) done
Event: 834.365 Executing safepoint VM operation: ParallelGCFailedAllocation (Allocation Failure)
Event: 834.370 Executing safepoint VM operation: ParallelGCFailedAllocation (Allocation Failure) done
Event: 834.405 Executing safepoint VM operation: ParallelGCFailedAllocation (Allocation Failure)
Event: 834.411 Executing safepoint VM operation: ParallelGCFailedAllocation (Allocation Failure) done

Memory protections (0 events):
No events

Nmethod flushes (20 events):
Event: 644.362 Thread 0x000001f47c731780 flushing  nmethod 0x000001f40336de10
Event: 644.362 Thread 0x000001f47c731780 flushing  nmethod 0x000001f403371890
Event: 644.362 Thread 0x000001f47c731780 flushing  nmethod 0x000001f403373410
Event: 644.362 Thread 0x000001f47c731780 flushing  nmethod 0x000001f403385410
Event: 644.362 Thread 0x000001f47c731780 flushing  nmethod 0x000001f40339a190
Event: 644.362 Thread 0x000001f47c731780 flushing  nmethod 0x000001f40339d010
Event: 644.362 Thread 0x000001f47c731780 flushing  nmethod 0x000001f4033b4e10
Event: 644.362 Thread 0x000001f47c731780 flushing  nmethod 0x000001f40342b790
Event: 644.362 Thread 0x000001f47c731780 flushing  nmethod 0x000001f403443b90
Event: 644.362 Thread 0x000001f47c731780 flushing  nmethod 0x000001f403443f10
Event: 644.362 Thread 0x000001f47c731780 flushing  nmethod 0x000001f40344f410
Event: 644.362 Thread 0x000001f47c731780 flushing  nmethod 0x000001f403450390
Event: 644.362 Thread 0x000001f47c731780 flushing  nmethod 0x000001f403450b10
Event: 644.362 Thread 0x000001f47c731780 flushing  nmethod 0x000001f403450f10
Event: 644.362 Thread 0x000001f47c731780 flushing  nmethod 0x000001f403451f90
Event: 644.362 Thread 0x000001f47c731780 flushing  nmethod 0x000001f403452b10
Event: 644.362 Thread 0x000001f47c731780 flushing  nmethod 0x000001f403459190
Event: 644.362 Thread 0x000001f47c731780 flushing osr nmethod 0x000001f40345c090
Event: 644.362 Thread 0x000001f47c731780 flushing  nmethod 0x000001f403462090
Event: 644.362 Thread 0x000001f47c731780 flushing osr nmethod 0x000001f40349c090

Events (20 events):
Event: 829.431 Thread 0x000001f45b700b10 Thread exited: 0x000001f45b700b10
Event: 829.547 Thread 0x000001f47dff8120 Thread added: 0x000001f45b700b10
Event: 829.675 Thread 0x000001f45b700b10 Thread exited: 0x000001f45b700b10
Event: 829.682 Thread 0x000001f47c744ca0 Thread added: 0x000001f45b701f80
Event: 829.705 Thread 0x000001f47dff8120 Thread added: 0x000001f45b700b10
Event: 830.558 Thread 0x000001f45b700b10 Thread exited: 0x000001f45b700b10
Event: 831.289 Thread 0x000001f45b701f80 Thread exited: 0x000001f45b701f80
Event: 831.366 Thread 0x000001f47dff8120 Thread added: 0x000001f45b701f80
Event: 831.728 Thread 0x000001f47dff8120 Thread added: 0x000001f45b700b10
Event: 831.850 Thread 0x000001f47fa72be0 Thread added: 0x000001f47e473820
Event: 831.867 Thread 0x000001f47fa711a0 Thread added: 0x000001f47e476ca0
Event: 831.900 Thread 0x000001f47fa6dd20 Thread added: 0x000001f4659132e0
Event: 832.210 Thread 0x000001f47fa6dd20 Thread added: 0x000001f46590d070
Event: 832.562 Thread 0x000001f47fa6dd20 Thread added: 0x000001f47f4ac420
Event: 833.376 Thread 0x000001f45b700b10 Thread exited: 0x000001f45b700b10
Event: 833.395 Thread 0x000001f45b701f80 Thread exited: 0x000001f45b701f80
Event: 833.574 Thread 0x000001f465914000 Thread exited: 0x000001f465914000
Event: 833.574 Thread 0x000001f46590d700 Thread exited: 0x000001f46590d700
Event: 833.576 Thread 0x000001f468137e30 Thread exited: 0x000001f468137e30
Event: 833.636 Thread 0x000001f465912c50 Thread exited: 0x000001f465912c50


Dynamic libraries:
0x00007ff7dbd00000 - 0x00007ff7dbd0e000 	c:\Users\ducuy\.vscode\extensions\redhat.java-1.54.0-win32-x64\jre\21.0.10-win32-x86_64\bin\java.exe
0x00007fff8d1f0000 - 0x00007fff8d408000 	C:\WINDOWS\SYSTEM32\ntdll.dll
0x00007fff8bee0000 - 0x00007fff8bfa4000 	C:\WINDOWS\System32\KERNEL32.DLL
0x00007fff8a910000 - 0x00007fff8ace3000 	C:\WINDOWS\System32\KERNELBASE.dll
0x00007fff85a10000 - 0x00007fff85aa7000 	C:\WINDOWS\SYSTEM32\apphelp.dll
0x00007fff8a7f0000 - 0x00007fff8a901000 	C:\WINDOWS\System32\ucrtbase.dll
0x00007fff72be0000 - 0x00007fff72bf8000 	c:\Users\ducuy\.vscode\extensions\redhat.java-1.54.0-win32-x64\jre\21.0.10-win32-x86_64\bin\jli.dll
0x00007fff8cd80000 - 0x00007fff8cf32000 	C:\WINDOWS\System32\USER32.dll
0x00007fff8a720000 - 0x00007fff8a746000 	C:\WINDOWS\System32\win32u.dll
0x00007fff8ae90000 - 0x00007fff8aeb9000 	C:\WINDOWS\System32\GDI32.dll
0x00007fff8ad70000 - 0x00007fff8ae8b000 	C:\WINDOWS\System32\gdi32full.dll
0x00007fff8a750000 - 0x00007fff8a7ea000 	C:\WINDOWS\System32\msvcp_win.dll
0x00007fff6e770000 - 0x00007fff6e78e000 	c:\Users\ducuy\.vscode\extensions\redhat.java-1.54.0-win32-x64\jre\21.0.10-win32-x86_64\bin\VCRUNTIME140.dll
0x00007fff73440000 - 0x00007fff736dc000 	C:\WINDOWS\WinSxS\amd64_microsoft.windows.common-controls_6595b64144ccf1df_6.0.22621.6060_none_2712eda17382d24b\COMCTL32.dll
0x00007fff8c430000 - 0x00007fff8c4d7000 	C:\WINDOWS\System32\msvcrt.dll
0x00007fff8aec0000 - 0x00007fff8aef1000 	C:\WINDOWS\System32\IMM32.DLL
0x00007fff856e0000 - 0x00007fff856ec000 	c:\Users\ducuy\.vscode\extensions\redhat.java-1.54.0-win32-x64\jre\21.0.10-win32-x86_64\bin\vcruntime140_1.dll
0x00007fff4dd90000 - 0x00007fff4de1d000 	c:\Users\ducuy\.vscode\extensions\redhat.java-1.54.0-win32-x64\jre\21.0.10-win32-x86_64\bin\msvcp140.dll
0x00007fff313b0000 - 0x00007fff32151000 	c:\Users\ducuy\.vscode\extensions\redhat.java-1.54.0-win32-x64\jre\21.0.10-win32-x86_64\bin\server\jvm.dll
0x00007fff8cfc0000 - 0x00007fff8d071000 	C:\WINDOWS\System32\ADVAPI32.dll
0x00007fff8b1e0000 - 0x00007fff8b288000 	C:\WINDOWS\System32\sechost.dll
0x00007fff8a440000 - 0x00007fff8a468000 	C:\WINDOWS\System32\bcrypt.dll
0x00007fff8b0c0000 - 0x00007fff8b1d8000 	C:\WINDOWS\System32\RPCRT4.dll
0x00007fff8cf40000 - 0x00007fff8cfb1000 	C:\WINDOWS\System32\WS2_32.dll
0x00007fff89110000 - 0x00007fff8915d000 	C:\WINDOWS\SYSTEM32\POWRPROF.dll
0x00007fff827b0000 - 0x00007fff827e4000 	C:\WINDOWS\SYSTEM32\WINMM.dll
0x00007fff7cbe0000 - 0x00007fff7cbea000 	C:\WINDOWS\SYSTEM32\VERSION.dll
0x00007fff890f0000 - 0x00007fff89103000 	C:\WINDOWS\SYSTEM32\UMPDC.dll
0x00007fff89390000 - 0x00007fff893a8000 	C:\WINDOWS\SYSTEM32\kernel.appcore.dll
0x00007fff77720000 - 0x00007fff7772a000 	c:\Users\ducuy\.vscode\extensions\redhat.java-1.54.0-win32-x64\jre\21.0.10-win32-x86_64\bin\jimage.dll
0x00007fff87d20000 - 0x00007fff87f53000 	C:\WINDOWS\SYSTEM32\DBGHELP.DLL
0x00007fff8b370000 - 0x00007fff8b701000 	C:\WINDOWS\System32\combase.dll
0x00007fff8b290000 - 0x00007fff8b368000 	C:\WINDOWS\System32\OLEAUT32.dll
0x00007fff5b190000 - 0x00007fff5b1c2000 	C:\WINDOWS\SYSTEM32\dbgcore.DLL
0x00007fff8a470000 - 0x00007fff8a4eb000 	C:\WINDOWS\System32\bcryptPrimitives.dll
0x00007fff76ac0000 - 0x00007fff76acf000 	c:\Users\ducuy\.vscode\extensions\redhat.java-1.54.0-win32-x64\jre\21.0.10-win32-x86_64\bin\instrument.dll
0x00007fff6e740000 - 0x00007fff6e760000 	c:\Users\ducuy\.vscode\extensions\redhat.java-1.54.0-win32-x64\jre\21.0.10-win32-x86_64\bin\java.dll
0x00007fff8c4e0000 - 0x00007fff8cd7c000 	C:\WINDOWS\System32\SHELL32.dll
0x00007fff8a300000 - 0x00007fff8a43f000 	C:\WINDOWS\System32\wintypes.dll
0x00007fff881b0000 - 0x00007fff88aca000 	C:\WINDOWS\SYSTEM32\windows.storage.dll
0x00007fff8bdc0000 - 0x00007fff8bec4000 	C:\WINDOWS\System32\SHCORE.dll
0x00007fff8bbf0000 - 0x00007fff8bc59000 	C:\WINDOWS\System32\shlwapi.dll
0x00007fff8a230000 - 0x00007fff8a255000 	C:\WINDOWS\SYSTEM32\profapi.dll
0x00007fff5a980000 - 0x00007fff5a998000 	c:\Users\ducuy\.vscode\extensions\redhat.java-1.54.0-win32-x64\jre\21.0.10-win32-x86_64\bin\zip.dll
0x00007fff76950000 - 0x00007fff76960000 	C:\Users\ducuy\.vscode\extensions\redhat.java-1.54.0-win32-x64\jre\21.0.10-win32-x86_64\bin\net.dll
0x00007fff83160000 - 0x00007fff8328c000 	C:\WINDOWS\SYSTEM32\WINHTTP.dll
0x00007fff89850000 - 0x00007fff898b9000 	C:\WINDOWS\system32\mswsock.dll
0x00007fff59870000 - 0x00007fff59886000 	C:\Users\ducuy\.vscode\extensions\redhat.java-1.54.0-win32-x64\jre\21.0.10-win32-x86_64\bin\nio.dll
0x00007fff767f0000 - 0x00007fff76800000 	c:\Users\ducuy\.vscode\extensions\redhat.java-1.54.0-win32-x64\jre\21.0.10-win32-x86_64\bin\verify.dll
0x00007fff46760000 - 0x00007fff467a5000 	C:\Users\ducuy\AppData\Roaming\Code\User\globalStorage\redhat.java\1.54.0\config_win\org.eclipse.equinox.launcher\org.eclipse.equinox.launcher.win32.win32.x86_64_1.3.0.v20260203-2149\eclipse_11919.dll
0x00007fff8b710000 - 0x00007fff8b8b1000 	C:\WINDOWS\System32\ole32.dll
0x00007fff89ba0000 - 0x00007fff89bbb000 	C:\WINDOWS\SYSTEM32\CRYPTSP.dll
0x00007fff892f0000 - 0x00007fff89327000 	C:\WINDOWS\system32\rsaenh.dll
0x00007fff898f0000 - 0x00007fff89918000 	C:\WINDOWS\SYSTEM32\USERENV.dll
0x00007fff89b80000 - 0x00007fff89b8c000 	C:\WINDOWS\SYSTEM32\CRYPTBASE.dll
0x00007fff88db0000 - 0x00007fff88ddd000 	C:\WINDOWS\SYSTEM32\IPHLPAPI.DLL
0x00007fff8bb40000 - 0x00007fff8bb49000 	C:\WINDOWS\System32\NSI.dll
0x00007fff3f9d0000 - 0x00007fff3fa19000 	C:\Users\ducuy\AppData\Local\Temp\jna-95936534\jna5444529348993464596.dll
0x00007fff8bbd0000 - 0x00007fff8bbd8000 	C:\WINDOWS\System32\PSAPI.DLL
0x00007fff846b0000 - 0x00007fff846c9000 	C:\WINDOWS\SYSTEM32\dhcpcsvc6.DLL
0x00007fff85610000 - 0x00007fff8562f000 	C:\WINDOWS\SYSTEM32\dhcpcsvc.DLL
0x00007fff894a0000 - 0x00007fff894d4000 	C:\WINDOWS\SYSTEM32\ntmarta.dll
0x00007fff75440000 - 0x00007fff75449000 	C:\Users\ducuy\.vscode\extensions\redhat.java-1.54.0-win32-x64\jre\21.0.10-win32-x86_64\bin\extnet.dll

JVMTI agents:
c:\Users\ducuy\.vscode\extensions\redhat.java-1.54.0-win32-x64\lombok\lombok-1.18.39-4050.jar path:c:\Users\ducuy\.vscode\extensions\redhat.java-1.54.0-win32-x64\jre\21.0.10-win32-x86_64\bin\instrument.dll, loaded, initialized, instrumentlib options:none

dbghelp: loaded successfully - version: 4.0.5 - missing functions: none
symbol engine: initialized successfully - sym options: 0x614 - pdb path: .;c:\Users\ducuy\.vscode\extensions\redhat.java-1.54.0-win32-x64\jre\21.0.10-win32-x86_64\bin;C:\WINDOWS\SYSTEM32;C:\WINDOWS\WinSxS\amd64_microsoft.windows.common-controls_6595b64144ccf1df_6.0.22621.6060_none_2712eda17382d24b;c:\Users\ducuy\.vscode\extensions\redhat.java-1.54.0-win32-x64\jre\21.0.10-win32-x86_64\bin\server;C:\Users\ducuy\AppData\Roaming\Code\User\globalStorage\redhat.java\1.54.0\config_win\org.eclipse.equinox.launcher\org.eclipse.equinox.launcher.win32.win32.x86_64_1.3.0.v20260203-2149;C:\Users\ducuy\AppData\Local\Temp\jna-95936534

VM Arguments:
jvm_args: --add-modules=ALL-SYSTEM --add-opens=java.base/java.util=ALL-UNNAMED --add-opens=java.base/java.lang=ALL-UNNAMED --add-opens=java.base/sun.nio.fs=ALL-UNNAMED -Declipse.application=org.eclipse.jdt.ls.core.id1 -Dosgi.bundles.defaultStartLevel=4 -Declipse.product=org.eclipse.jdt.ls.core.product -Djava.import.generatesMetadataFilesAtProjectRoot=false -DDetectVMInstallationsJob.disabled=true -Dfile.encoding=utf8 -XX:+UseParallelGC -XX:GCTimeRatio=4 -XX:AdaptiveSizePolicyWeight=90 -Dsun.zip.disableMemoryMapping=true -Xmx2G -Xms100m -Xlog:disable -javaagent:c:\Users\ducuy\.vscode\extensions\redhat.java-1.54.0-win32-x64\lombok\lombok-1.18.39-4050.jar -XX:+HeapDumpOnOutOfMemoryError -XX:HeapDumpPath=c:\Users\ducuy\AppData\Roaming\Code\User\workspaceStorage\2bc6a7faf2bfeb70a49d89e544ce1b08\redhat.java -Daether.dependencyCollector.impl=bf 
java_command: c:\Users\ducuy\.vscode\extensions\redhat.java-1.54.0-win32-x64\server\plugins\org.eclipse.equinox.launcher_1.7.100.v20251111-0406.jar -configuration c:\Users\ducuy\AppData\Roaming\Code\User\globalStorage\redhat.java\1.54.0\config_win -data c:\Users\ducuy\AppData\Roaming\Code\User\workspaceStorage\2bc6a7faf2bfeb70a49d89e544ce1b08\redhat.java\jdt_ws --pipe=\\.\pipe\lsp-2148e5fa15ff42cac37ef26f76c3f806-sock
java_class_path (initial): c:\Users\ducuy\.vscode\extensions\redhat.java-1.54.0-win32-x64\server\plugins\org.eclipse.equinox.launcher_1.7.100.v20251111-0406.jar
Launcher Type: SUN_STANDARD

[Global flags]
    uintx AdaptiveSizePolicyWeight                 = 90                                        {product} {command line}
     intx CICompilerCount                          = 4                                         {product} {ergonomic}
    uintx GCTimeRatio                              = 4                                         {product} {command line}
     bool HeapDumpOnOutOfMemoryError               = true                                   {manageable} {command line}
    ccstr HeapDumpPath                             = c:\Users\ducuy\AppData\Roaming\Code\User\workspaceStorage\2bc6a7faf2bfeb70a49d89e544ce1b08\redhat.java         {manageable} {command line}
   size_t InitialHeapSize                          = 104857600                                 {product} {command line}
   size_t MaxHeapSize                              = 2147483648                                {product} {command line}
   size_t MaxNewSize                               = 715653120                                 {product} {ergonomic}
   size_t MinHeapDeltaBytes                        = 524288                                    {product} {ergonomic}
   size_t MinHeapSize                              = 104857600                                 {product} {command line}
   size_t NewSize                                  = 34603008                                  {product} {ergonomic}
    uintx NonNMethodCodeHeapSize                   = 5839372                                {pd product} {ergonomic}
    uintx NonProfiledCodeHeapSize                  = 122909434                              {pd product} {ergonomic}
   size_t OldSize                                  = 70254592                                  {product} {ergonomic}
    uintx ProfiledCodeHeapSize                     = 122909434                              {pd product} {ergonomic}
    uintx ReservedCodeCacheSize                    = 251658240                              {pd product} {ergonomic}
     bool SegmentedCodeCache                       = true                                      {product} {ergonomic}
   size_t SoftMaxHeapSize                          = 2147483648                             {manageable} {ergonomic}
     bool UseCompressedOops                        = true                           {product lp64_product} {ergonomic}
     bool UseLargePagesIndividualAllocation        = false                                  {pd product} {ergonomic}
     bool UseParallelGC                            = true                                      {product} {command line}

Logging:
Log output configuration:
 #0: stdout all=off uptime,level,tags foldmultilines=false
 #1: stderr all=off uptime,level,tags foldmultilines=false

Release file:
JAVA_VERSION="21.0.10" 
MODULES="java.base java.compiler java.datatransfer java.xml java.prefs java.desktop java.instrument java.logging java.management java.security.sasl java.naming java.rmi java.management.rmi java.net.http java.scripting java.security.jgss java.transaction.xa java.sql java.sql.rowset java.xml.crypto java.se java.smartcardio jdk.accessibility jdk.internal.jvmstat jdk.attach jdk.charsets jdk.internal.opt jdk.zipfs jdk.compiler jdk.crypto.ec jdk.crypto.cryptoki jdk.crypto.mscapi jdk.dynalink jdk.internal.ed jdk.editpad jdk.hotspot.agent jdk.httpserver jdk.internal.le jdk.internal.vm.ci jdk.internal.vm.compiler jdk.internal.vm.compiler.management jdk.jartool jdk.javadoc jdk.jcmd jdk.management jdk.management.agent jdk.jconsole jdk.jdeps jdk.jdwp.agent jdk.jdi jdk.jfr jdk.jshell jdk.jsobject jdk.jstatd jdk.localedata jdk.management.jfr jdk.naming.dns jdk.naming.rmi jdk.net jdk.nio.mapmode jdk.random jdk.sctp jdk.security.auth jdk.security.jgss jdk.unsupported jdk.unsupported.desktop jdk.xml.dom" 

Environment Variables:
JAVA_HOME=C:\Program Files\Java\jdk-17
PATH=C:\Program Files\Common Files\Oracle\Java\javapath;C:\WINDOWS\system32;C:\WINDOWS;C:\WINDOWS\System32\Wbem;C:\WINDOWS\System32\WindowsPowerShell\v1.0\;C:\WINDOWS\System32\OpenSSH\;C:\Program Files\Git\cmd;C:\Program Files\Microsoft SQL Server\150\Tools\Binn\;C:\Program Files\Microsoft SQL Server\Client SDK\ODBC\170\Tools\Binn\;C:\Program Files\dotnet\;C:\Program Files\Microsoft SQL Server\Client SDK\ODBC\110\Tools\Binn\;C:\Program Files (x86)\Microsoft SQL Server\120\Tools\Binn\;C:\Program Files\Microsoft SQL Server\120\Tools\Binn\;C:\Program Files\Microsoft SQL Server\120\DTS\Binn\;C:\Program Files (x86)\Microsoft SQL Server\120\Tools\Binn\ManagementStudio\;C:\Program Files (x86)\Microsoft SQL Server\120\DTS\Binn\;C:\Program Files\Cloudflare\Cloudflare WARP\;C:\Program Files\nodejs\;C:\Program Files\Docker\Docker\resources\bin;C:\Users\ducuy\AppData\Local\Microsoft\WindowsApps;C:\src\flutter_windows_3.35.4-stable\flutter\bin;C:\Program Files\Java\jdk-17\bin;C:\apache-maven-3.9.11\bin;C:\Users\ducuy\.dotnet\tools;C:\Users\ducuy\AppData\Roaming\npm;C:\Users\ducuy\AppData\Local\Programs\Microsoft VS Code\bin;C:\Users\ducuy\AppData\Local\Programs\cursor\resources\app\bin
USERNAME=ducuy
OS=Windows_NT
PROCESSOR_IDENTIFIER=Intel64 Family 6 Model 142 Stepping 10, GenuineIntel
TMP=C:\Users\ducuy\AppData\Local\Temp
TEMP=C:\Users\ducuy\AppData\Local\Temp




Periodic native trim disabled

---------------  S Y S T E M  ---------------

OS:
 Windows 11 , 64 bit Build 22621 (10.0.22621.5415)
OS uptime: 0 days 1:42 hours
Hyper-V role detected

CPU: total 8 (initial active 8) (4 cores per cpu, 2 threads per core) family 6 model 142 stepping 10 microcode 0xea, cx8, cmov, fxsr, ht, mmx, 3dnowpref, sse, sse2, sse3, ssse3, sse4.1, sse4.2, popcnt, lzcnt, tsc, tscinvbit, avx, avx2, aes, erms, clmul, bmi1, bmi2, adx, fma, vzeroupper, clflush, clflushopt, hv, rdtscp, f16c
Processor Information for the first 8 processors :
  Max Mhz: 1800, Current Mhz: 1600, Mhz Limit: 1584

Memory: 4k page, system-wide physical 12152M (635M free)
TotalPageFile size 15292M (AvailPageFile size 7M)
current process WorkingSet (physical memory assigned to process): 1654M, peak: 1654M
current process commit charge ("private bytes"): 1685M, peak: 1817M

vm_info: OpenJDK 64-Bit Server VM (21.0.10+7-LTS) for windows-amd64 JRE (21.0.10+7-LTS), built on 2026-01-20T00:00:00Z by "admin" with MS VC++ 17.12 (VS2022)

END.
