#
# There is insufficient memory for the Java Runtime Environment to continue.
# Native memory allocation (malloc) failed to allocate 1048576 bytes. Error detail: AllocateHeap
# Possible reasons:
#   The system is out of physical RAM or swap space
#   This process is running with CompressedOops enabled, and the Java Heap may be blocking the growth of the native heap
# Possible solutions:
#   Reduce memory load on the system
#   Increase physical memory or swap space
#   Check if swap backing store is full
#   Decrease Java heap size (-Xmx/-Xms)
#   Decrease number of Java threads
#   Decrease Java thread stack sizes (-Xss)
#   Set larger code cache with -XX:ReservedCodeCacheSize=
#   JVM is running with Unscaled Compressed Oops mode in which the Java heap is
#     placed in the first 4GB address space. The Java Heap base address is the
#     maximum limit for the native heap growth. Please use -XX:HeapBaseMinAddress
#     to set the Java Heap base and to place the Java Heap above 4GB virtual address.
# This output file may be truncated or incomplete.
#
#  Out of Memory Error (allocation.cpp:44), pid=24628, tid=22584
#
# JRE version: OpenJDK Runtime Environment Temurin-21.0.10+7 (21.0.10+7) (build 21.0.10+7-LTS)
# Java VM: OpenJDK 64-Bit Server VM Temurin-21.0.10+7 (21.0.10+7-LTS, mixed mode, sharing, tiered, compressed oops, compressed class ptrs, parallel gc, windows-amd64)
# No core dump will be written. Minidumps are not enabled by default on client versions of Windows
#

---------------  S U M M A R Y ------------

Command Line: --add-modules=ALL-SYSTEM --add-opens=java.base/java.util=ALL-UNNAMED --add-opens=java.base/java.lang=ALL-UNNAMED --add-opens=java.base/sun.nio.fs=ALL-UNNAMED -Declipse.application=org.eclipse.jdt.ls.core.id1 -Dosgi.bundles.defaultStartLevel=4 -Declipse.product=org.eclipse.jdt.ls.core.product -Djava.import.generatesMetadataFilesAtProjectRoot=false -DDetectVMInstallationsJob.disabled=true -Dfile.encoding=utf8 -XX:+UseParallelGC -XX:GCTimeRatio=4 -XX:AdaptiveSizePolicyWeight=90 -Dsun.zip.disableMemoryMapping=true -Xmx2G -Xms100m -Xlog:disable -javaagent:c:\Users\ducuy\.vscode\extensions\redhat.java-1.54.0-win32-x64\lombok\lombok-1.18.39-4050.jar -XX:+HeapDumpOnOutOfMemoryError -XX:HeapDumpPath=c:\Users\ducuy\AppData\Roaming\Code\User\workspaceStorage\2bc6a7faf2bfeb70a49d89e544ce1b08\redhat.java -Daether.dependencyCollector.impl=bf c:\Users\ducuy\.vscode\extensions\redhat.java-1.54.0-win32-x64\server\plugins\org.eclipse.equinox.launcher_1.7.100.v20251111-0406.jar -configuration c:\Users\ducuy\AppData\Roaming\Code\User\globalStorage\redhat.java\1.54.0\config_win -data c:\Users\ducuy\AppData\Roaming\Code\User\workspaceStorage\2bc6a7faf2bfeb70a49d89e544ce1b08\redhat.java\jdt_ws --pipe=\\.\pipe\lsp-7a1b3677a1419b0344c7aa8c2283d4c0-sock

Host: Intel(R) Core(TM) i5-8250U CPU @ 1.60GHz, 8 cores, 11G,  Windows 11 , 64 bit Build 22621 (10.0.22621.5415)
Time: Mon May 11 00:22:50 2026 SE Asia Standard Time elapsed time: 4169.456139 seconds (0d 1h 9m 29s)

---------------  T H R E A D  ---------------

Current thread (0x0000021ecf488f60):  JavaThread "Attach Listener" daemon [_thread_in_vm, id=22584, stack(0x000000fb09f00000,0x000000fb0a000000) (1024K)]

Stack: [0x000000fb09f00000,0x000000fb0a000000]
Native frames: (J=compiled Java code, j=interpreted, Vv=VM code, C=native code)
V  [jvm.dll+0x6d7a39]
V  [jvm.dll+0x8b4b26]
V  [jvm.dll+0x8b70de]
V  [jvm.dll+0x8b77c3]
V  [jvm.dll+0x284346]
V  [jvm.dll+0xc1277]
V  [jvm.dll+0x6d82e9]
V  [jvm.dll+0x1334a6]
V  [jvm.dll+0x3f857e]
V  [jvm.dll+0x85f59d]
V  [jvm.dll+0x6d626d]
C  [ucrtbase.dll+0x29333]
C  [KERNEL32.DLL+0x1259d]
C  [ntdll.dll+0x5af78]


---------------  P R O C E S S  ---------------

Threads class SMR info:
_java_thread_list=0x0000021f18bd1ae0, length=56, elements={
0x0000021eb667c0c0, 0x0000021ecf4883a0, 0x0000021eb8accd60, 0x0000021eb8acdc80,
0x0000021ecf488f60, 0x0000021ecf48c2d0, 0x0000021ecf48ea50, 0x0000021ecf492d90,
0x0000021ecf494230, 0x0000021f1622a0c0, 0x0000021f163102e0, 0x0000021f164475a0,
0x0000021f169da360, 0x0000021f16693830, 0x0000021f166949c0, 0x0000021f16e445b0,
0x0000021f172e8460, 0x0000021f168b5100, 0x0000021f173726c0, 0x0000021f17372d50,
0x0000021f17373a70, 0x0000021f1840b7f0, 0x0000021f1840c510, 0x0000021f1840a440,
0x0000021f1840be80, 0x0000021f1840cba0, 0x0000021f1840d230, 0x0000021f18410020,
0x0000021f1840e5e0, 0x0000021f1840f300, 0x0000021f1840d8c0, 0x0000021f1840f990,
0x0000021f184106b0, 0x0000021f19d303c0, 0x0000021f1858dbc0, 0x0000021f1858fc90,
0x0000021f18590320, 0x0000021f182fbd50, 0x0000021f19d2e980, 0x0000021f19d31e00,
0x0000021f19d32490, 0x0000021f19d2d5d0, 0x0000021f182fca70, 0x0000021f182fd100,
0x0000021f182ffef0, 0x0000021f18409db0, 0x0000021f1840aad0, 0x0000021f1840b160,
0x0000021f17374100, 0x0000021f17374e20, 0x0000021f18cb2c80, 0x0000021f18cb39a0,
0x0000021f18cb8860, 0x0000021f18cb81d0, 0x0000021f18cb5a70, 0x0000021f18cb3310
}

Java Threads: ( => current thread )
  0x0000021eb667c0c0 JavaThread "main"                              [_thread_blocked, id=11072, stack(0x000000fb09800000,0x000000fb09900000) (1024K)]
  0x0000021ecf4883a0 JavaThread "Reference Handler"          daemon [_thread_blocked, id=15196, stack(0x000000fb09c00000,0x000000fb09d00000) (1024K)]
  0x0000021eb8accd60 JavaThread "Finalizer"                  daemon [_thread_blocked, id=21596, stack(0x000000fb09d00000,0x000000fb09e00000) (1024K)]
  0x0000021eb8acdc80 JavaThread "Signal Dispatcher"          daemon [_thread_blocked, id=25664, stack(0x000000fb09e00000,0x000000fb09f00000) (1024K)]
=>0x0000021ecf488f60 JavaThread "Attach Listener"            daemon [_thread_in_vm, id=22584, stack(0x000000fb09f00000,0x000000fb0a000000) (1024K)]
  0x0000021ecf48c2d0 JavaThread "Service Thread"             daemon [_thread_blocked, id=6984, stack(0x000000fb0a000000,0x000000fb0a100000) (1024K)]
  0x0000021ecf48ea50 JavaThread "Monitor Deflation Thread"   daemon [_thread_blocked, id=22176, stack(0x000000fb0a100000,0x000000fb0a200000) (1024K)]
  0x0000021ecf492d90 JavaThread "C2 CompilerThread0"         daemon [_thread_in_native, id=15244, stack(0x000000fb0a200000,0x000000fb0a300000) (1024K)]
  0x0000021ecf494230 JavaThread "C1 CompilerThread0"         daemon [_thread_blocked, id=9060, stack(0x000000fb0a300000,0x000000fb0a400000) (1024K)]
  0x0000021f1622a0c0 JavaThread "Common-Cleaner"             daemon [_thread_blocked, id=14576, stack(0x000000fb0a500000,0x000000fb0a600000) (1024K)]
  0x0000021f163102e0 JavaThread "Notification Thread"        daemon [_thread_blocked, id=9012, stack(0x000000fb0a400000,0x000000fb0a500000) (1024K)]
  0x0000021f164475a0 JavaThread "Active Thread: Equinox Container: 73c9ddd8-9dbc-4a31-b8c9-798a3973f8b2"        [_thread_blocked, id=21980, stack(0x000000fb0af00000,0x000000fb0b000000) (1024K)]
  0x0000021f169da360 JavaThread "Refresh Thread: Equinox Container: 73c9ddd8-9dbc-4a31-b8c9-798a3973f8b2" daemon [_thread_blocked, id=21844, stack(0x000000fb0b000000,0x000000fb0b100000) (1024K)]
  0x0000021f16693830 JavaThread "Framework Event Dispatcher: Equinox Container: 73c9ddd8-9dbc-4a31-b8c9-798a3973f8b2" daemon [_thread_blocked, id=23396, stack(0x000000fb0b100000,0x000000fb0b200000) (1024K)]
  0x0000021f166949c0 JavaThread "Start Level: Equinox Container: 73c9ddd8-9dbc-4a31-b8c9-798a3973f8b2" daemon [_thread_blocked, id=23964, stack(0x000000fb0b200000,0x000000fb0b300000) (1024K)]
  0x0000021f16e445b0 JavaThread "Bundle File Closer"         daemon [_thread_blocked, id=22056, stack(0x000000fb0b300000,0x000000fb0b400000) (1024K)]
  0x0000021f172e8460 JavaThread "SCR Component Actor"        daemon [_thread_blocked, id=22336, stack(0x000000fb0a700000,0x000000fb0a800000) (1024K)]
  0x0000021f168b5100 JavaThread "Worker-JM"                         [_thread_blocked, id=21080, stack(0x000000fb0b500000,0x000000fb0b600000) (1024K)]
  0x0000021f173726c0 JavaThread "JNA Cleaner"                daemon [_thread_blocked, id=15304, stack(0x000000fb0b400000,0x000000fb0b500000) (1024K)]
  0x0000021f17372d50 JavaThread "Worker-1"                          [_thread_blocked, id=23544, stack(0x000000fb0b700000,0x000000fb0b800000) (1024K)]
  0x0000021f17373a70 JavaThread "Java indexing"              daemon [_thread_in_Java, id=24756, stack(0x000000fb0ba00000,0x000000fb0bb00000) (1024K)]
  0x0000021f1840b7f0 JavaThread "Thread-1"                   daemon [_thread_in_native, id=17148, stack(0x000000fb0c000000,0x000000fb0c100000) (1024K)]
  0x0000021f1840c510 JavaThread "Thread-2"                   daemon [_thread_in_native, id=22332, stack(0x000000fb0c100000,0x000000fb0c200000) (1024K)]
  0x0000021f1840a440 JavaThread "Thread-3"                   daemon [_thread_in_native, id=5164, stack(0x000000fb0c200000,0x000000fb0c300000) (1024K)]
  0x0000021f1840be80 JavaThread "Thread-4"                   daemon [_thread_in_native, id=23080, stack(0x000000fb0c300000,0x000000fb0c400000) (1024K)]
  0x0000021f1840cba0 JavaThread "Thread-5"                   daemon [_thread_in_native, id=3700, stack(0x000000fb0c400000,0x000000fb0c500000) (1024K)]
  0x0000021f1840d230 JavaThread "Thread-6"                   daemon [_thread_in_native, id=14372, stack(0x000000fb0c500000,0x000000fb0c600000) (1024K)]
  0x0000021f18410020 JavaThread "Thread-7"                   daemon [_thread_in_native, id=15300, stack(0x000000fb0c600000,0x000000fb0c700000) (1024K)]
  0x0000021f1840e5e0 JavaThread "Thread-8"                   daemon [_thread_in_native, id=17420, stack(0x000000fb0c700000,0x000000fb0c800000) (1024K)]
  0x0000021f1840f300 JavaThread "Thread-9"                   daemon [_thread_in_native, id=11108, stack(0x000000fb0c800000,0x000000fb0c900000) (1024K)]
  0x0000021f1840d8c0 JavaThread "pool-2-thread-1"                   [_thread_blocked, id=23236, stack(0x000000fb0c900000,0x000000fb0ca00000) (1024K)]
  0x0000021f1840f990 JavaThread "WorkspaceEventsHandler"            [_thread_blocked, id=17908, stack(0x000000fb0ca00000,0x000000fb0cb00000) (1024K)]
  0x0000021f184106b0 JavaThread "pool-1-thread-1"                   [_thread_blocked, id=1632, stack(0x000000fb0cb00000,0x000000fb0cc00000) (1024K)]
  0x0000021f19d303c0 JavaThread "Cleaner-0"                  daemon [_thread_blocked, id=23672, stack(0x000000fb0d300000,0x000000fb0d400000) (1024K)]
  0x0000021f1858dbc0 JavaThread "Java Debug Server"          daemon [_thread_in_native, id=1236, stack(0x000000fb0a600000,0x000000fb0a700000) (1024K)]
  0x0000021f1858fc90 JavaThread "RxSchedulerPurge-1"         daemon [_thread_blocked, id=18476, stack(0x000000fb0b800000,0x000000fb0b900000) (1024K)]
  0x0000021f18590320 JavaThread "RxCachedWorkerPoolEvictor-1" daemon [_thread_blocked, id=6360, stack(0x000000fb0b900000,0x000000fb0ba00000) (1024K)]
  0x0000021f182fbd50 JavaThread "Worker-7"                          [_thread_blocked, id=2796, stack(0x000000fb0d400000,0x000000fb0d500000) (1024K)]
  0x0000021f19d2e980 JavaThread "ForkJoinPool.commonPool-worker-17" daemon [_thread_blocked, id=16272, stack(0x000000fb09600000,0x000000fb09700000) (1024K)]
  0x0000021f19d31e00 JavaThread "ForkJoinPool.commonPool-worker-18" daemon [_thread_blocked, id=4788, stack(0x000000fb09700000,0x000000fb09800000) (1024K)]
  0x0000021f19d32490 JavaThread "ForkJoinPool.commonPool-worker-19" daemon [_thread_blocked, id=8668, stack(0x000000fb0b600000,0x000000fb0b700000) (1024K)]
  0x0000021f19d2d5d0 JavaThread "ForkJoinPool.commonPool-worker-20" daemon [_thread_blocked, id=18140, stack(0x000000fb0bb00000,0x000000fb0bc00000) (1024K)]
  0x0000021f182fca70 JavaThread "ForkJoinPool.commonPool-worker-21" daemon [_thread_blocked, id=16196, stack(0x000000fb0bc00000,0x000000fb0bd00000) (1024K)]
  0x0000021f182fd100 JavaThread "ForkJoinPool.commonPool-worker-23" daemon [_thread_blocked, id=17520, stack(0x000000fb0bd00000,0x000000fb0be00000) (1024K)]
  0x0000021f182ffef0 JavaThread "ForkJoinPool.commonPool-worker-22" daemon [_thread_blocked, id=24960, stack(0x000000fb0be00000,0x000000fb0bf00000) (1024K)]
  0x0000021f18409db0 JavaThread "Worker-8"                          [_thread_blocked, id=13332, stack(0x000000fb0bf00000,0x000000fb0c000000) (1024K)]
  0x0000021f1840aad0 JavaThread "Worker-9: Building"                [_thread_blocked, id=23328, stack(0x000000fb0cc00000,0x000000fb0cd00000) (1024K)]
  0x0000021f1840b160 JavaThread "Compiler Source File Reader" daemon [_thread_blocked, id=1396, stack(0x000000fb0cd00000,0x000000fb0ce00000) (1024K)]
  0x0000021f17374100 JavaThread "Compiler Processing Task"   daemon [_thread_blocked, id=26464, stack(0x000000fb0cf00000,0x000000fb0d000000) (1024K)]
  0x0000021f17374e20 JavaThread "Worker-10"                         [_thread_blocked, id=21888, stack(0x000000fb0d000000,0x000000fb0d100000) (1024K)]
  0x0000021f18cb2c80 JavaThread "Worker-11"                         [_thread_blocked, id=15508, stack(0x000000fb0d100000,0x000000fb0d200000) (1024K)]
  0x0000021f18cb39a0 JavaThread "Compiler Source File Reader" daemon [_thread_blocked, id=21052, stack(0x000000fb0d200000,0x000000fb0d300000) (1024K)]
  0x0000021f18cb8860 JavaThread "Compiler Source File Reader" daemon [_thread_blocked, id=21168, stack(0x000000fb0d500000,0x000000fb0d600000) (1024K)]
  0x0000021f18cb81d0 JavaThread "Compiler Source File Reader" daemon [_thread_blocked, id=24560, stack(0x000000fb0d600000,0x000000fb0d700000) (1024K)]
  0x0000021f18cb5a70 JavaThread "Compiler Source File Reader" daemon [_thread_blocked, id=22268, stack(0x000000fb0d700000,0x000000fb0d800000) (1024K)]
  0x0000021f18cb3310 JavaThread "Compiler Source File Reader" daemon [_thread_blocked, id=16776, stack(0x000000fb0d800000,0x000000fb0d900000) (1024K)]
Total: 56

Other Threads:
  0x0000021eb8ab6c90 VMThread "VM Thread"                           [id=22312, stack(0x000000fb09b00000,0x000000fb09c00000) (1024K)]
  0x0000021ecf39c180 WatcherThread "VM Periodic Task Thread"        [id=5280, stack(0x000000fb09a00000,0x000000fb09b00000) (1024K)]
  0x0000021eb8a39990 WorkerThread "GC Thread#0"                     [id=10088, stack(0x000000fb09900000,0x000000fb09a00000) (1024K)]
  0x0000021f1680b8b0 WorkerThread "GC Thread#1"                     [id=14896, stack(0x000000fb0a800000,0x000000fb0a900000) (1024K)]
  0x0000021f16402090 WorkerThread "GC Thread#2"                     [id=18220, stack(0x000000fb0a900000,0x000000fb0aa00000) (1024K)]
  0x0000021f16402440 WorkerThread "GC Thread#3"                     [id=24844, stack(0x000000fb0aa00000,0x000000fb0ab00000) (1024K)]
  0x0000021f1667c540 WorkerThread "GC Thread#4"                     [id=17140, stack(0x000000fb0ab00000,0x000000fb0ac00000) (1024K)]
  0x0000021f1667c8f0 WorkerThread "GC Thread#5"                     [id=17580, stack(0x000000fb0ac00000,0x000000fb0ad00000) (1024K)]
  0x0000021f1667cca0 WorkerThread "GC Thread#6"                     [id=11980, stack(0x000000fb0ad00000,0x000000fb0ae00000) (1024K)]
  0x0000021f16d79170 WorkerThread "GC Thread#7"                     [id=22632, stack(0x000000fb0ae00000,0x000000fb0af00000) (1024K)]
Total: 10

Threads with active compile tasks:
C2 CompilerThread0  4169533 24571   !   4       com.google.inject.spi.InjectionPoint::getInjectionPoints (489 bytes)
Total: 1

VM state: not at safepoint (normal execution)

VM Mutex/Monitor currently owned by a thread: None

Heap address: 0x0000000080000000, size: 2048 MB, Compressed Oops mode: 32-bit

CDS archive(s) mapped at: [0x0000021ed0000000-0x0000021ed0ba0000-0x0000021ed0ba0000), size 12189696, SharedBaseAddress: 0x0000021ed0000000, ArchiveRelocationMode: 1.
Compressed class space mapped at: 0x0000021ed1000000-0x0000021f11000000, reserved size: 1073741824
Narrow klass base: 0x0000021ed0000000, Narrow klass shift: 0, Narrow klass range: 0x100000000

GC Precious Log:
 CardTable entry size: 512
 CPUs: 8 total, 8 available
 Memory: 12152M
 Large Page Support: Disabled
 NUMA Support: Disabled
 Compressed Oops: Enabled (32-bit)
 Alignments: Space 512K, Generation 512K, Heap 2M
 Heap Min Capacity: 100M
 Heap Initial Capacity: 100M
 Heap Max Capacity: 2G
 Pre-touch: Disabled
 Parallel Workers: 8

Heap:
 PSYoungGen      total 15360K, used 10715K [0x00000000d5580000, 0x00000000d6c80000, 0x0000000100000000)
  eden space 12288K, 62% used [0x00000000d5580000,0x00000000d5cf9410,0x00000000d6180000)
  from space 3072K, 99% used [0x00000000d6200000,0x00000000d64fd898,0x00000000d6500000)
  to   space 5632K, 0% used [0x00000000d6700000,0x00000000d6700000,0x00000000d6c80000)
 ParOldGen       total 1186304K, used 1185851K [0x0000000080000000, 0x00000000c8680000, 0x00000000d5580000)
  object space 1186304K, 99% used [0x0000000080000000,0x00000000c860efa8,0x00000000c8680000)
 Metaspace       used 90701K, committed 92736K, reserved 1179648K
  class space    used 9465K, committed 10368K, reserved 1048576K

Card table byte_map: [0x0000021eb83b0000,0x0000021eb87c0000] _byte_map_base: 0x0000021eb7fb0000

Marking Bits: (ParMarkBitMap*) 0x00007ffcc99f3450
 Begin Bits: [0x0000021ecaec0000, 0x0000021eccec0000)
 End Bits:   [0x0000021eccec0000, 0x0000021eceec0000)

Polling page: 0x0000021eb69f0000

Metaspace:

Usage:
  Non-class:     79.33 MB used.
      Class:      9.24 MB used.
       Both:     88.58 MB used.

Virtual space:
  Non-class space:      128.00 MB reserved,      80.44 MB ( 63%) committed,  2 nodes.
      Class space:        1.00 GB reserved,      10.12 MB ( <1%) committed,  1 nodes.
             Both:        1.12 GB reserved,      90.56 MB (  8%) committed. 

Chunk freelists:
   Non-Class:  15.47 MB
       Class:  5.80 MB
        Both:  21.26 MB

MaxMetaspaceSize: unlimited
CompressedClassSpaceSize: 1.00 GB
Initial GC threshold: 21.00 MB
Current GC threshold: 140.56 MB
CDS: on
 - commit_granule_bytes: 65536.
 - commit_granule_words: 8192.
 - virtual_space_node_default_size: 8388608.
 - enlarge_chunks_in_place: 1.
 - use_allocation_guard: 0.


Internal statistics:

num_allocs_failed_limit: 9.
num_arena_births: 1962.
num_arena_deaths: 16.
num_vsnodes_births: 3.
num_vsnodes_deaths: 0.
num_space_committed: 1449.
num_space_uncommitted: 0.
num_chunks_returned_to_freelist: 26.
num_chunks_taken_from_freelist: 6676.
num_chunk_merges: 14.
num_chunk_splits: 4020.
num_chunks_enlarged: 2154.
num_inconsistent_stats: 0.

CodeHeap 'non-profiled nmethods': size=120000Kb used=26423Kb max_used=26423Kb free=93576Kb
 bounds [0x0000021ec36e0000, 0x0000021ec50b0000, 0x0000021ecac10000]
CodeHeap 'profiled nmethods': size=120000Kb used=51637Kb max_used=51700Kb free=68362Kb
 bounds [0x0000021ebbc10000, 0x0000021ebee90000, 0x0000021ec3140000]
CodeHeap 'non-nmethods': size=5760Kb used=1520Kb max_used=1621Kb free=4239Kb
 bounds [0x0000021ec3140000, 0x0000021ec33b0000, 0x0000021ec36e0000]
CodeCache: size=245760Kb, used=79580Kb, max_used=79744Kb, free=166177Kb
 total_blobs=21075, nmethods=20230, adapters=743, full_count=0
Compilation: enabled, stopped_count=0, restarted_count=0

Compilation events (20 events):
Event: 4169.329 Thread 0x0000021ecf494230 24668       3       org.eclipse.core.internal.localstore.UnifiedTree::addElementToQueue (10 bytes)
Event: 4169.329 Thread 0x0000021ecf494230 nmethod 24668 0x0000021ebda16210 code [0x0000021ebda163c0, 0x0000021ebda16578]
Event: 4169.329 Thread 0x0000021ecf494230 24667       3       java.util.LinkedList::peek (18 bytes)
Event: 4169.330 Thread 0x0000021ecf494230 nmethod 24667 0x0000021ebda15e10 code [0x0000021ebda15fc0, 0x0000021ebda16148]
Event: 4169.333 Thread 0x0000021ecf494230 24670       3       org.eclipse.core.filesystem.provider.FileInfo::compareTo (9 bytes)
Event: 4169.334 Thread 0x0000021ecf494230 nmethod 24670 0x0000021ebda15790 code [0x0000021ebda15960, 0x0000021ebda15c90]
Event: 4169.334 Thread 0x0000021ecf494230 24671       3       org.eclipse.core.filesystem.provider.FileInfo::compareTo (14 bytes)
Event: 4169.335 Thread 0x0000021ecf494230 nmethod 24671 0x0000021ebda15310 code [0x0000021ebda154c0, 0x0000021ebda15678]
Event: 4169.335 Thread 0x0000021ecf494230 24672       3       org.eclipse.core.internal.localstore.UnifiedTreeNode::isFolder (21 bytes)
Event: 4169.335 Thread 0x0000021ecf494230 nmethod 24672 0x0000021ebda14d10 code [0x0000021ebda14ec0, 0x0000021ebda15180]
Event: 4169.335 Thread 0x0000021ecf494230 24673       3       org.eclipse.core.internal.localstore.UnifiedTreeNode::existsInFileSystem (23 bytes)
Event: 4169.336 Thread 0x0000021ecf494230 nmethod 24673 0x0000021ebda14790 code [0x0000021ebda14960, 0x0000021ebda14bf8]
Event: 4169.376 Thread 0x0000021ecf494230 24674       3       org.eclipse.jdt.ls.core.internal.filesystem.JLSFile::getChild (121 bytes)
Event: 4169.379 Thread 0x0000021ecf494230 nmethod 24674 0x0000021ebda12390 code [0x0000021ebda12780, 0x0000021ebda13e78]
Event: 4169.381 Thread 0x0000021ecf494230 24675       3       org.eclipse.core.internal.localstore.UnifiedTree::createNode (61 bytes)
Event: 4169.382 Thread 0x0000021ecf494230 nmethod 24675 0x0000021ebda11910 code [0x0000021ebda11b00, 0x0000021ebda12160]
Event: 4169.390 Thread 0x0000021ecf494230 24676       3       org.eclipse.core.internal.localstore.UnifiedTree::addChildToTree (18 bytes)
Event: 4169.390 Thread 0x0000021ecf494230 nmethod 24676 0x0000021ebda11310 code [0x0000021ebda114e0, 0x0000021ebda11798]
Event: 4169.420 Thread 0x0000021ecf494230 24677       3       org.eclipse.jdt.ls.core.internal.filesystem.JLSFsUtils::isExcluded (96 bytes)
Event: 4169.421 Thread 0x0000021ecf494230 nmethod 24677 0x0000021ebda10090 code [0x0000021ebda10320, 0x0000021ebda10eb8]

GC Heap History (20 events):
Event: 4166.532 GC heap before
{Heap before GC invocations=2897 (full 5):
 PSYoungGen      total 12288K, used 11216K [0x00000000d5580000, 0x00000000d6480000, 0x0000000100000000)
  eden space 10240K, 99% used [0x00000000d5580000,0x00000000d5f7fff0,0x00000000d5f80000)
  from space 2048K, 47% used [0x00000000d5f80000,0x00000000d6074010,0x00000000d6180000)
  to   space 1536K, 0% used [0x00000000d6300000,0x00000000d6300000,0x00000000d6480000)
 ParOldGen       total 1129984K, used 1129818K [0x0000000080000000, 0x00000000c4f80000, 0x00000000d5580000)
  object space 1129984K, 99% used [0x0000000080000000,0x00000000c4f569d8,0x00000000c4f80000)
 Metaspace       used 89987K, committed 91904K, reserved 1179648K
  class space    used 9388K, committed 10240K, reserved 1048576K
}
Event: 4166.544 GC heap after
{Heap after GC invocations=2897 (full 5):
 PSYoungGen      total 13824K, used 1056K [0x00000000d5580000, 0x00000000d6480000, 0x0000000100000000)
  eden space 12288K, 0% used [0x00000000d5580000,0x00000000d5580000,0x00000000d6180000)
  from space 1536K, 68% used [0x00000000d6300000,0x00000000d6408020,0x00000000d6480000)
  to   space 1536K, 0% used [0x00000000d6180000,0x00000000d6180000,0x00000000d6300000)
 ParOldGen       total 1131008K, used 1130606K [0x0000000080000000, 0x00000000c5080000, 0x00000000d5580000)
  object space 1131008K, 99% used [0x0000000080000000,0x00000000c501ba68,0x00000000c5080000)
 Metaspace       used 89987K, committed 91904K, reserved 1179648K
  class space    used 9388K, committed 10240K, reserved 1048576K
}
Event: 4166.656 GC heap before
{Heap before GC invocations=2898 (full 5):
 PSYoungGen      total 13824K, used 13344K [0x00000000d5580000, 0x00000000d6480000, 0x0000000100000000)
  eden space 12288K, 100% used [0x00000000d5580000,0x00000000d6180000,0x00000000d6180000)
  from space 1536K, 68% used [0x00000000d6300000,0x00000000d6408020,0x00000000d6480000)
  to   space 1536K, 0% used [0x00000000d6180000,0x00000000d6180000,0x00000000d6300000)
 ParOldGen       total 1131008K, used 1130606K [0x0000000080000000, 0x00000000c5080000, 0x00000000d5580000)
  object space 1131008K, 99% used [0x0000000080000000,0x00000000c501ba68,0x00000000c5080000)
 Metaspace       used 89988K, committed 91904K, reserved 1179648K
  class space    used 9388K, committed 10240K, reserved 1048576K
}
Event: 4166.664 GC heap after
{Heap after GC invocations=2898 (full 5):
 PSYoungGen      total 13824K, used 1346K [0x00000000d5580000, 0x00000000d6480000, 0x0000000100000000)
  eden space 12288K, 0% used [0x00000000d5580000,0x00000000d5580000,0x00000000d6180000)
  from space 1536K, 87% used [0x00000000d6180000,0x00000000d62d0ae0,0x00000000d6300000)
  to   space 1536K, 0% used [0x00000000d6300000,0x00000000d6300000,0x00000000d6480000)
 ParOldGen       total 1132032K, used 1131542K [0x0000000080000000, 0x00000000c5180000, 0x00000000d5580000)
  object space 1132032K, 99% used [0x0000000080000000,0x00000000c5105ae8,0x00000000c5180000)
 Metaspace       used 89988K, committed 91904K, reserved 1179648K
  class space    used 9388K, committed 10240K, reserved 1048576K
}
Event: 4166.719 GC heap before
{Heap before GC invocations=2899 (full 5):
 PSYoungGen      total 13824K, used 13634K [0x00000000d5580000, 0x00000000d6480000, 0x0000000100000000)
  eden space 12288K, 100% used [0x00000000d5580000,0x00000000d6180000,0x00000000d6180000)
  from space 1536K, 87% used [0x00000000d6180000,0x00000000d62d0ae0,0x00000000d6300000)
  to   space 1536K, 0% used [0x00000000d6300000,0x00000000d6300000,0x00000000d6480000)
 ParOldGen       total 1132032K, used 1131542K [0x0000000080000000, 0x00000000c5180000, 0x00000000d5580000)
  object space 1132032K, 99% used [0x0000000080000000,0x00000000c5105ae8,0x00000000c5180000)
 Metaspace       used 89988K, committed 91904K, reserved 1179648K
  class space    used 9388K, committed 10240K, reserved 1048576K
}
Event: 4166.729 GC heap after
{Heap after GC invocations=2899 (full 5):
 PSYoungGen      total 13824K, used 1216K [0x00000000d5580000, 0x00000000d6480000, 0x0000000100000000)
  eden space 12288K, 0% used [0x00000000d5580000,0x00000000d5580000,0x00000000d6180000)
  from space 1536K, 79% used [0x00000000d6300000,0x00000000d6430020,0x00000000d6480000)
  to   space 1536K, 0% used [0x00000000d6180000,0x00000000d6180000,0x00000000d6300000)
 ParOldGen       total 1133056K, used 1132676K [0x0000000080000000, 0x00000000c5280000, 0x00000000d5580000)
  object space 1133056K, 99% used [0x0000000080000000,0x00000000c5221108,0x00000000c5280000)
 Metaspace       used 89988K, committed 91904K, reserved 1179648K
  class space    used 9388K, committed 10240K, reserved 1048576K
}
Event: 4166.940 GC heap before
{Heap before GC invocations=2900 (full 5):
 PSYoungGen      total 13824K, used 13504K [0x00000000d5580000, 0x00000000d6480000, 0x0000000100000000)
  eden space 12288K, 100% used [0x00000000d5580000,0x00000000d6180000,0x00000000d6180000)
  from space 1536K, 79% used [0x00000000d6300000,0x00000000d6430020,0x00000000d6480000)
  to   space 1536K, 0% used [0x00000000d6180000,0x00000000d6180000,0x00000000d6300000)
 ParOldGen       total 1133056K, used 1132676K [0x0000000080000000, 0x00000000c5280000, 0x00000000d5580000)
  object space 1133056K, 99% used [0x0000000080000000,0x00000000c5221108,0x00000000c5280000)
 Metaspace       used 89990K, committed 91904K, reserved 1179648K
  class space    used 9388K, committed 10240K, reserved 1048576K
}
Event: 4166.956 GC heap after
{Heap after GC invocations=2900 (full 5):
 PSYoungGen      total 13824K, used 1536K [0x00000000d5580000, 0x00000000d6b80000, 0x0000000100000000)
  eden space 12288K, 0% used [0x00000000d5580000,0x00000000d5580000,0x00000000d6180000)
  from space 1536K, 100% used [0x00000000d6180000,0x00000000d6300000,0x00000000d6300000)
  to   space 5120K, 0% used [0x00000000d6680000,0x00000000d6680000,0x00000000d6b80000)
 ParOldGen       total 1135616K, used 1135469K [0x0000000080000000, 0x00000000c5500000, 0x00000000d5580000)
  object space 1135616K, 99% used [0x0000000080000000,0x00000000c54db508,0x00000000c5500000)
 Metaspace       used 89990K, committed 91904K, reserved 1179648K
  class space    used 9388K, committed 10240K, reserved 1048576K
}
Event: 4167.067 GC heap before
{Heap before GC invocations=2901 (full 5):
 PSYoungGen      total 13824K, used 13824K [0x00000000d5580000, 0x00000000d6b80000, 0x0000000100000000)
  eden space 12288K, 100% used [0x00000000d5580000,0x00000000d6180000,0x00000000d6180000)
  from space 1536K, 100% used [0x00000000d6180000,0x00000000d6300000,0x00000000d6300000)
  to   space 5120K, 0% used [0x00000000d6680000,0x00000000d6680000,0x00000000d6b80000)
 ParOldGen       total 1135616K, used 1135469K [0x0000000080000000, 0x00000000c5500000, 0x00000000d5580000)
  object space 1135616K, 99% used [0x0000000080000000,0x00000000c54db508,0x00000000c5500000)
 Metaspace       used 90001K, committed 91904K, reserved 1179648K
  class space    used 9388K, committed 10240K, reserved 1048576K
}
Event: 4167.080 GC heap after
{Heap after GC invocations=2901 (full 5):
 PSYoungGen      total 16384K, used 4010K [0x00000000d5580000, 0x00000000d6a80000, 0x0000000100000000)
  eden space 12288K, 0% used [0x00000000d5580000,0x00000000d5580000,0x00000000d6180000)
  from space 4096K, 97% used [0x00000000d6680000,0x00000000d6a6a8c0,0x00000000d6a80000)
  to   space 4608K, 0% used [0x00000000d6180000,0x00000000d6180000,0x00000000d6600000)
 ParOldGen       total 1137152K, used 1137029K [0x0000000080000000, 0x00000000c5680000, 0x00000000d5580000)
  object space 1137152K, 99% used [0x0000000080000000,0x00000000c5661548,0x00000000c5680000)
 Metaspace       used 90001K, committed 91904K, reserved 1179648K
  class space    used 9388K, committed 10240K, reserved 1048576K
}
Event: 4167.148 GC heap before
{Heap before GC invocations=2902 (full 5):
 PSYoungGen      total 16384K, used 16298K [0x00000000d5580000, 0x00000000d6a80000, 0x0000000100000000)
  eden space 12288K, 100% used [0x00000000d5580000,0x00000000d6180000,0x00000000d6180000)
  from space 4096K, 97% used [0x00000000d6680000,0x00000000d6a6a8c0,0x00000000d6a80000)
  to   space 4608K, 0% used [0x00000000d6180000,0x00000000d6180000,0x00000000d6600000)
 ParOldGen       total 1137152K, used 1137029K [0x0000000080000000, 0x00000000c5680000, 0x00000000d5580000)
  object space 1137152K, 99% used [0x0000000080000000,0x00000000c5661548,0x00000000c5680000)
 Metaspace       used 90001K, committed 91904K, reserved 1179648K
  class space    used 9388K, committed 10240K, reserved 1048576K
}
Event: 4167.164 GC heap after
{Heap after GC invocations=2902 (full 5):
 PSYoungGen      total 16896K, used 4251K [0x00000000d5580000, 0x00000000d6a80000, 0x0000000100000000)
  eden space 12288K, 0% used [0x00000000d5580000,0x00000000d5580000,0x00000000d6180000)
  from space 4608K, 92% used [0x00000000d6180000,0x00000000d65a6eb0,0x00000000d6600000)
  to   space 4608K, 0% used [0x00000000d6600000,0x00000000d6600000,0x00000000d6a80000)
 ParOldGen       total 1141248K, used 1140951K [0x0000000080000000, 0x00000000c5a80000, 0x00000000d5580000)
  object space 1141248K, 99% used [0x0000000080000000,0x00000000c5a35f18,0x00000000c5a80000)
 Metaspace       used 90001K, committed 91904K, reserved 1179648K
  class space    used 9388K, committed 10240K, reserved 1048576K
}
Event: 4167.370 GC heap before
{Heap before GC invocations=2903 (full 5):
 PSYoungGen      total 16896K, used 16539K [0x00000000d5580000, 0x00000000d6a80000, 0x0000000100000000)
  eden space 12288K, 100% used [0x00000000d5580000,0x00000000d6180000,0x00000000d6180000)
  from space 4608K, 92% used [0x00000000d6180000,0x00000000d65a6eb0,0x00000000d6600000)
  to   space 4608K, 0% used [0x00000000d6600000,0x00000000d6600000,0x00000000d6a80000)
 ParOldGen       total 1141248K, used 1140951K [0x0000000080000000, 0x00000000c5a80000, 0x00000000d5580000)
  object space 1141248K, 99% used [0x0000000080000000,0x00000000c5a35f18,0x00000000c5a80000)
 Metaspace       used 90076K, committed 92032K, reserved 1179648K
  class space    used 9398K, committed 10304K, reserved 1048576K
}
Event: 4167.390 GC heap after
{Heap after GC invocations=2903 (full 5):
 PSYoungGen      total 16896K, used 4544K [0x00000000d5580000, 0x00000000d6a80000, 0x0000000100000000)
  eden space 12288K, 0% used [0x00000000d5580000,0x00000000d5580000,0x00000000d6180000)
  from space 4608K, 98% used [0x00000000d6600000,0x00000000d6a70020,0x00000000d6a80000)
  to   space 4608K, 0% used [0x00000000d6180000,0x00000000d6180000,0x00000000d6600000)
 ParOldGen       total 1145344K, used 1145071K [0x0000000080000000, 0x00000000c5e80000, 0x00000000d5580000)
  object space 1145344K, 99% used [0x0000000080000000,0x00000000c5e3bdf8,0x00000000c5e80000)
 Metaspace       used 90076K, committed 92032K, reserved 1179648K
  class space    used 9398K, committed 10304K, reserved 1048576K
}
Event: 4167.440 GC heap before
{Heap before GC invocations=2904 (full 5):
 PSYoungGen      total 16896K, used 16832K [0x00000000d5580000, 0x00000000d6a80000, 0x0000000100000000)
  eden space 12288K, 100% used [0x00000000d5580000,0x00000000d6180000,0x00000000d6180000)
  from space 4608K, 98% used [0x00000000d6600000,0x00000000d6a70020,0x00000000d6a80000)
  to   space 4608K, 0% used [0x00000000d6180000,0x00000000d6180000,0x00000000d6600000)
 ParOldGen       total 1145344K, used 1145071K [0x0000000080000000, 0x00000000c5e80000, 0x00000000d5580000)
  object space 1145344K, 99% used [0x0000000080000000,0x00000000c5e3bdf8,0x00000000c5e80000)
 Metaspace       used 90076K, committed 92032K, reserved 1179648K
  class space    used 9398K, committed 10304K, reserved 1048576K
}
Event: 4167.456 GC heap after
{Heap after GC invocations=2904 (full 5):
 PSYoungGen      total 16896K, used 3936K [0x00000000d5580000, 0x00000000d6a80000, 0x0000000100000000)
  eden space 12288K, 0% used [0x00000000d5580000,0x00000000d5580000,0x00000000d6180000)
  from space 4608K, 85% used [0x00000000d6180000,0x00000000d6558000,0x00000000d6600000)
  to   space 4608K, 0% used [0x00000000d6600000,0x00000000d6600000,0x00000000d6a80000)
 ParOldGen       total 1149952K, used 1149567K [0x0000000080000000, 0x00000000c6300000, 0x00000000d5580000)
  object space 1149952K, 99% used [0x0000000080000000,0x00000000c629fe68,0x00000000c6300000)
 Metaspace       used 90076K, committed 92032K, reserved 1179648K
  class space    used 9398K, committed 10304K, reserved 1048576K
}
Event: 4167.538 GC heap before
{Heap before GC invocations=2905 (full 5):
 PSYoungGen      total 16896K, used 16224K [0x00000000d5580000, 0x00000000d6a80000, 0x0000000100000000)
  eden space 12288K, 100% used [0x00000000d5580000,0x00000000d6180000,0x00000000d6180000)
  from space 4608K, 85% used [0x00000000d6180000,0x00000000d6558000,0x00000000d6600000)
  to   space 4608K, 0% used [0x00000000d6600000,0x00000000d6600000,0x00000000d6a80000)
 ParOldGen       total 1149952K, used 1149567K [0x0000000080000000, 0x00000000c6300000, 0x00000000d5580000)
  object space 1149952K, 99% used [0x0000000080000000,0x00000000c629fe68,0x00000000c6300000)
 Metaspace       used 90076K, committed 92032K, reserved 1179648K
  class space    used 9398K, committed 10304K, reserved 1048576K
}
Event: 4167.549 GC heap after
{Heap after GC invocations=2905 (full 5):
 PSYoungGen      total 14336K, used 1840K [0x00000000d5580000, 0x00000000d6800000, 0x0000000100000000)
  eden space 12288K, 0% used [0x00000000d5580000,0x00000000d5580000,0x00000000d6180000)
  from space 2048K, 89% used [0x00000000d6600000,0x00000000d67cc010,0x00000000d6800000)
  to   space 3072K, 0% used [0x00000000d6200000,0x00000000d6200000,0x00000000d6500000)
 ParOldGen       total 1153536K, used 1153411K [0x0000000080000000, 0x00000000c6680000, 0x00000000d5580000)
  object space 1153536K, 99% used [0x0000000080000000,0x00000000c6660f18,0x00000000c6680000)
 Metaspace       used 90076K, committed 92032K, reserved 1179648K
  class space    used 9398K, committed 10304K, reserved 1048576K
}
Event: 4168.677 GC heap before
{Heap before GC invocations=2906 (full 5):
 PSYoungGen      total 14336K, used 14128K [0x00000000d5580000, 0x00000000d6800000, 0x0000000100000000)
  eden space 12288K, 100% used [0x00000000d5580000,0x00000000d6180000,0x00000000d6180000)
  from space 2048K, 89% used [0x00000000d6600000,0x00000000d67cc010,0x00000000d6800000)
  to   space 3072K, 0% used [0x00000000d6200000,0x00000000d6200000,0x00000000d6500000)
 ParOldGen       total 1185280K, used 1184131K [0x0000000080000000, 0x00000000c8580000, 0x00000000d5580000)
  object space 1185280K, 99% used [0x0000000080000000,0x00000000c8460f48,0x00000000c8580000)
 Metaspace       used 90639K, committed 92608K, reserved 1179648K
  class space    used 9460K, committed 10304K, reserved 1048576K
}
Event: 4168.694 GC heap after
{Heap after GC invocations=2906 (full 5):
 PSYoungGen      total 15360K, used 3062K [0x00000000d5580000, 0x00000000d6c80000, 0x0000000100000000)
  eden space 12288K, 0% used [0x00000000d5580000,0x00000000d5580000,0x00000000d6180000)
  from space 3072K, 99% used [0x00000000d6200000,0x00000000d64fd898,0x00000000d6500000)
  to   space 5632K, 0% used [0x00000000d6700000,0x00000000d6700000,0x00000000d6c80000)
 ParOldGen       total 1186304K, used 1185851K [0x0000000080000000, 0x00000000c8680000, 0x00000000d5580000)
  object space 1186304K, 99% used [0x0000000080000000,0x00000000c860efa8,0x00000000c8680000)
 Metaspace       used 90639K, committed 92608K, reserved 1179648K
  class space    used 9460K, committed 10304K, reserved 1048576K
}

Dll operation events (11 events):
Event: 0.026 Loaded shared library c:\Users\ducuy\.vscode\extensions\redhat.java-1.54.0-win32-x64\jre\21.0.10-win32-x86_64\bin\java.dll
Event: 0.163 Loaded shared library c:\Users\ducuy\.vscode\extensions\redhat.java-1.54.0-win32-x64\jre\21.0.10-win32-x86_64\bin\zip.dll
Event: 0.197 Loaded shared library C:\Users\ducuy\.vscode\extensions\redhat.java-1.54.0-win32-x64\jre\21.0.10-win32-x86_64\bin\instrument.dll
Event: 0.205 Loaded shared library C:\Users\ducuy\.vscode\extensions\redhat.java-1.54.0-win32-x64\jre\21.0.10-win32-x86_64\bin\net.dll
Event: 0.209 Loaded shared library C:\Users\ducuy\.vscode\extensions\redhat.java-1.54.0-win32-x64\jre\21.0.10-win32-x86_64\bin\nio.dll
Event: 0.216 Loaded shared library C:\Users\ducuy\.vscode\extensions\redhat.java-1.54.0-win32-x64\jre\21.0.10-win32-x86_64\bin\zip.dll
Event: 0.256 Loaded shared library C:\Users\ducuy\.vscode\extensions\redhat.java-1.54.0-win32-x64\jre\21.0.10-win32-x86_64\bin\jimage.dll
Event: 0.470 Loaded shared library c:\Users\ducuy\.vscode\extensions\redhat.java-1.54.0-win32-x64\jre\21.0.10-win32-x86_64\bin\verify.dll
Event: 3.585 Loaded shared library C:\Users\ducuy\AppData\Roaming\Code\User\globalStorage\redhat.java\1.54.0\config_win\org.eclipse.equinox.launcher\org.eclipse.equinox.launcher.win32.win32.x86_64_1.3.0.v20260203-2149\eclipse_11919.dll
Event: 8.187 Loaded shared library C:\Users\ducuy\AppData\Local\Temp\jna-95936534\jna13633538401439109982.dll
Event: 182.204 Loaded shared library C:\Users\ducuy\.vscode\extensions\redhat.java-1.54.0-win32-x64\jre\21.0.10-win32-x86_64\bin\extnet.dll

Deoptimization events (20 events):
Event: 4168.297 Thread 0x0000021f1840aad0 DEOPT PACKING pc=0x0000021ec4348b20 sp=0x000000fb0ccfdac0
Event: 4168.297 Thread 0x0000021f1840aad0 DEOPT UNPACKING pc=0x0000021ec3193aa2 sp=0x000000fb0ccfda40 mode 2
Event: 4168.321 Thread 0x0000021f1840aad0 Uncommon trap: trap_request=0xffffff45 fr.pc=0x0000021ec3b58598 relative=0x00000000000002b8
Event: 4168.321 Thread 0x0000021f1840aad0 Uncommon trap: reason=unstable_if action=reinterpret pc=0x0000021ec3b58598 method=java.io.WinNTFileSystem.prefixLength(Ljava/lang/String;)I @ 11 c2
Event: 4168.321 Thread 0x0000021f1840aad0 DEOPT PACKING pc=0x0000021ec3b58598 sp=0x000000fb0ccfdc80
Event: 4168.321 Thread 0x0000021f1840aad0 DEOPT UNPACKING pc=0x0000021ec3193aa2 sp=0x000000fb0ccfdc20 mode 2
Event: 4168.355 Thread 0x0000021f1840aad0 Uncommon trap: trap_request=0xffffffde fr.pc=0x0000021ec4a69900 relative=0x00000000000007e0
Event: 4168.355 Thread 0x0000021f1840aad0 Uncommon trap: reason=class_check action=maybe_recompile pc=0x0000021ec4a69900 method=java.util.AbstractMap.equals(Ljava/lang/Object;)Z @ 126 c2
Event: 4168.355 Thread 0x0000021f1840aad0 DEOPT PACKING pc=0x0000021ec4a69900 sp=0x000000fb0ccfdbd0
Event: 4168.355 Thread 0x0000021f1840aad0 DEOPT UNPACKING pc=0x0000021ec3193aa2 sp=0x000000fb0ccfdb50 mode 2
Event: 4168.355 Thread 0x0000021f1840aad0 Uncommon trap: trap_request=0xffffffde fr.pc=0x0000021ec4a69900 relative=0x00000000000007e0
Event: 4168.355 Thread 0x0000021f1840aad0 Uncommon trap: reason=class_check action=maybe_recompile pc=0x0000021ec4a69900 method=java.util.AbstractMap.equals(Ljava/lang/Object;)Z @ 126 c2
Event: 4168.355 Thread 0x0000021f1840aad0 DEOPT PACKING pc=0x0000021ec4a69900 sp=0x000000fb0ccfdbd0
Event: 4168.355 Thread 0x0000021f1840aad0 DEOPT UNPACKING pc=0x0000021ec3193aa2 sp=0x000000fb0ccfdb50 mode 2
Event: 4168.356 Thread 0x0000021f1840aad0 Uncommon trap: trap_request=0xffffffde fr.pc=0x0000021ec4a69900 relative=0x00000000000007e0
Event: 4168.356 Thread 0x0000021f1840aad0 Uncommon trap: reason=class_check action=maybe_recompile pc=0x0000021ec4a69900 method=java.util.AbstractMap.equals(Ljava/lang/Object;)Z @ 126 c2
Event: 4168.356 Thread 0x0000021f1840aad0 DEOPT PACKING pc=0x0000021ec4a69900 sp=0x000000fb0ccfdb10
Event: 4168.356 Thread 0x0000021f1840aad0 DEOPT UNPACKING pc=0x0000021ec3193aa2 sp=0x000000fb0ccfda90 mode 2
Event: 4168.742 Thread 0x0000021f17373a70 DEOPT PACKING pc=0x0000021ebdc75b55 sp=0x000000fb0bafe8d0
Event: 4168.742 Thread 0x0000021f17373a70 DEOPT UNPACKING pc=0x0000021ec3194242 sp=0x000000fb0bafde28 mode 0

Classes loaded (20 events):
Event: 4154.988 Loading class java/util/stream/ReduceOps$5
Event: 4154.998 Loading class java/util/stream/ReduceOps$5 done
Event: 4154.998 Loading class java/util/stream/ReduceOps$CountingSink$OfRef
Event: 4155.003 Loading class java/util/stream/ReduceOps$CountingSink
Event: 4155.004 Loading class java/util/stream/ReduceOps$CountingSink done
Event: 4155.004 Loading class java/util/stream/ReduceOps$CountingSink$OfRef done
Event: 4155.786 Loading class jdk/internal/module/IllegalAccessLogger
Event: 4155.786 Loading class jdk/internal/module/IllegalAccessLogger done
Event: 4156.040 Loading class java/util/Collections$UnmodifiableMap$UnmodifiableEntrySet$UnmodifiableEntrySetSpliterator
Event: 4156.042 Loading class java/util/Collections$UnmodifiableMap$UnmodifiableEntrySet$UnmodifiableEntrySetSpliterator done
Event: 4156.077 Loading class java/util/concurrent/ArrayBlockingQueue
Event: 4156.079 Loading class java/util/concurrent/ArrayBlockingQueue done
Event: 4156.527 Loading class java/util/ArrayDeque$DeqSpliterator
Event: 4156.528 Loading class java/util/ArrayDeque$DeqSpliterator done
Event: 4164.004 Loading class sun/nio/fs/WindowsFileCopy
Event: 4164.009 Loading class sun/nio/fs/WindowsFileCopy done
Event: 4168.291 Loading class java/nio/BufferMismatch
Event: 4168.293 Loading class java/nio/BufferMismatch done
Event: 4168.296 Loading class java/nio/file/attribute/PosixFileAttributes
Event: 4168.297 Loading class java/nio/file/attribute/PosixFileAttributes done

Classes unloaded (8 events):
Event: 8.979 Thread 0x0000021eb8ab6c90 Unloading class 0x0000021ed11a4000 'java/lang/invoke/LambdaForm$MH+0x0000021ed11a4000'
Event: 8.979 Thread 0x0000021eb8ab6c90 Unloading class 0x0000021ed11a3c00 'java/lang/invoke/LambdaForm$MH+0x0000021ed11a3c00'
Event: 8.979 Thread 0x0000021eb8ab6c90 Unloading class 0x0000021ed11a3800 'java/lang/invoke/LambdaForm$MH+0x0000021ed11a3800'
Event: 8.979 Thread 0x0000021eb8ab6c90 Unloading class 0x0000021ed11a3400 'java/lang/invoke/LambdaForm$MH+0x0000021ed11a3400'
Event: 8.979 Thread 0x0000021eb8ab6c90 Unloading class 0x0000021ed11a3000 'java/lang/invoke/LambdaForm$BMH+0x0000021ed11a3000'
Event: 8.979 Thread 0x0000021eb8ab6c90 Unloading class 0x0000021ed11a2c00 'java/lang/invoke/LambdaForm$DMH+0x0000021ed11a2c00'
Event: 8.979 Thread 0x0000021eb8ab6c90 Unloading class 0x0000021ed11a1800 'java/lang/invoke/LambdaForm$DMH+0x0000021ed11a1800'
Event: 274.690 Thread 0x0000021eb8ab6c90 Unloading class 0x0000021ed1750400 'java/lang/invoke/LambdaForm$MH+0x0000021ed1750400'

Classes redefined (0 events):
No events

Internal exceptions (20 events):
Event: 4153.718 Thread 0x0000021f184106b0 Exception <a 'sun/nio/fs/WindowsException'{0x00000000d56f06a8}> (0x00000000d56f06a8) 
thrown [s\src\hotspot\share\prims\jni.cpp, line 520]
Event: 4154.019 Thread 0x0000021f17373a70 Implicit null exception at 0x0000021ec4708e62 to 0x0000021ec47092d4
Event: 4154.031 Thread 0x0000021f17373a70 Implicit null exception at 0x0000021ec48c4820 to 0x0000021ec48c5518
Event: 4154.090 Thread 0x0000021f17373a70 Implicit null exception at 0x0000021ec47b4680 to 0x0000021ec47b4b1c
Event: 4156.610 Thread 0x0000021f182fbd50 Implicit null exception at 0x0000021ec42061ca to 0x0000021ec4206f40
Event: 4158.322 Thread 0x0000021f1840aad0 Exception <a 'java/lang/NoSuchMethodError'{0x00000000d58758f8}: 'java.lang.Object java.lang.invoke.DirectMethodHandle$Holder.invokeSpecial(java.lang.Object, java.lang.Object, int, java.lang.Object, java.lang.Object, java.lang.Object, java.lang.Object)'> (0x00000000d58758f8) 
thrown [s\src\hotspot\share\interpreter\linkResolver.cpp, line 773]
Event: 4158.324 Thread 0x0000021f1840aad0 Exception <a 'java/lang/NoSuchMethodError'{0x00000000d587c878}: 'java.lang.Object java.lang.invoke.DirectMethodHandle$Holder.newInvokeSpecial(java.lang.Object, java.lang.Object, int, java.lang.Object, java.lang.Object)'> (0x00000000d587c878) 
thrown [s\src\hotspot\share\interpreter\linkResolver.cpp, line 773]
Event: 4158.486 Thread 0x0000021f1840aad0 Exception <a 'java/lang/NoSuchMethodError'{0x00000000d5896120}: 'java.lang.Object java.lang.invoke.DirectMethodHandle$Holder.invokeSpecial(java.lang.Object, java.lang.Object, java.lang.Object, int, java.lang.Object, java.lang.Object, java.lang.Object)'> (0x00000000d5896120) 
thrown [s\src\hotspot\share\interpreter\linkResolver.cpp, line 773]
Event: 4159.055 Thread 0x0000021f1840aad0 Exception <a 'java/lang/NoSuchMethodError'{0x00000000d599a408}: 'void java.lang.invoke.DirectMethodHandle$Holder.invokeStatic(java.lang.Object, int)'> (0x00000000d599a408) 
thrown [s\src\hotspot\share\interpreter\linkResolver.cpp, line 773]
Event: 4164.011 Thread 0x0000021f17373a70 Exception <a 'sun/nio/fs/WindowsException'{0x00000000d58401d0}> (0x00000000d58401d0) 
thrown [s\src\hotspot\share\prims\jni.cpp, line 520]
Event: 4164.721 Thread 0x0000021f1840aad0 Exception <a 'java/io/FileNotFoundException'{0x00000000d57d0900}> (0x00000000d57d0900) 
thrown [s\src\hotspot\share\prims\jni.cpp, line 520]
Event: 4164.726 Thread 0x0000021f1840aad0 Exception <a 'java/io/FileNotFoundException'{0x00000000d57d1de8}> (0x00000000d57d1de8) 
thrown [s\src\hotspot\share\prims\jni.cpp, line 520]
Event: 4164.727 Thread 0x0000021f1840aad0 Exception <a 'java/io/FileNotFoundException'{0x00000000d57d2dd8}> (0x00000000d57d2dd8) 
thrown [s\src\hotspot\share\prims\jni.cpp, line 520]
Event: 4164.969 Thread 0x0000021f1840aad0 Implicit null exception at 0x0000021ec3dd04b5 to 0x0000021ec3dd1d2c
Event: 4166.302 Thread 0x0000021f18cb6100 Implicit null exception at 0x0000021ec5064567 to 0x0000021ec5066c20
Event: 4166.309 Thread 0x0000021f18cb6100 Implicit null exception at 0x0000021ec5064567 to 0x0000021ec5066c20
Event: 4166.309 Thread 0x0000021f18cb6100 Implicit null exception at 0x0000021ec5064567 to 0x0000021ec5066c20
Event: 4166.560 Thread 0x0000021f18cb46c0 Implicit null exception at 0x0000021ec5064567 to 0x0000021ec5066c20
Event: 4167.198 Thread 0x0000021f1840aad0 Implicit null exception at 0x0000021ec42adef2 to 0x0000021ec42af2e0
Event: 4167.790 Thread 0x0000021f1840aad0 Implicit null exception at 0x0000021ec4481d4c to 0x0000021ec4482090

ZGC Phase Switch (0 events):
No events

VM Operations (20 events):
Event: 4166.526 Executing safepoint VM operation: ParallelGCFailedAllocation (Allocation Failure)
Event: 4166.544 Executing safepoint VM operation: ParallelGCFailedAllocation (Allocation Failure) done
Event: 4166.630 Executing safepoint VM operation: ParallelGCFailedAllocation (Allocation Failure)
Event: 4166.665 Executing safepoint VM operation: ParallelGCFailedAllocation (Allocation Failure) done
Event: 4166.719 Executing safepoint VM operation: ParallelGCFailedAllocation (Allocation Failure)
Event: 4166.729 Executing safepoint VM operation: ParallelGCFailedAllocation (Allocation Failure) done
Event: 4166.878 Executing safepoint VM operation: ParallelGCFailedAllocation (Allocation Failure)
Event: 4166.956 Executing safepoint VM operation: ParallelGCFailedAllocation (Allocation Failure) done
Event: 4167.067 Executing safepoint VM operation: ParallelGCFailedAllocation (Allocation Failure)
Event: 4167.080 Executing safepoint VM operation: ParallelGCFailedAllocation (Allocation Failure) done
Event: 4167.148 Executing safepoint VM operation: ParallelGCFailedAllocation (Allocation Failure)
Event: 4167.164 Executing safepoint VM operation: ParallelGCFailedAllocation (Allocation Failure) done
Event: 4167.319 Executing safepoint VM operation: ParallelGCFailedAllocation (Allocation Failure)
Event: 4167.390 Executing safepoint VM operation: ParallelGCFailedAllocation (Allocation Failure) done
Event: 4167.430 Executing safepoint VM operation: ParallelGCFailedAllocation (Allocation Failure)
Event: 4167.457 Executing safepoint VM operation: ParallelGCFailedAllocation (Allocation Failure) done
Event: 4167.538 Executing safepoint VM operation: ParallelGCFailedAllocation (Allocation Failure)
Event: 4167.549 Executing safepoint VM operation: ParallelGCFailedAllocation (Allocation Failure) done
Event: 4168.563 Executing safepoint VM operation: ParallelGCFailedAllocation (Allocation Failure)
Event: 4168.694 Executing safepoint VM operation: ParallelGCFailedAllocation (Allocation Failure) done

Memory protections (0 events):
No events

Nmethod flushes (20 events):
Event: 513.493 Thread 0x0000021eb8ab6c90 flushing  nmethod 0x0000021ebdebd390
Event: 513.493 Thread 0x0000021eb8ab6c90 flushing  nmethod 0x0000021ebdec0910
Event: 513.493 Thread 0x0000021eb8ab6c90 flushing  nmethod 0x0000021ebdec2990
Event: 513.493 Thread 0x0000021eb8ab6c90 flushing  nmethod 0x0000021ebdecee10
Event: 513.493 Thread 0x0000021eb8ab6c90 flushing  nmethod 0x0000021ebded3c10
Event: 513.493 Thread 0x0000021eb8ab6c90 flushing  nmethod 0x0000021ebded4d90
Event: 513.493 Thread 0x0000021eb8ab6c90 flushing  nmethod 0x0000021ebdeeba90
Event: 513.493 Thread 0x0000021eb8ab6c90 flushing  nmethod 0x0000021ebdeee790
Event: 513.493 Thread 0x0000021eb8ab6c90 flushing  nmethod 0x0000021ebdef1690
Event: 513.493 Thread 0x0000021eb8ab6c90 flushing osr nmethod 0x0000021ebdefeb90
Event: 513.493 Thread 0x0000021eb8ab6c90 flushing  nmethod 0x0000021ebdf22190
Event: 513.493 Thread 0x0000021eb8ab6c90 flushing  nmethod 0x0000021ebdf22c90
Event: 513.493 Thread 0x0000021eb8ab6c90 flushing  nmethod 0x0000021ebdf23110
Event: 513.493 Thread 0x0000021eb8ab6c90 flushing  nmethod 0x0000021ebdf4d390
Event: 513.493 Thread 0x0000021eb8ab6c90 flushing  nmethod 0x0000021ebdf78410
Event: 513.493 Thread 0x0000021eb8ab6c90 flushing  nmethod 0x0000021ebdf95690
Event: 513.493 Thread 0x0000021eb8ab6c90 flushing osr nmethod 0x0000021ebdfba190
Event: 513.493 Thread 0x0000021eb8ab6c90 flushing  nmethod 0x0000021ebdfdea10
Event: 513.493 Thread 0x0000021eb8ab6c90 flushing  nmethod 0x0000021ebdfe0610
Event: 513.493 Thread 0x0000021eb8ab6c90 flushing osr nmethod 0x0000021ebe020b10

Events (20 events):
Event: 4156.479 Thread 0x0000021f18409db0 Thread added: 0x0000021f17374e20
Event: 4156.483 Thread 0x0000021f18409db0 Thread added: 0x0000021f18cb2c80
Event: 4156.625 Thread 0x0000021f1840aad0 Thread added: 0x0000021f18cb39a0
Event: 4156.625 Thread 0x0000021f1840aad0 Thread added: 0x0000021f18cb8860
Event: 4156.625 Thread 0x0000021f1840aad0 Thread added: 0x0000021f18cb81d0
Event: 4156.626 Thread 0x0000021f1840aad0 Thread added: 0x0000021f18cb5a70
Event: 4156.626 Thread 0x0000021f1840aad0 Thread added: 0x0000021f18cb3310
Event: 4157.955 Thread 0x0000021f186c9570 Thread exited: 0x0000021f186c9570
Event: 4161.961 Thread 0x0000021ecf494230 Thread added: 0x0000021f186c87d0
Event: 4164.981 Thread 0x0000021f1840aad0 Thread added: 0x0000021f18cb74b0
Event: 4164.982 Thread 0x0000021f1840aad0 Thread added: 0x0000021f18cb6100
Event: 4164.985 Thread 0x0000021f1840aad0 Thread added: 0x0000021f18cb4030
Event: 4164.985 Thread 0x0000021f1840aad0 Thread added: 0x0000021f18cb7b40
Event: 4164.987 Thread 0x0000021f1840aad0 Thread added: 0x0000021f18cb46c0
Event: 4166.034 Thread 0x0000021f186c87d0 Thread exited: 0x0000021f186c87d0
Event: 4167.169 Thread 0x0000021f18cb4030 Thread exited: 0x0000021f18cb4030
Event: 4167.169 Thread 0x0000021f18cb6100 Thread exited: 0x0000021f18cb6100
Event: 4167.172 Thread 0x0000021f18cb46c0 Thread exited: 0x0000021f18cb46c0
Event: 4167.172 Thread 0x0000021f18cb74b0 Thread exited: 0x0000021f18cb74b0
Event: 4167.173 Thread 0x0000021f18cb7b40 Thread exited: 0x0000021f18cb7b40


Dynamic libraries:
0x00007ff7fe840000 - 0x00007ff7fe84e000 	c:\Users\ducuy\.vscode\extensions\redhat.java-1.54.0-win32-x64\jre\21.0.10-win32-x86_64\bin\java.exe
0x00007ffd3ce50000 - 0x00007ffd3d068000 	C:\WINDOWS\SYSTEM32\ntdll.dll
0x00007ffd3bef0000 - 0x00007ffd3bfb4000 	C:\WINDOWS\System32\KERNEL32.DLL
0x00007ffd3a0b0000 - 0x00007ffd3a483000 	C:\WINDOWS\System32\KERNELBASE.dll
0x00007ffd357c0000 - 0x00007ffd35857000 	C:\WINDOWS\SYSTEM32\apphelp.dll
0x00007ffd3a9d0000 - 0x00007ffd3aae1000 	C:\WINDOWS\System32\ucrtbase.dll
0x00007ffd26d90000 - 0x00007ffd26da8000 	c:\Users\ducuy\.vscode\extensions\redhat.java-1.54.0-win32-x64\jre\21.0.10-win32-x86_64\bin\jli.dll
0x00007ffd3c210000 - 0x00007ffd3c3c2000 	C:\WINDOWS\System32\USER32.dll
0x00007ffd3a080000 - 0x00007ffd3a0a6000 	C:\WINDOWS\System32\win32u.dll
0x00007ffd3c540000 - 0x00007ffd3c569000 	C:\WINDOWS\System32\GDI32.dll
0x00007ffd3a7f0000 - 0x00007ffd3a90b000 	C:\WINDOWS\System32\gdi32full.dll
0x00007ffd39fe0000 - 0x00007ffd3a07a000 	C:\WINDOWS\System32\msvcp_win.dll
0x00007ffd22a90000 - 0x00007ffd22d2c000 	C:\WINDOWS\WinSxS\amd64_microsoft.windows.common-controls_6595b64144ccf1df_6.0.22621.6060_none_2712eda17382d24b\COMCTL32.dll
0x00007ffd26c80000 - 0x00007ffd26c9e000 	c:\Users\ducuy\.vscode\extensions\redhat.java-1.54.0-win32-x64\jre\21.0.10-win32-x86_64\bin\VCRUNTIME140.dll
0x00007ffd3aaf0000 - 0x00007ffd3ab97000 	C:\WINDOWS\System32\msvcrt.dll
0x00007ffd3c150000 - 0x00007ffd3c181000 	C:\WINDOWS\System32\IMM32.DLL
0x00007ffd356e0000 - 0x00007ffd356ec000 	c:\Users\ducuy\.vscode\extensions\redhat.java-1.54.0-win32-x64\jre\21.0.10-win32-x86_64\bin\vcruntime140_1.dll
0x00007ffcee610000 - 0x00007ffcee69d000 	c:\Users\ducuy\.vscode\extensions\redhat.java-1.54.0-win32-x64\jre\21.0.10-win32-x86_64\bin\msvcp140.dll
0x00007ffcc8d30000 - 0x00007ffcc9ad1000 	c:\Users\ducuy\.vscode\extensions\redhat.java-1.54.0-win32-x64\jre\21.0.10-win32-x86_64\bin\server\jvm.dll
0x00007ffd3c480000 - 0x00007ffd3c531000 	C:\WINDOWS\System32\ADVAPI32.dll
0x00007ffd3bc10000 - 0x00007ffd3bcb8000 	C:\WINDOWS\System32\sechost.dll
0x00007ffd3a7c0000 - 0x00007ffd3a7e8000 	C:\WINDOWS\System32\bcrypt.dll
0x00007ffd3baf0000 - 0x00007ffd3bc08000 	C:\WINDOWS\System32\RPCRT4.dll
0x00007ffd3ac60000 - 0x00007ffd3acd1000 	C:\WINDOWS\System32\WS2_32.dll
0x00007ffd38d70000 - 0x00007ffd38dbd000 	C:\WINDOWS\SYSTEM32\POWRPROF.dll
0x00007ffd328b0000 - 0x00007ffd328e4000 	C:\WINDOWS\SYSTEM32\WINMM.dll
0x00007ffd2c950000 - 0x00007ffd2c95a000 	C:\WINDOWS\SYSTEM32\VERSION.dll
0x00007ffd38d50000 - 0x00007ffd38d63000 	C:\WINDOWS\SYSTEM32\UMPDC.dll
0x00007ffd38ff0000 - 0x00007ffd39008000 	C:\WINDOWS\SYSTEM32\kernel.appcore.dll
0x00007ffd26d80000 - 0x00007ffd26d8a000 	c:\Users\ducuy\.vscode\extensions\redhat.java-1.54.0-win32-x64\jre\21.0.10-win32-x86_64\bin\jimage.dll
0x00007ffd37af0000 - 0x00007ffd37d23000 	C:\WINDOWS\SYSTEM32\DBGHELP.DLL
0x00007ffd3ae90000 - 0x00007ffd3b221000 	C:\WINDOWS\System32\combase.dll
0x00007ffd3c8b0000 - 0x00007ffd3c988000 	C:\WINDOWS\System32\OLEAUT32.dll
0x00007ffd1e860000 - 0x00007ffd1e892000 	C:\WINDOWS\SYSTEM32\dbgcore.DLL
0x00007ffd3a490000 - 0x00007ffd3a50b000 	C:\WINDOWS\System32\bcryptPrimitives.dll
0x00007ffd26d40000 - 0x00007ffd26d4f000 	c:\Users\ducuy\.vscode\extensions\redhat.java-1.54.0-win32-x64\jre\21.0.10-win32-x86_64\bin\instrument.dll
0x00007ffd26c40000 - 0x00007ffd26c60000 	c:\Users\ducuy\.vscode\extensions\redhat.java-1.54.0-win32-x64\jre\21.0.10-win32-x86_64\bin\java.dll
0x00007ffd3b250000 - 0x00007ffd3baec000 	C:\WINDOWS\System32\SHELL32.dll
0x00007ffd3a510000 - 0x00007ffd3a64f000 	C:\WINDOWS\System32\wintypes.dll
0x00007ffd37e10000 - 0x00007ffd3872a000 	C:\WINDOWS\SYSTEM32\windows.storage.dll
0x00007ffd3bfe0000 - 0x00007ffd3c0e4000 	C:\WINDOWS\System32\SHCORE.dll
0x00007ffd3be80000 - 0x00007ffd3bee9000 	C:\WINDOWS\System32\shlwapi.dll
0x00007ffd39e90000 - 0x00007ffd39eb5000 	C:\WINDOWS\SYSTEM32\profapi.dll
0x00007ffd26980000 - 0x00007ffd26998000 	c:\Users\ducuy\.vscode\extensions\redhat.java-1.54.0-win32-x64\jre\21.0.10-win32-x86_64\bin\zip.dll
0x00007ffd26ce0000 - 0x00007ffd26cf0000 	C:\Users\ducuy\.vscode\extensions\redhat.java-1.54.0-win32-x64\jre\21.0.10-win32-x86_64\bin\net.dll
0x00007ffd32d30000 - 0x00007ffd32e5c000 	C:\WINDOWS\SYSTEM32\WINHTTP.dll
0x00007ffd394b0000 - 0x00007ffd39519000 	C:\WINDOWS\system32\mswsock.dll
0x00007ffd264b0000 - 0x00007ffd264c6000 	C:\Users\ducuy\.vscode\extensions\redhat.java-1.54.0-win32-x64\jre\21.0.10-win32-x86_64\bin\nio.dll
0x00007ffd266b0000 - 0x00007ffd266c0000 	c:\Users\ducuy\.vscode\extensions\redhat.java-1.54.0-win32-x64\jre\21.0.10-win32-x86_64\bin\verify.dll
0x00007ffcfb2b0000 - 0x00007ffcfb2f5000 	C:\Users\ducuy\AppData\Roaming\Code\User\globalStorage\redhat.java\1.54.0\config_win\org.eclipse.equinox.launcher\org.eclipse.equinox.launcher.win32.win32.x86_64_1.3.0.v20260203-2149\eclipse_11919.dll
0x00007ffd3ace0000 - 0x00007ffd3ae81000 	C:\WINDOWS\System32\ole32.dll
0x00007ffd39800000 - 0x00007ffd3981b000 	C:\WINDOWS\SYSTEM32\CRYPTSP.dll
0x00007ffd38f50000 - 0x00007ffd38f87000 	C:\WINDOWS\system32\rsaenh.dll
0x00007ffd39550000 - 0x00007ffd39578000 	C:\WINDOWS\SYSTEM32\USERENV.dll
0x00007ffd397e0000 - 0x00007ffd397ec000 	C:\WINDOWS\SYSTEM32\CRYPTBASE.dll
0x00007ffd38a10000 - 0x00007ffd38a3d000 	C:\WINDOWS\SYSTEM32\IPHLPAPI.DLL
0x00007ffd3bfd0000 - 0x00007ffd3bfd9000 	C:\WINDOWS\System32\NSI.dll
0x00007ffcf36a0000 - 0x00007ffcf36e9000 	C:\Users\ducuy\AppData\Local\Temp\jna-95936534\jna13633538401439109982.dll
0x00007ffd3c8a0000 - 0x00007ffd3c8a8000 	C:\WINDOWS\System32\PSAPI.DLL
0x00007ffd34080000 - 0x00007ffd34099000 	C:\WINDOWS\SYSTEM32\dhcpcsvc6.DLL
0x00007ffd34060000 - 0x00007ffd3407f000 	C:\WINDOWS\SYSTEM32\dhcpcsvc.DLL
0x00007ffd25730000 - 0x00007ffd25739000 	C:\Users\ducuy\.vscode\extensions\redhat.java-1.54.0-win32-x64\jre\21.0.10-win32-x86_64\bin\extnet.dll

JVMTI agents:
c:\Users\ducuy\.vscode\extensions\redhat.java-1.54.0-win32-x64\lombok\lombok-1.18.39-4050.jar path:c:\Users\ducuy\.vscode\extensions\redhat.java-1.54.0-win32-x64\jre\21.0.10-win32-x86_64\bin\instrument.dll, loaded, initialized, instrumentlib options:none

dbghelp: loaded successfully - version: 4.0.5 - missing functions: none
symbol engine: initialized successfully - sym options: 0x614 - pdb path: .;c:\Users\ducuy\.vscode\extensions\redhat.java-1.54.0-win32-x64\jre\21.0.10-win32-x86_64\bin;C:\WINDOWS\SYSTEM32;C:\WINDOWS\WinSxS\amd64_microsoft.windows.common-controls_6595b64144ccf1df_6.0.22621.6060_none_2712eda17382d24b;c:\Users\ducuy\.vscode\extensions\redhat.java-1.54.0-win32-x64\jre\21.0.10-win32-x86_64\bin\server;C:\Users\ducuy\AppData\Roaming\Code\User\globalStorage\redhat.java\1.54.0\config_win\org.eclipse.equinox.launcher\org.eclipse.equinox.launcher.win32.win32.x86_64_1.3.0.v20260203-2149;C:\Users\ducuy\AppData\Local\Temp\jna-95936534

VM Arguments:
jvm_args: --add-modules=ALL-SYSTEM --add-opens=java.base/java.util=ALL-UNNAMED --add-opens=java.base/java.lang=ALL-UNNAMED --add-opens=java.base/sun.nio.fs=ALL-UNNAMED -Declipse.application=org.eclipse.jdt.ls.core.id1 -Dosgi.bundles.defaultStartLevel=4 -Declipse.product=org.eclipse.jdt.ls.core.product -Djava.import.generatesMetadataFilesAtProjectRoot=false -DDetectVMInstallationsJob.disabled=true -Dfile.encoding=utf8 -XX:+UseParallelGC -XX:GCTimeRatio=4 -XX:AdaptiveSizePolicyWeight=90 -Dsun.zip.disableMemoryMapping=true -Xmx2G -Xms100m -Xlog:disable -javaagent:c:\Users\ducuy\.vscode\extensions\redhat.java-1.54.0-win32-x64\lombok\lombok-1.18.39-4050.jar -XX:+HeapDumpOnOutOfMemoryError -XX:HeapDumpPath=c:\Users\ducuy\AppData\Roaming\Code\User\workspaceStorage\2bc6a7faf2bfeb70a49d89e544ce1b08\redhat.java -Daether.dependencyCollector.impl=bf 
java_command: c:\Users\ducuy\.vscode\extensions\redhat.java-1.54.0-win32-x64\server\plugins\org.eclipse.equinox.launcher_1.7.100.v20251111-0406.jar -configuration c:\Users\ducuy\AppData\Roaming\Code\User\globalStorage\redhat.java\1.54.0\config_win -data c:\Users\ducuy\AppData\Roaming\Code\User\workspaceStorage\2bc6a7faf2bfeb70a49d89e544ce1b08\redhat.java\jdt_ws --pipe=\\.\pipe\lsp-7a1b3677a1419b0344c7aa8c2283d4c0-sock
java_class_path (initial): c:\Users\ducuy\.vscode\extensions\redhat.java-1.54.0-win32-x64\server\plugins\org.eclipse.equinox.launcher_1.7.100.v20251111-0406.jar
Launcher Type: SUN_STANDARD

[Global flags]
    uintx AdaptiveSizePolicyWeight                 = 90                                        {product} {command line}
     intx CICompilerCount                          = 4                                         {product} {ergonomic}
    uintx GCTimeRatio                              = 4                                         {product} {command line}
     bool HeapDumpOnOutOfMemoryError               = true                                   {manageable} {command line}
    ccstr HeapDumpPath                             = c:\Users\ducuy\AppData\Roaming\Code\User\workspaceStorage\2bc6a7faf2bfeb70a49d89e544ce1b08\redhat.java         {manageable} {command line}
   size_t InitialHeapSize                          = 104857600                                 {product} {command line}
   size_t MaxHeapSize                              = 2147483648                                {product} {command line}
   size_t MaxNewSize                               = 715653120                                 {product} {ergonomic}
   size_t MinHeapDeltaBytes                        = 524288                                    {product} {ergonomic}
   size_t MinHeapSize                              = 104857600                                 {product} {command line}
   size_t NewSize                                  = 34603008                                  {product} {ergonomic}
    uintx NonNMethodCodeHeapSize                   = 5839372                                {pd product} {ergonomic}
    uintx NonProfiledCodeHeapSize                  = 122909434                              {pd product} {ergonomic}
   size_t OldSize                                  = 70254592                                  {product} {ergonomic}
    uintx ProfiledCodeHeapSize                     = 122909434                              {pd product} {ergonomic}
    uintx ReservedCodeCacheSize                    = 251658240                              {pd product} {ergonomic}
     bool SegmentedCodeCache                       = true                                      {product} {ergonomic}
   size_t SoftMaxHeapSize                          = 2147483648                             {manageable} {ergonomic}
     bool UseCompressedOops                        = true                           {product lp64_product} {ergonomic}
     bool UseLargePagesIndividualAllocation        = false                                  {pd product} {ergonomic}
     bool UseParallelGC                            = true                                      {product} {command line}

Logging:
Log output configuration:
 #0: stdout all=off uptime,level,tags foldmultilines=false
 #1: stderr all=off uptime,level,tags foldmultilines=false

Release file:
JAVA_VERSION="21.0.10" 
MODULES="java.base java.compiler java.datatransfer java.xml java.prefs java.desktop java.instrument java.logging java.management java.security.sasl java.naming java.rmi java.management.rmi java.net.http java.scripting java.security.jgss java.transaction.xa java.sql java.sql.rowset java.xml.crypto java.se java.smartcardio jdk.accessibility jdk.internal.jvmstat jdk.attach jdk.charsets jdk.internal.opt jdk.zipfs jdk.compiler jdk.crypto.ec jdk.crypto.cryptoki jdk.crypto.mscapi jdk.dynalink jdk.internal.ed jdk.editpad jdk.hotspot.agent jdk.httpserver jdk.internal.le jdk.internal.vm.ci jdk.internal.vm.compiler jdk.internal.vm.compiler.management jdk.jartool jdk.javadoc jdk.jcmd jdk.management jdk.management.agent jdk.jconsole jdk.jdeps jdk.jdwp.agent jdk.jdi jdk.jfr jdk.jshell jdk.jsobject jdk.jstatd jdk.localedata jdk.management.jfr jdk.naming.dns jdk.naming.rmi jdk.net jdk.nio.mapmode jdk.random jdk.sctp jdk.security.auth jdk.security.jgss jdk.unsupported jdk.unsupported.desktop jdk.xml.dom" 

Environment Variables:
JAVA_HOME=C:\Program Files\Java\jdk-21
PATH=C:\Program Files\Common Files\Oracle\Java\javapath;C:\WINDOWS\system32;C:\WINDOWS;C:\WINDOWS\System32\Wbem;C:\WINDOWS\System32\WindowsPowerShell\v1.0\;C:\WINDOWS\System32\OpenSSH\;C:\Program Files\Git\cmd;C:\Program Files\Microsoft SQL Server\150\Tools\Binn\;C:\Program Files\Microsoft SQL Server\Client SDK\ODBC\170\Tools\Binn\;C:\Program Files\dotnet\;C:\Program Files\Microsoft SQL Server\Client SDK\ODBC\110\Tools\Binn\;C:\Program Files (x86)\Microsoft SQL Server\120\Tools\Binn\;C:\Program Files\Microsoft SQL Server\120\Tools\Binn\;C:\Program Files\Microsoft SQL Server\120\DTS\Binn\;C:\Program Files (x86)\Microsoft SQL Server\120\Tools\Binn\ManagementStudio\;C:\Program Files (x86)\Microsoft SQL Server\120\DTS\Binn\;C:\Program Files\Cloudflare\Cloudflare WARP\;C:\Program Files\nodejs\;C:\Program Files\Docker\Docker\resources\bin;C:\Users\ducuy\AppData\Local\Microsoft\WindowsApps;C:\src\flutter_windows_3.35.4-stable\flutter\bin;C:\Program Files\Java\jdk-21\bin;C:\apache-maven-3.9.11\bin;C:\Users\ducuy\.dotnet\tools;C:\Users\ducuy\AppData\Roaming\npm;C:\Users\ducuy\AppData\Local\Programs\Microsoft VS Code\bin
USERNAME=ducuy
OS=Windows_NT
PROCESSOR_IDENTIFIER=Intel64 Family 6 Model 142 Stepping 10, GenuineIntel
TMP=C:\Users\ducuy\AppData\Local\Temp
TEMP=C:\Users\ducuy\AppData\Local\Temp




Periodic native trim disabled

---------------  S Y S T E M  ---------------

OS:
 Windows 11 , 64 bit Build 22621 (10.0.22621.5415)
OS uptime: 1 days 16:39 hours
Hyper-V role detected

CPU: total 8 (initial active 8) (4 cores per cpu, 2 threads per core) family 6 model 142 stepping 10 microcode 0xea, cx8, cmov, fxsr, ht, mmx, 3dnowpref, sse, sse2, sse3, ssse3, sse4.1, sse4.2, popcnt, lzcnt, tsc, tscinvbit, avx, avx2, aes, erms, clmul, bmi1, bmi2, adx, fma, vzeroupper, clflush, clflushopt, hv, rdtscp, f16c
Processor Information for the first 8 processors :
  Max Mhz: 1800, Current Mhz: 1600, Mhz Limit: 1584

Memory: 4k page, system-wide physical 12152M (303M free)
TotalPageFile size 25792M (AvailPageFile size 5M)
current process WorkingSet (physical memory assigned to process): 829M, peak: 1063M
current process commit charge ("private bytes"): 1605M, peak: 1608M

vm_info: OpenJDK 64-Bit Server VM (21.0.10+7-LTS) for windows-amd64 JRE (21.0.10+7-LTS), built on 2026-01-20T00:00:00Z by "admin" with MS VC++ 17.12 (VS2022)

END.
