#
# There is insufficient memory for the Java Runtime Environment to continue.
# Native memory allocation (malloc) failed to allocate 1048576 bytes. Error detail: AllocateHeap
# Possible reasons:
#   The system is out of physical RAM or swap space
#   This process is running with CompressedOops enabled, and the Java Heap may be blocking the growth of the native heap
# Possible solutions:
#   Reduce memory load on the system
#   Increase physical memory or swap space
#   Check if swap backing store is full
#   Decrease Java heap size (-Xmx/-Xms)
#   Decrease number of Java threads
#   Decrease Java thread stack sizes (-Xss)
#   Set larger code cache with -XX:ReservedCodeCacheSize=
#   JVM is running with Unscaled Compressed Oops mode in which the Java heap is
#     placed in the first 4GB address space. The Java Heap base address is the
#     maximum limit for the native heap growth. Please use -XX:HeapBaseMinAddress
#     to set the Java Heap base and to place the Java Heap above 4GB virtual address.
# This output file may be truncated or incomplete.
#
#  Out of Memory Error (allocation.cpp:44), pid=16000, tid=25544
#
# JRE version: OpenJDK Runtime Environment Temurin-21.0.10+7 (21.0.10+7) (build 21.0.10+7-LTS)
# Java VM: OpenJDK 64-Bit Server VM Temurin-21.0.10+7 (21.0.10+7-LTS, mixed mode, sharing, tiered, compressed oops, compressed class ptrs, parallel gc, windows-amd64)
# No core dump will be written. Minidumps are not enabled by default on client versions of Windows
#

---------------  S U M M A R Y ------------

Command Line: --add-modules=ALL-SYSTEM --add-opens=java.base/java.util=ALL-UNNAMED --add-opens=java.base/java.lang=ALL-UNNAMED --add-opens=java.base/sun.nio.fs=ALL-UNNAMED -Declipse.application=org.eclipse.jdt.ls.core.id1 -Dosgi.bundles.defaultStartLevel=4 -Declipse.product=org.eclipse.jdt.ls.core.product -Djava.import.generatesMetadataFilesAtProjectRoot=false -DDetectVMInstallationsJob.disabled=true -Dfile.encoding=utf8 -XX:+UseParallelGC -XX:GCTimeRatio=4 -XX:AdaptiveSizePolicyWeight=90 -Dsun.zip.disableMemoryMapping=true -Xmx2G -Xms100m -Xlog:disable -javaagent:c:\Users\ducuy\.vscode\extensions\redhat.java-1.53.0-win32-x64\lombok\lombok-1.18.39-4050.jar -XX:+HeapDumpOnOutOfMemoryError -XX:HeapDumpPath=c:\Users\ducuy\AppData\Roaming\Code\User\workspaceStorage\f2733c32d03fe664640ec7a2b5974a22\redhat.java -Daether.dependencyCollector.impl=bf c:\Users\ducuy\.vscode\extensions\redhat.java-1.53.0-win32-x64\server\plugins\org.eclipse.equinox.launcher_1.7.100.v20251111-0406.jar -configuration c:\Users\ducuy\AppData\Roaming\Code\User\globalStorage\redhat.java\1.53.0\config_win -data c:\Users\ducuy\AppData\Roaming\Code\User\workspaceStorage\f2733c32d03fe664640ec7a2b5974a22\redhat.java\jdt_ws --pipe=\\.\pipe\lsp-94e44b52730ac87b06e59b1cee8e68a8-sock

Host: Intel(R) Core(TM) i5-8250U CPU @ 1.60GHz, 8 cores, 11G,  Windows 11 , 64 bit Build 22621 (10.0.22621.5415)
Time: Tue Mar 31 21:44:28 2026 SE Asia Standard Time elapsed time: 5939.427531 seconds (0d 1h 38m 59s)

---------------  T H R E A D  ---------------

Current thread (0x00000223b4d7e3f0):  JavaThread "Attach Listener" daemon [_thread_in_vm, id=25544, stack(0x000000b4f9400000,0x000000b4f9500000) (1024K)]

Stack: [0x000000b4f9400000,0x000000b4f9500000]
Native frames: (J=compiled Java code, j=interpreted, Vv=VM code, C=native code)
V  [jvm.dll+0x6d7a39]
V  [jvm.dll+0x8b4b26]
V  [jvm.dll+0x8b70de]
V  [jvm.dll+0x8b77c3]
V  [jvm.dll+0x284346]
V  [jvm.dll+0xc1277]
V  [jvm.dll+0x6d82e9]
V  [jvm.dll+0x1334a6]
V  [jvm.dll+0x3f857e]
V  [jvm.dll+0x85f59d]
V  [jvm.dll+0x6d626d]
C  [ucrtbase.dll+0x29333]
C  [KERNEL32.DLL+0x1259d]
C  [ntdll.dll+0x5af78]


---------------  P R O C E S S  ---------------

Threads class SMR info:
_java_thread_list=0x0000022388bf1a40, length=41, elements={
0x000002239e30ff80, 0x00000223b4d79fb0, 0x00000223b4d7b470, 0x00000223b4d7d4d0,
0x00000223b4d7e3f0, 0x00000223b4d801c0, 0x00000223b4d80e20, 0x00000223b4d81e60,
0x00000223b4d86a30, 0x00000223f782d310, 0x00000223fc014070, 0x00000223fc7b87d0,
0x00000223fca45ba0, 0x00000223fc00f150, 0x00000223f76f0600, 0x00000223f7a43360,
0x00000223fc242d40, 0x00000223f788ca50, 0x00000223f7957f00, 0x00000223f7957870,
0x00000223f7958c20, 0x00000223f79557a0, 0x00000223fef29210, 0x00000223fef29f30,
0x00000223fef22fa0, 0x00000223fef25070, 0x00000223fef27e60, 0x00000223fef2a5c0,
0x00000223fef27140, 0x00000223fef23630, 0x00000223fef284f0, 0x00000223fef28b80,
0x00000223ff290b30, 0x00000223ffa2ab80, 0x00000223ffa2bf30, 0x00000223ffa2c5c0,
0x00000223ff2911c0, 0x0000022388e59e80, 0x000002238d91d6a0, 0x000002238d920490,
0x00000223ff0e4a40
}

Java Threads: ( => current thread )
  0x000002239e30ff80 JavaThread "main"                              [_thread_blocked, id=10284, stack(0x000000b4f8d00000,0x000000b4f8e00000) (1024K)]
  0x00000223b4d79fb0 JavaThread "Reference Handler"          daemon [_thread_blocked, id=2000, stack(0x000000b4f9100000,0x000000b4f9200000) (1024K)]
  0x00000223b4d7b470 JavaThread "Finalizer"                  daemon [_thread_blocked, id=21612, stack(0x000000b4f9200000,0x000000b4f9300000) (1024K)]
  0x00000223b4d7d4d0 JavaThread "Signal Dispatcher"          daemon [_thread_blocked, id=24140, stack(0x000000b4f9300000,0x000000b4f9400000) (1024K)]
=>0x00000223b4d7e3f0 JavaThread "Attach Listener"            daemon [_thread_in_vm, id=25544, stack(0x000000b4f9400000,0x000000b4f9500000) (1024K)]
  0x00000223b4d801c0 JavaThread "Service Thread"             daemon [_thread_blocked, id=23400, stack(0x000000b4f9500000,0x000000b4f9600000) (1024K)]
  0x00000223b4d80e20 JavaThread "Monitor Deflation Thread"   daemon [_thread_blocked, id=5432, stack(0x000000b4f9600000,0x000000b4f9700000) (1024K)]
  0x00000223b4d81e60 JavaThread "C2 CompilerThread0"         daemon [_thread_blocked, id=20020, stack(0x000000b4f9700000,0x000000b4f9800000) (1024K)]
  0x00000223b4d86a30 JavaThread "C1 CompilerThread0"         daemon [_thread_blocked, id=26100, stack(0x000000b4f9800000,0x000000b4f9900000) (1024K)]
  0x00000223f782d310 JavaThread "Common-Cleaner"             daemon [_thread_blocked, id=10972, stack(0x000000b4f9a00000,0x000000b4f9b00000) (1024K)]
  0x00000223fc014070 JavaThread "Notification Thread"        daemon [_thread_blocked, id=14228, stack(0x000000b4f9b00000,0x000000b4f9c00000) (1024K)]
  0x00000223fc7b87d0 JavaThread "Active Thread: Equinox Container: 9b13462e-6831-4ac1-acfd-f31c808cc3ec"        [_thread_blocked, id=4016, stack(0x000000b4f9900000,0x000000b4f9a00000) (1024K)]
  0x00000223fca45ba0 JavaThread "Refresh Thread: Equinox Container: 9b13462e-6831-4ac1-acfd-f31c808cc3ec" daemon [_thread_blocked, id=19804, stack(0x000000b4f8c00000,0x000000b4f8d00000) (1024K)]
  0x00000223fc00f150 JavaThread "Framework Event Dispatcher: Equinox Container: 9b13462e-6831-4ac1-acfd-f31c808cc3ec" daemon [_thread_blocked, id=16132, stack(0x000000b4fa300000,0x000000b4fa400000) (1024K)]
  0x00000223f76f0600 JavaThread "Start Level: Equinox Container: 9b13462e-6831-4ac1-acfd-f31c808cc3ec" daemon [_thread_blocked, id=13336, stack(0x000000b4fa400000,0x000000b4fa500000) (1024K)]
  0x00000223f7a43360 JavaThread "Bundle File Closer"         daemon [_thread_blocked, id=9964, stack(0x000000b4fa600000,0x000000b4fa700000) (1024K)]
  0x00000223fc242d40 JavaThread "SCR Component Actor"        daemon [_thread_blocked, id=17052, stack(0x000000b4f8a00000,0x000000b4f8b00000) (1024K)]
  0x00000223f788ca50 JavaThread "Worker-JM"                         [_thread_blocked, id=5908, stack(0x000000b4f8b00000,0x000000b4f8c00000) (1024K)]
  0x00000223f7957f00 JavaThread "JNA Cleaner"                daemon [_thread_blocked, id=12312, stack(0x000000b4fa700000,0x000000b4fa800000) (1024K)]
  0x00000223f7957870 JavaThread "Java indexing"              daemon [_thread_blocked, id=3076, stack(0x000000b4fab00000,0x000000b4fac00000) (1024K)]
  0x00000223f7958c20 JavaThread "Thread-1"                   daemon [_thread_in_native, id=12792, stack(0x000000b4fb100000,0x000000b4fb200000) (1024K)]
  0x00000223f79557a0 JavaThread "Thread-2"                   daemon [_thread_in_native, id=15704, stack(0x000000b4fb200000,0x000000b4fb300000) (1024K)]
  0x00000223fef29210 JavaThread "Thread-3"                   daemon [_thread_in_native, id=22520, stack(0x000000b4fb300000,0x000000b4fb400000) (1024K)]
  0x00000223fef29f30 JavaThread "Thread-4"                   daemon [_thread_in_native, id=2768, stack(0x000000b4fb400000,0x000000b4fb500000) (1024K)]
  0x00000223fef22fa0 JavaThread "Thread-5"                   daemon [_thread_in_native, id=18952, stack(0x000000b4fb500000,0x000000b4fb600000) (1024K)]
  0x00000223fef25070 JavaThread "Thread-6"                   daemon [_thread_in_native, id=11056, stack(0x000000b4fb600000,0x000000b4fb700000) (1024K)]
  0x00000223fef27e60 JavaThread "Thread-7"                   daemon [_thread_in_native, id=16468, stack(0x000000b4fb700000,0x000000b4fb800000) (1024K)]
  0x00000223fef2a5c0 JavaThread "Thread-8"                   daemon [_thread_in_native, id=15476, stack(0x000000b4fb800000,0x000000b4fb900000) (1024K)]
  0x00000223fef27140 JavaThread "Thread-9"                   daemon [_thread_in_native, id=21220, stack(0x000000b4fb900000,0x000000b4fba00000) (1024K)]
  0x00000223fef23630 JavaThread "pool-2-thread-1"                   [_thread_blocked, id=7948, stack(0x000000b4fba00000,0x000000b4fbb00000) (1024K)]
  0x00000223fef284f0 JavaThread "WorkspaceEventsHandler"            [_thread_blocked, id=10112, stack(0x000000b4fbb00000,0x000000b4fbc00000) (1024K)]
  0x00000223fef28b80 JavaThread "pool-1-thread-1"                   [_thread_blocked, id=17292, stack(0x000000b4fbc00000,0x000000b4fbd00000) (1024K)]
  0x00000223ff290b30 JavaThread "Cleaner-0"                  daemon [_thread_blocked, id=23944, stack(0x000000b4fbf00000,0x000000b4fc000000) (1024K)]
  0x00000223ffa2ab80 JavaThread "Java Debug Server"          daemon [_thread_in_native, id=22620, stack(0x000000b4fc600000,0x000000b4fc700000) (1024K)]
  0x00000223ffa2bf30 JavaThread "RxSchedulerPurge-1"         daemon [_thread_blocked, id=11500, stack(0x000000b4fd100000,0x000000b4fd200000) (1024K)]
  0x00000223ffa2c5c0 JavaThread "RxCachedWorkerPoolEvictor-1" daemon [_thread_blocked, id=8688, stack(0x000000b4fd200000,0x000000b4fd300000) (1024K)]
  0x00000223ff2911c0 JavaThread "ForkJoinPool.commonPool-worker-33" daemon [_thread_blocked, id=2688, stack(0x000000b4fac00000,0x000000b4fad00000) (1024K)]
  0x0000022388e59e80 JavaThread "ForkJoinPool.commonPool-worker-36" daemon [_thread_blocked, id=788, stack(0x000000b4faf00000,0x000000b4fb000000) (1024K)]
  0x000002238d91d6a0 JavaThread "Worker-29"                         [_thread_blocked, id=19568, stack(0x000000b4fa500000,0x000000b4fa600000) (1024K)]
  0x000002238d920490 JavaThread "ForkJoinPool.commonPool-worker-37" daemon [_thread_blocked, id=18724, stack(0x000000b4fae00000,0x000000b4faf00000) (1024K)]
  0x00000223ff0e4a40 JavaThread "Worker-31"                         [_thread_blocked, id=14448, stack(0x000000b4fbe00000,0x000000b4fbf00000) (1024K)]
Total: 41

Other Threads:
  0x00000223b4d72c20 VMThread "VM Thread"                           [id=12152, stack(0x000000b4f9000000,0x000000b4f9100000) (1024K)]
  0x00000223b4c8ca00 WatcherThread "VM Periodic Task Thread"        [id=12368, stack(0x000000b4f8f00000,0x000000b4f9000000) (1024K)]
  0x000002239e32e5c0 WorkerThread "GC Thread#0"                     [id=1596, stack(0x000000b4f8e00000,0x000000b4f8f00000) (1024K)]
  0x00000223fc1f9760 WorkerThread "GC Thread#1"                     [id=12704, stack(0x000000b4f9d00000,0x000000b4f9e00000) (1024K)]
  0x00000223fc8171d0 WorkerThread "GC Thread#2"                     [id=11664, stack(0x000000b4f9e00000,0x000000b4f9f00000) (1024K)]
  0x00000223fc817580 WorkerThread "GC Thread#3"                     [id=9196, stack(0x000000b4f9f00000,0x000000b4fa000000) (1024K)]
  0x00000223fc817930 WorkerThread "GC Thread#4"                     [id=14232, stack(0x000000b4fa000000,0x000000b4fa100000) (1024K)]
  0x00000223fc817ce0 WorkerThread "GC Thread#5"                     [id=26188, stack(0x000000b4fa100000,0x000000b4fa200000) (1024K)]
  0x00000223f7a86b80 WorkerThread "GC Thread#6"                     [id=26184, stack(0x000000b4fa200000,0x000000b4fa300000) (1024K)]
  0x00000223fc6018c0 WorkerThread "GC Thread#7"                     [id=26560, stack(0x000000b4f9c00000,0x000000b4f9d00000) (1024K)]
Total: 10

Threads with active compile tasks:
Total: 0

VM state: not at safepoint (normal execution)

VM Mutex/Monitor currently owned by a thread: None

Heap address: 0x0000000080000000, size: 2048 MB, Compressed Oops mode: 32-bit

CDS archive(s) mapped at: [0x00000223b5000000-0x00000223b5ba0000-0x00000223b5ba0000), size 12189696, SharedBaseAddress: 0x00000223b5000000, ArchiveRelocationMode: 1.
Compressed class space mapped at: 0x00000223b6000000-0x00000223f6000000, reserved size: 1073741824
Narrow klass base: 0x00000223b5000000, Narrow klass shift: 0, Narrow klass range: 0x100000000

GC Precious Log:
 CardTable entry size: 512
 CPUs: 8 total, 8 available
 Memory: 12152M
 Large Page Support: Disabled
 NUMA Support: Disabled
 Compressed Oops: Enabled (32-bit)
 Alignments: Space 512K, Generation 512K, Heap 2M
 Heap Min Capacity: 100M
 Heap Initial Capacity: 100M
 Heap Max Capacity: 2G
 Pre-touch: Disabled
 Parallel Workers: 8

Heap:
 PSYoungGen      total 7168K, used 2195K [0x00000000d5580000, 0x00000000d6200000, 0x0000000100000000)
  eden space 6656K, 25% used [0x00000000d5580000,0x00000000d5724eb8,0x00000000d5c00000)
  from space 512K, 100% used [0x00000000d6180000,0x00000000d6200000,0x00000000d6200000)
  to   space 2048K, 0% used [0x00000000d5e00000,0x00000000d5e00000,0x00000000d6000000)
 ParOldGen       total 1155072K, used 1154651K [0x0000000080000000, 0x00000000c6800000, 0x00000000d5580000)
  object space 1155072K, 99% used [0x0000000080000000,0x00000000c6796cb0,0x00000000c6800000)
 Metaspace       used 116804K, committed 118720K, reserved 1179648K
  class space    used 12170K, committed 13056K, reserved 1048576K

Card table byte_map: [0x000002239dca0000,0x000002239e0b0000] _byte_map_base: 0x000002239d8a0000

Marking Bits: (ParMarkBitMap*) 0x00007ffb2b6e3450
 Begin Bits: [0x00000223b07b0000, 0x00000223b27b0000)
 End Bits:   [0x00000223b27b0000, 0x00000223b47b0000)

Polling page: 0x000002239c1d0000

Metaspace:

Usage:
  Non-class:    102.18 MB used.
      Class:     11.89 MB used.
       Both:    114.07 MB used.

Virtual space:
  Non-class space:      128.00 MB reserved,     103.19 MB ( 81%) committed,  2 nodes.
      Class space:        1.00 GB reserved,      12.75 MB (  1%) committed,  1 nodes.
             Both:        1.12 GB reserved,     115.94 MB ( 10%) committed. 

Chunk freelists:
   Non-Class:  8.62 MB
       Class:  3.28 MB
        Both:  11.91 MB

MaxMetaspaceSize: unlimited
CompressedClassSpaceSize: 1.00 GB
Initial GC threshold: 21.00 MB
Current GC threshold: 190.44 MB
CDS: on
 - commit_granule_bytes: 65536.
 - commit_granule_words: 8192.
 - virtual_space_node_default_size: 8388608.
 - enlarge_chunks_in_place: 1.
 - use_allocation_guard: 0.


Internal statistics:

num_allocs_failed_limit: 9.
num_arena_births: 2212.
num_arena_deaths: 504.
num_vsnodes_births: 3.
num_vsnodes_deaths: 0.
num_space_committed: 1859.
num_space_uncommitted: 4.
num_chunks_returned_to_freelist: 650.
num_chunks_taken_from_freelist: 8343.
num_chunk_merges: 169.
num_chunk_splits: 4768.
num_chunks_enlarged: 2625.
num_inconsistent_stats: 0.

CodeHeap 'non-profiled nmethods': size=120000Kb used=28113Kb max_used=29181Kb free=91886Kb
 bounds [0x00000223a8fd0000, 0x00000223aac50000, 0x00000223b0500000]
CodeHeap 'profiled nmethods': size=120000Kb used=55787Kb max_used=61044Kb free=64212Kb
 bounds [0x00000223a1500000, 0x00000223a50d0000, 0x00000223a8a30000]
CodeHeap 'non-nmethods': size=5760Kb used=1596Kb max_used=1707Kb free=4164Kb
 bounds [0x00000223a8a30000, 0x00000223a8ca0000, 0x00000223a8fd0000]
CodeCache: size=245760Kb, used=85496Kb, max_used=91932Kb, free=160262Kb
 total_blobs=23464, nmethods=22539, adapters=825, full_count=0
Compilation: enabled, stopped_count=0, restarted_count=0

Compilation events (20 events):
Event: 5643.892 Thread 0x00000223b4d81e60 33058       4       org.eclipse.jdt.internal.compiler.util.ObjectVector::<init> (36 bytes)
Event: 5643.893 Thread 0x00000223b4d81e60 nmethod 33058 0x00000223aa71d790 code [0x00000223aa71d920, 0x00000223aa71db18]
Event: 5644.161 Thread 0x00000223b4d81e60 33059       4       org.eclipse.jdt.core.dom.ASTVisitor::<init> (6 bytes)
Event: 5644.161 Thread 0x00000223b4d86a30 33060       3       org.eclipse.jdt.internal.corext.refactoring.code.flow.GenericSequentialFlowInfo::merge (12 bytes)
Event: 5644.161 Thread 0x00000223b4d81e60 nmethod 33059 0x00000223aa71d490 code [0x00000223aa71d620, 0x00000223aa71d6b0]
Event: 5644.161 Thread 0x00000223b4d86a30 nmethod 33060 0x00000223a3791310 code [0x00000223a3791500, 0x00000223a3791930]
Event: 5644.162 Thread 0x00000223b4d86a30 33061       3       org.eclipse.jdt.core.dom.TypeBinding::getErasure (15 bytes)
Event: 5644.162 Thread 0x00000223b4d86a30 nmethod 33061 0x00000223a34f8d10 code [0x00000223a34f8ee0, 0x00000223a34f9190]
Event: 5662.761 Thread 0x00000223b4d86a30 33062       3       java.util.logging.LogManager::getLogManager (16 bytes)
Event: 5662.761 Thread 0x00000223b4d86a30 nmethod 33062 0x00000223a2219910 code [0x00000223a2219ac0, 0x00000223a2219c00]
Event: 5681.878 Thread 0x00000223b4d86a30 33063       3       sun.nio.fs.NativeBuffer$Deallocator::run (11 bytes)
Event: 5681.878 Thread 0x00000223b4d86a30 nmethod 33063 0x00000223a2e81010 code [0x00000223a2e811e0, 0x00000223a2e81500]
Event: 5681.878 Thread 0x00000223b4d86a30 33064       3       sun.nio.fs.NativeBuffer::free (10 bytes)
Event: 5681.878 Thread 0x00000223b4d86a30 nmethod 33064 0x00000223a3796010 code [0x00000223a3796200, 0x00000223a3796600]
Event: 5722.776 Thread 0x00000223b4d86a30 33065   !   3       java.util.logging.LogManager$LoggerContext::findLogger (113 bytes)
Event: 5722.777 Thread 0x00000223b4d86a30 nmethod 33065 0x00000223a31b4990 code [0x00000223a31b4c40, 0x00000223a31b5ba0]
Event: 5728.311 Thread 0x00000223b4d81e60 33066       4       java.util.concurrent.ThreadPoolExecutor$Worker::lock (6 bytes)
Event: 5728.312 Thread 0x00000223b4d81e60 nmethod 33066 0x00000223aa71d110 code [0x00000223aa71d2a0, 0x00000223aa71d3a0]
Event: 5730.318 Thread 0x00000223b4d81e60 33067   !   4       java.util.concurrent.ThreadPoolExecutor::getTask (177 bytes)
Event: 5730.358 Thread 0x00000223b4d81e60 nmethod 33067 0x00000223a98eef90 code [0x00000223a98ef480, 0x00000223a98f1760]

GC Heap History (20 events):
Event: 5622.144 GC heap before
{Heap before GC invocations=5515 (full 7):
 PSYoungGen      total 7680K, used 7642K [0x00000000d5580000, 0x00000000d5e00000, 0x0000000100000000)
  eden space 6656K, 100% used [0x00000000d5580000,0x00000000d5c00000,0x00000000d5c00000)
  from space 1024K, 96% used [0x00000000d5d00000,0x00000000d5df6920,0x00000000d5e00000)
  to   space 1024K, 0% used [0x00000000d5c00000,0x00000000d5c00000,0x00000000d5d00000)
 ParOldGen       total 1143808K, used 1143600K [0x0000000080000000, 0x00000000c5d00000, 0x00000000d5580000)
  object space 1143808K, 99% used [0x0000000080000000,0x00000000c5ccc110,0x00000000c5d00000)
 Metaspace       used 116764K, committed 118720K, reserved 1179648K
  class space    used 12170K, committed 13056K, reserved 1048576K
}
Event: 5622.149 GC heap after
{Heap after GC invocations=5515 (full 7):
 PSYoungGen      total 7680K, used 1012K [0x00000000d5580000, 0x00000000d6b00000, 0x0000000100000000)
  eden space 6656K, 0% used [0x00000000d5580000,0x00000000d5580000,0x00000000d5c00000)
  from space 1024K, 98% used [0x00000000d5c00000,0x00000000d5cfd3a0,0x00000000d5d00000)
  to   space 7680K, 0% used [0x00000000d6380000,0x00000000d6380000,0x00000000d6b00000)
 ParOldGen       total 1149440K, used 1149123K [0x0000000080000000, 0x00000000c6280000, 0x00000000d5580000)
  object space 1149440K, 99% used [0x0000000080000000,0x00000000c6230ea0,0x00000000c6280000)
 Metaspace       used 116764K, committed 118720K, reserved 1179648K
  class space    used 12170K, committed 13056K, reserved 1048576K
}
Event: 5622.161 GC heap before
{Heap before GC invocations=5516 (full 7):
 PSYoungGen      total 7680K, used 7668K [0x00000000d5580000, 0x00000000d6b00000, 0x0000000100000000)
  eden space 6656K, 100% used [0x00000000d5580000,0x00000000d5c00000,0x00000000d5c00000)
  from space 1024K, 98% used [0x00000000d5c00000,0x00000000d5cfd3a0,0x00000000d5d00000)
  to   space 7680K, 0% used [0x00000000d6380000,0x00000000d6380000,0x00000000d6b00000)
 ParOldGen       total 1149440K, used 1149123K [0x0000000080000000, 0x00000000c6280000, 0x00000000d5580000)
  object space 1149440K, 99% used [0x0000000080000000,0x00000000c6230ea0,0x00000000c6280000)
 Metaspace       used 116764K, committed 118720K, reserved 1179648K
  class space    used 12170K, committed 13056K, reserved 1048576K
}
Event: 5622.164 GC heap after
{Heap after GC invocations=5516 (full 7):
 PSYoungGen      total 8192K, used 1172K [0x00000000d5580000, 0x00000000d6500000, 0x0000000100000000)
  eden space 6656K, 0% used [0x00000000d5580000,0x00000000d5580000,0x00000000d5c00000)
  from space 1536K, 76% used [0x00000000d6380000,0x00000000d64a5200,0x00000000d6500000)
  to   space 3584K, 0% used [0x00000000d5e00000,0x00000000d5e00000,0x00000000d6180000)
 ParOldGen       total 1149440K, used 1149147K [0x0000000080000000, 0x00000000c6280000, 0x00000000d5580000)
  object space 1149440K, 99% used [0x0000000080000000,0x00000000c6236ea0,0x00000000c6280000)
 Metaspace       used 116764K, committed 118720K, reserved 1179648K
  class space    used 12170K, committed 13056K, reserved 1048576K
}
Event: 5622.173 GC heap before
{Heap before GC invocations=5517 (full 7):
 PSYoungGen      total 8192K, used 7828K [0x00000000d5580000, 0x00000000d6500000, 0x0000000100000000)
  eden space 6656K, 100% used [0x00000000d5580000,0x00000000d5c00000,0x00000000d5c00000)
  from space 1536K, 76% used [0x00000000d6380000,0x00000000d64a5200,0x00000000d6500000)
  to   space 3584K, 0% used [0x00000000d5e00000,0x00000000d5e00000,0x00000000d6180000)
 ParOldGen       total 1149440K, used 1149147K [0x0000000080000000, 0x00000000c6280000, 0x00000000d5580000)
  object space 1149440K, 99% used [0x0000000080000000,0x00000000c6236ea0,0x00000000c6280000)
 Metaspace       used 116764K, committed 118720K, reserved 1179648K
  class space    used 12170K, committed 13056K, reserved 1048576K
}
Event: 5622.175 GC heap after
{Heap after GC invocations=5517 (full 7):
 PSYoungGen      total 10240K, used 592K [0x00000000d5580000, 0x00000000d6400000, 0x0000000100000000)
  eden space 6656K, 0% used [0x00000000d5580000,0x00000000d5580000,0x00000000d5c00000)
  from space 3584K, 16% used [0x00000000d5e00000,0x00000000d5e94010,0x00000000d6180000)
  to   space 1536K, 0% used [0x00000000d6280000,0x00000000d6280000,0x00000000d6400000)
 ParOldGen       total 1150464K, used 1150196K [0x0000000080000000, 0x00000000c6380000, 0x00000000d5580000)
  object space 1150464K, 99% used [0x0000000080000000,0x00000000c633d330,0x00000000c6380000)
 Metaspace       used 116764K, committed 118720K, reserved 1179648K
  class space    used 12170K, committed 13056K, reserved 1048576K
}
Event: 5623.885 GC heap before
{Heap before GC invocations=5518 (full 7):
 PSYoungGen      total 10240K, used 7248K [0x00000000d5580000, 0x00000000d6400000, 0x0000000100000000)
  eden space 6656K, 100% used [0x00000000d5580000,0x00000000d5c00000,0x00000000d5c00000)
  from space 3584K, 16% used [0x00000000d5e00000,0x00000000d5e94010,0x00000000d6180000)
  to   space 1536K, 0% used [0x00000000d6280000,0x00000000d6280000,0x00000000d6400000)
 ParOldGen       total 1150464K, used 1150196K [0x0000000080000000, 0x00000000c6380000, 0x00000000d5580000)
  object space 1150464K, 99% used [0x0000000080000000,0x00000000c633d330,0x00000000c6380000)
 Metaspace       used 116765K, committed 118720K, reserved 1179648K
  class space    used 12170K, committed 13056K, reserved 1048576K
}
Event: 5623.886 GC heap after
{Heap after GC invocations=5518 (full 7):
 PSYoungGen      total 7680K, used 592K [0x00000000d5580000, 0x00000000d6380000, 0x0000000100000000)
  eden space 6656K, 0% used [0x00000000d5580000,0x00000000d5580000,0x00000000d5c00000)
  from space 1024K, 57% used [0x00000000d6280000,0x00000000d6314010,0x00000000d6380000)
  to   space 1024K, 0% used [0x00000000d6180000,0x00000000d6180000,0x00000000d6280000)
 ParOldGen       total 1150976K, used 1150708K [0x0000000080000000, 0x00000000c6400000, 0x00000000d5580000)
  object space 1150976K, 99% used [0x0000000080000000,0x00000000c63bd370,0x00000000c6400000)
 Metaspace       used 116765K, committed 118720K, reserved 1179648K
  class space    used 12170K, committed 13056K, reserved 1048576K
}
Event: 5642.677 GC heap before
{Heap before GC invocations=5519 (full 7):
 PSYoungGen      total 7680K, used 7248K [0x00000000d5580000, 0x00000000d6380000, 0x0000000100000000)
  eden space 6656K, 100% used [0x00000000d5580000,0x00000000d5c00000,0x00000000d5c00000)
  from space 1024K, 57% used [0x00000000d6280000,0x00000000d6314010,0x00000000d6380000)
  to   space 1024K, 0% used [0x00000000d6180000,0x00000000d6180000,0x00000000d6280000)
 ParOldGen       total 1150976K, used 1150708K [0x0000000080000000, 0x00000000c6400000, 0x00000000d5580000)
  object space 1150976K, 99% used [0x0000000080000000,0x00000000c63bd370,0x00000000c6400000)
 Metaspace       used 116765K, committed 118720K, reserved 1179648K
  class space    used 12170K, committed 13056K, reserved 1048576K
}
Event: 5642.681 GC heap after
{Heap after GC invocations=5519 (full 7):
 PSYoungGen      total 7168K, used 500K [0x00000000d5580000, 0x00000000d6300000, 0x0000000100000000)
  eden space 6656K, 0% used [0x00000000d5580000,0x00000000d5580000,0x00000000d5c00000)
  from space 512K, 97% used [0x00000000d6180000,0x00000000d61fd200,0x00000000d6200000)
  to   space 1024K, 0% used [0x00000000d6200000,0x00000000d6200000,0x00000000d6300000)
 ParOldGen       total 1151488K, used 1151220K [0x0000000080000000, 0x00000000c6480000, 0x00000000d5580000)
  object space 1151488K, 99% used [0x0000000080000000,0x00000000c643d3b0,0x00000000c6480000)
 Metaspace       used 116765K, committed 118720K, reserved 1179648K
  class space    used 12170K, committed 13056K, reserved 1048576K
}
Event: 5642.699 GC heap before
{Heap before GC invocations=5520 (full 7):
 PSYoungGen      total 7168K, used 7156K [0x00000000d5580000, 0x00000000d6300000, 0x0000000100000000)
  eden space 6656K, 100% used [0x00000000d5580000,0x00000000d5c00000,0x00000000d5c00000)
  from space 512K, 97% used [0x00000000d6180000,0x00000000d61fd200,0x00000000d6200000)
  to   space 1024K, 0% used [0x00000000d6200000,0x00000000d6200000,0x00000000d6300000)
 ParOldGen       total 1151488K, used 1151220K [0x0000000080000000, 0x00000000c6480000, 0x00000000d5580000)
  object space 1151488K, 99% used [0x0000000080000000,0x00000000c643d3b0,0x00000000c6480000)
 Metaspace       used 116765K, committed 118720K, reserved 1179648K
  class space    used 12170K, committed 13056K, reserved 1048576K
}
Event: 5642.702 GC heap after
{Heap after GC invocations=5520 (full 7):
 PSYoungGen      total 7680K, used 976K [0x00000000d5580000, 0x00000000d6300000, 0x0000000100000000)
  eden space 6656K, 0% used [0x00000000d5580000,0x00000000d5580000,0x00000000d5c00000)
  from space 1024K, 95% used [0x00000000d6200000,0x00000000d62f4010,0x00000000d6300000)
  to   space 1536K, 0% used [0x00000000d6000000,0x00000000d6000000,0x00000000d6180000)
 ParOldGen       total 1152000K, used 1151657K [0x0000000080000000, 0x00000000c6500000, 0x00000000d5580000)
  object space 1152000K, 99% used [0x0000000080000000,0x00000000c64aa5c0,0x00000000c6500000)
 Metaspace       used 116765K, committed 118720K, reserved 1179648K
  class space    used 12170K, committed 13056K, reserved 1048576K
}
Event: 5643.849 GC heap before
{Heap before GC invocations=5521 (full 7):
 PSYoungGen      total 7680K, used 7631K [0x00000000d5580000, 0x00000000d6300000, 0x0000000100000000)
  eden space 6656K, 99% used [0x00000000d5580000,0x00000000d5bfffe8,0x00000000d5c00000)
  from space 1024K, 95% used [0x00000000d6200000,0x00000000d62f4010,0x00000000d6300000)
  to   space 1536K, 0% used [0x00000000d6000000,0x00000000d6000000,0x00000000d6180000)
 ParOldGen       total 1152000K, used 1151657K [0x0000000080000000, 0x00000000c6500000, 0x00000000d5580000)
  object space 1152000K, 99% used [0x0000000080000000,0x00000000c64aa5c0,0x00000000c6500000)
 Metaspace       used 116795K, committed 118720K, reserved 1179648K
  class space    used 12170K, committed 13056K, reserved 1048576K
}
Event: 5643.851 GC heap after
{Heap after GC invocations=5521 (full 7):
 PSYoungGen      total 8192K, used 682K [0x00000000d5580000, 0x00000000d6280000, 0x0000000100000000)
  eden space 6656K, 0% used [0x00000000d5580000,0x00000000d5580000,0x00000000d5c00000)
  from space 1536K, 44% used [0x00000000d6000000,0x00000000d60aa930,0x00000000d6180000)
  to   space 1024K, 0% used [0x00000000d6180000,0x00000000d6180000,0x00000000d6280000)
 ParOldGen       total 1153024K, used 1152579K [0x0000000080000000, 0x00000000c6600000, 0x00000000d5580000)
  object space 1153024K, 99% used [0x0000000080000000,0x00000000c6590db0,0x00000000c6600000)
 Metaspace       used 116795K, committed 118720K, reserved 1179648K
  class space    used 12170K, committed 13056K, reserved 1048576K
}
Event: 5643.860 GC heap before
{Heap before GC invocations=5522 (full 7):
 PSYoungGen      total 8192K, used 7338K [0x00000000d5580000, 0x00000000d6280000, 0x0000000100000000)
  eden space 6656K, 100% used [0x00000000d5580000,0x00000000d5c00000,0x00000000d5c00000)
  from space 1536K, 44% used [0x00000000d6000000,0x00000000d60aa930,0x00000000d6180000)
  to   space 1024K, 0% used [0x00000000d6180000,0x00000000d6180000,0x00000000d6280000)
 ParOldGen       total 1153024K, used 1152579K [0x0000000080000000, 0x00000000c6600000, 0x00000000d5580000)
  object space 1153024K, 99% used [0x0000000080000000,0x00000000c6590db0,0x00000000c6600000)
 Metaspace       used 116796K, committed 118720K, reserved 1179648K
  class space    used 12170K, committed 13056K, reserved 1048576K
}
Event: 5643.862 GC heap after
{Heap after GC invocations=5522 (full 7):
 PSYoungGen      total 7680K, used 640K [0x00000000d5580000, 0x00000000d6280000, 0x0000000100000000)
  eden space 6656K, 0% used [0x00000000d5580000,0x00000000d5580000,0x00000000d5c00000)
  from space 1024K, 62% used [0x00000000d6180000,0x00000000d6220000,0x00000000d6280000)
  to   space 1024K, 0% used [0x00000000d6080000,0x00000000d6080000,0x00000000d6180000)
 ParOldGen       total 1153536K, used 1153140K [0x0000000080000000, 0x00000000c6680000, 0x00000000d5580000)
  object space 1153536K, 99% used [0x0000000080000000,0x00000000c661d270,0x00000000c6680000)
 Metaspace       used 116796K, committed 118720K, reserved 1179648K
  class space    used 12170K, committed 13056K, reserved 1048576K
}
Event: 5643.872 GC heap before
{Heap before GC invocations=5523 (full 7):
 PSYoungGen      total 7680K, used 7296K [0x00000000d5580000, 0x00000000d6280000, 0x0000000100000000)
  eden space 6656K, 100% used [0x00000000d5580000,0x00000000d5c00000,0x00000000d5c00000)
  from space 1024K, 62% used [0x00000000d6180000,0x00000000d6220000,0x00000000d6280000)
  to   space 1024K, 0% used [0x00000000d6080000,0x00000000d6080000,0x00000000d6180000)
 ParOldGen       total 1153536K, used 1153140K [0x0000000080000000, 0x00000000c6680000, 0x00000000d5580000)
  object space 1153536K, 99% used [0x0000000080000000,0x00000000c661d270,0x00000000c6680000)
 Metaspace       used 116796K, committed 118720K, reserved 1179648K
  class space    used 12170K, committed 13056K, reserved 1048576K
}
Event: 5643.875 GC heap after
{Heap after GC invocations=5523 (full 7):
 PSYoungGen      total 7680K, used 804K [0x00000000d5580000, 0x00000000d6200000, 0x0000000100000000)
  eden space 6656K, 0% used [0x00000000d5580000,0x00000000d5580000,0x00000000d5c00000)
  from space 1024K, 78% used [0x00000000d6080000,0x00000000d6149210,0x00000000d6180000)
  to   space 512K, 0% used [0x00000000d6180000,0x00000000d6180000,0x00000000d6200000)
 ParOldGen       total 1154048K, used 1153716K [0x0000000080000000, 0x00000000c6700000, 0x00000000d5580000)
  object space 1154048K, 99% used [0x0000000080000000,0x00000000c66ad2b0,0x00000000c6700000)
 Metaspace       used 116796K, committed 118720K, reserved 1179648K
  class space    used 12170K, committed 13056K, reserved 1048576K
}
Event: 5643.997 GC heap before
{Heap before GC invocations=5524 (full 7):
 PSYoungGen      total 7680K, used 7455K [0x00000000d5580000, 0x00000000d6200000, 0x0000000100000000)
  eden space 6656K, 99% used [0x00000000d5580000,0x00000000d5bfea78,0x00000000d5c00000)
  from space 1024K, 78% used [0x00000000d6080000,0x00000000d6149210,0x00000000d6180000)
  to   space 512K, 0% used [0x00000000d6180000,0x00000000d6180000,0x00000000d6200000)
 ParOldGen       total 1154048K, used 1153716K [0x0000000080000000, 0x00000000c6700000, 0x00000000d5580000)
  object space 1154048K, 99% used [0x0000000080000000,0x00000000c66ad2b0,0x00000000c6700000)
 Metaspace       used 116796K, committed 118720K, reserved 1179648K
  class space    used 12170K, committed 13056K, reserved 1048576K
}
Event: 5643.999 GC heap after
{Heap after GC invocations=5524 (full 7):
 PSYoungGen      total 7168K, used 512K [0x00000000d5580000, 0x00000000d6200000, 0x0000000100000000)
  eden space 6656K, 0% used [0x00000000d5580000,0x00000000d5580000,0x00000000d5c00000)
  from space 512K, 100% used [0x00000000d6180000,0x00000000d6200000,0x00000000d6200000)
  to   space 2048K, 0% used [0x00000000d5e00000,0x00000000d5e00000,0x00000000d6000000)
 ParOldGen       total 1155072K, used 1154651K [0x0000000080000000, 0x00000000c6800000, 0x00000000d5580000)
  object space 1155072K, 99% used [0x0000000080000000,0x00000000c6796cb0,0x00000000c6800000)
 Metaspace       used 116796K, committed 118720K, reserved 1179648K
  class space    used 12170K, committed 13056K, reserved 1048576K
}

Dll operation events (12 events):
Event: 0.025 Loaded shared library c:\Users\ducuy\.vscode\extensions\redhat.java-1.53.0-win32-x64\jre\21.0.10-win32-x86_64\bin\java.dll
Event: 0.200 Loaded shared library c:\Users\ducuy\.vscode\extensions\redhat.java-1.53.0-win32-x64\jre\21.0.10-win32-x86_64\bin\zip.dll
Event: 0.344 Loaded shared library C:\Users\ducuy\.vscode\extensions\redhat.java-1.53.0-win32-x64\jre\21.0.10-win32-x86_64\bin\instrument.dll
Event: 0.356 Loaded shared library C:\Users\ducuy\.vscode\extensions\redhat.java-1.53.0-win32-x64\jre\21.0.10-win32-x86_64\bin\net.dll
Event: 0.398 Loaded shared library C:\Users\ducuy\.vscode\extensions\redhat.java-1.53.0-win32-x64\jre\21.0.10-win32-x86_64\bin\nio.dll
Event: 0.406 Loaded shared library C:\Users\ducuy\.vscode\extensions\redhat.java-1.53.0-win32-x64\jre\21.0.10-win32-x86_64\bin\zip.dll
Event: 0.482 Loaded shared library C:\Users\ducuy\.vscode\extensions\redhat.java-1.53.0-win32-x64\jre\21.0.10-win32-x86_64\bin\jimage.dll
Event: 0.697 Loaded shared library c:\Users\ducuy\.vscode\extensions\redhat.java-1.53.0-win32-x64\jre\21.0.10-win32-x86_64\bin\verify.dll
Event: 43.192 Loaded shared library C:\Users\ducuy\AppData\Roaming\Code\User\globalStorage\redhat.java\1.53.0\config_win\org.eclipse.equinox.launcher\org.eclipse.equinox.launcher.win32.win32.x86_64_1.3.0.v20260203-2149\eclipse_11919.dll
Event: 100.344 Loaded shared library C:\Users\ducuy\AppData\Local\Temp\jna-95936534\jna17080856100366855318.dll
Event: 111.382 Loaded shared library C:\Users\ducuy\.vscode\extensions\redhat.java-1.53.0-win32-x64\jre\21.0.10-win32-x86_64\bin\sunmscapi.dll
Event: 113.367 Loaded shared library C:\Users\ducuy\.vscode\extensions\redhat.java-1.53.0-win32-x64\jre\21.0.10-win32-x86_64\bin\extnet.dll

Deoptimization events (20 events):
Event: 5595.742 Thread 0x00000223ff293290 Uncommon trap: trap_request=0xffffffbe fr.pc=0x00000223a9e584f4 relative=0x00000000000020f4
Event: 5595.742 Thread 0x00000223ff293290 Uncommon trap: reason=profile_predicate action=maybe_recompile pc=0x00000223a9e584f4 method=org.eclipse.jdt.internal.compiler.lookup.MethodVerifier15.checkMethods()V @ 774 c2
Event: 5595.742 Thread 0x00000223ff293290 DEOPT PACKING pc=0x00000223a9e584f4 sp=0x000000b4fbdfe530
Event: 5595.742 Thread 0x00000223ff293290 DEOPT UNPACKING pc=0x00000223a8a83aa2 sp=0x000000b4fbdfe500 mode 2
Event: 5595.742 Thread 0x00000223ff293290 Uncommon trap: trap_request=0xffffffbe fr.pc=0x00000223a9e584f4 relative=0x00000000000020f4
Event: 5595.742 Thread 0x00000223ff293290 Uncommon trap: reason=profile_predicate action=maybe_recompile pc=0x00000223a9e584f4 method=org.eclipse.jdt.internal.compiler.lookup.MethodVerifier15.checkMethods()V @ 774 c2
Event: 5595.742 Thread 0x00000223ff293290 DEOPT PACKING pc=0x00000223a9e584f4 sp=0x000000b4fbdfe4c0
Event: 5595.742 Thread 0x00000223ff293290 DEOPT UNPACKING pc=0x00000223a8a83aa2 sp=0x000000b4fbdfe490 mode 2
Event: 5612.941 Thread 0x00000223ff28d6b0 Uncommon trap: trap_request=0xfffffff4 fr.pc=0x00000223a93d2590 relative=0x0000000000001d90
Event: 5612.941 Thread 0x00000223ff28d6b0 Uncommon trap: reason=null_check action=make_not_entrant pc=0x00000223a93d2590 method=org.eclipse.jdt.core.dom.DefaultBindingResolver.resolveName(Lorg/eclipse/jdt/core/dom/Name;)Lorg/eclipse/jdt/core/dom/IBinding; @ 10 c2
Event: 5612.941 Thread 0x00000223ff28d6b0 DEOPT PACKING pc=0x00000223a93d2590 sp=0x000000b4faafe5c0
Event: 5612.941 Thread 0x00000223ff28d6b0 DEOPT UNPACKING pc=0x00000223a8a83aa2 sp=0x000000b4faafe570 mode 2
Event: 5616.771 Thread 0x00000223ff28d6b0 Uncommon trap: trap_request=0xffffffde fr.pc=0x00000223aab71674 relative=0x00000000000009d4
Event: 5616.771 Thread 0x00000223ff28d6b0 Uncommon trap: reason=class_check action=maybe_recompile pc=0x00000223aab71674 method=org.eclipse.jdt.internal.compiler.ast.ASTNode.resolvePolyExpressionArguments0(Lorg/eclipse/jdt/internal/compiler/ast/Invocation;Lorg/eclipse/jdt/internal/compiler/lookup
Event: 5616.771 Thread 0x00000223ff28d6b0 DEOPT PACKING pc=0x00000223aab71674 sp=0x000000b4faafe200
Event: 5616.771 Thread 0x00000223ff28d6b0 DEOPT UNPACKING pc=0x00000223a8a83aa2 sp=0x000000b4faafe180 mode 2
Event: 5704.155 Thread 0x00000223ff291850 Uncommon trap: trap_request=0xffffff45 fr.pc=0x00000223aa11d334 relative=0x0000000000000814
Event: 5704.155 Thread 0x00000223ff291850 Uncommon trap: reason=unstable_if action=reinterpret pc=0x00000223aa11d334 method=java.util.concurrent.ForkJoinPool.awaitWork(Ljava/util/concurrent/ForkJoinPool$WorkQueue;)I @ 239 c2
Event: 5704.155 Thread 0x00000223ff291850 DEOPT PACKING pc=0x00000223aa11d334 sp=0x000000b4fadff5c0
Event: 5704.155 Thread 0x00000223ff291850 DEOPT UNPACKING pc=0x00000223a8a83aa2 sp=0x000000b4fadff550 mode 2

Classes loaded (20 events):
Event: 4085.329 Loading class sun/security/ssl/SSLEngineOutputRecord$HandshakeMemo
Event: 4085.329 Loading class sun/security/ssl/SSLEngineOutputRecord$RecordMemo
Event: 4085.329 Loading class sun/security/ssl/SSLEngineOutputRecord$RecordMemo done
Event: 4085.329 Loading class sun/security/ssl/SSLEngineOutputRecord$HandshakeMemo done
Event: 4085.364 Loading class sun/security/ssl/PreSharedKeyExtension$SHPreSharedKeySpec
Event: 4085.364 Loading class sun/security/ssl/PreSharedKeyExtension$SHPreSharedKeySpec done
Event: 4151.380 Loading class jdk/internal/module/IllegalAccessLogger
Event: 4151.380 Loading class jdk/internal/module/IllegalAccessLogger done
Event: 4154.519 Loading class jdk/internal/module/IllegalAccessLogger
Event: 4154.519 Loading class jdk/internal/module/IllegalAccessLogger done
Event: 4513.961 Loading class jdk/internal/module/IllegalAccessLogger
Event: 4513.961 Loading class jdk/internal/module/IllegalAccessLogger done
Event: 4562.037 Loading class jdk/internal/module/IllegalAccessLogger
Event: 4562.037 Loading class jdk/internal/module/IllegalAccessLogger done
Event: 5299.933 Loading class jdk/internal/module/IllegalAccessLogger
Event: 5299.933 Loading class jdk/internal/module/IllegalAccessLogger done
Event: 5318.843 Loading class jdk/internal/module/IllegalAccessLogger
Event: 5318.843 Loading class jdk/internal/module/IllegalAccessLogger done
Event: 5406.336 Loading class jdk/internal/module/IllegalAccessLogger
Event: 5406.336 Loading class jdk/internal/module/IllegalAccessLogger done

Classes unloaded (20 events):
Event: 4556.264 Thread 0x00000223b4d72c20 Unloading class 0x00000223b6a40710 'org/apache/maven/shared/filtering/BaseFilter'
Event: 4556.264 Thread 0x00000223b4d72c20 Unloading class 0x00000223b6a40510 'org/apache/maven/shared/filtering/MavenFileFilter'
Event: 4556.264 Thread 0x00000223b4d72c20 Unloading class 0x00000223b6a40310 'org/apache/maven/shared/filtering/DefaultFilterInfo'
Event: 4556.264 Thread 0x00000223b4d72c20 Unloading class 0x00000223b6a40000 'org/apache/maven/plugins/resources/TestResourcesMojo'
Event: 4556.264 Thread 0x00000223b4d72c20 Unloading class 0x00000223b6a39400 'org/apache/maven/plugins/maven_resources_plugin/HelpMojo'
Event: 4556.264 Thread 0x00000223b4d72c20 Unloading class 0x00000223b6a39b10 'org/apache/maven/plugins/resources/CopyResourcesMojo'
Event: 4556.264 Thread 0x00000223b4d72c20 Unloading class 0x00000223b6a39800 'org/apache/maven/plugins/resources/ResourcesMojo'
Event: 4556.264 Thread 0x00000223b4d72c20 Unloading class 0x00000223b67f8800 'java/lang/invoke/LambdaForm$MH+0x00000223b67f8800'
Event: 4556.264 Thread 0x00000223b4d72c20 Unloading class 0x00000223b67f8400 'java/lang/invoke/LambdaForm$MH+0x00000223b67f8400'
Event: 4556.264 Thread 0x00000223b4d72c20 Unloading class 0x00000223b67f8000 'java/lang/invoke/LambdaForm$MH+0x00000223b67f8000'
Event: 4556.264 Thread 0x00000223b4d72c20 Unloading class 0x00000223b6704800 'java/lang/invoke/LambdaForm$MH+0x00000223b6704800'
Event: 4556.264 Thread 0x00000223b4d72c20 Unloading class 0x00000223b6704000 'java/lang/invoke/LambdaForm$MH+0x00000223b6704000'
Event: 4556.264 Thread 0x00000223b4d72c20 Unloading class 0x00000223b65a8800 'java/lang/invoke/LambdaForm$MH+0x00000223b65a8800'
Event: 4556.264 Thread 0x00000223b4d72c20 Unloading class 0x00000223b61a3000 'java/lang/invoke/LambdaForm$MH+0x00000223b61a3000'
Event: 4556.264 Thread 0x00000223b4d72c20 Unloading class 0x00000223b6183c00 'java/lang/invoke/LambdaForm$MH+0x00000223b6183c00'
Event: 4556.264 Thread 0x00000223b4d72c20 Unloading class 0x00000223b6182800 'java/lang/invoke/LambdaForm$MH+0x00000223b6182800'
Event: 4556.264 Thread 0x00000223b4d72c20 Unloading class 0x00000223b6182400 'java/lang/invoke/LambdaForm$MH+0x00000223b6182400'
Event: 4556.264 Thread 0x00000223b4d72c20 Unloading class 0x00000223b6181800 'java/lang/invoke/LambdaForm$MH+0x00000223b6181800'
Event: 4556.264 Thread 0x00000223b4d72c20 Unloading class 0x00000223b6181000 'java/lang/invoke/LambdaForm$MH+0x00000223b6181000'
Event: 4556.264 Thread 0x00000223b4d72c20 Unloading class 0x00000223b6118000 'java/lang/invoke/LambdaForm$MH+0x00000223b6118000'

Classes redefined (0 events):
No events

Internal exceptions (20 events):
Event: 4564.747 Thread 0x00000223ff28c300 Exception <a 'sun/nio/fs/WindowsException'{0x00000000d5668808}> (0x00000000d5668808) 
thrown [s\src\hotspot\share\prims\jni.cpp, line 520]
Event: 4564.747 Thread 0x00000223ff28c300 Exception <a 'sun/nio/fs/WindowsException'{0x00000000d5668e78}> (0x00000000d5668e78) 
thrown [s\src\hotspot\share\prims\jni.cpp, line 520]
Event: 4813.788 Thread 0x00000223ff293290 Exception <a 'sun/nio/fs/WindowsException'{0x00000000d59e6700}> (0x00000000d59e6700) 
thrown [s\src\hotspot\share\prims\jni.cpp, line 520]
Event: 4813.788 Thread 0x00000223ff293290 Exception <a 'sun/nio/fs/WindowsException'{0x00000000d59e7258}> (0x00000000d59e7258) 
thrown [s\src\hotspot\share\prims\jni.cpp, line 520]
Event: 5299.812 Thread 0x00000223f7957870 Exception <a 'sun/nio/fs/WindowsException'{0x00000000d59ef1e0}> (0x00000000d59ef1e0) 
thrown [s\src\hotspot\share\prims\jni.cpp, line 520]
Event: 5300.083 Thread 0x00000223f7957870 Exception <a 'sun/nio/fs/WindowsException'{0x00000000d5748ca8}> (0x00000000d5748ca8) 
thrown [s\src\hotspot\share\prims\jni.cpp, line 520]
Event: 5318.670 Thread 0x00000223f7957870 Exception <a 'sun/nio/fs/WindowsException'{0x00000000d56b86e8}> (0x00000000d56b86e8) 
thrown [s\src\hotspot\share\prims\jni.cpp, line 520]
Event: 5318.958 Thread 0x00000223f7957870 Exception <a 'sun/nio/fs/WindowsException'{0x00000000d587ae90}> (0x00000000d587ae90) 
thrown [s\src\hotspot\share\prims\jni.cpp, line 520]
Event: 5340.524 Thread 0x00000223ff28e3d0 Exception <a 'sun/nio/fs/WindowsException'{0x00000000d59f2d48}> (0x00000000d59f2d48) 
thrown [s\src\hotspot\share\prims\jni.cpp, line 520]
Event: 5340.524 Thread 0x00000223ff28e3d0 Exception <a 'sun/nio/fs/WindowsException'{0x00000000d59f3360}> (0x00000000d59f3360) 
thrown [s\src\hotspot\share\prims\jni.cpp, line 520]
Event: 5340.908 Thread 0x00000223ff28e3d0 Exception <a 'java/lang/NoClassDefFoundError'{0x00000000d5967b98}: org/eclipse/jdt/internal/ui/text/javadoc/JavadocContentAccess2> (0x00000000d5967b98) 
thrown [s\src\hotspot\share\classfile\systemDictionary.cpp, line 301]
Event: 5340.909 Thread 0x00000223ff28e3d0 Exception <a 'java/lang/NoClassDefFoundError'{0x00000000d5968218}: org/eclipse/jdt/internal/ui/text/javadoc/JavadocContentAccess2> (0x00000000d5968218) 
thrown [s\src\hotspot\share\oops\constantPool.cpp, line 873]
Event: 5340.911 Thread 0x00000223ff28e3d0 Exception <a 'java/lang/NoSuchMethodError'{0x00000000d5977680}: 'java.lang.Object java.lang.invoke.DirectMethodHandle$Holder.invokeVirtual(java.lang.Object, java.lang.Object, java.lang.Object, java.lang.Object, java.lang.Object)'> (0x00000000d5977680) 
thrown [s\src\hotspot\share\interpreter\linkResolver.cpp, line 773]
Event: 5344.546 Thread 0x00000223ff28e3d0 Implicit null exception at 0x00000223aa159380 to 0x00000223aa15fb4c
Event: 5377.030 Thread 0x00000223fef28b80 Exception <a 'java/lang/IncompatibleClassChangeError'{0x00000000d55d2980}: Found class java.lang.Object, but interface was expected> (0x00000000d55d2980) 
thrown [s\src\hotspot\share\interpreter\linkResolver.cpp, line 840]
Event: 5406.106 Thread 0x00000223f7957870 Exception <a 'sun/nio/fs/WindowsException'{0x00000000d58a1f18}> (0x00000000d58a1f18) 
thrown [s\src\hotspot\share\prims\jni.cpp, line 520]
Event: 5406.372 Thread 0x00000223f7957870 Exception <a 'sun/nio/fs/WindowsException'{0x00000000d56ef698}> (0x00000000d56ef698) 
thrown [s\src\hotspot\share\prims\jni.cpp, line 520]
Event: 5599.830 Thread 0x000002238d91fe00 Exception <a 'sun/nio/fs/WindowsException'{0x00000000d59546f8}> (0x00000000d59546f8) 
thrown [s\src\hotspot\share\prims\jni.cpp, line 520]
Event: 5599.830 Thread 0x000002238d91fe00 Exception <a 'sun/nio/fs/WindowsException'{0x00000000d5954fe0}> (0x00000000d5954fe0) 
thrown [s\src\hotspot\share\prims\jni.cpp, line 520]
Event: 5612.941 Thread 0x00000223ff28d6b0 Implicit null exception at 0x00000223a93d093a to 0x00000223a93d2585

ZGC Phase Switch (0 events):
No events

VM Operations (20 events):
Event: 5642.699 Executing safepoint VM operation: ParallelGCFailedAllocation (Allocation Failure)
Event: 5642.702 Executing safepoint VM operation: ParallelGCFailedAllocation (Allocation Failure) done
Event: 5643.703 Executing safepoint VM operation: Cleanup
Event: 5643.703 Executing safepoint VM operation: Cleanup done
Event: 5643.849 Executing safepoint VM operation: ParallelGCFailedAllocation (Allocation Failure)
Event: 5643.851 Executing safepoint VM operation: ParallelGCFailedAllocation (Allocation Failure) done
Event: 5643.860 Executing safepoint VM operation: ParallelGCFailedAllocation (Allocation Failure)
Event: 5643.862 Executing safepoint VM operation: ParallelGCFailedAllocation (Allocation Failure) done
Event: 5643.871 Executing safepoint VM operation: ParallelGCFailedAllocation (Allocation Failure)
Event: 5643.875 Executing safepoint VM operation: ParallelGCFailedAllocation (Allocation Failure) done
Event: 5643.997 Executing safepoint VM operation: ParallelGCFailedAllocation (Allocation Failure)
Event: 5643.999 Executing safepoint VM operation: ParallelGCFailedAllocation (Allocation Failure) done
Event: 5651.678 Executing non-safepoint VM operation: HandshakeAllThreads (HandshakeForDeflation)
Event: 5651.678 Executing non-safepoint VM operation: HandshakeAllThreads (HandshakeForDeflation) done
Event: 5651.678 Executing non-safepoint VM operation: RendezvousGCThreads
Event: 5651.678 Executing non-safepoint VM operation: RendezvousGCThreads done
Event: 5831.920 Executing non-safepoint VM operation: HandshakeAllThreads (HandshakeForDeflation)
Event: 5831.920 Executing non-safepoint VM operation: HandshakeAllThreads (HandshakeForDeflation) done
Event: 5831.920 Executing non-safepoint VM operation: RendezvousGCThreads
Event: 5831.920 Executing non-safepoint VM operation: RendezvousGCThreads done

Memory protections (0 events):
No events

Nmethod flushes (20 events):
Event: 4556.499 Thread 0x00000223b4d72c20 flushing  nmethod 0x00000223a487f090
Event: 4556.499 Thread 0x00000223b4d72c20 flushing  nmethod 0x00000223a48ae010
Event: 4556.499 Thread 0x00000223b4d72c20 flushing  nmethod 0x00000223a4916b10
Event: 4556.499 Thread 0x00000223b4d72c20 flushing  nmethod 0x00000223a495f990
Event: 4556.499 Thread 0x00000223b4d72c20 flushing  nmethod 0x00000223a4962e90
Event: 4556.499 Thread 0x00000223b4d72c20 flushing  nmethod 0x00000223a49a3e90
Event: 4556.499 Thread 0x00000223b4d72c20 flushing  nmethod 0x00000223a49b4110
Event: 4556.499 Thread 0x00000223b4d72c20 flushing  nmethod 0x00000223a49b6810
Event: 4556.499 Thread 0x00000223b4d72c20 flushing  nmethod 0x00000223a49b7510
Event: 4556.499 Thread 0x00000223b4d72c20 flushing  nmethod 0x00000223a49e4010
Event: 4556.499 Thread 0x00000223b4d72c20 flushing  nmethod 0x00000223a49f7410
Event: 4556.499 Thread 0x00000223b4d72c20 flushing  nmethod 0x00000223a4af3890
Event: 4556.499 Thread 0x00000223b4d72c20 flushing  nmethod 0x00000223a4af5690
Event: 4556.499 Thread 0x00000223b4d72c20 flushing  nmethod 0x00000223a4b77090
Event: 4556.499 Thread 0x00000223b4d72c20 flushing  nmethod 0x00000223a4bd5490
Event: 4556.499 Thread 0x00000223b4d72c20 flushing  nmethod 0x00000223a4be7810
Event: 4556.499 Thread 0x00000223b4d72c20 flushing  nmethod 0x00000223a4c01990
Event: 4556.499 Thread 0x00000223b4d72c20 flushing  nmethod 0x00000223a4c04610
Event: 4556.499 Thread 0x00000223b4d72c20 flushing  nmethod 0x00000223a4c0c490
Event: 4556.499 Thread 0x00000223b4d72c20 flushing  nmethod 0x00000223a4d60f90

Events (20 events):
Event: 5536.292 Thread 0x00000223ff28e3d0 Thread exited: 0x00000223ff28e3d0
Event: 5594.447 Thread 0x0000022388e5d300 Thread added: 0x000002238d91d6a0
Event: 5595.343 Thread 0x000002238d91d6a0 Thread added: 0x000002238d91fe00
Event: 5599.831 Thread 0x000002238d91fe00 Thread added: 0x000002238d920490
Event: 5599.831 Thread 0x000002238d920490 Thread exited: 0x000002238d920490
Event: 5599.836 Thread 0x000002238d91fe00 Thread added: 0x000002238d920490
Event: 5599.836 Thread 0x000002238d920490 Thread exited: 0x000002238d920490
Event: 5599.912 Thread 0x0000022388e5b230 Thread exited: 0x0000022388e5b230
Event: 5608.542 Thread 0x00000223ff291850 Thread added: 0x000002238d920490
Event: 5608.542 Thread 0x00000223ff28d6b0 Thread added: 0x000002238d91dd30
Event: 5618.794 Thread 0x0000022388e5d990 Thread exited: 0x0000022388e5d990
Event: 5620.601 Thread 0x000002238d91fe00 Thread added: 0x00000223ff0e4a40
Event: 5681.878 Thread 0x000002238d91fe00 Thread exited: 0x000002238d91fe00
Event: 5681.878 Thread 0x0000022388e5d300 Thread exited: 0x0000022388e5d300
Event: 5681.878 Thread 0x00000223ff293290 Thread exited: 0x00000223ff293290
Event: 5704.155 Thread 0x00000223ff28d6b0 Thread exited: 0x00000223ff28d6b0
Event: 5706.305 Thread 0x000002238d91d010 Thread exited: 0x000002238d91d010
Event: 5764.161 Thread 0x00000223ff291850 Thread exited: 0x00000223ff291850
Event: 5824.160 Thread 0x000002238d91dd30 Thread exited: 0x000002238d91dd30
Event: 5884.167 Thread 0x00000223ff28ea60 Thread exited: 0x00000223ff28ea60


Dynamic libraries:
0x00007ff6979c0000 - 0x00007ff6979ce000 	c:\Users\ducuy\.vscode\extensions\redhat.java-1.53.0-win32-x64\jre\21.0.10-win32-x86_64\bin\java.exe
0x00007ffbef070000 - 0x00007ffbef288000 	C:\WINDOWS\SYSTEM32\ntdll.dll
0x00007ffbee300000 - 0x00007ffbee3c4000 	C:\WINDOWS\System32\KERNEL32.DLL
0x00007ffbec2c0000 - 0x00007ffbec693000 	C:\WINDOWS\System32\KERNELBASE.dll
0x00007ffbe7c70000 - 0x00007ffbe7d07000 	C:\WINDOWS\SYSTEM32\apphelp.dll
0x00007ffbeca00000 - 0x00007ffbecb11000 	C:\WINDOWS\System32\ucrtbase.dll
0x00007ffb901c0000 - 0x00007ffb901d8000 	c:\Users\ducuy\.vscode\extensions\redhat.java-1.53.0-win32-x64\jre\21.0.10-win32-x86_64\bin\jli.dll
0x00007ffbedea0000 - 0x00007ffbee052000 	C:\WINDOWS\System32\USER32.dll
0x00007ffbec840000 - 0x00007ffbec866000 	C:\WINDOWS\System32\win32u.dll
0x00007ffbef000000 - 0x00007ffbef029000 	C:\WINDOWS\System32\GDI32.dll
0x00007ffbec6a0000 - 0x00007ffbec7bb000 	C:\WINDOWS\System32\gdi32full.dll
0x00007ffbec930000 - 0x00007ffbec9ca000 	C:\WINDOWS\System32\msvcp_win.dll
0x00007ffb88ba0000 - 0x00007ffb88bbe000 	c:\Users\ducuy\.vscode\extensions\redhat.java-1.53.0-win32-x64\jre\21.0.10-win32-x86_64\bin\VCRUNTIME140.dll
0x00007ffbd62b0000 - 0x00007ffbd654c000 	C:\WINDOWS\WinSxS\amd64_microsoft.windows.common-controls_6595b64144ccf1df_6.0.22621.6060_none_2712eda17382d24b\COMCTL32.dll
0x00007ffbee430000 - 0x00007ffbee4d7000 	C:\WINDOWS\System32\msvcrt.dll
0x00007ffbee3d0000 - 0x00007ffbee401000 	C:\WINDOWS\System32\IMM32.DLL
0x00007ffbd9160000 - 0x00007ffbd916c000 	c:\Users\ducuy\.vscode\extensions\redhat.java-1.53.0-win32-x64\jre\21.0.10-win32-x86_64\bin\vcruntime140_1.dll
0x00007ffb86a30000 - 0x00007ffb86abd000 	c:\Users\ducuy\.vscode\extensions\redhat.java-1.53.0-win32-x64\jre\21.0.10-win32-x86_64\bin\msvcp140.dll
0x00007ffb2aa20000 - 0x00007ffb2b7c1000 	c:\Users\ducuy\.vscode\extensions\redhat.java-1.53.0-win32-x64\jre\21.0.10-win32-x86_64\bin\server\jvm.dll
0x00007ffbeeec0000 - 0x00007ffbeef71000 	C:\WINDOWS\System32\ADVAPI32.dll
0x00007ffbecd10000 - 0x00007ffbecdb8000 	C:\WINDOWS\System32\sechost.dll
0x00007ffbec9d0000 - 0x00007ffbec9f8000 	C:\WINDOWS\System32\bcrypt.dll
0x00007ffbed720000 - 0x00007ffbed838000 	C:\WINDOWS\System32\RPCRT4.dll
0x00007ffbeef80000 - 0x00007ffbeeff1000 	C:\WINDOWS\System32\WS2_32.dll
0x00007ffbeb0d0000 - 0x00007ffbeb11d000 	C:\WINDOWS\SYSTEM32\POWRPROF.dll
0x00007ffbe4ab0000 - 0x00007ffbe4ae4000 	C:\WINDOWS\SYSTEM32\WINMM.dll
0x00007ffbe0830000 - 0x00007ffbe083a000 	C:\WINDOWS\SYSTEM32\VERSION.dll
0x00007ffbeb010000 - 0x00007ffbeb023000 	C:\WINDOWS\SYSTEM32\UMPDC.dll
0x00007ffbeb210000 - 0x00007ffbeb228000 	C:\WINDOWS\SYSTEM32\kernel.appcore.dll
0x00007ffbd8190000 - 0x00007ffbd819a000 	c:\Users\ducuy\.vscode\extensions\redhat.java-1.53.0-win32-x64\jre\21.0.10-win32-x86_64\bin\jimage.dll
0x00007ffbe9d10000 - 0x00007ffbe9f43000 	C:\WINDOWS\SYSTEM32\DBGHELP.DLL
0x00007ffbee4e0000 - 0x00007ffbee871000 	C:\WINDOWS\System32\combase.dll
0x00007ffbee220000 - 0x00007ffbee2f8000 	C:\WINDOWS\System32\OLEAUT32.dll
0x00007ffbc6330000 - 0x00007ffbc6362000 	C:\WINDOWS\SYSTEM32\dbgcore.DLL
0x00007ffbecb20000 - 0x00007ffbecb9b000 	C:\WINDOWS\System32\bcryptPrimitives.dll
0x00007ffbd8090000 - 0x00007ffbd809f000 	c:\Users\ducuy\.vscode\extensions\redhat.java-1.53.0-win32-x64\jre\21.0.10-win32-x86_64\bin\instrument.dll
0x00007ffb88a10000 - 0x00007ffb88a30000 	c:\Users\ducuy\.vscode\extensions\redhat.java-1.53.0-win32-x64\jre\21.0.10-win32-x86_64\bin\java.dll
0x00007ffbecdd0000 - 0x00007ffbed66c000 	C:\WINDOWS\System32\SHELL32.dll
0x00007ffbec180000 - 0x00007ffbec2bf000 	C:\WINDOWS\System32\wintypes.dll
0x00007ffbea030000 - 0x00007ffbea94a000 	C:\WINDOWS\SYSTEM32\windows.storage.dll
0x00007ffbeec50000 - 0x00007ffbeed54000 	C:\WINDOWS\System32\SHCORE.dll
0x00007ffbede30000 - 0x00007ffbede99000 	C:\WINDOWS\System32\shlwapi.dll
0x00007ffbec0b0000 - 0x00007ffbec0d5000 	C:\WINDOWS\SYSTEM32\profapi.dll
0x00007ffb88b80000 - 0x00007ffb88b98000 	c:\Users\ducuy\.vscode\extensions\redhat.java-1.53.0-win32-x64\jre\21.0.10-win32-x86_64\bin\zip.dll
0x00007ffbd4050000 - 0x00007ffbd4060000 	C:\Users\ducuy\.vscode\extensions\redhat.java-1.53.0-win32-x64\jre\21.0.10-win32-x86_64\bin\net.dll
0x00007ffbe4110000 - 0x00007ffbe423c000 	C:\WINDOWS\SYSTEM32\WINHTTP.dll
0x00007ffbeb6d0000 - 0x00007ffbeb739000 	C:\WINDOWS\system32\mswsock.dll
0x00007ffb900a0000 - 0x00007ffb900b6000 	C:\Users\ducuy\.vscode\extensions\redhat.java-1.53.0-win32-x64\jre\21.0.10-win32-x86_64\bin\nio.dll
0x00007ffbc5eb0000 - 0x00007ffbc5ec0000 	c:\Users\ducuy\.vscode\extensions\redhat.java-1.53.0-win32-x64\jre\21.0.10-win32-x86_64\bin\verify.dll
0x00007ffb85cb0000 - 0x00007ffb85cf5000 	C:\Users\ducuy\AppData\Roaming\Code\User\globalStorage\redhat.java\1.53.0\config_win\org.eclipse.equinox.launcher\org.eclipse.equinox.launcher.win32.win32.x86_64_1.3.0.v20260203-2149\eclipse_11919.dll
0x00007ffbee970000 - 0x00007ffbeeb11000 	C:\WINDOWS\System32\ole32.dll
0x00007ffbeba20000 - 0x00007ffbeba3b000 	C:\WINDOWS\SYSTEM32\CRYPTSP.dll
0x00007ffbeb170000 - 0x00007ffbeb1a7000 	C:\WINDOWS\system32\rsaenh.dll
0x00007ffbeb770000 - 0x00007ffbeb798000 	C:\WINDOWS\SYSTEM32\USERENV.dll
0x00007ffbeba00000 - 0x00007ffbeba0c000 	C:\WINDOWS\SYSTEM32\CRYPTBASE.dll
0x00007ffbeabb0000 - 0x00007ffbeabdd000 	C:\WINDOWS\SYSTEM32\IPHLPAPI.DLL
0x00007ffbee8e0000 - 0x00007ffbee8e9000 	C:\WINDOWS\System32\NSI.dll
0x00007ffb88780000 - 0x00007ffb887c9000 	C:\Users\ducuy\AppData\Local\Temp\jna-95936534\jna17080856100366855318.dll
0x00007ffbecdc0000 - 0x00007ffbecdc8000 	C:\WINDOWS\System32\PSAPI.DLL
0x00007ffbe4b00000 - 0x00007ffbe4b19000 	C:\WINDOWS\SYSTEM32\dhcpcsvc6.DLL
0x00007ffbe4750000 - 0x00007ffbe476f000 	C:\WINDOWS\SYSTEM32\dhcpcsvc.DLL
0x00007ffbc5a70000 - 0x00007ffbc5a7e000 	C:\Users\ducuy\.vscode\extensions\redhat.java-1.53.0-win32-x64\jre\21.0.10-win32-x86_64\bin\sunmscapi.dll
0x00007ffbecba0000 - 0x00007ffbecd08000 	C:\WINDOWS\System32\CRYPT32.dll
0x00007ffbebb20000 - 0x00007ffbebb4e000 	C:\WINDOWS\SYSTEM32\ncrypt.dll
0x00007ffbebae0000 - 0x00007ffbebb17000 	C:\WINDOWS\SYSTEM32\NTASN1.dll
0x00007ffbeac20000 - 0x00007ffbead18000 	C:\WINDOWS\SYSTEM32\DNSAPI.dll
0x00007ffbe2f60000 - 0x00007ffbe2f6a000 	C:\Windows\System32\rasadhlp.dll
0x00007ffbe2e40000 - 0x00007ffbe2ec4000 	C:\WINDOWS\System32\fwpuclnt.dll
0x00007ffbe8dd0000 - 0x00007ffbe8dd9000 	C:\Users\ducuy\.vscode\extensions\redhat.java-1.53.0-win32-x64\jre\21.0.10-win32-x86_64\bin\extnet.dll

JVMTI agents:
c:\Users\ducuy\.vscode\extensions\redhat.java-1.53.0-win32-x64\lombok\lombok-1.18.39-4050.jar path:c:\Users\ducuy\.vscode\extensions\redhat.java-1.53.0-win32-x64\jre\21.0.10-win32-x86_64\bin\instrument.dll, loaded, initialized, instrumentlib options:none

dbghelp: loaded successfully - version: 4.0.5 - missing functions: none
symbol engine: initialized successfully - sym options: 0x614 - pdb path: .;c:\Users\ducuy\.vscode\extensions\redhat.java-1.53.0-win32-x64\jre\21.0.10-win32-x86_64\bin;C:\WINDOWS\SYSTEM32;C:\WINDOWS\WinSxS\amd64_microsoft.windows.common-controls_6595b64144ccf1df_6.0.22621.6060_none_2712eda17382d24b;c:\Users\ducuy\.vscode\extensions\redhat.java-1.53.0-win32-x64\jre\21.0.10-win32-x86_64\bin\server;C:\Users\ducuy\AppData\Roaming\Code\User\globalStorage\redhat.java\1.53.0\config_win\org.eclipse.equinox.launcher\org.eclipse.equinox.launcher.win32.win32.x86_64_1.3.0.v20260203-2149;C:\Users\ducuy\AppData\Local\Temp\jna-95936534

VM Arguments:
jvm_args: --add-modules=ALL-SYSTEM --add-opens=java.base/java.util=ALL-UNNAMED --add-opens=java.base/java.lang=ALL-UNNAMED --add-opens=java.base/sun.nio.fs=ALL-UNNAMED -Declipse.application=org.eclipse.jdt.ls.core.id1 -Dosgi.bundles.defaultStartLevel=4 -Declipse.product=org.eclipse.jdt.ls.core.product -Djava.import.generatesMetadataFilesAtProjectRoot=false -DDetectVMInstallationsJob.disabled=true -Dfile.encoding=utf8 -XX:+UseParallelGC -XX:GCTimeRatio=4 -XX:AdaptiveSizePolicyWeight=90 -Dsun.zip.disableMemoryMapping=true -Xmx2G -Xms100m -Xlog:disable -javaagent:c:\Users\ducuy\.vscode\extensions\redhat.java-1.53.0-win32-x64\lombok\lombok-1.18.39-4050.jar -XX:+HeapDumpOnOutOfMemoryError -XX:HeapDumpPath=c:\Users\ducuy\AppData\Roaming\Code\User\workspaceStorage\f2733c32d03fe664640ec7a2b5974a22\redhat.java -Daether.dependencyCollector.impl=bf 
java_command: c:\Users\ducuy\.vscode\extensions\redhat.java-1.53.0-win32-x64\server\plugins\org.eclipse.equinox.launcher_1.7.100.v20251111-0406.jar -configuration c:\Users\ducuy\AppData\Roaming\Code\User\globalStorage\redhat.java\1.53.0\config_win -data c:\Users\ducuy\AppData\Roaming\Code\User\workspaceStorage\f2733c32d03fe664640ec7a2b5974a22\redhat.java\jdt_ws --pipe=\\.\pipe\lsp-94e44b52730ac87b06e59b1cee8e68a8-sock
java_class_path (initial): c:\Users\ducuy\.vscode\extensions\redhat.java-1.53.0-win32-x64\server\plugins\org.eclipse.equinox.launcher_1.7.100.v20251111-0406.jar
Launcher Type: SUN_STANDARD

[Global flags]
    uintx AdaptiveSizePolicyWeight                 = 90                                        {product} {command line}
     intx CICompilerCount                          = 4                                         {product} {ergonomic}
    uintx GCTimeRatio                              = 4                                         {product} {command line}
     bool HeapDumpOnOutOfMemoryError               = true                                   {manageable} {command line}
    ccstr HeapDumpPath                             = c:\Users\ducuy\AppData\Roaming\Code\User\workspaceStorage\f2733c32d03fe664640ec7a2b5974a22\redhat.java         {manageable} {command line}
   size_t InitialHeapSize                          = 104857600                                 {product} {command line}
   size_t MaxHeapSize                              = 2147483648                                {product} {command line}
   size_t MaxNewSize                               = 715653120                                 {product} {ergonomic}
   size_t MinHeapDeltaBytes                        = 524288                                    {product} {ergonomic}
   size_t MinHeapSize                              = 104857600                                 {product} {command line}
   size_t NewSize                                  = 34603008                                  {product} {ergonomic}
    uintx NonNMethodCodeHeapSize                   = 5839372                                {pd product} {ergonomic}
    uintx NonProfiledCodeHeapSize                  = 122909434                              {pd product} {ergonomic}
   size_t OldSize                                  = 70254592                                  {product} {ergonomic}
    uintx ProfiledCodeHeapSize                     = 122909434                              {pd product} {ergonomic}
    uintx ReservedCodeCacheSize                    = 251658240                              {pd product} {ergonomic}
     bool SegmentedCodeCache                       = true                                      {product} {ergonomic}
   size_t SoftMaxHeapSize                          = 2147483648                             {manageable} {ergonomic}
     bool UseCompressedOops                        = true                           {product lp64_product} {ergonomic}
     bool UseLargePagesIndividualAllocation        = false                                  {pd product} {ergonomic}
     bool UseParallelGC                            = true                                      {product} {command line}

Logging:
Log output configuration:
 #0: stdout all=off uptime,level,tags foldmultilines=false
 #1: stderr all=off uptime,level,tags foldmultilines=false

Release file:
JAVA_VERSION="21.0.10" 
MODULES="java.base java.compiler java.datatransfer java.xml java.prefs java.desktop java.instrument java.logging java.management java.security.sasl java.naming java.rmi java.management.rmi java.net.http java.scripting java.security.jgss java.transaction.xa java.sql java.sql.rowset java.xml.crypto java.se java.smartcardio jdk.accessibility jdk.internal.jvmstat jdk.attach jdk.charsets jdk.internal.opt jdk.zipfs jdk.compiler jdk.crypto.ec jdk.crypto.cryptoki jdk.crypto.mscapi jdk.dynalink jdk.internal.ed jdk.editpad jdk.hotspot.agent jdk.httpserver jdk.internal.le jdk.internal.vm.ci jdk.internal.vm.compiler jdk.internal.vm.compiler.management jdk.jartool jdk.javadoc jdk.jcmd jdk.management jdk.management.agent jdk.jconsole jdk.jdeps jdk.jdwp.agent jdk.jdi jdk.jfr jdk.jshell jdk.jsobject jdk.jstatd jdk.localedata jdk.management.jfr jdk.naming.dns jdk.naming.rmi jdk.net jdk.nio.mapmode jdk.random jdk.sctp jdk.security.auth jdk.security.jgss jdk.unsupported jdk.unsupported.desktop jdk.xml.dom" 

Environment Variables:
JAVA_HOME=C:\Program Files\Java\jdk-21
PATH=C:\Program Files\Common Files\Oracle\Java\javapath;C:\WINDOWS\system32;C:\WINDOWS;C:\WINDOWS\System32\Wbem;C:\WINDOWS\System32\WindowsPowerShell\v1.0\;C:\WINDOWS\System32\OpenSSH\;C:\Program Files\Git\cmd;C:\Program Files\Microsoft SQL Server\150\Tools\Binn\;C:\Program Files\Microsoft SQL Server\Client SDK\ODBC\170\Tools\Binn\;C:\Program Files\dotnet\;C:\Program Files\Microsoft SQL Server\Client SDK\ODBC\110\Tools\Binn\;C:\Program Files (x86)\Microsoft SQL Server\120\Tools\Binn\;C:\Program Files\Microsoft SQL Server\120\Tools\Binn\;C:\Program Files\Microsoft SQL Server\120\DTS\Binn\;C:\Program Files (x86)\Microsoft SQL Server\120\Tools\Binn\ManagementStudio\;C:\Program Files (x86)\Microsoft SQL Server\120\DTS\Binn\;C:\Program Files\Cloudflare\Cloudflare WARP\;C:\Program Files\nodejs\;C:\Program Files\Docker\Docker\resources\bin;C:\Users\ducuy\AppData\Local\Microsoft\WindowsApps;C:\src\flutter_windows_3.35.4-stable\flutter\bin;C:\Program Files\Java\jdk-21\bin;C:\apache-maven-3.9.11\bin;C:\Users\ducuy\.dotnet\tools;C:\Users\ducuy\AppData\Roaming\npm;C:\Users\ducuy\AppData\Local\Programs\Microsoft VS Code\bin
USERNAME=ducuy
OS=Windows_NT
PROCESSOR_IDENTIFIER=Intel64 Family 6 Model 142 Stepping 10, GenuineIntel
TMP=C:\Users\ducuy\AppData\Local\Temp
TEMP=C:\Users\ducuy\AppData\Local\Temp




Periodic native trim disabled

---------------  S Y S T E M  ---------------

OS:
 Windows 11 , 64 bit Build 22621 (10.0.22621.5415)
OS uptime: 5 days 16:05 hours
Hyper-V role detected

CPU: total 8 (initial active 8) (4 cores per cpu, 2 threads per core) family 6 model 142 stepping 10 microcode 0xea, cx8, cmov, fxsr, ht, mmx, 3dnowpref, sse, sse2, sse3, ssse3, sse4.1, sse4.2, popcnt, lzcnt, tsc, tscinvbit, avx, avx2, aes, erms, clmul, bmi1, bmi2, adx, fma, vzeroupper, clflush, clflushopt, hv, rdtscp, f16c
Processor Information for the first 8 processors :
  Max Mhz: 1800, Current Mhz: 1600, Mhz Limit: 1584

Memory: 4k page, system-wide physical 12152M (332M free)
TotalPageFile size 26355M (AvailPageFile size 0M)
current process WorkingSet (physical memory assigned to process): 1287M, peak: 1499M
current process commit charge ("private bytes"): 1593M, peak: 1812M

vm_info: OpenJDK 64-Bit Server VM (21.0.10+7-LTS) for windows-amd64 JRE (21.0.10+7-LTS), built on 2026-01-20T00:00:00Z by "admin" with MS VC++ 17.12 (VS2022)

END.
