#
# There is insufficient memory for the Java Runtime Environment to continue.
# Native memory allocation (malloc) failed to allocate 1048576 bytes. Error detail: AllocateHeap
# Possible reasons:
#   The system is out of physical RAM or swap space
#   This process is running with CompressedOops enabled, and the Java Heap may be blocking the growth of the native heap
# Possible solutions:
#   Reduce memory load on the system
#   Increase physical memory or swap space
#   Check if swap backing store is full
#   Decrease Java heap size (-Xmx/-Xms)
#   Decrease number of Java threads
#   Decrease Java thread stack sizes (-Xss)
#   Set larger code cache with -XX:ReservedCodeCacheSize=
#   JVM is running with Unscaled Compressed Oops mode in which the Java heap is
#     placed in the first 4GB address space. The Java Heap base address is the
#     maximum limit for the native heap growth. Please use -XX:HeapBaseMinAddress
#     to set the Java Heap base and to place the Java Heap above 4GB virtual address.
# This output file may be truncated or incomplete.
#
#  Out of Memory Error (allocation.cpp:44), pid=11960, tid=10796
#
# JRE version: OpenJDK Runtime Environment Temurin-21.0.10+7 (21.0.10+7) (build 21.0.10+7-LTS)
# Java VM: OpenJDK 64-Bit Server VM Temurin-21.0.10+7 (21.0.10+7-LTS, mixed mode, sharing, tiered, compressed oops, compressed class ptrs, parallel gc, windows-amd64)
# No core dump will be written. Minidumps are not enabled by default on client versions of Windows
#

---------------  S U M M A R Y ------------

Command Line: --add-modules=ALL-SYSTEM --add-opens=java.base/java.util=ALL-UNNAMED --add-opens=java.base/java.lang=ALL-UNNAMED --add-opens=java.base/sun.nio.fs=ALL-UNNAMED -Declipse.application=org.eclipse.jdt.ls.core.id1 -Dosgi.bundles.defaultStartLevel=4 -Declipse.product=org.eclipse.jdt.ls.core.product -Djava.import.generatesMetadataFilesAtProjectRoot=false -DDetectVMInstallationsJob.disabled=true -Dfile.encoding=utf8 -XX:+UseParallelGC -XX:GCTimeRatio=4 -XX:AdaptiveSizePolicyWeight=90 -Dsun.zip.disableMemoryMapping=true -Xmx2G -Xms100m -Xlog:disable -javaagent:c:\Users\ducuy\.vscode\extensions\redhat.java-1.53.0-win32-x64\lombok\lombok-1.18.39-4050.jar -XX:+HeapDumpOnOutOfMemoryError -XX:HeapDumpPath=c:\Users\ducuy\AppData\Roaming\Code\User\workspaceStorage\f2733c32d03fe664640ec7a2b5974a22\redhat.java -Daether.dependencyCollector.impl=bf c:\Users\ducuy\.vscode\extensions\redhat.java-1.53.0-win32-x64\server\plugins\org.eclipse.equinox.launcher_1.7.100.v20251111-0406.jar -configuration c:\Users\ducuy\AppData\Roaming\Code\User\globalStorage\redhat.java\1.53.0\config_win -data c:\Users\ducuy\AppData\Roaming\Code\User\workspaceStorage\f2733c32d03fe664640ec7a2b5974a22\redhat.java\jdt_ws --pipe=\\.\pipe\lsp-4aed8c653fa75be12b9fe6ebf3646c50-sock

Host: Intel(R) Core(TM) i5-8250U CPU @ 1.60GHz, 8 cores, 11G,  Windows 11 , 64 bit Build 22621 (10.0.22621.5415)
Time: Wed Apr  1 01:22:21 2026 SE Asia Standard Time elapsed time: 13032.056215 seconds (0d 3h 37m 12s)

---------------  T H R E A D  ---------------

Current thread (0x000002d62ca3a250):  JavaThread "Attach Listener" daemon [_thread_in_vm, id=10796, stack(0x000000dee4e00000,0x000000dee4f00000) (1024K)]

Stack: [0x000000dee4e00000,0x000000dee4f00000]
Native frames: (J=compiled Java code, j=interpreted, Vv=VM code, C=native code)
V  [jvm.dll+0x6d7a39]
V  [jvm.dll+0x8b4b26]
V  [jvm.dll+0x8b70de]
V  [jvm.dll+0x8b77c3]
V  [jvm.dll+0x284346]
V  [jvm.dll+0xc1277]
V  [jvm.dll+0x6d82e9]
V  [jvm.dll+0x1334a6]
V  [jvm.dll+0x3f857e]
V  [jvm.dll+0x85f59d]
V  [jvm.dll+0x6d626d]
C  [ucrtbase.dll+0x29333]
C  [KERNEL32.DLL+0x1259d]
C  [ntdll.dll+0x5af78]


---------------  P R O C E S S  ---------------

Threads class SMR info:
_java_thread_list=0x000002d600837be0, length=46, elements={
0x000002d615fca070, 0x000002d62ca38390, 0x000002d61607d1a0, 0x000002d62ca39080,
0x000002d62ca3a250, 0x000002d62ca3c970, 0x000002d62ca3fda0, 0x000002d62ca4c340,
0x000002d62ca52ac0, 0x000002d66f4fd840, 0x000002d66f4fd1b0, 0x000002d66f4fded0,
0x000002d66f4fe560, 0x000002d66f4fbe00, 0x000002d66f4fcb20, 0x000002d66f4fb0e0,
0x000002d66f4fb770, 0x000002d66f4fc490, 0x000002d674ac9e30, 0x000002d674ace660,
0x000002d674ac9110, 0x000002d674acfa10, 0x000002d674acb870, 0x000002d674acb1e0,
0x000002d674aca4c0, 0x000002d674ad0730, 0x000002d674ac97a0, 0x000002d674acab50,
0x000002d674acd2b0, 0x000002d675fbd250, 0x000002d675fbdf70, 0x000002d675fbe600,
0x000002d60093d770, 0x000002d674ad00a0, 0x000002d674acbf00, 0x000002d674acd940,
0x000002d67603b3f0, 0x000002d67603a040, 0x000002d6017e53d0, 0x000002d60093d0e0,
0x000002d6760402b0, 0x000002d675fbcbc0, 0x000002d675fc13f0, 0x000002d675fbbea0,
0x000002d6017de440, 0x000002d6017e1230
}

Java Threads: ( => current thread )
  0x000002d615fca070 JavaThread "main"                              [_thread_blocked, id=29960, stack(0x000000dee4700000,0x000000dee4800000) (1024K)]
  0x000002d62ca38390 JavaThread "Reference Handler"          daemon [_thread_blocked, id=20956, stack(0x000000dee4b00000,0x000000dee4c00000) (1024K)]
  0x000002d61607d1a0 JavaThread "Finalizer"                  daemon [_thread_blocked, id=13868, stack(0x000000dee4c00000,0x000000dee4d00000) (1024K)]
  0x000002d62ca39080 JavaThread "Signal Dispatcher"          daemon [_thread_blocked, id=29096, stack(0x000000dee4d00000,0x000000dee4e00000) (1024K)]
=>0x000002d62ca3a250 JavaThread "Attach Listener"            daemon [_thread_in_vm, id=10796, stack(0x000000dee4e00000,0x000000dee4f00000) (1024K)]
  0x000002d62ca3c970 JavaThread "Service Thread"             daemon [_thread_blocked, id=15984, stack(0x000000dee4f00000,0x000000dee5000000) (1024K)]
  0x000002d62ca3fda0 JavaThread "Monitor Deflation Thread"   daemon [_thread_blocked, id=34012, stack(0x000000dee5000000,0x000000dee5100000) (1024K)]
  0x000002d62ca4c340 JavaThread "C2 CompilerThread0"         daemon [_thread_blocked, id=33552, stack(0x000000dee5100000,0x000000dee5200000) (1024K)]
  0x000002d62ca52ac0 JavaThread "C1 CompilerThread0"         daemon [_thread_blocked, id=33924, stack(0x000000dee5200000,0x000000dee5300000) (1024K)]
  0x000002d66f4fd840 JavaThread "Common-Cleaner"             daemon [_thread_blocked, id=29196, stack(0x000000dee5300000,0x000000dee5400000) (1024K)]
  0x000002d66f4fd1b0 JavaThread "Notification Thread"        daemon [_thread_blocked, id=17520, stack(0x000000dee5400000,0x000000dee5500000) (1024K)]
  0x000002d66f4fded0 JavaThread "Active Thread: Equinox Container: 257a9806-ccd7-4816-887b-7dbdf8b93ef9"        [_thread_blocked, id=32396, stack(0x000000dee5d00000,0x000000dee5e00000) (1024K)]
  0x000002d66f4fe560 JavaThread "Refresh Thread: Equinox Container: 257a9806-ccd7-4816-887b-7dbdf8b93ef9" daemon [_thread_blocked, id=24092, stack(0x000000dee5f00000,0x000000dee6000000) (1024K)]
  0x000002d66f4fbe00 JavaThread "Framework Event Dispatcher: Equinox Container: 257a9806-ccd7-4816-887b-7dbdf8b93ef9" daemon [_thread_blocked, id=33776, stack(0x000000dee6000000,0x000000dee6100000) (1024K)]
  0x000002d66f4fcb20 JavaThread "Start Level: Equinox Container: 257a9806-ccd7-4816-887b-7dbdf8b93ef9" daemon [_thread_blocked, id=28676, stack(0x000000dee6100000,0x000000dee6200000) (1024K)]
  0x000002d66f4fb0e0 JavaThread "Bundle File Closer"         daemon [_thread_blocked, id=24660, stack(0x000000dee6200000,0x000000dee6300000) (1024K)]
  0x000002d66f4fb770 JavaThread "SCR Component Actor"        daemon [_thread_blocked, id=27312, stack(0x000000dee5c00000,0x000000dee5d00000) (1024K)]
  0x000002d66f4fc490 JavaThread "Worker-JM"                         [_thread_blocked, id=34204, stack(0x000000dee6400000,0x000000dee6500000) (1024K)]
  0x000002d674ac9e30 JavaThread "JNA Cleaner"                daemon [_thread_blocked, id=28476, stack(0x000000dee5500000,0x000000dee5600000) (1024K)]
  0x000002d674ace660 JavaThread "Java indexing"              daemon [_thread_blocked, id=26912, stack(0x000000dee6900000,0x000000dee6a00000) (1024K)]
  0x000002d674ac9110 JavaThread "Thread-1"                   daemon [_thread_in_native, id=29952, stack(0x000000dee6f00000,0x000000dee7000000) (1024K)]
  0x000002d674acfa10 JavaThread "Thread-2"                   daemon [_thread_in_native, id=33460, stack(0x000000dee7000000,0x000000dee7100000) (1024K)]
  0x000002d674acb870 JavaThread "Thread-3"                   daemon [_thread_in_native, id=25484, stack(0x000000dee7100000,0x000000dee7200000) (1024K)]
  0x000002d674acb1e0 JavaThread "Thread-4"                   daemon [_thread_in_native, id=17056, stack(0x000000dee7200000,0x000000dee7300000) (1024K)]
  0x000002d674aca4c0 JavaThread "Thread-5"                   daemon [_thread_in_native, id=24152, stack(0x000000dee7300000,0x000000dee7400000) (1024K)]
  0x000002d674ad0730 JavaThread "Thread-6"                   daemon [_thread_in_native, id=4160, stack(0x000000dee7400000,0x000000dee7500000) (1024K)]
  0x000002d674ac97a0 JavaThread "Thread-7"                   daemon [_thread_in_native, id=34252, stack(0x000000dee7500000,0x000000dee7600000) (1024K)]
  0x000002d674acab50 JavaThread "Thread-8"                   daemon [_thread_in_native, id=33824, stack(0x000000dee7600000,0x000000dee7700000) (1024K)]
  0x000002d674acd2b0 JavaThread "Thread-9"                   daemon [_thread_in_native, id=30800, stack(0x000000dee7700000,0x000000dee7800000) (1024K)]
  0x000002d675fbd250 JavaThread "pool-2-thread-1"                   [_thread_blocked, id=34336, stack(0x000000dee7800000,0x000000dee7900000) (1024K)]
  0x000002d675fbdf70 JavaThread "WorkspaceEventsHandler"            [_thread_blocked, id=31108, stack(0x000000dee7900000,0x000000dee7a00000) (1024K)]
  0x000002d675fbe600 JavaThread "pool-1-thread-1"                   [_thread_blocked, id=29880, stack(0x000000dee7a00000,0x000000dee7b00000) (1024K)]
  0x000002d60093d770 JavaThread "Cleaner-0"                  daemon [_thread_blocked, id=27080, stack(0x000000dee9700000,0x000000dee9800000) (1024K)]
  0x000002d674ad00a0 JavaThread "Java Debug Server"          daemon [_thread_in_native, id=15944, stack(0x000000dee6c00000,0x000000dee6d00000) (1024K)]
  0x000002d674acbf00 JavaThread "RxSchedulerPurge-1"         daemon [_thread_blocked, id=3816, stack(0x000000dee8200000,0x000000dee8300000) (1024K)]
  0x000002d674acd940 JavaThread "RxCachedWorkerPoolEvictor-1" daemon [_thread_blocked, id=19188, stack(0x000000dee8300000,0x000000dee8400000) (1024K)]
  0x000002d67603b3f0 JavaThread "process reaper (pid 15796)" daemon [_thread_in_native, id=3760, stack(0x000000dee41e0000,0x000000dee4200000) (128K)]
  0x000002d67603a040 JavaThread "Worker-16"                         [_thread_blocked, id=15952, stack(0x000000dee6d00000,0x000000dee6e00000) (1024K)]
  0x000002d6017e53d0 JavaThread "pool-5-thread-2"                   [_thread_in_native, id=15636, stack(0x000000dee8000000,0x000000dee8100000) (1024K)]
  0x000002d60093d0e0 JavaThread "Worker-23"                         [_thread_blocked, id=24860, stack(0x000000dee6800000,0x000000dee6900000) (1024K)]
  0x000002d6760402b0 JavaThread "RxNewThreadScheduler-7"     daemon [_thread_blocked, id=9028, stack(0x000000dee8400000,0x000000dee8500000) (1024K)]
  0x000002d675fbcbc0 JavaThread "ForkJoinPool.commonPool-worker-49" daemon [_thread_blocked, id=33052, stack(0x000000dee4500000,0x000000dee4600000) (1024K)]
  0x000002d675fc13f0 JavaThread "ForkJoinPool.commonPool-worker-50" daemon [_thread_blocked, id=26868, stack(0x000000dee4600000,0x000000dee4700000) (1024K)]
  0x000002d675fbbea0 JavaThread "ForkJoinPool.commonPool-worker-52" daemon [_thread_blocked, id=8276, stack(0x000000dee6600000,0x000000dee6700000) (1024K)]
  0x000002d6017de440 JavaThread "ForkJoinPool.commonPool-worker-53" daemon [_thread_blocked, id=28176, stack(0x000000dee6700000,0x000000dee6800000) (1024K)]
  0x000002d6017e1230 JavaThread "Compiler Source File Reader" daemon [_thread_blocked, id=29272, stack(0x000000dee6b00000,0x000000dee6c00000) (1024K)]
Total: 46

Other Threads:
  0x000002d62ca33670 VMThread "VM Thread"                           [id=26976, stack(0x000000dee4a00000,0x000000dee4b00000) (1024K)]
  0x000002d6160342b0 WatcherThread "VM Periodic Task Thread"        [id=31688, stack(0x000000dee4900000,0x000000dee4a00000) (1024K)]
  0x000002d615fe83e0 WorkerThread "GC Thread#0"                     [id=31148, stack(0x000000dee4800000,0x000000dee4900000) (1024K)]
  0x000002d66f6b4bc0 WorkerThread "GC Thread#1"                     [id=2096, stack(0x000000dee5600000,0x000000dee5700000) (1024K)]
  0x000002d66f67f8f0 WorkerThread "GC Thread#2"                     [id=30112, stack(0x000000dee5700000,0x000000dee5800000) (1024K)]
  0x000002d66f67fca0 WorkerThread "GC Thread#3"                     [id=34288, stack(0x000000dee5800000,0x000000dee5900000) (1024K)]
  0x000002d66f680050 WorkerThread "GC Thread#4"                     [id=22132, stack(0x000000dee5900000,0x000000dee5a00000) (1024K)]
  0x000002d66f680400 WorkerThread "GC Thread#5"                     [id=13792, stack(0x000000dee5a00000,0x000000dee5b00000) (1024K)]
  0x000002d66f6b91c0 WorkerThread "GC Thread#6"                     [id=33268, stack(0x000000dee5b00000,0x000000dee5c00000) (1024K)]
  0x000002d674159310 WorkerThread "GC Thread#7"                     [id=27148, stack(0x000000dee5e00000,0x000000dee5f00000) (1024K)]
Total: 10

Threads with active compile tasks:
Total: 0

VM state: not at safepoint (normal execution)

VM Mutex/Monitor currently owned by a thread: None

Heap address: 0x0000000080000000, size: 2048 MB, Compressed Oops mode: 32-bit

CDS archive(s) mapped at: [0x000002d62d000000-0x000002d62dba0000-0x000002d62dba0000), size 12189696, SharedBaseAddress: 0x000002d62d000000, ArchiveRelocationMode: 1.
Compressed class space mapped at: 0x000002d62e000000-0x000002d66e000000, reserved size: 1073741824
Narrow klass base: 0x000002d62d000000, Narrow klass shift: 0, Narrow klass range: 0x100000000

GC Precious Log:
 CardTable entry size: 512
 CPUs: 8 total, 8 available
 Memory: 12152M
 Large Page Support: Disabled
 NUMA Support: Disabled
 Compressed Oops: Enabled (32-bit)
 Alignments: Space 512K, Generation 512K, Heap 2M
 Heap Min Capacity: 100M
 Heap Initial Capacity: 100M
 Heap Max Capacity: 2G
 Pre-touch: Disabled
 Parallel Workers: 8

Heap:
 PSYoungGen      total 11776K, used 1117K [0x00000000d5580000, 0x00000000d6900000, 0x0000000100000000)
  eden space 11264K, 7% used [0x00000000d5580000,0x00000000d56575f0,0x00000000d6080000)
  from space 512K, 50% used [0x00000000d6880000,0x00000000d68c0000,0x00000000d6900000)
  to   space 2048K, 0% used [0x00000000d6500000,0x00000000d6500000,0x00000000d6700000)
 ParOldGen       total 1375744K, used 1375278K [0x0000000080000000, 0x00000000d3f80000, 0x00000000d5580000)
  object space 1375744K, 99% used [0x0000000080000000,0x00000000d3f0b960,0x00000000d3f80000)
 Metaspace       used 102080K, committed 103872K, reserved 1179648K
  class space    used 10379K, committed 11200K, reserved 1048576K

Card table byte_map: [0x000002d615990000,0x000002d615da0000] _byte_map_base: 0x000002d615590000

Marking Bits: (ParMarkBitMap*) 0x00007ffb2b6e3450
 Begin Bits: [0x000002d628470000, 0x000002d62a470000)
 End Bits:   [0x000002d62a470000, 0x000002d62c470000)

Polling page: 0x000002d615780000

Metaspace:

Usage:
  Non-class:     89.55 MB used.
      Class:     10.14 MB used.
       Both:     99.69 MB used.

Virtual space:
  Non-class space:      128.00 MB reserved,      90.50 MB ( 71%) committed,  2 nodes.
      Class space:        1.00 GB reserved,      10.94 MB (  1%) committed,  1 nodes.
             Both:        1.12 GB reserved,     101.44 MB (  9%) committed. 

Chunk freelists:
   Non-Class:  5.44 MB
       Class:  5.11 MB
        Both:  10.55 MB

MaxMetaspaceSize: unlimited
CompressedClassSpaceSize: 1.00 GB
Initial GC threshold: 21.00 MB
Current GC threshold: 166.69 MB
CDS: on
 - commit_granule_bytes: 65536.
 - commit_granule_words: 8192.
 - virtual_space_node_default_size: 8388608.
 - enlarge_chunks_in_place: 1.
 - use_allocation_guard: 0.


Internal statistics:

num_allocs_failed_limit: 9.
num_arena_births: 2158.
num_arena_deaths: 446.
num_vsnodes_births: 3.
num_vsnodes_deaths: 0.
num_space_committed: 1622.
num_space_uncommitted: 0.
num_chunks_returned_to_freelist: 542.
num_chunks_taken_from_freelist: 7817.
num_chunk_merges: 163.
num_chunk_splits: 4421.
num_chunks_enlarged: 2265.
num_inconsistent_stats: 0.

CodeHeap 'non-profiled nmethods': size=120000Kb used=24394Kb max_used=24958Kb free=95605Kb
 bounds [0x000002d620c90000, 0x000002d622520000, 0x000002d6281c0000]
CodeHeap 'profiled nmethods': size=120000Kb used=42158Kb max_used=53479Kb free=77841Kb
 bounds [0x000002d6191c0000, 0x000002d61c610000, 0x000002d6206f0000]
CodeHeap 'non-nmethods': size=5760Kb used=1552Kb max_used=1643Kb free=4207Kb
 bounds [0x000002d6206f0000, 0x000002d620960000, 0x000002d620c90000]
CodeCache: size=245760Kb, used=68104Kb, max_used=80080Kb, free=177653Kb
 total_blobs=18756, nmethods=17879, adapters=776, full_count=0
Compilation: enabled, stopped_count=0, restarted_count=0

Compilation events (20 events):
Event: 12842.449 Thread 0x000002d62ca4c340 nmethod 29534 0x000002d621650e10 code [0x000002d621650fa0, 0x000002d621651090]
Event: 12842.544 Thread 0x000002d6748b4420 nmethod 29542 0x000002d6211be590 code [0x000002d6211bebc0, 0x000002d6211c4178]
Event: 12844.314 Thread 0x000002d62ca52ac0 29556       3       org.eclipse.jdt.internal.core.DeltaProcessor::firePostChangeDelta (63 bytes)
Event: 12844.315 Thread 0x000002d62ca52ac0 nmethod 29556 0x000002d619396f10 code [0x000002d6193971c0, 0x000002d619397c70]
Event: 12844.315 Thread 0x000002d62ca52ac0 29557       3       org.eclipse.jdt.internal.core.DeltaProcessor::fireReconcileDelta (81 bytes)
Event: 12844.316 Thread 0x000002d62ca52ac0 nmethod 29557 0x000002d619c21a10 code [0x000002d619c21cc0, 0x000002d619c22750]
Event: 12844.316 Thread 0x000002d62ca52ac0 29559       3       java.util.WeakHashMap$HashIterator::hasNext (95 bytes)
Event: 12844.317 Thread 0x000002d62ca52ac0 nmethod 29559 0x000002d619ce7490 code [0x000002d619ce7660, 0x000002d619ce7ab8]
Event: 12844.317 Thread 0x000002d62ca52ac0 29558       3       java.util.WeakHashMap$HashIterator::<init> (41 bytes)
Event: 12844.317 Thread 0x000002d62ca52ac0 nmethod 29558 0x000002d619d60c90 code [0x000002d619d60e60, 0x000002d619d612e0]
Event: 12849.376 Thread 0x000002d62ca4c340 29560       4       java.util.concurrent.ThreadPoolExecutor$Worker::tryAcquire (20 bytes)
Event: 12849.376 Thread 0x000002d62ca4c340 nmethod 29560 0x000002d621cae110 code [0x000002d621cae2a0, 0x000002d621cae380]
Event: 12860.374 Thread 0x000002d62ca4c340 29561       4       java.util.concurrent.ThreadPoolExecutor$Worker::lock (6 bytes)
Event: 12860.375 Thread 0x000002d62ca4c340 nmethod 29561 0x000002d621cadd90 code [0x000002d621cadf20, 0x000002d621cae008]
Event: 12906.204 Thread 0x000002d62ca4c340 29562       4       org.eclipse.core.internal.dtree.DataTreeNode::storeStrings (28 bytes)
Event: 12906.208 Thread 0x000002d62ca4c340 nmethod 29562 0x000002d6214d4090 code [0x000002d6214d4280, 0x000002d6214d4648]
Event: 12906.208 Thread 0x000002d62ca4c340 29563       4       org.eclipse.core.internal.resources.ResourceInfo::shareStrings (43 bytes)
Event: 12906.208 Thread 0x000002d62ca4c340 nmethod 29563 0x000002d6214d3b90 code [0x000002d6214d3d40, 0x000002d6214d3e68]
Event: 12968.073 Thread 0x000002d62ca4c340 29564       4       java.util.concurrent.Executors$RunnableAdapter::call (14 bytes)
Event: 12968.073 Thread 0x000002d62ca4c340 nmethod 29564 0x000002d621cad890 code [0x000002d621cada20, 0x000002d621cadae0]

GC Heap History (20 events):
Event: 12842.020 GC heap before
{Heap before GC invocations=4512 (full 7):
 PSYoungGen      total 7168K, used 6991K [0x00000000d5580000, 0x00000000d5f00000, 0x0000000100000000)
  eden space 6144K, 99% used [0x00000000d5580000,0x00000000d5b7ffd8,0x00000000d5b80000)
  from space 1024K, 82% used [0x00000000d5c80000,0x00000000d5d54010,0x00000000d5d80000)
  to   space 1024K, 0% used [0x00000000d5b80000,0x00000000d5b80000,0x00000000d5c80000)
 ParOldGen       total 1314304K, used 1313868K [0x0000000080000000, 0x00000000d0380000, 0x00000000d5580000)
  object space 1314304K, 99% used [0x0000000080000000,0x00000000d0313110,0x00000000d0380000)
 Metaspace       used 102068K, committed 103872K, reserved 1179648K
  class space    used 10379K, committed 11200K, reserved 1048576K
}
Event: 12842.024 GC heap after
{Heap after GC invocations=4512 (full 7):
 PSYoungGen      total 7168K, used 416K [0x00000000d5580000, 0x00000000d5d80000, 0x0000000100000000)
  eden space 6144K, 0% used [0x00000000d5580000,0x00000000d5580000,0x00000000d5b80000)
  from space 1024K, 40% used [0x00000000d5b80000,0x00000000d5be8000,0x00000000d5c80000)
  to   space 1024K, 0% used [0x00000000d5c80000,0x00000000d5c80000,0x00000000d5d80000)
 ParOldGen       total 1314816K, used 1314601K [0x0000000080000000, 0x00000000d0400000, 0x00000000d5580000)
  object space 1314816K, 99% used [0x0000000080000000,0x00000000d03ca448,0x00000000d0400000)
 Metaspace       used 102068K, committed 103872K, reserved 1179648K
  class space    used 10379K, committed 11200K, reserved 1048576K
}
Event: 12842.054 GC heap before
{Heap before GC invocations=4513 (full 7):
 PSYoungGen      total 7168K, used 6436K [0x00000000d5580000, 0x00000000d5d80000, 0x0000000100000000)
  eden space 6144K, 97% used [0x00000000d5580000,0x00000000d5b613f0,0x00000000d5b80000)
  from space 1024K, 40% used [0x00000000d5b80000,0x00000000d5be8000,0x00000000d5c80000)
  to   space 1024K, 0% used [0x00000000d5c80000,0x00000000d5c80000,0x00000000d5d80000)
 ParOldGen       total 1314816K, used 1314601K [0x0000000080000000, 0x00000000d0400000, 0x00000000d5580000)
  object space 1314816K, 99% used [0x0000000080000000,0x00000000d03ca448,0x00000000d0400000)
 Metaspace       used 102069K, committed 103872K, reserved 1179648K
  class space    used 10379K, committed 11200K, reserved 1048576K
}
Event: 12842.057 GC heap after
{Heap after GC invocations=4513 (full 7):
 PSYoungGen      total 7168K, used 909K [0x00000000d5580000, 0x00000000d5d80000, 0x0000000100000000)
  eden space 6144K, 0% used [0x00000000d5580000,0x00000000d5580000,0x00000000d5b80000)
  from space 1024K, 88% used [0x00000000d5c80000,0x00000000d5d63590,0x00000000d5d80000)
  to   space 1024K, 0% used [0x00000000d5b80000,0x00000000d5b80000,0x00000000d5c80000)
 ParOldGen       total 1315328K, used 1314897K [0x0000000080000000, 0x00000000d0480000, 0x00000000d5580000)
  object space 1315328K, 99% used [0x0000000080000000,0x00000000d0414488,0x00000000d0480000)
 Metaspace       used 102069K, committed 103872K, reserved 1179648K
  class space    used 10379K, committed 11200K, reserved 1048576K
}
Event: 12842.072 GC heap before
{Heap before GC invocations=4514 (full 7):
 PSYoungGen      total 7168K, used 7053K [0x00000000d5580000, 0x00000000d5d80000, 0x0000000100000000)
  eden space 6144K, 100% used [0x00000000d5580000,0x00000000d5b80000,0x00000000d5b80000)
  from space 1024K, 88% used [0x00000000d5c80000,0x00000000d5d63590,0x00000000d5d80000)
  to   space 1024K, 0% used [0x00000000d5b80000,0x00000000d5b80000,0x00000000d5c80000)
 ParOldGen       total 1315328K, used 1314897K [0x0000000080000000, 0x00000000d0480000, 0x00000000d5580000)
  object space 1315328K, 99% used [0x0000000080000000,0x00000000d0414488,0x00000000d0480000)
 Metaspace       used 102069K, committed 103872K, reserved 1179648K
  class space    used 10379K, committed 11200K, reserved 1048576K
}
Event: 12842.078 GC heap after
{Heap after GC invocations=4514 (full 7):
 PSYoungGen      total 7168K, used 1005K [0x00000000d5580000, 0x00000000d6b80000, 0x0000000100000000)
  eden space 6144K, 0% used [0x00000000d5580000,0x00000000d5580000,0x00000000d5b80000)
  from space 1024K, 98% used [0x00000000d5b80000,0x00000000d5c7b590,0x00000000d5c80000)
  to   space 8192K, 0% used [0x00000000d6380000,0x00000000d6380000,0x00000000d6b80000)
 ParOldGen       total 1320960K, used 1320734K [0x0000000080000000, 0x00000000d0a00000, 0x00000000d5580000)
  object space 1320960K, 99% used [0x0000000080000000,0x00000000d09c7a28,0x00000000d0a00000)
 Metaspace       used 102069K, committed 103872K, reserved 1179648K
  class space    used 10379K, committed 11200K, reserved 1048576K
}
Event: 12842.095 GC heap before
{Heap before GC invocations=4515 (full 7):
 PSYoungGen      total 7168K, used 7149K [0x00000000d5580000, 0x00000000d6b80000, 0x0000000100000000)
  eden space 6144K, 99% used [0x00000000d5580000,0x00000000d5b7fff8,0x00000000d5b80000)
  from space 1024K, 98% used [0x00000000d5b80000,0x00000000d5c7b590,0x00000000d5c80000)
  to   space 8192K, 0% used [0x00000000d6380000,0x00000000d6380000,0x00000000d6b80000)
 ParOldGen       total 1320960K, used 1320734K [0x0000000080000000, 0x00000000d0a00000, 0x00000000d5580000)
  object space 1320960K, 99% used [0x0000000080000000,0x00000000d09c7a28,0x00000000d0a00000)
 Metaspace       used 102069K, committed 103872K, reserved 1179648K
  class space    used 10379K, committed 11200K, reserved 1048576K
}
Event: 12842.102 GC heap after
{Heap after GC invocations=4515 (full 7):
 PSYoungGen      total 14336K, used 6208K [0x00000000d5580000, 0x00000000d6a00000, 0x0000000100000000)
  eden space 7680K, 0% used [0x00000000d5580000,0x00000000d5580000,0x00000000d5d00000)
  from space 6656K, 93% used [0x00000000d6380000,0x00000000d6990000,0x00000000d6a00000)
  to   space 6656K, 0% used [0x00000000d5d00000,0x00000000d5d00000,0x00000000d6380000)
 ParOldGen       total 1321984K, used 1321763K [0x0000000080000000, 0x00000000d0b00000, 0x00000000d5580000)
  object space 1321984K, 99% used [0x0000000080000000,0x00000000d0ac8fb8,0x00000000d0b00000)
 Metaspace       used 102069K, committed 103872K, reserved 1179648K
  class space    used 10379K, committed 11200K, reserved 1048576K
}
Event: 12842.128 GC heap before
{Heap before GC invocations=4516 (full 7):
 PSYoungGen      total 14336K, used 13574K [0x00000000d5580000, 0x00000000d6a00000, 0x0000000100000000)
  eden space 7680K, 95% used [0x00000000d5580000,0x00000000d5cb1968,0x00000000d5d00000)
  from space 6656K, 93% used [0x00000000d6380000,0x00000000d6990000,0x00000000d6a00000)
  to   space 6656K, 0% used [0x00000000d5d00000,0x00000000d5d00000,0x00000000d6380000)
 ParOldGen       total 1321984K, used 1321763K [0x0000000080000000, 0x00000000d0b00000, 0x00000000d5580000)
  object space 1321984K, 99% used [0x0000000080000000,0x00000000d0ac8fb8,0x00000000d0b00000)
 Metaspace       used 102069K, committed 103872K, reserved 1179648K
  class space    used 10379K, committed 11200K, reserved 1048576K
}
Event: 12842.137 GC heap after
{Heap after GC invocations=4516 (full 7):
 PSYoungGen      total 14336K, used 6630K [0x00000000d5580000, 0x00000000d6c80000, 0x0000000100000000)
  eden space 7680K, 0% used [0x00000000d5580000,0x00000000d5580000,0x00000000d5d00000)
  from space 6656K, 99% used [0x00000000d5d00000,0x00000000d6379800,0x00000000d6380000)
  to   space 7168K, 0% used [0x00000000d6580000,0x00000000d6580000,0x00000000d6c80000)
 ParOldGen       total 1328128K, used 1327923K [0x0000000080000000, 0x00000000d1100000, 0x00000000d5580000)
  object space 1328128K, 99% used [0x0000000080000000,0x00000000d10ccfb8,0x00000000d1100000)
 Metaspace       used 102069K, committed 103872K, reserved 1179648K
  class space    used 10379K, committed 11200K, reserved 1048576K
}
Event: 12842.206 GC heap before
{Heap before GC invocations=4517 (full 7):
 PSYoungGen      total 14336K, used 14309K [0x00000000d5580000, 0x00000000d6c80000, 0x0000000100000000)
  eden space 7680K, 99% used [0x00000000d5580000,0x00000000d5cfffe8,0x00000000d5d00000)
  from space 6656K, 99% used [0x00000000d5d00000,0x00000000d6379800,0x00000000d6380000)
  to   space 7168K, 0% used [0x00000000d6580000,0x00000000d6580000,0x00000000d6c80000)
 ParOldGen       total 1328128K, used 1327923K [0x0000000080000000, 0x00000000d1100000, 0x00000000d5580000)
  object space 1328128K, 99% used [0x0000000080000000,0x00000000d10ccfb8,0x00000000d1100000)
 Metaspace       used 102069K, committed 103872K, reserved 1179648K
  class space    used 10379K, committed 11200K, reserved 1048576K
}
Event: 12842.213 GC heap after
{Heap after GC invocations=4517 (full 7):
 PSYoungGen      total 12288K, used 4220K [0x00000000d5580000, 0x00000000d6a00000, 0x0000000100000000)
  eden space 7680K, 0% used [0x00000000d5580000,0x00000000d5580000,0x00000000d5d00000)
  from space 4608K, 91% used [0x00000000d6580000,0x00000000d699f390,0x00000000d6a00000)
  to   space 5120K, 0% used [0x00000000d6000000,0x00000000d6000000,0x00000000d6500000)
 ParOldGen       total 1334272K, used 1333766K [0x0000000080000000, 0x00000000d1700000, 0x00000000d5580000)
  object space 1334272K, 99% used [0x0000000080000000,0x00000000d1681bb8,0x00000000d1700000)
 Metaspace       used 102069K, committed 103872K, reserved 1179648K
  class space    used 10379K, committed 11200K, reserved 1048576K
}
Event: 12842.222 GC heap before
{Heap before GC invocations=4518 (full 7):
 PSYoungGen      total 12288K, used 11874K [0x00000000d5580000, 0x00000000d6a00000, 0x0000000100000000)
  eden space 7680K, 99% used [0x00000000d5580000,0x00000000d5cf9508,0x00000000d5d00000)
  from space 4608K, 91% used [0x00000000d6580000,0x00000000d699f390,0x00000000d6a00000)
  to   space 5120K, 0% used [0x00000000d6000000,0x00000000d6000000,0x00000000d6500000)
 ParOldGen       total 1334272K, used 1333766K [0x0000000080000000, 0x00000000d1700000, 0x00000000d5580000)
  object space 1334272K, 99% used [0x0000000080000000,0x00000000d1681bb8,0x00000000d1700000)
 Metaspace       used 102069K, committed 103872K, reserved 1179648K
  class space    used 10379K, committed 11200K, reserved 1048576K
}
Event: 12842.227 GC heap after
{Heap after GC invocations=4518 (full 7):
 PSYoungGen      total 14336K, used 5100K [0x00000000d5580000, 0x00000000d7580000, 0x0000000100000000)
  eden space 9216K, 0% used [0x00000000d5580000,0x00000000d5580000,0x00000000d5e80000)
  from space 5120K, 99% used [0x00000000d6000000,0x00000000d64fb360,0x00000000d6500000)
  to   space 11776K, 0% used [0x00000000d6a00000,0x00000000d6a00000,0x00000000d7580000)
 ParOldGen       total 1339392K, used 1338987K [0x0000000080000000, 0x00000000d1c00000, 0x00000000d5580000)
  object space 1339392K, 99% used [0x0000000080000000,0x00000000d1b9af58,0x00000000d1c00000)
 Metaspace       used 102069K, committed 103872K, reserved 1179648K
  class space    used 10379K, committed 11200K, reserved 1048576K
}
Event: 12842.238 GC heap before
{Heap before GC invocations=4519 (full 7):
 PSYoungGen      total 14336K, used 14316K [0x00000000d5580000, 0x00000000d7580000, 0x0000000100000000)
  eden space 9216K, 100% used [0x00000000d5580000,0x00000000d5e80000,0x00000000d5e80000)
  from space 5120K, 99% used [0x00000000d6000000,0x00000000d64fb360,0x00000000d6500000)
  to   space 11776K, 0% used [0x00000000d6a00000,0x00000000d6a00000,0x00000000d7580000)
 ParOldGen       total 1339392K, used 1338987K [0x0000000080000000, 0x00000000d1c00000, 0x00000000d5580000)
  object space 1339392K, 99% used [0x0000000080000000,0x00000000d1b9af58,0x00000000d1c00000)
 Metaspace       used 102069K, committed 103872K, reserved 1179648K
  class space    used 10379K, committed 11200K, reserved 1048576K
}
Event: 12842.244 GC heap after
{Heap after GC invocations=4519 (full 7):
 PSYoungGen      total 19968K, used 7883K [0x00000000d5580000, 0x00000000d7280000, 0x0000000100000000)
  eden space 11264K, 0% used [0x00000000d5580000,0x00000000d5580000,0x00000000d6080000)
  from space 8704K, 90% used [0x00000000d6a00000,0x00000000d71b2c38,0x00000000d7280000)
  to   space 9216K, 0% used [0x00000000d6080000,0x00000000d6080000,0x00000000d6980000)
 ParOldGen       total 1344512K, used 1344120K [0x0000000080000000, 0x00000000d2100000, 0x00000000d5580000)
  object space 1344512K, 99% used [0x0000000080000000,0x00000000d209e138,0x00000000d2100000)
 Metaspace       used 102069K, committed 103872K, reserved 1179648K
  class space    used 10379K, committed 11200K, reserved 1048576K
}
Event: 12842.290 GC heap before
{Heap before GC invocations=4520 (full 7):
 PSYoungGen      total 19968K, used 19147K [0x00000000d5580000, 0x00000000d7280000, 0x0000000100000000)
  eden space 11264K, 100% used [0x00000000d5580000,0x00000000d6080000,0x00000000d6080000)
  from space 8704K, 90% used [0x00000000d6a00000,0x00000000d71b2c38,0x00000000d7280000)
  to   space 9216K, 0% used [0x00000000d6080000,0x00000000d6080000,0x00000000d6980000)
 ParOldGen       total 1344512K, used 1344120K [0x0000000080000000, 0x00000000d2100000, 0x00000000d5580000)
  object space 1344512K, 99% used [0x0000000080000000,0x00000000d209e138,0x00000000d2100000)
 Metaspace       used 102075K, committed 103872K, reserved 1179648K
  class space    used 10379K, committed 11200K, reserved 1048576K
}
Event: 12842.298 GC heap after
{Heap after GC invocations=4520 (full 7):
 PSYoungGen      total 15360K, used 3616K [0x00000000d5580000, 0x00000000d6e00000, 0x0000000100000000)
  eden space 11264K, 0% used [0x00000000d5580000,0x00000000d5580000,0x00000000d6080000)
  from space 4096K, 88% used [0x00000000d6080000,0x00000000d6408020,0x00000000d6480000)
  to   space 5632K, 0% used [0x00000000d6880000,0x00000000d6880000,0x00000000d6e00000)
 ParOldGen       total 1349120K, used 1348848K [0x0000000080000000, 0x00000000d2580000, 0x00000000d5580000)
  object space 1349120K, 99% used [0x0000000080000000,0x00000000d253c138,0x00000000d2580000)
 Metaspace       used 102075K, committed 103872K, reserved 1179648K
  class space    used 10379K, committed 11200K, reserved 1048576K
}
Event: 12842.383 GC heap before
{Heap before GC invocations=4521 (full 7):
 PSYoungGen      total 15360K, used 14880K [0x00000000d5580000, 0x00000000d6e00000, 0x0000000100000000)
  eden space 11264K, 100% used [0x00000000d5580000,0x00000000d6080000,0x00000000d6080000)
  from space 4096K, 88% used [0x00000000d6080000,0x00000000d6408020,0x00000000d6480000)
  to   space 5632K, 0% used [0x00000000d6880000,0x00000000d6880000,0x00000000d6e00000)
 ParOldGen       total 1372672K, used 1371888K [0x0000000080000000, 0x00000000d3c80000, 0x00000000d5580000)
  object space 1372672K, 99% used [0x0000000080000000,0x00000000d3bbc158,0x00000000d3c80000)
 Metaspace       used 102077K, committed 103872K, reserved 1179648K
  class space    used 10379K, committed 11200K, reserved 1048576K
}
Event: 12842.390 GC heap after
{Heap after GC invocations=4521 (full 7):
 PSYoungGen      total 11776K, used 256K [0x00000000d5580000, 0x00000000d6900000, 0x0000000100000000)
  eden space 11264K, 0% used [0x00000000d5580000,0x00000000d5580000,0x00000000d6080000)
  from space 512K, 50% used [0x00000000d6880000,0x00000000d68c0000,0x00000000d6900000)
  to   space 2048K, 0% used [0x00000000d6500000,0x00000000d6500000,0x00000000d6700000)
 ParOldGen       total 1375744K, used 1375278K [0x0000000080000000, 0x00000000d3f80000, 0x00000000d5580000)
  object space 1375744K, 99% used [0x0000000080000000,0x00000000d3f0b960,0x00000000d3f80000)
 Metaspace       used 102077K, committed 103872K, reserved 1179648K
  class space    used 10379K, committed 11200K, reserved 1048576K
}

Dll operation events (11 events):
Event: 0.020 Loaded shared library c:\Users\ducuy\.vscode\extensions\redhat.java-1.53.0-win32-x64\jre\21.0.10-win32-x86_64\bin\java.dll
Event: 0.166 Loaded shared library c:\Users\ducuy\.vscode\extensions\redhat.java-1.53.0-win32-x64\jre\21.0.10-win32-x86_64\bin\zip.dll
Event: 0.219 Loaded shared library C:\Users\ducuy\.vscode\extensions\redhat.java-1.53.0-win32-x64\jre\21.0.10-win32-x86_64\bin\instrument.dll
Event: 0.233 Loaded shared library C:\Users\ducuy\.vscode\extensions\redhat.java-1.53.0-win32-x64\jre\21.0.10-win32-x86_64\bin\net.dll
Event: 0.239 Loaded shared library C:\Users\ducuy\.vscode\extensions\redhat.java-1.53.0-win32-x64\jre\21.0.10-win32-x86_64\bin\nio.dll
Event: 0.250 Loaded shared library C:\Users\ducuy\.vscode\extensions\redhat.java-1.53.0-win32-x64\jre\21.0.10-win32-x86_64\bin\zip.dll
Event: 0.313 Loaded shared library C:\Users\ducuy\.vscode\extensions\redhat.java-1.53.0-win32-x64\jre\21.0.10-win32-x86_64\bin\jimage.dll
Event: 0.532 Loaded shared library c:\Users\ducuy\.vscode\extensions\redhat.java-1.53.0-win32-x64\jre\21.0.10-win32-x86_64\bin\verify.dll
Event: 3.591 Loaded shared library C:\Users\ducuy\AppData\Roaming\Code\User\globalStorage\redhat.java\1.53.0\config_win\org.eclipse.equinox.launcher\org.eclipse.equinox.launcher.win32.win32.x86_64_1.3.0.v20260203-2149\eclipse_11919.dll
Event: 5.790 Loaded shared library C:\Users\ducuy\AppData\Local\Temp\jna-95936534\jna6335589868626585378.dll
Event: 9610.007 Loaded shared library C:\Users\ducuy\.vscode\extensions\redhat.java-1.53.0-win32-x64\jre\21.0.10-win32-x86_64\bin\extnet.dll

Deoptimization events (20 events):
Event: 12842.287 Thread 0x000002d60093d0e0 DEOPT PACKING pc=0x000002d621e6be78 sp=0x000000dee68fd290
Event: 12842.287 Thread 0x000002d60093d0e0 DEOPT UNPACKING pc=0x000002d620743aa2 sp=0x000000dee68fd288 mode 2
Event: 12842.287 Thread 0x000002d60093d0e0 Uncommon trap: trap_request=0xffffffbe fr.pc=0x000002d621e6be78 relative=0x0000000000003bb8
Event: 12842.287 Thread 0x000002d60093d0e0 Uncommon trap: reason=profile_predicate action=maybe_recompile pc=0x000002d621e6be78 method=org.eclipse.sisu.plexus.CompositeBeanHelper.findMethod(Ljava/lang/Class;[Ljava/lang/reflect/Type;Ljava/lang/String;Ljava/lang/Class;)Ljava/lang/reflect/Method; @ 2
Event: 12842.287 Thread 0x000002d60093d0e0 DEOPT PACKING pc=0x000002d621e6be78 sp=0x000000dee68fd290
Event: 12842.287 Thread 0x000002d60093d0e0 DEOPT UNPACKING pc=0x000002d620743aa2 sp=0x000000dee68fd288 mode 2
Event: 12842.287 Thread 0x000002d60093d0e0 Uncommon trap: trap_request=0xffffffbe fr.pc=0x000002d621e6be78 relative=0x0000000000003bb8
Event: 12842.287 Thread 0x000002d60093d0e0 Uncommon trap: reason=profile_predicate action=maybe_recompile pc=0x000002d621e6be78 method=org.eclipse.sisu.plexus.CompositeBeanHelper.findMethod(Ljava/lang/Class;[Ljava/lang/reflect/Type;Ljava/lang/String;Ljava/lang/Class;)Ljava/lang/reflect/Method; @ 2
Event: 12842.287 Thread 0x000002d60093d0e0 DEOPT PACKING pc=0x000002d621e6be78 sp=0x000000dee68fd290
Event: 12842.287 Thread 0x000002d60093d0e0 DEOPT UNPACKING pc=0x000002d620743aa2 sp=0x000000dee68fd288 mode 2
Event: 12842.287 Thread 0x000002d60093d0e0 Uncommon trap: trap_request=0xffffffbe fr.pc=0x000002d621e6be78 relative=0x0000000000003bb8
Event: 12842.287 Thread 0x000002d60093d0e0 Uncommon trap: reason=profile_predicate action=maybe_recompile pc=0x000002d621e6be78 method=org.eclipse.sisu.plexus.CompositeBeanHelper.findMethod(Ljava/lang/Class;[Ljava/lang/reflect/Type;Ljava/lang/String;Ljava/lang/Class;)Ljava/lang/reflect/Method; @ 2
Event: 12842.287 Thread 0x000002d60093d0e0 DEOPT PACKING pc=0x000002d621e6be78 sp=0x000000dee68fd290
Event: 12842.287 Thread 0x000002d60093d0e0 DEOPT UNPACKING pc=0x000002d620743aa2 sp=0x000000dee68fd288 mode 2
Event: 12842.314 Thread 0x000002d60093d0e0 DEOPT PACKING pc=0x000002d61ae78869 sp=0x000000dee68fcac0
Event: 12842.314 Thread 0x000002d60093d0e0 DEOPT UNPACKING pc=0x000002d620744242 sp=0x000000dee68fbf40 mode 0
Event: 12842.338 Thread 0x000002d60093d0e0 Uncommon trap: trap_request=0xffffff76 fr.pc=0x000002d622511524 relative=0x00000000000027e4
Event: 12842.338 Thread 0x000002d60093d0e0 Uncommon trap: reason=predicate action=maybe_recompile pc=0x000002d622511524 method=java.util.ComparableTimSort.binarySort([Ljava/lang/Object;III)V @ 34 c2
Event: 12842.338 Thread 0x000002d60093d0e0 DEOPT PACKING pc=0x000002d622511524 sp=0x000000dee68fdbf0
Event: 12842.338 Thread 0x000002d60093d0e0 DEOPT UNPACKING pc=0x000002d620743aa2 sp=0x000000dee68fd988 mode 2

Classes loaded (20 events):
Event: 9610.925 Loading class java/util/concurrent/CompletableFuture$UniHandle
Event: 9610.925 Loading class java/util/concurrent/CompletableFuture$UniHandle done
Event: 9611.381 Loading class java/util/concurrent/ScheduledThreadPoolExecutor$DelayedWorkQueue$Itr
Event: 9611.381 Loading class java/util/concurrent/ScheduledThreadPoolExecutor$DelayedWorkQueue$Itr done
Event: 9755.991 Loading class jdk/internal/module/IllegalAccessLogger
Event: 9755.991 Loading class jdk/internal/module/IllegalAccessLogger done
Event: 9903.800 Loading class jdk/internal/module/IllegalAccessLogger
Event: 9903.800 Loading class jdk/internal/module/IllegalAccessLogger done
Event: 9911.531 Loading class jdk/internal/module/IllegalAccessLogger
Event: 9911.531 Loading class jdk/internal/module/IllegalAccessLogger done
Event: 9963.715 Loading class jdk/internal/module/IllegalAccessLogger
Event: 9963.715 Loading class jdk/internal/module/IllegalAccessLogger done
Event: 10918.218 Loading class jdk/internal/module/IllegalAccessLogger
Event: 10918.218 Loading class jdk/internal/module/IllegalAccessLogger done
Event: 12270.285 Loading class jdk/internal/module/IllegalAccessLogger
Event: 12270.285 Loading class jdk/internal/module/IllegalAccessLogger done
Event: 12290.284 Loading class jdk/internal/module/IllegalAccessLogger
Event: 12290.284 Loading class jdk/internal/module/IllegalAccessLogger done
Event: 12842.260 Loading class jdk/internal/module/IllegalAccessLogger
Event: 12842.260 Loading class jdk/internal/module/IllegalAccessLogger done

Classes unloaded (20 events):
Event: 9404.840 Thread 0x000002d62ca33670 Unloading class 0x000002d62e018800 'java/lang/invoke/LambdaForm$MH+0x000002d62e018800'
Event: 9404.840 Thread 0x000002d62ca33670 Unloading class 0x000002d62e00d800 'java/lang/invoke/LambdaForm$MH+0x000002d62e00d800'
Event: 9404.840 Thread 0x000002d62ca33670 Unloading class 0x000002d62e00d400 'java/lang/invoke/LambdaForm$MH+0x000002d62e00d400'
Event: 9404.840 Thread 0x000002d62ca33670 Unloading class 0x000002d62e00d000 'java/lang/invoke/LambdaForm$MH+0x000002d62e00d000'
Event: 9404.840 Thread 0x000002d62ca33670 Unloading class 0x000002d62e00cc00 'java/lang/invoke/LambdaForm$MH+0x000002d62e00cc00'
Event: 9404.840 Thread 0x000002d62ca33670 Unloading class 0x000002d62e00c800 'java/lang/invoke/LambdaForm$BMH+0x000002d62e00c800'
Event: 9404.840 Thread 0x000002d62ca33670 Unloading class 0x000002d62e00c000 'java/lang/invoke/LambdaForm$DMH+0x000002d62e00c000'
Event: 9404.840 Thread 0x000002d62ca33670 Unloading class 0x000002d62e008c00 'java/lang/invoke/LambdaForm$MH+0x000002d62e008c00'
Event: 9404.840 Thread 0x000002d62ca33670 Unloading class 0x000002d62e008800 'java/lang/invoke/LambdaForm$MH+0x000002d62e008800'
Event: 9404.840 Thread 0x000002d62ca33670 Unloading class 0x000002d62e008400 'java/lang/invoke/LambdaForm$MH+0x000002d62e008400'
Event: 9404.840 Thread 0x000002d62ca33670 Unloading class 0x000002d62e007000 'java/lang/invoke/LambdaForm$MH+0x000002d62e007000'
Event: 9404.840 Thread 0x000002d62ca33670 Unloading class 0x000002d62e006800 'java/lang/invoke/LambdaForm$MH+0x000002d62e006800'
Event: 9404.840 Thread 0x000002d62ca33670 Unloading class 0x000002d62e006400 'java/lang/invoke/LambdaForm$MH+0x000002d62e006400'
Event: 9404.840 Thread 0x000002d62ca33670 Unloading class 0x000002d62e006000 'java/lang/invoke/LambdaForm$MH+0x000002d62e006000'
Event: 9404.840 Thread 0x000002d62ca33670 Unloading class 0x000002d62e005c00 'java/lang/invoke/LambdaForm$BMH+0x000002d62e005c00'
Event: 9404.840 Thread 0x000002d62ca33670 Unloading class 0x000002d62e004800 'java/lang/invoke/LambdaForm$DMH+0x000002d62e004800'
Event: 9404.840 Thread 0x000002d62ca33670 Unloading class 0x000002d62e002800 'java/lang/invoke/LambdaForm$MH+0x000002d62e002800'
Event: 9404.840 Thread 0x000002d62ca33670 Unloading class 0x000002d62e002400 'java/lang/invoke/LambdaForm$MH+0x000002d62e002400'
Event: 9404.840 Thread 0x000002d62ca33670 Unloading class 0x000002d62e002000 'java/lang/invoke/LambdaForm$MH+0x000002d62e002000'
Event: 9404.840 Thread 0x000002d62ca33670 Unloading class 0x000002d62e001800 'java/lang/invoke/LambdaForm$MH+0x000002d62e001800'

Classes redefined (0 events):
No events

Internal exceptions (20 events):
Event: 12290.060 Thread 0x000002d674ace660 Exception <a 'sun/nio/fs/WindowsException'{0x00000000d61e1068}> (0x00000000d61e1068) 
thrown [s\src\hotspot\share\prims\jni.cpp, line 520]
Event: 12290.434 Thread 0x000002d674ace660 Exception <a 'sun/nio/fs/WindowsException'{0x00000000d5a276d8}> (0x00000000d5a276d8) 
thrown [s\src\hotspot\share\prims\jni.cpp, line 520]
Event: 12292.721 Thread 0x000002d675fbb180 Exception <a 'sun/nio/fs/WindowsException'{0x00000000d5cf6340}> (0x00000000d5cf6340) 
thrown [s\src\hotspot\share\prims\jni.cpp, line 520]
Event: 12292.722 Thread 0x000002d675fbb180 Exception <a 'sun/nio/fs/WindowsException'{0x00000000d5cf6c08}> (0x00000000d5cf6c08) 
thrown [s\src\hotspot\share\prims\jni.cpp, line 520]
Event: 12292.723 Thread 0x000002d675fbb180 Exception <a 'sun/nio/fs/WindowsException'{0x00000000d5cf7920}> (0x00000000d5cf7920) 
thrown [s\src\hotspot\share\prims\jni.cpp, line 520]
Event: 12292.723 Thread 0x000002d675fbb180 Exception <a 'sun/nio/fs/WindowsException'{0x00000000d5cf81e8}> (0x00000000d5cf81e8) 
thrown [s\src\hotspot\share\prims\jni.cpp, line 520]
Event: 12292.725 Thread 0x000002d675fbb180 Exception <a 'sun/nio/fs/WindowsException'{0x00000000d5cf98e0}> (0x00000000d5cf98e0) 
thrown [s\src\hotspot\share\prims\jni.cpp, line 520]
Event: 12292.725 Thread 0x000002d675fbb180 Exception <a 'sun/nio/fs/WindowsException'{0x00000000d5cf9ef8}> (0x00000000d5cf9ef8) 
thrown [s\src\hotspot\share\prims\jni.cpp, line 520]
Event: 12292.730 Thread 0x000002d675fbb180 Exception <a 'sun/nio/fs/WindowsException'{0x00000000d5d18370}> (0x00000000d5d18370) 
thrown [s\src\hotspot\share\prims\jni.cpp, line 520]
Event: 12292.730 Thread 0x000002d675fbb180 Exception <a 'sun/nio/fs/WindowsException'{0x00000000d5d18c38}> (0x00000000d5d18c38) 
thrown [s\src\hotspot\share\prims\jni.cpp, line 520]
Event: 12293.730 Thread 0x000002d6760402b0 Exception <a 'sun/nio/fs/WindowsException'{0x00000000d67dfc70}> (0x00000000d67dfc70) 
thrown [s\src\hotspot\share\prims\jni.cpp, line 520]
Event: 12293.731 Thread 0x000002d6760402b0 Exception <a 'sun/nio/fs/WindowsException'{0x00000000d67e02e0}> (0x00000000d67e02e0) 
thrown [s\src\hotspot\share\prims\jni.cpp, line 520]
Event: 12570.026 Thread 0x000002d67603a040 Exception <a 'sun/nio/fs/WindowsException'{0x00000000d63ff198}> (0x00000000d63ff198) 
thrown [s\src\hotspot\share\prims\jni.cpp, line 520]
Event: 12570.026 Thread 0x000002d67603a040 Exception <a 'sun/nio/fs/WindowsException'{0x00000000d63ffcf0}> (0x00000000d63ffcf0) 
thrown [s\src\hotspot\share\prims\jni.cpp, line 520]
Event: 12835.783 Thread 0x000002d675fba460 Exception <a 'sun/nio/fs/WindowsException'{0x00000000d59a04e0}> (0x00000000d59a04e0) 
thrown [s\src\hotspot\share\prims\jni.cpp, line 520]
Event: 12835.783 Thread 0x000002d675fba460 Exception <a 'sun/nio/fs/WindowsException'{0x00000000d59a0af8}> (0x00000000d59a0af8) 
thrown [s\src\hotspot\share\prims\jni.cpp, line 520]
Event: 12837.252 Thread 0x000002d675fba460 Exception <a 'sun/nio/fs/WindowsException'{0x00000000d57f4600}> (0x00000000d57f4600) 
thrown [s\src\hotspot\share\prims\jni.cpp, line 520]
Event: 12837.252 Thread 0x000002d675fba460 Exception <a 'sun/nio/fs/WindowsException'{0x00000000d57f4c18}> (0x00000000d57f4c18) 
thrown [s\src\hotspot\share\prims\jni.cpp, line 520]
Event: 12842.049 Thread 0x000002d674ace660 Exception <a 'sun/nio/fs/WindowsException'{0x00000000d59f1660}> (0x00000000d59f1660) 
thrown [s\src\hotspot\share\prims\jni.cpp, line 520]
Event: 12842.320 Thread 0x000002d674ace660 Exception <a 'sun/nio/fs/WindowsException'{0x00000000d5d19fe0}> (0x00000000d5d19fe0) 
thrown [s\src\hotspot\share\prims\jni.cpp, line 520]

ZGC Phase Switch (0 events):
No events

VM Operations (20 events):
Event: 12842.383 Executing safepoint VM operation: ParallelGCFailedAllocation (Allocation Failure)
Event: 12842.390 Executing safepoint VM operation: ParallelGCFailedAllocation (Allocation Failure) done
Event: 12868.405 Executing non-safepoint VM operation: HandshakeAllThreads (HandshakeForDeflation)
Event: 12868.405 Executing non-safepoint VM operation: HandshakeAllThreads (HandshakeForDeflation) done
Event: 12868.405 Executing non-safepoint VM operation: RendezvousGCThreads
Event: 12868.405 Executing non-safepoint VM operation: RendezvousGCThreads done
Event: 12906.720 Executing safepoint VM operation: Cleanup
Event: 12906.720 Executing safepoint VM operation: Cleanup done
Event: 12928.494 Executing non-safepoint VM operation: HandshakeAllThreads (HandshakeForDeflation)
Event: 12928.494 Executing non-safepoint VM operation: HandshakeAllThreads (HandshakeForDeflation) done
Event: 12928.494 Executing non-safepoint VM operation: RendezvousGCThreads
Event: 12928.494 Executing non-safepoint VM operation: RendezvousGCThreads done
Event: 12968.824 Executing safepoint VM operation: Cleanup
Event: 12968.825 Executing safepoint VM operation: Cleanup done
Event: 12971.845 Executing safepoint VM operation: Cleanup
Event: 12971.845 Executing safepoint VM operation: Cleanup done
Event: 12988.499 Executing non-safepoint VM operation: HandshakeAllThreads (HandshakeForDeflation)
Event: 12988.499 Executing non-safepoint VM operation: HandshakeAllThreads (HandshakeForDeflation) done
Event: 12988.499 Executing non-safepoint VM operation: RendezvousGCThreads
Event: 12988.499 Executing non-safepoint VM operation: RendezvousGCThreads done

Memory protections (0 events):
No events

Nmethod flushes (20 events):
Event: 10905.332 Thread 0x000002d62ca33670 flushing  nmethod 0x000002d61c4b3210
Event: 10905.332 Thread 0x000002d62ca33670 flushing  nmethod 0x000002d61c4b3710
Event: 10905.332 Thread 0x000002d62ca33670 flushing  nmethod 0x000002d61c4c5710
Event: 10905.332 Thread 0x000002d62ca33670 flushing  nmethod 0x000002d61c4ced10
Event: 10905.332 Thread 0x000002d62ca33670 flushing  nmethod 0x000002d61c4d2990
Event: 10905.332 Thread 0x000002d62ca33670 flushing  nmethod 0x000002d61c4d3290
Event: 10905.332 Thread 0x000002d62ca33670 flushing  nmethod 0x000002d61c4dec10
Event: 10905.332 Thread 0x000002d62ca33670 flushing  nmethod 0x000002d61c4df610
Event: 10905.332 Thread 0x000002d62ca33670 flushing  nmethod 0x000002d61c4e2c90
Event: 10905.332 Thread 0x000002d62ca33670 flushing  nmethod 0x000002d61c4eb790
Event: 10905.332 Thread 0x000002d62ca33670 flushing  nmethod 0x000002d61c4ecb10
Event: 10905.332 Thread 0x000002d62ca33670 flushing  nmethod 0x000002d61c4ed610
Event: 10905.332 Thread 0x000002d62ca33670 flushing  nmethod 0x000002d61c4fd290
Event: 10905.332 Thread 0x000002d62ca33670 flushing  nmethod 0x000002d61c506490
Event: 10905.332 Thread 0x000002d62ca33670 flushing  nmethod 0x000002d61c512110
Event: 10905.332 Thread 0x000002d62ca33670 flushing  nmethod 0x000002d61c51a190
Event: 10905.332 Thread 0x000002d62ca33670 flushing  nmethod 0x000002d61c553a90
Event: 10905.332 Thread 0x000002d62ca33670 flushing  nmethod 0x000002d61c56af90
Event: 10905.332 Thread 0x000002d62ca33670 flushing  nmethod 0x000002d61c585a90
Event: 10905.332 Thread 0x000002d62ca33670 flushing  nmethod 0x000002d61c596290

Events (20 events):
Event: 12681.152 Thread 0x000002d60093c3c0 Thread exited: 0x000002d60093c3c0
Event: 12811.754 Thread 0x000002d675fbe600 Thread added: 0x000002d675fc0040
Event: 12817.141 Thread 0x000002d675fbe600 Thread added: 0x000002d675fbcbc0
Event: 12817.142 Thread 0x000002d675fbe600 Thread added: 0x000002d675fc13f0
Event: 12817.226 Thread 0x000002d675fc0040 Thread added: 0x000002d675fba460
Event: 12817.316 Thread 0x000002d62ca52ac0 Thread added: 0x000002d6748b0000
Event: 12817.640 Thread 0x000002d6748b0000 Thread exited: 0x000002d6748b0000
Event: 12831.283 Thread 0x000002d675fbe600 Thread added: 0x000002d675fbb180
Event: 12832.917 Thread 0x000002d675fba460 Thread added: 0x000002d675fbbea0
Event: 12832.917 Thread 0x000002d675fc0040 Thread added: 0x000002d6017de440
Event: 12832.918 Thread 0x000002d675fbbea0 Thread added: 0x000002d6017e0510
Event: 12842.202 Thread 0x000002d60093d0e0 Thread added: 0x000002d6017e1230
Event: 12842.262 Thread 0x000002d60093d0e0 Thread added: 0x000002d6017e5a60
Event: 12842.288 Thread 0x000002d62ca52ac0 Thread added: 0x000002d6748b4420
Event: 12844.314 Thread 0x000002d6748b4420 Thread exited: 0x000002d6748b4420
Event: 12902.049 Thread 0x000002d675fba460 Thread exited: 0x000002d675fba460
Event: 12902.293 Thread 0x000002d6017e5a60 Thread exited: 0x000002d6017e5a60
Event: 12906.204 Thread 0x000002d675fbb180 Thread exited: 0x000002d675fbb180
Event: 12962.057 Thread 0x000002d6017e0510 Thread exited: 0x000002d6017e0510
Event: 13022.059 Thread 0x000002d675fc0040 Thread exited: 0x000002d675fc0040


Dynamic libraries:
0x00007ff6979c0000 - 0x00007ff6979ce000 	c:\Users\ducuy\.vscode\extensions\redhat.java-1.53.0-win32-x64\jre\21.0.10-win32-x86_64\bin\java.exe
0x00007ffbef070000 - 0x00007ffbef288000 	C:\WINDOWS\SYSTEM32\ntdll.dll
0x00007ffbee300000 - 0x00007ffbee3c4000 	C:\WINDOWS\System32\KERNEL32.DLL
0x00007ffbec2c0000 - 0x00007ffbec693000 	C:\WINDOWS\System32\KERNELBASE.dll
0x00007ffbe7c70000 - 0x00007ffbe7d07000 	C:\WINDOWS\SYSTEM32\apphelp.dll
0x00007ffbeca00000 - 0x00007ffbecb11000 	C:\WINDOWS\System32\ucrtbase.dll
0x00007ffb88ba0000 - 0x00007ffb88bbe000 	c:\Users\ducuy\.vscode\extensions\redhat.java-1.53.0-win32-x64\jre\21.0.10-win32-x86_64\bin\VCRUNTIME140.dll
0x00007ffb901c0000 - 0x00007ffb901d8000 	c:\Users\ducuy\.vscode\extensions\redhat.java-1.53.0-win32-x64\jre\21.0.10-win32-x86_64\bin\jli.dll
0x00007ffbedea0000 - 0x00007ffbee052000 	C:\WINDOWS\System32\USER32.dll
0x00007ffbd62b0000 - 0x00007ffbd654c000 	C:\WINDOWS\WinSxS\amd64_microsoft.windows.common-controls_6595b64144ccf1df_6.0.22621.6060_none_2712eda17382d24b\COMCTL32.dll
0x00007ffbec840000 - 0x00007ffbec866000 	C:\WINDOWS\System32\win32u.dll
0x00007ffbee430000 - 0x00007ffbee4d7000 	C:\WINDOWS\System32\msvcrt.dll
0x00007ffbef000000 - 0x00007ffbef029000 	C:\WINDOWS\System32\GDI32.dll
0x00007ffbec6a0000 - 0x00007ffbec7bb000 	C:\WINDOWS\System32\gdi32full.dll
0x00007ffbec930000 - 0x00007ffbec9ca000 	C:\WINDOWS\System32\msvcp_win.dll
0x00007ffbee3d0000 - 0x00007ffbee401000 	C:\WINDOWS\System32\IMM32.DLL
0x00007ffbd9160000 - 0x00007ffbd916c000 	c:\Users\ducuy\.vscode\extensions\redhat.java-1.53.0-win32-x64\jre\21.0.10-win32-x86_64\bin\vcruntime140_1.dll
0x00007ffb86a30000 - 0x00007ffb86abd000 	c:\Users\ducuy\.vscode\extensions\redhat.java-1.53.0-win32-x64\jre\21.0.10-win32-x86_64\bin\msvcp140.dll
0x00007ffb2aa20000 - 0x00007ffb2b7c1000 	c:\Users\ducuy\.vscode\extensions\redhat.java-1.53.0-win32-x64\jre\21.0.10-win32-x86_64\bin\server\jvm.dll
0x00007ffbeeec0000 - 0x00007ffbeef71000 	C:\WINDOWS\System32\ADVAPI32.dll
0x00007ffbecd10000 - 0x00007ffbecdb8000 	C:\WINDOWS\System32\sechost.dll
0x00007ffbec9d0000 - 0x00007ffbec9f8000 	C:\WINDOWS\System32\bcrypt.dll
0x00007ffbed720000 - 0x00007ffbed838000 	C:\WINDOWS\System32\RPCRT4.dll
0x00007ffbeef80000 - 0x00007ffbeeff1000 	C:\WINDOWS\System32\WS2_32.dll
0x00007ffbeb0d0000 - 0x00007ffbeb11d000 	C:\WINDOWS\SYSTEM32\POWRPROF.dll
0x00007ffbe4ab0000 - 0x00007ffbe4ae4000 	C:\WINDOWS\SYSTEM32\WINMM.dll
0x00007ffbe0830000 - 0x00007ffbe083a000 	C:\WINDOWS\SYSTEM32\VERSION.dll
0x00007ffbeb010000 - 0x00007ffbeb023000 	C:\WINDOWS\SYSTEM32\UMPDC.dll
0x00007ffbeb210000 - 0x00007ffbeb228000 	C:\WINDOWS\SYSTEM32\kernel.appcore.dll
0x00007ffbd8190000 - 0x00007ffbd819a000 	c:\Users\ducuy\.vscode\extensions\redhat.java-1.53.0-win32-x64\jre\21.0.10-win32-x86_64\bin\jimage.dll
0x00007ffbe9d10000 - 0x00007ffbe9f43000 	C:\WINDOWS\SYSTEM32\DBGHELP.DLL
0x00007ffbee4e0000 - 0x00007ffbee871000 	C:\WINDOWS\System32\combase.dll
0x00007ffbee220000 - 0x00007ffbee2f8000 	C:\WINDOWS\System32\OLEAUT32.dll
0x00007ffbc6330000 - 0x00007ffbc6362000 	C:\WINDOWS\SYSTEM32\dbgcore.DLL
0x00007ffbecb20000 - 0x00007ffbecb9b000 	C:\WINDOWS\System32\bcryptPrimitives.dll
0x00007ffbe77b0000 - 0x00007ffbe77bf000 	c:\Users\ducuy\.vscode\extensions\redhat.java-1.53.0-win32-x64\jre\21.0.10-win32-x86_64\bin\instrument.dll
0x00007ffb88a10000 - 0x00007ffb88a30000 	c:\Users\ducuy\.vscode\extensions\redhat.java-1.53.0-win32-x64\jre\21.0.10-win32-x86_64\bin\java.dll
0x00007ffbecdd0000 - 0x00007ffbed66c000 	C:\WINDOWS\System32\SHELL32.dll
0x00007ffbec180000 - 0x00007ffbec2bf000 	C:\WINDOWS\System32\wintypes.dll
0x00007ffbea030000 - 0x00007ffbea94a000 	C:\WINDOWS\SYSTEM32\windows.storage.dll
0x00007ffbeec50000 - 0x00007ffbeed54000 	C:\WINDOWS\System32\SHCORE.dll
0x00007ffbede30000 - 0x00007ffbede99000 	C:\WINDOWS\System32\shlwapi.dll
0x00007ffbec0b0000 - 0x00007ffbec0d5000 	C:\WINDOWS\SYSTEM32\profapi.dll
0x00007ffb88b80000 - 0x00007ffb88b98000 	c:\Users\ducuy\.vscode\extensions\redhat.java-1.53.0-win32-x64\jre\21.0.10-win32-x86_64\bin\zip.dll
0x00007ffbd4050000 - 0x00007ffbd4060000 	C:\Users\ducuy\.vscode\extensions\redhat.java-1.53.0-win32-x64\jre\21.0.10-win32-x86_64\bin\net.dll
0x00007ffbe4110000 - 0x00007ffbe423c000 	C:\WINDOWS\SYSTEM32\WINHTTP.dll
0x00007ffbeb6d0000 - 0x00007ffbeb739000 	C:\WINDOWS\system32\mswsock.dll
0x00007ffb900a0000 - 0x00007ffb900b6000 	C:\Users\ducuy\.vscode\extensions\redhat.java-1.53.0-win32-x64\jre\21.0.10-win32-x86_64\bin\nio.dll
0x00007ffbe7020000 - 0x00007ffbe7030000 	c:\Users\ducuy\.vscode\extensions\redhat.java-1.53.0-win32-x64\jre\21.0.10-win32-x86_64\bin\verify.dll
0x00007ffbe5470000 - 0x00007ffbe54b5000 	C:\Users\ducuy\AppData\Roaming\Code\User\globalStorage\redhat.java\1.53.0\config_win\org.eclipse.equinox.launcher\org.eclipse.equinox.launcher.win32.win32.x86_64_1.3.0.v20260203-2149\eclipse_11919.dll
0x00007ffbee970000 - 0x00007ffbeeb11000 	C:\WINDOWS\System32\ole32.dll
0x00007ffbeba20000 - 0x00007ffbeba3b000 	C:\WINDOWS\SYSTEM32\CRYPTSP.dll
0x00007ffbeb170000 - 0x00007ffbeb1a7000 	C:\WINDOWS\system32\rsaenh.dll
0x00007ffbeb770000 - 0x00007ffbeb798000 	C:\WINDOWS\SYSTEM32\USERENV.dll
0x00007ffbeba00000 - 0x00007ffbeba0c000 	C:\WINDOWS\SYSTEM32\CRYPTBASE.dll
0x00007ffbeabb0000 - 0x00007ffbeabdd000 	C:\WINDOWS\SYSTEM32\IPHLPAPI.DLL
0x00007ffbee8e0000 - 0x00007ffbee8e9000 	C:\WINDOWS\System32\NSI.dll
0x00007ffbe46e0000 - 0x00007ffbe4729000 	C:\Users\ducuy\AppData\Local\Temp\jna-95936534\jna6335589868626585378.dll
0x00007ffbecdc0000 - 0x00007ffbecdc8000 	C:\WINDOWS\System32\PSAPI.DLL
0x00007ffbe4b00000 - 0x00007ffbe4b19000 	C:\WINDOWS\SYSTEM32\dhcpcsvc6.DLL
0x00007ffbe4750000 - 0x00007ffbe476f000 	C:\WINDOWS\SYSTEM32\dhcpcsvc.DLL
0x00007ffbe8dd0000 - 0x00007ffbe8dd9000 	C:\Users\ducuy\.vscode\extensions\redhat.java-1.53.0-win32-x64\jre\21.0.10-win32-x86_64\bin\extnet.dll

JVMTI agents:
c:\Users\ducuy\.vscode\extensions\redhat.java-1.53.0-win32-x64\lombok\lombok-1.18.39-4050.jar path:c:\Users\ducuy\.vscode\extensions\redhat.java-1.53.0-win32-x64\jre\21.0.10-win32-x86_64\bin\instrument.dll, loaded, initialized, instrumentlib options:none

dbghelp: loaded successfully - version: 4.0.5 - missing functions: none
symbol engine: initialized successfully - sym options: 0x614 - pdb path: .;c:\Users\ducuy\.vscode\extensions\redhat.java-1.53.0-win32-x64\jre\21.0.10-win32-x86_64\bin;C:\WINDOWS\SYSTEM32;C:\WINDOWS\WinSxS\amd64_microsoft.windows.common-controls_6595b64144ccf1df_6.0.22621.6060_none_2712eda17382d24b;c:\Users\ducuy\.vscode\extensions\redhat.java-1.53.0-win32-x64\jre\21.0.10-win32-x86_64\bin\server;C:\Users\ducuy\AppData\Roaming\Code\User\globalStorage\redhat.java\1.53.0\config_win\org.eclipse.equinox.launcher\org.eclipse.equinox.launcher.win32.win32.x86_64_1.3.0.v20260203-2149;C:\Users\ducuy\AppData\Local\Temp\jna-95936534

VM Arguments:
jvm_args: --add-modules=ALL-SYSTEM --add-opens=java.base/java.util=ALL-UNNAMED --add-opens=java.base/java.lang=ALL-UNNAMED --add-opens=java.base/sun.nio.fs=ALL-UNNAMED -Declipse.application=org.eclipse.jdt.ls.core.id1 -Dosgi.bundles.defaultStartLevel=4 -Declipse.product=org.eclipse.jdt.ls.core.product -Djava.import.generatesMetadataFilesAtProjectRoot=false -DDetectVMInstallationsJob.disabled=true -Dfile.encoding=utf8 -XX:+UseParallelGC -XX:GCTimeRatio=4 -XX:AdaptiveSizePolicyWeight=90 -Dsun.zip.disableMemoryMapping=true -Xmx2G -Xms100m -Xlog:disable -javaagent:c:\Users\ducuy\.vscode\extensions\redhat.java-1.53.0-win32-x64\lombok\lombok-1.18.39-4050.jar -XX:+HeapDumpOnOutOfMemoryError -XX:HeapDumpPath=c:\Users\ducuy\AppData\Roaming\Code\User\workspaceStorage\f2733c32d03fe664640ec7a2b5974a22\redhat.java -Daether.dependencyCollector.impl=bf 
java_command: c:\Users\ducuy\.vscode\extensions\redhat.java-1.53.0-win32-x64\server\plugins\org.eclipse.equinox.launcher_1.7.100.v20251111-0406.jar -configuration c:\Users\ducuy\AppData\Roaming\Code\User\globalStorage\redhat.java\1.53.0\config_win -data c:\Users\ducuy\AppData\Roaming\Code\User\workspaceStorage\f2733c32d03fe664640ec7a2b5974a22\redhat.java\jdt_ws --pipe=\\.\pipe\lsp-4aed8c653fa75be12b9fe6ebf3646c50-sock
java_class_path (initial): c:\Users\ducuy\.vscode\extensions\redhat.java-1.53.0-win32-x64\server\plugins\org.eclipse.equinox.launcher_1.7.100.v20251111-0406.jar
Launcher Type: SUN_STANDARD

[Global flags]
    uintx AdaptiveSizePolicyWeight                 = 90                                        {product} {command line}
     intx CICompilerCount                          = 4                                         {product} {ergonomic}
    uintx GCTimeRatio                              = 4                                         {product} {command line}
     bool HeapDumpOnOutOfMemoryError               = true                                   {manageable} {command line}
    ccstr HeapDumpPath                             = c:\Users\ducuy\AppData\Roaming\Code\User\workspaceStorage\f2733c32d03fe664640ec7a2b5974a22\redhat.java         {manageable} {command line}
   size_t InitialHeapSize                          = 104857600                                 {product} {command line}
   size_t MaxHeapSize                              = 2147483648                                {product} {command line}
   size_t MaxNewSize                               = 715653120                                 {product} {ergonomic}
   size_t MinHeapDeltaBytes                        = 524288                                    {product} {ergonomic}
   size_t MinHeapSize                              = 104857600                                 {product} {command line}
   size_t NewSize                                  = 34603008                                  {product} {ergonomic}
    uintx NonNMethodCodeHeapSize                   = 5839372                                {pd product} {ergonomic}
    uintx NonProfiledCodeHeapSize                  = 122909434                              {pd product} {ergonomic}
   size_t OldSize                                  = 70254592                                  {product} {ergonomic}
    uintx ProfiledCodeHeapSize                     = 122909434                              {pd product} {ergonomic}
    uintx ReservedCodeCacheSize                    = 251658240                              {pd product} {ergonomic}
     bool SegmentedCodeCache                       = true                                      {product} {ergonomic}
   size_t SoftMaxHeapSize                          = 2147483648                             {manageable} {ergonomic}
     bool UseCompressedOops                        = true                           {product lp64_product} {ergonomic}
     bool UseLargePagesIndividualAllocation        = false                                  {pd product} {ergonomic}
     bool UseParallelGC                            = true                                      {product} {command line}

Logging:
Log output configuration:
 #0: stdout all=off uptime,level,tags foldmultilines=false
 #1: stderr all=off uptime,level,tags foldmultilines=false

Release file:
JAVA_VERSION="21.0.10" 
MODULES="java.base java.compiler java.datatransfer java.xml java.prefs java.desktop java.instrument java.logging java.management java.security.sasl java.naming java.rmi java.management.rmi java.net.http java.scripting java.security.jgss java.transaction.xa java.sql java.sql.rowset java.xml.crypto java.se java.smartcardio jdk.accessibility jdk.internal.jvmstat jdk.attach jdk.charsets jdk.internal.opt jdk.zipfs jdk.compiler jdk.crypto.ec jdk.crypto.cryptoki jdk.crypto.mscapi jdk.dynalink jdk.internal.ed jdk.editpad jdk.hotspot.agent jdk.httpserver jdk.internal.le jdk.internal.vm.ci jdk.internal.vm.compiler jdk.internal.vm.compiler.management jdk.jartool jdk.javadoc jdk.jcmd jdk.management jdk.management.agent jdk.jconsole jdk.jdeps jdk.jdwp.agent jdk.jdi jdk.jfr jdk.jshell jdk.jsobject jdk.jstatd jdk.localedata jdk.management.jfr jdk.naming.dns jdk.naming.rmi jdk.net jdk.nio.mapmode jdk.random jdk.sctp jdk.security.auth jdk.security.jgss jdk.unsupported jdk.unsupported.desktop jdk.xml.dom" 

Environment Variables:
JAVA_HOME=C:\Program Files\Java\jdk-21
PATH=C:\Program Files\Common Files\Oracle\Java\javapath;C:\WINDOWS\system32;C:\WINDOWS;C:\WINDOWS\System32\Wbem;C:\WINDOWS\System32\WindowsPowerShell\v1.0\;C:\WINDOWS\System32\OpenSSH\;C:\Program Files\Git\cmd;C:\Program Files\Microsoft SQL Server\150\Tools\Binn\;C:\Program Files\Microsoft SQL Server\Client SDK\ODBC\170\Tools\Binn\;C:\Program Files\dotnet\;C:\Program Files\Microsoft SQL Server\Client SDK\ODBC\110\Tools\Binn\;C:\Program Files (x86)\Microsoft SQL Server\120\Tools\Binn\;C:\Program Files\Microsoft SQL Server\120\Tools\Binn\;C:\Program Files\Microsoft SQL Server\120\DTS\Binn\;C:\Program Files (x86)\Microsoft SQL Server\120\Tools\Binn\ManagementStudio\;C:\Program Files (x86)\Microsoft SQL Server\120\DTS\Binn\;C:\Program Files\Cloudflare\Cloudflare WARP\;C:\Program Files\nodejs\;C:\Program Files\Docker\Docker\resources\bin;C:\Users\ducuy\AppData\Local\Microsoft\WindowsApps;C:\src\flutter_windows_3.35.4-stable\flutter\bin;C:\Program Files\Java\jdk-21\bin;C:\apache-maven-3.9.11\bin;C:\Users\ducuy\.dotnet\tools;C:\Users\ducuy\AppData\Roaming\npm;C:\Users\ducuy\AppData\Local\Programs\Microsoft VS Code\bin
USERNAME=ducuy
OS=Windows_NT
PROCESSOR_IDENTIFIER=Intel64 Family 6 Model 142 Stepping 10, GenuineIntel
TMP=C:\Users\ducuy\AppData\Local\Temp
TEMP=C:\Users\ducuy\AppData\Local\Temp




Periodic native trim disabled

---------------  S Y S T E M  ---------------

OS:
 Windows 11 , 64 bit Build 22621 (10.0.22621.5415)
OS uptime: 5 days 19:43 hours
Hyper-V role detected

CPU: total 8 (initial active 8) (4 cores per cpu, 2 threads per core) family 6 model 142 stepping 10 microcode 0xea, cx8, cmov, fxsr, ht, mmx, 3dnowpref, sse, sse2, sse3, ssse3, sse4.1, sse4.2, popcnt, lzcnt, tsc, tscinvbit, avx, avx2, aes, erms, clmul, bmi1, bmi2, adx, fma, vzeroupper, clflush, clflushopt, hv, rdtscp, f16c
Processor Information for the first 8 processors :
  Max Mhz: 1800, Current Mhz: 1600, Mhz Limit: 1584

Memory: 4k page, system-wide physical 12152M (408M free)
TotalPageFile size 26355M (AvailPageFile size 6M)
current process WorkingSet (physical memory assigned to process): 859M, peak: 1725M
current process commit charge ("private bytes"): 1779M, peak: 1803M

vm_info: OpenJDK 64-Bit Server VM (21.0.10+7-LTS) for windows-amd64 JRE (21.0.10+7-LTS), built on 2026-01-20T00:00:00Z by "admin" with MS VC++ 17.12 (VS2022)

END.
